Initializing...
	Reading from ../pca_new/models/predicateAbstract.jani
	Writing to test.jani


	Target variables: [Name(identifier='optimalRuns')]
	Important variables: [Name(identifier='clk')]

	Initial state: Location(name='loc_1 || loc_1', progress_invariant=None, transient_values=frozenset())

	Initialization complete

Collecting model info...
	Exploring location 1
	Exploring location 2
	Exploring location 3
	Exploring location 4
	Exploring location 5
	Exploring location 6
	Exploring location 7
	Exploring location 8
	Exploring location 9
	Exploring location 10
	Exploring location 11
	Exploring location 12
	Exploring location 13
	Exploring location 14
	Exploring location 15
	Exploring location 16
	Exploring location 17
	Exploring location 18
	Exploring location 19
	Exploring location 20
	Exploring location 21
	Exploring location 22
	Exploring location 23
	Exploring location 24
	Exploring location 25
	Exploring location 26
	Exploring location 27
	Exploring location 28
	Exploring location 29
	Exploring location 30
	Exploring location 31
	Exploring location 32
	Exploring location 33
	Exploring location 34
	Exploring location 35
	Exploring location 36
	Exploring location 37
	Exploring location 38
	Exploring location 39
	Exploring location 40
	Exploring location 41
	Exploring location 42
	Exploring location 43
	Exploring location 44
	Exploring location 45
	Exploring location 46
	Exploring location 47
	Exploring location 48
	Exploring location 49
	Exploring location 50
	Exploring location 51
	Exploring location 52
	Exploring location 53
	Exploring location 54
	Exploring location 55
	Exploring location 56
	Exploring location 57
	Exploring location 58
	Exploring location 59
	Exploring location 60
	Exploring location 61
	Exploring location 62
	Exploring location 63
	Exploring location 64
	Exploring location 65
	Exploring location 66
	Exploring location 67
	Exploring location 68
	Exploring location 69
	Exploring location 70
	Exploring location 71
	Exploring location 72
	Exploring location 73
	Exploring location 74
	Exploring location 75
	Exploring location 76
	Exploring location 77
	77 total locations

	Target locations: 8
		1112 bytes
	Back edges: 76
		90896 bytes
	All vars: 179
		17000 bytes

	Model info collected

Target location 1 of 8
Evaluating possibilities...
	Recursion depth 0
		Locations solved: 0
		Location_value_map id: 139805915766336
		Backwards_vals: - bytes
		Location_value_map: 64 bytes
		Final_vals: - bytes

		Heap summary: by type Partition of a set of 15 objects. Total size = 2277 bytes.
 Index  Count   %     Size   % Cumulative  % Kind (class / dict of class)
     0      2  13     1016  45      1016  45 types.FrameType
     1      4  27      309  14      1325  58 str
     2      1   7      232  10      1557  68 dict (no owner)
     3      1   7      216   9      1773  78 set
     4      2  13      144   6      1917  84 builtins.weakref
     5      1   7      144   6      2061  91 function
     6      1   7      104   5      2165  95 dict of VariableState.VariableState
     7      2  13       64   3      2229  98 int
     8      1   7       48   2      2277 100 VariableState.VariableState bytes

		Heap summary: by referrer Partition of a set of 16 objects. Total size = 3029 bytes.
 Index  Count   %     Size   % Cumulative  % Referrers by Kind (class / dict of class)
     0      5  31     1061  35      1061  35 list
     1      3  19      880  29      1941  64 types.FrameType
     2      1   6      400  13      2341  77 <Nothing>
     3      1   6      232   8      2573  85 type
     4      1   6      144   5      2717  90 dict of type
     5      3  19      136   4      2853  94 dict (no owner)
     6      1   6      104   3      2957  98 VariableState.VariableState
     7      1   6       72   2      3029 100 set

		Heap summary: largest referrer Partition of a set of 6 objects. Total size = 1742 bytes.
 Index  Count   %     Size   % Cumulative  % Kind (class / dict of class)
     0      6 100     1742 100      1742 100 str 


	Recursion depth 1
		Locations solved: 0
		Location_value_map id: 139805915766336
		Backwards_vals: - bytes
		Location_value_map: 64 bytes
		Final_vals: - bytes

		Heap summary: by type Partition of a set of 25 objects. Total size = 5173 bytes.
 Index  Count   %     Size   % Cumulative  % Kind (class / dict of class)
     0     11  44     2317  45      2317  45 str
     1      3  12     1632  32      3949  76 types.FrameType
     2      2   8      432   8      4381  85 set
     3      1   4      232   4      4613  89 dict (no owner)
     4      2   8      144   3      4757  92 builtins.weakref
     5      1   4      144   3      4901  95 function
     6      1   4      104   2      5005  97 dict of VariableState.VariableState
     7      2   8       64   1      5069  98 int
     8      1   4       56   1      5125  99 list
     9      1   4       48   1      5173 100 VariableState.VariableState bytes

		Heap summary: by referrer Partition of a set of 26 objects. Total size = 5975 bytes.
 Index  Count   %     Size   % Cumulative  % Referrers by Kind (class / dict of class)
     0     12  46     3119  52      3119  52 list
     1      6  23     1768  30      4887  82 types.FrameType
     2      1   4      400   7      5287  88 <Nothing>
     3      1   4      232   4      5519  92 type
     4      1   4      144   2      5663  95 dict of type
     5      3  12      136   2      5799  97 dict (no owner)
     6      1   4      104   2      5903  99 VariableState.VariableState
     7      1   4       72   1      5975 100 set

		Heap summary: largest referrer Partition of a set of 13 objects. Total size = 3800 bytes.
 Index  Count   %     Size   % Cumulative  % Kind (class / dict of class)
     0     13 100     3800 100      3800 100 str 


	Recursion depth 2
		Locations solved: 0
		Location_value_map id: 139805915766336
		Backwards_vals: - bytes
		Location_value_map: 64 bytes
		Final_vals: - bytes

		Heap summary: by type Partition of a set of 35 objects. Total size = 8120 bytes.
 Index  Count   %     Size   % Cumulative  % Kind (class / dict of class)
     0     18  51     4376  54      4376  54 str
     1      4  11     2248  28      6624  82 types.FrameType
     2      3   9      648   8      7272  90 set
     3      1   3      232   3      7504  92 dict (no owner)
     4      2   6      144   2      7648  94 builtins.weakref
     5      1   3      144   2      7792  96 function
     6      2   6      112   1      7904  97 list
     7      1   3      104   1      8008  99 dict of VariableState.VariableState
     8      2   6       64   1      8072  99 int
     9      1   3       48   1      8120 100 VariableState.VariableState bytes

		Heap summary: by referrer Partition of a set of 36 objects. Total size = 8922 bytes.
 Index  Count   %     Size   % Cumulative  % Referrers by Kind (class / dict of class)
     0     19  53     5178  58      5178  58 list
     1      9  25     2656  30      7834  88 types.FrameType
     2      1   3      400   4      8234  92 <Nothing>
     3      1   3      232   3      8466  95 type
     4      1   3      144   2      8610  97 dict of type
     5      3   8      136   2      8746  98 dict (no owner)
     6      1   3      104   1      8850  99 VariableState.VariableState
     7      1   3       72   1      8922 100 set

		Heap summary: largest referrer Partition of a set of 20 objects. Total size = 5859 bytes.
 Index  Count   %     Size   % Cumulative  % Kind (class / dict of class)
     0     20 100     5859 100      5859 100 str 


	Recursion depth 3
		Locations solved: 0
		Location_value_map id: 139805915766336
		Backwards_vals: - bytes
		Location_value_map: 64 bytes
		Final_vals: - bytes

		Heap summary: by type Partition of a set of 45 objects. Total size = 11067 bytes.
 Index  Count   %     Size   % Cumulative  % Kind (class / dict of class)
     0     25  56     6435  58      6435  58 str
     1      5  11     2864  26      9299  84 types.FrameType
     2      4   9      864   8     10163  92 set
     3      1   2      232   2     10395  94 dict (no owner)
     4      3   7      168   2     10563  95 list
     5      2   4      144   1     10707  97 builtins.weakref
     6      1   2      144   1     10851  98 function
     7      1   2      104   1     10955  99 dict of VariableState.VariableState
     8      2   4       64   1     11019 100 int
     9      1   2       48   0     11067 100 VariableState.VariableState bytes

		Heap summary: by referrer Partition of a set of 21 objects. Total size = 5435 bytes.
 Index  Count   %     Size   % Cumulative  % Referrers by Kind (class / dict of class)
     0     12  57     3544  65      3544  65 types.FrameType
     1      1   5      803  15      4347  80 _io.TextIOWrapper
     2      1   5      400   7      4747  87 <Nothing>
     3      1   5      232   4      4979  92 type
     4      1   5      144   3      5123  94 dict of type
     5      3  14      136   3      5259  97 dict (no owner)
     6      1   5      104   2      5363  99 VariableState.VariableState
     7      1   5       72   1      5435 100 set

		Heap summary: largest referrer Partition of a set of 12 objects. Total size = 3544 bytes.
 Index  Count   %     Size   % Cumulative  % Kind (class / dict of class)
     0      4  33     2464  70      2464  70 types.FrameType
     1      4  33      864  24      3328  94 set
     2      3  25      168   5      3496  99 list
     3      1   8       48   1      3544 100 VariableState.VariableState 


	Recursion depth 4
		Locations solved: 0
		Location_value_map id: 139805915766336
		Backwards_vals: - bytes
		Location_value_map: 64 bytes
		Final_vals: - bytes

		Heap summary: by type Partition of a set of 31 objects. Total size = 7961 bytes.
 Index  Count   %     Size   % Cumulative  % Kind (class / dict of class)
     0      6  19     3480  44      3480  44 types.FrameType
     1      7  23     2257  28      5737  72 str
     2      5  16     1080  14      6817  86 set
     3      5  16      408   5      7225  91 list
     4      1   3      232   3      7457  94 dict (no owner)
     5      2   6      144   2      7601  95 builtins.weakref
     6      1   3      144   2      7745  97 function
     7      1   3      104   1      7849  99 dict of VariableState.VariableState
     8      2   6       64   1      7913  99 int
     9      1   3       48   1      7961 100 VariableState.VariableState bytes

		Heap summary: by referrer Partition of a set of 32 objects. Total size = 8763 bytes.
 Index  Count   %     Size   % Cumulative  % Referrers by Kind (class / dict of class)
     0     15  47     4432  51      4432  51 types.FrameType
     1      8  25     3059  35      7491  85 list
     2      1   3      400   5      7891  90 <Nothing>
     3      1   3      232   3      8123  93 type
     4      1   3      184   2      8307  95 _io.TextIOWrapper
     5      1   3      144   2      8451  96 dict of type
     6      3   9      136   2      8587  98 dict (no owner)
     7      1   3      104   1      8691  99 VariableState.VariableState
     8      1   3       72   1      8763 100 set

		Heap summary: largest referrer Partition of a set of 15 objects. Total size = 4432 bytes.
 Index  Count   %     Size   % Cumulative  % Kind (class / dict of class)
     0      5  33     3080  69      3080  69 types.FrameType
     1      5  33     1080  24      4160  94 set
     2      4  27      224   5      4384  99 list
     3      1   7       48   1      4432 100 VariableState.VariableState 


	Recursion depth 5
		Locations solved: 0
		Location_value_map id: 139805915766336
		Backwards_vals: - bytes
		Location_value_map: 64 bytes
		Final_vals: - bytes

		Heap summary: by type Partition of a set of 41 objects. Total size = 11731 bytes.
 Index  Count   %     Size   % Cumulative  % Kind (class / dict of class)
     0     14  34     4563  39      4563  39 str
     1      7  17     4096  35      8659  74 types.FrameType
     2      6  15     1808  15     10467  89 set
     3      6  15      528   5     10995  94 list
     4      1   2      232   2     11227  96 dict (no owner)
     5      2   5      144   1     11371  97 builtins.weakref
     6      1   2      144   1     11515  98 function
     7      1   2      104   1     11619  99 dict of VariableState.VariableState
     8      2   5       64   1     11683 100 int
     9      1   2       48   0     11731 100 VariableState.VariableState bytes

		Heap summary: by referrer Partition of a set of 42 objects. Total size = 12534 bytes.
 Index  Count   %     Size   % Cumulative  % Referrers by Kind (class / dict of class)
     0     18  43     5832  47      5832  47 types.FrameType
     1     15  36     5366  43     11198  89 list
     2      1   2      400   3     11598  93 <Nothing>
     3      1   2      248   2     11846  95 _io.TextIOWrapper
     4      1   2      232   2     12078  96 type
     5      1   2      144   1     12222  98 dict of type
     6      3   7      136   1     12358  99 dict (no owner)
     7      1   2      104   1     12462  99 VariableState.VariableState
     8      1   2       72   1     12534 100 set

		Heap summary: largest referrer Partition of a set of 16 objects. Total size = 6111 bytes.
 Index  Count   %     Size   % Cumulative  % Kind (class / dict of class)
     0     16 100     6111 100      6111 100 str 


	Recursion depth 6
		Locations solved: 0
		Location_value_map id: 139805915766336
		Backwards_vals: - bytes
		Location_value_map: 64 bytes
		Final_vals: - bytes

		Heap summary: by type Partition of a set of 51 objects. Total size = 15063 bytes.
 Index  Count   %     Size   % Cumulative  % Kind (class / dict of class)
     0     21  41     6687  44      6687  44 str
     1      8  16     4712  31     11399  76 types.FrameType
     2      7  14     2280  15     13679  91 set
     3      7  14      648   4     14327  95 list
     4      1   2      232   2     14559  97 dict (no owner)
     5      2   4      144   1     14703  98 builtins.weakref
     6      1   2      144   1     14847  99 function
     7      1   2      104   1     14951  99 dict of VariableState.VariableState
     8      2   4       64   0     15015 100 int
     9      1   2       48   0     15063 100 VariableState.VariableState bytes

		Heap summary: by referrer Partition of a set of 52 objects. Total size = 15866 bytes.
 Index  Count   %     Size   % Cumulative  % Referrers by Kind (class / dict of class)
     0     22  42     7490  47      7490  47 list
     1     21  40     6976  44     14466  91 types.FrameType
     2      1   2      400   3     14866  94 <Nothing>
     3      1   2      312   2     15178  96 _io.TextIOWrapper
     4      1   2      232   1     15410  97 type
     5      1   2      144   1     15554  98 dict of type
     6      3   6      136   1     15690  99 dict (no owner)
     7      1   2      104   1     15794 100 VariableState.VariableState
     8      1   2       72   0     15866 100 set

		Heap summary: largest referrer Partition of a set of 23 objects. Total size = 8235 bytes.
 Index  Count   %     Size   % Cumulative  % Kind (class / dict of class)
     0     23 100     8235 100      8235 100 str 


	Recursion depth 7
		Locations solved: 0
		Location_value_map id: 139805915766336
		Backwards_vals: - bytes
		Location_value_map: 64 bytes
		Final_vals: - bytes

		Heap summary: by type Partition of a set of 61 objects. Total size = 18395 bytes.
 Index  Count   %     Size   % Cumulative  % Kind (class / dict of class)
     0     28  46     8811  48      8811  48 str
     1      9  15     5328  29     14139  77 types.FrameType
     2      8  13     2752  15     16891  92 set
     3      8  13      768   4     17659  96 list
     4      1   2      232   1     17891  97 dict (no owner)
     5      2   3      144   1     18035  98 builtins.weakref
     6      1   2      144   1     18179  99 function
     7      1   2      104   1     18283  99 dict of VariableState.VariableState
     8      2   3       64   0     18347 100 int
     9      1   2       48   0     18395 100 VariableState.VariableState bytes

		Heap summary: by referrer Partition of a set of 33 objects. Total size = 10011 bytes.
 Index  Count   %     Size   % Cumulative  % Referrers by Kind (class / dict of class)
     0     24  73     8120  81      8120  81 types.FrameType
     1      1   3      803   8      8923  89 _io.TextIOWrapper
     2      1   3      400   4      9323  93 <Nothing>
     3      1   3      232   2      9555  95 type
     4      1   3      144   1      9699  97 dict of type
     5      3   9      136   1      9835  98 dict (no owner)
     6      1   3      104   1      9939  99 VariableState.VariableState
     7      1   3       72   1     10011 100 set

		Heap summary: largest referrer Partition of a set of 24 objects. Total size = 8120 bytes.
 Index  Count   %     Size   % Cumulative  % Kind (class / dict of class)
     0      8  33     4928  61      4928  61 types.FrameType
     1      8  33     2752  34      7680  95 set
     2      7  29      392   5      8072  99 list
     3      1   4       48   1      8120 100 VariableState.VariableState 


	Recursion depth 8
		Locations solved: 0
		Location_value_map id: 139805915766336
		Backwards_vals: - bytes
		Location_value_map: 64 bytes
		Final_vals: - bytes

		Heap summary: by type Partition of a set of 43 objects. Total size = 12794 bytes.
 Index  Count   %     Size   % Cumulative  % Kind (class / dict of class)
     0     10  23     5944  46      5944  46 types.FrameType
     1      9  21     3224  25      9168  72 set
     2      7  16     2258  18     11426  89 str
     3      9  21      632   5     12058  94 list
     4      1   2      232   2     12290  96 dict (no owner)
     5      2   5      144   1     12434  97 builtins.weakref
     6      1   2      144   1     12578  98 function
     7      1   2      104   1     12682  99 dict of VariableState.VariableState
     8      2   5       64   1     12746 100 int
     9      1   2       48   0     12794 100 VariableState.VariableState bytes

		Heap summary: by referrer Partition of a set of 44 objects. Total size = 13597 bytes.
 Index  Count   %     Size   % Cumulative  % Referrers by Kind (class / dict of class)
     0     27  61     9264  68      9264  68 types.FrameType
     1      8  18     3061  23     12325  91 list
     2      1   2      400   3     12725  94 <Nothing>
     3      1   2      232   2     12957  95 type
     4      1   2      184   1     13141  97 _io.TextIOWrapper
     5      1   2      144   1     13285  98 dict of type
     6      3   7      136   1     13421  99 dict (no owner)
     7      1   2      104   1     13525  99 VariableState.VariableState
     8      1   2       72   1     13597 100 set

		Heap summary: largest referrer Partition of a set of 27 objects. Total size = 9264 bytes.
 Index  Count   %     Size   % Cumulative  % Kind (class / dict of class)
     0      9  33     5544  60      5544  60 types.FrameType
     1      9  33     3224  35      8768  95 set
     2      8  30      448   5      9216  99 list
     3      1   4       48   1      9264 100 VariableState.VariableState 


	Recursion depth 9
		Locations solved: 0
		Location_value_map id: 139805915766336
		Backwards_vals: - bytes
		Location_value_map: 64 bytes
		Final_vals: - bytes

		Heap summary: by type Partition of a set of 53 objects. Total size = 16566 bytes.
 Index  Count   %     Size   % Cumulative  % Kind (class / dict of class)
     0     11  21     6560  40      6560  40 types.FrameType
     1     14  26     4566  28     11126  67 str
     2     10  19     3952  24     15078  91 set
     3     10  19      752   5     15830  96 list
     4      1   2      232   1     16062  97 dict (no owner)
     5      2   4      144   1     16206  98 builtins.weakref
     6      1   2      144   1     16350  99 function
     7      1   2      104   1     16454  99 dict of VariableState.VariableState
     8      2   4       64   0     16518 100 int
     9      1   2       48   0     16566 100 VariableState.VariableState bytes

		Heap summary: by referrer Partition of a set of 54 objects. Total size = 17369 bytes.
 Index  Count   %     Size   % Cumulative  % Referrers by Kind (class / dict of class)
     0     30  56    10664  61     10664  61 types.FrameType
     1     15  28     5369  31     16033  92 list
     2      1   2      400   2     16433  95 <Nothing>
     3      1   2      248   1     16681  96 _io.TextIOWrapper
     4      1   2      232   1     16913  97 type
     5      1   2      144   1     17057  98 dict of type
     6      3   6      136   1     17193  99 dict (no owner)
     7      1   2      104   1     17297 100 VariableState.VariableState
     8      1   2       72   0     17369 100 set

		Heap summary: largest referrer Partition of a set of 30 objects. Total size = 10664 bytes.
 Index  Count   %     Size   % Cumulative  % Kind (class / dict of class)
     0     10  33     6160  58      6160  58 types.FrameType
     1     10  33     3952  37     10112  95 set
     2      9  30      504   5     10616 100 list
     3      1   3       48   0     10664 100 VariableState.VariableState 


	Recursion depth 10
		Locations solved: 0
		Location_value_map id: 139805915766336
		Backwards_vals: - bytes
		Location_value_map: 64 bytes
		Final_vals: - bytes

		Heap summary: by type Partition of a set of 63 objects. Total size = 20340 bytes.
 Index  Count   %     Size   % Cumulative  % Kind (class / dict of class)
     0     12  19     7176  35      7176  35 types.FrameType
     1     21  33     6876  34     14052  69 str
     2     11  17     4680  23     18732  92 set
     3     11  17      872   4     19604  96 list
     4      1   2      232   1     19836  98 dict (no owner)
     5      2   3      144   1     19980  98 builtins.weakref
     6      1   2      144   1     20124  99 function
     7      1   2      104   1     20228  99 dict of VariableState.VariableState
     8      2   3       64   0     20292 100 int
     9      1   2       48   0     20340 100 VariableState.VariableState bytes

		Heap summary: by referrer Partition of a set of 64 objects. Total size = 21143 bytes.
 Index  Count   %     Size   % Cumulative  % Referrers by Kind (class / dict of class)
     0     33  52    12064  57     12064  57 types.FrameType
     1     22  34     7679  36     19743  93 list
     2      1   2      400   2     20143  95 <Nothing>
     3      1   2      312   1     20455  97 _io.TextIOWrapper
     4      1   2      232   1     20687  98 type
     5      1   2      144   1     20831  99 dict of type
     6      3   5      136   1     20967  99 dict (no owner)
     7      1   2      104   0     21071 100 VariableState.VariableState
     8      1   2       72   0     21143 100 set

		Heap summary: largest referrer Partition of a set of 33 objects. Total size = 12064 bytes.
 Index  Count   %     Size   % Cumulative  % Kind (class / dict of class)
     0     11  33     6776  56      6776  56 types.FrameType
     1     11  33     4680  39     11456  95 set
     2     10  30      560   5     12016 100 list
     3      1   3       48   0     12064 100 VariableState.VariableState 


	Recursion depth 11
		Locations solved: 0
		Location_value_map id: 139805915766336
		Backwards_vals: - bytes
		Location_value_map: 64 bytes
		Final_vals: - bytes

		Heap summary: by type Partition of a set of 73 objects. Total size = 24114 bytes.
 Index  Count   %     Size   % Cumulative  % Kind (class / dict of class)
     0     28  38     9186  38      9186  38 str
     1     13  18     7792  32     16978  70 types.FrameType
     2     12  16     5408  22     22386  93 set
     3     12  16      992   4     23378  97 list
     4      1   1      232   1     23610  98 dict (no owner)
     5      2   3      144   1     23754  99 builtins.weakref
     6      1   1      144   1     23898  99 function
     7      1   1      104   0     24002 100 dict of VariableState.VariableState
     8      2   3       64   0     24066 100 int
     9      1   1       48   0     24114 100 VariableState.VariableState bytes

		Heap summary: by referrer Partition of a set of 45 objects. Total size = 15355 bytes.
 Index  Count   %     Size   % Cumulative  % Referrers by Kind (class / dict of class)
     0     36  80    13464  88     13464  88 types.FrameType
     1      1   2      803   5     14267  93 _io.TextIOWrapper
     2      1   2      400   3     14667  96 <Nothing>
     3      1   2      232   2     14899  97 type
     4      1   2      144   1     15043  98 dict of type
     5      3   7      136   1     15179  99 dict (no owner)
     6      1   2      104   1     15283 100 VariableState.VariableState
     7      1   2       72   0     15355 100 set

		Heap summary: largest referrer Partition of a set of 36 objects. Total size = 13464 bytes.
 Index  Count   %     Size   % Cumulative  % Kind (class / dict of class)
     0     12  33     7392  55      7392  55 types.FrameType
     1     12  33     5408  40     12800  95 set
     2     11  31      616   5     13416 100 list
     3      1   3       48   0     13464 100 VariableState.VariableState 


	Recursion depth 12
		Locations solved: 0
		Location_value_map id: 139805915766336
		Backwards_vals: - bytes
		Location_value_map: 64 bytes
		Final_vals: - bytes

		Heap summary: by type Partition of a set of 55 objects. Total size = 18396 bytes.
 Index  Count   %     Size   % Cumulative  % Kind (class / dict of class)
     0     14  25     8408  46      8408  46 types.FrameType
     1     13  24     6136  33     14544  79 set
     2      7  13     2260  12     16804  91 str
     3     13  24      856   5     17660  96 list
     4      1   2      232   1     17892  97 dict (no owner)
     5      2   4      144   1     18036  98 builtins.weakref
     6      1   2      144   1     18180  99 function
     7      1   2      104   1     18284  99 dict of VariableState.VariableState
     8      2   4       64   0     18348 100 int
     9      1   2       48   0     18396 100 VariableState.VariableState bytes

		Heap summary: by referrer Partition of a set of 56 objects. Total size = 19199 bytes.
 Index  Count   %     Size   % Cumulative  % Referrers by Kind (class / dict of class)
     0     39  70    14864  77     14864  77 types.FrameType
     1      8  14     3063  16     17927  93 list
     2      1   2      400   2     18327  95 <Nothing>
     3      1   2      232   1     18559  97 type
     4      1   2      184   1     18743  98 _io.TextIOWrapper
     5      1   2      144   1     18887  98 dict of type
     6      3   5      136   1     19023  99 dict (no owner)
     7      1   2      104   1     19127 100 VariableState.VariableState
     8      1   2       72   0     19199 100 set

		Heap summary: largest referrer Partition of a set of 39 objects. Total size = 14864 bytes.
 Index  Count   %     Size   % Cumulative  % Kind (class / dict of class)
     0     13  33     8008  54      8008  54 types.FrameType
     1     13  33     6136  41     14144  95 set
     2     12  31      672   5     14816 100 list
     3      1   3       48   0     14864 100 VariableState.VariableState 


	Recursion depth 13
		Locations solved: 0
		Location_value_map id: 139805915766336
		Backwards_vals: - bytes
		Location_value_map: 64 bytes
		Final_vals: - bytes

		Heap summary: by type Partition of a set of 65 objects. Total size = 22170 bytes.
 Index  Count   %     Size   % Cumulative  % Kind (class / dict of class)
     0     15  23     9024  41      9024  41 types.FrameType
     1     14  22     6864  31     15888  72 set
     2     14  22     4570  21     20458  92 str
     3     14  22      976   4     21434  97 list
     4      1   2      232   1     21666  98 dict (no owner)
     5      2   3      144   1     21810  98 builtins.weakref
     6      1   2      144   1     21954  99 function
     7      1   2      104   0     22058  99 dict of VariableState.VariableState
     8      2   3       64   0     22122 100 int
     9      1   2       48   0     22170 100 VariableState.VariableState bytes

		Heap summary: by referrer Partition of a set of 66 objects. Total size = 22973 bytes.
 Index  Count   %     Size   % Cumulative  % Referrers by Kind (class / dict of class)
     0     42  64    16264  71     16264  71 types.FrameType
     1     15  23     5373  23     21637  94 list
     2      1   2      400   2     22037  96 <Nothing>
     3      1   2      248   1     22285  97 _io.TextIOWrapper
     4      1   2      232   1     22517  98 type
     5      1   2      144   1     22661  99 dict of type
     6      3   5      136   1     22797  99 dict (no owner)
     7      1   2      104   0     22901 100 VariableState.VariableState
     8      1   2       72   0     22973 100 set

		Heap summary: largest referrer Partition of a set of 42 objects. Total size = 16264 bytes.
 Index  Count   %     Size   % Cumulative  % Kind (class / dict of class)
     0     14  33     8624  53      8624  53 types.FrameType
     1     14  33     6864  42     15488  95 set
     2     13  31      728   4     16216 100 list
     3      1   2       48   0     16264 100 VariableState.VariableState 


	Recursion depth 14
		Locations solved: 0
		Location_value_map id: 139805915766336
		Backwards_vals: - bytes
		Location_value_map: 64 bytes
		Final_vals: - bytes

		Heap summary: by type Partition of a set of 75 objects. Total size = 25944 bytes.
 Index  Count   %     Size   % Cumulative  % Kind (class / dict of class)
     0     16  21     9640  37      9640  37 types.FrameType
     1     15  20     7592  29     17232  66 set
     2     21  28     6880  27     24112  93 str
     3     15  20     1096   4     25208  97 list
     4      1   1      232   1     25440  98 dict (no owner)
     5      2   3      144   1     25584  99 builtins.weakref
     6      1   1      144   1     25728  99 function
     7      1   1      104   0     25832 100 dict of VariableState.VariableState
     8      2   3       64   0     25896 100 int
     9      1   1       48   0     25944 100 VariableState.VariableState bytes

		Heap summary: by referrer Partition of a set of 76 objects. Total size = 26747 bytes.
 Index  Count   %     Size   % Cumulative  % Referrers by Kind (class / dict of class)
     0     45  59    17664  66     17664  66 types.FrameType
     1     22  29     7683  29     25347  95 list
     2      1   1      400   1     25747  96 <Nothing>
     3      1   1      312   1     26059  97 _io.TextIOWrapper
     4      1   1      232   1     26291  98 type
     5      1   1      144   1     26435  99 dict of type
     6      3   4      136   1     26571  99 dict (no owner)
     7      1   1      104   0     26675 100 VariableState.VariableState
     8      1   1       72   0     26747 100 set

		Heap summary: largest referrer Partition of a set of 45 objects. Total size = 17664 bytes.
 Index  Count   %     Size   % Cumulative  % Kind (class / dict of class)
     0     15  33     9240  52      9240  52 types.FrameType
     1     15  33     7592  43     16832  95 set
     2     14  31      784   4     17616 100 list
     3      1   2       48   0     17664 100 VariableState.VariableState 


	Recursion depth 15
		Locations solved: 0
		Location_value_map id: 139805915766336
		Backwards_vals: - bytes
		Location_value_map: 64 bytes
		Final_vals: - bytes

		Heap summary: by type Partition of a set of 85 objects. Total size = 29718 bytes.
 Index  Count   %     Size   % Cumulative  % Kind (class / dict of class)
     0     17  20    10256  35     10256  35 types.FrameType
     1     28  33     9190  31     19446  65 str
     2     16  19     8320  28     27766  93 set
     3     16  19     1216   4     28982  98 list
     4      1   1      232   1     29214  98 dict (no owner)
     5      2   2      144   0     29358  99 builtins.weakref
     6      1   1      144   0     29502  99 function
     7      1   1      104   0     29606 100 dict of VariableState.VariableState
     8      2   2       64   0     29670 100 int
     9      1   1       48   0     29718 100 VariableState.VariableState bytes

		Heap summary: by referrer Partition of a set of 57 objects. Total size = 20955 bytes.
 Index  Count   %     Size   % Cumulative  % Referrers by Kind (class / dict of class)
     0     48  84    19064  91     19064  91 types.FrameType
     1      1   2      803   4     19867  95 _io.TextIOWrapper
     2      1   2      400   2     20267  97 <Nothing>
     3      1   2      232   1     20499  98 type
     4      1   2      144   1     20643  99 dict of type
     5      3   5      136   1     20779  99 dict (no owner)
     6      1   2      104   0     20883 100 VariableState.VariableState
     7      1   2       72   0     20955 100 set

		Heap summary: largest referrer Partition of a set of 48 objects. Total size = 19064 bytes.
 Index  Count   %     Size   % Cumulative  % Kind (class / dict of class)
     0     16  33     9856  52      9856  52 types.FrameType
     1     16  33     8320  44     18176  95 set
     2     15  31      840   4     19016 100 list
     3      1   2       48   0     19064 100 VariableState.VariableState 


	Recursion depth 16
		Locations solved: 0
		Location_value_map id: 139805915766336
		Backwards_vals: - bytes
		Location_value_map: 64 bytes
		Final_vals: - bytes

		Heap summary: by type Partition of a set of 67 objects. Total size = 23996 bytes.
 Index  Count   %     Size   % Cumulative  % Kind (class / dict of class)
     0     18  27    10872  45     10872  45 types.FrameType
     1     17  25     9048  38     19920  83 set
     2      7  10     2260   9     22180  92 str
     3     17  25     1080   5     23260  97 list
     4      1   1      232   1     23492  98 dict (no owner)
     5      2   3      144   1     23636  98 builtins.weakref
     6      1   1      144   1     23780  99 function
     7      1   1      104   0     23884 100 dict of VariableState.VariableState
     8      2   3       64   0     23948 100 int
     9      1   1       48   0     23996 100 VariableState.VariableState bytes

		Heap summary: by referrer Partition of a set of 68 objects. Total size = 24799 bytes.
 Index  Count   %     Size   % Cumulative  % Referrers by Kind (class / dict of class)
     0     51  75    20464  83     20464  83 types.FrameType
     1      8  12     3063  12     23527  95 list
     2      1   1      400   2     23927  96 <Nothing>
     3      1   1      232   1     24159  97 type
     4      1   1      184   1     24343  98 _io.TextIOWrapper
     5      1   1      144   1     24487  99 dict of type
     6      3   4      136   1     24623  99 dict (no owner)
     7      1   1      104   0     24727 100 VariableState.VariableState
     8      1   1       72   0     24799 100 set

		Heap summary: largest referrer Partition of a set of 51 objects. Total size = 20464 bytes.
 Index  Count   %     Size   % Cumulative  % Kind (class / dict of class)
     0     17  33    10472  51     10472  51 types.FrameType
     1     17  33     9048  44     19520  95 set
     2     16  31      896   4     20416 100 list
     3      1   2       48   0     20464 100 VariableState.VariableState 


	Recursion depth 17
		Locations solved: 0
		Location_value_map id: 139805915766336
		Backwards_vals: - bytes
		Location_value_map: 64 bytes
		Final_vals: - bytes

		Heap summary: by type Partition of a set of 77 objects. Total size = 28282 bytes.
 Index  Count   %     Size   % Cumulative  % Kind (class / dict of class)
     0     19  25    11488  41     11488  41 types.FrameType
     1     18  23    10288  36     21776  77 set
     2     14  18     4570  16     26346  93 str
     3     18  23     1200   4     27546  97 list
     4      1   1      232   1     27778  98 dict (no owner)
     5      2   3      144   1     27922  99 builtins.weakref
     6      1   1      144   1     28066  99 function
     7      1   1      104   0     28170 100 dict of VariableState.VariableState
     8      2   3       64   0     28234 100 int
     9      1   1       48   0     28282 100 VariableState.VariableState bytes

		Heap summary: by referrer Partition of a set of 78 objects. Total size = 29085 bytes.
 Index  Count   %     Size   % Cumulative  % Referrers by Kind (class / dict of class)
     0     54  69    22376  77     22376  77 types.FrameType
     1     15  19     5373  18     27749  95 list
     2      1   1      400   1     28149  97 <Nothing>
     3      1   1      248   1     28397  98 _io.TextIOWrapper
     4      1   1      232   1     28629  98 type
     5      1   1      144   0     28773  99 dict of type
     6      3   4      136   0     28909  99 dict (no owner)
     7      1   1      104   0     29013 100 VariableState.VariableState
     8      1   1       72   0     29085 100 set

		Heap summary: largest referrer Partition of a set of 54 objects. Total size = 22376 bytes.
 Index  Count   %     Size   % Cumulative  % Kind (class / dict of class)
     0     18  33    11088  50     11088  50 types.FrameType
     1     18  33    10288  46     21376  96 set
     2     17  31      952   4     22328 100 list
     3      1   2       48   0     22376 100 VariableState.VariableState 


	Recursion depth 18
		Locations solved: 0
		Location_value_map id: 139805915766336
		Backwards_vals: - bytes
		Location_value_map: 64 bytes
		Final_vals: - bytes

		Heap summary: by type Partition of a set of 87 objects. Total size = 32568 bytes.
 Index  Count   %     Size   % Cumulative  % Kind (class / dict of class)
     0     20  23    12104  37     12104  37 types.FrameType
     1     19  22    11528  35     23632  73 set
     2     21  24     6880  21     30512  94 str
     3     19  22     1320   4     31832  98 list
     4      1   1      232   1     32064  98 dict (no owner)
     5      2   2      144   0     32208  99 builtins.weakref
     6      1   1      144   0     32352  99 function
     7      1   1      104   0     32456 100 dict of VariableState.VariableState
     8      2   2       64   0     32520 100 int
     9      1   1       48   0     32568 100 VariableState.VariableState bytes

		Heap summary: by referrer Partition of a set of 88 objects. Total size = 33371 bytes.
 Index  Count   %     Size   % Cumulative  % Referrers by Kind (class / dict of class)
     0     57  65    24288  73     24288  73 types.FrameType
     1     22  25     7683  23     31971  96 list
     2      1   1      400   1     32371  97 <Nothing>
     3      1   1      312   1     32683  98 _io.TextIOWrapper
     4      1   1      232   1     32915  99 type
     5      1   1      144   0     33059  99 dict of type
     6      3   3      136   0     33195  99 dict (no owner)
     7      1   1      104   0     33299 100 VariableState.VariableState
     8      1   1       72   0     33371 100 set

		Heap summary: largest referrer Partition of a set of 57 objects. Total size = 24288 bytes.
 Index  Count   %     Size   % Cumulative  % Kind (class / dict of class)
     0     19  33    11704  48     11704  48 types.FrameType
     1     19  33    11528  47     23232  96 set
     2     18  32     1008   4     24240 100 list
     3      1   2       48   0     24288 100 VariableState.VariableState 


	Recursion depth 19
		Locations solved: 0
		Location_value_map id: 139805915766336
		Backwards_vals: - bytes
		Location_value_map: 64 bytes
		Final_vals: - bytes

		Heap summary: by type Partition of a set of 97 objects. Total size = 36854 bytes.
 Index  Count   %     Size   % Cumulative  % Kind (class / dict of class)
     0     20  21    12768  35     12768  35 set
     1     21  22    12720  35     25488  69 types.FrameType
     2     28  29     9190  25     34678  94 str
     3     20  21     1440   4     36118  98 list
     4      1   1      232   1     36350  99 dict (no owner)
     5      2   2      144   0     36494  99 builtins.weakref
     6      1   1      144   0     36638  99 function
     7      1   1      104   0     36742 100 dict of VariableState.VariableState
     8      2   2       64   0     36806 100 int
     9      1   1       48   0     36854 100 VariableState.VariableState bytes

		Heap summary: by referrer Partition of a set of 69 objects. Total size = 28091 bytes.
 Index  Count   %     Size   % Cumulative  % Referrers by Kind (class / dict of class)
     0     60  87    26200  93     26200  93 types.FrameType
     1      1   1      803   3     27003  96 _io.TextIOWrapper
     2      1   1      400   1     27403  98 <Nothing>
     3      1   1      232   1     27635  98 type
     4      1   1      144   1     27779  99 dict of type
     5      3   4      136   0     27915  99 dict (no owner)
     6      1   1      104   0     28019 100 VariableState.VariableState
     7      1   1       72   0     28091 100 set

		Heap summary: largest referrer Partition of a set of 60 objects. Total size = 26200 bytes.
 Index  Count   %     Size   % Cumulative  % Kind (class / dict of class)
     0     20  33    12768  49     12768  49 set
     1     20  33    12320  47     25088  96 types.FrameType
     2     19  32     1064   4     26152 100 list
     3      1   2       48   0     26200 100 VariableState.VariableState 


	Recursion depth 20
		Locations solved: 0
		Location_value_map id: 139805915766336
		Backwards_vals: - bytes
		Location_value_map: 64 bytes
		Final_vals: - bytes

		Heap summary: by type Partition of a set of 79 objects. Total size = 31644 bytes.
 Index  Count   %     Size   % Cumulative  % Kind (class / dict of class)
     0     21  27    14008  44     14008  44 set
     1     22  28    13336  42     27344  86 types.FrameType
     2      7   9     2260   7     29604  94 str
     3     21  27     1304   4     30908  98 list
     4      1   1      232   1     31140  98 dict (no owner)
     5      2   3      144   0     31284  99 builtins.weakref
     6      1   1      144   0     31428  99 function
     7      1   1      104   0     31532 100 dict of VariableState.VariableState
     8      2   3       64   0     31596 100 int
     9      1   1       48   0     31644 100 VariableState.VariableState bytes

		Heap summary: by referrer Partition of a set of 80 objects. Total size = 32447 bytes.
 Index  Count   %     Size   % Cumulative  % Referrers by Kind (class / dict of class)
     0     63  79    28112  87     28112  87 types.FrameType
     1      8  10     3063   9     31175  96 list
     2      1   1      400   1     31575  97 <Nothing>
     3      1   1      232   1     31807  98 type
     4      1   1      184   1     31991  99 _io.TextIOWrapper
     5      1   1      144   0     32135  99 dict of type
     6      3   4      136   0     32271  99 dict (no owner)
     7      1   1      104   0     32375 100 VariableState.VariableState
     8      1   1       72   0     32447 100 set

		Heap summary: largest referrer Partition of a set of 63 objects. Total size = 28112 bytes.
 Index  Count   %     Size   % Cumulative  % Kind (class / dict of class)
     0     21  33    14008  50     14008  50 set
     1     21  33    12936  46     26944  96 types.FrameType
     2     20  32     1120   4     28064 100 list
     3      1   2       48   0     28112 100 VariableState.VariableState 


	Recursion depth 21
		Locations solved: 0
		Location_value_map id: 139805915766336
		Backwards_vals: - bytes
		Location_value_map: 64 bytes
		Final_vals: - bytes

		Heap summary: by type Partition of a set of 89 objects. Total size = 35930 bytes.
 Index  Count   %     Size   % Cumulative  % Kind (class / dict of class)
     0     22  25    15248  42     15248  42 set
     1     23  26    13952  39     29200  81 types.FrameType
     2     14  16     4570  13     33770  94 str
     3     22  25     1424   4     35194  98 list
     4      1   1      232   1     35426  99 dict (no owner)
     5      2   2      144   0     35570  99 builtins.weakref
     6      1   1      144   0     35714  99 function
     7      1   1      104   0     35818 100 dict of VariableState.VariableState
     8      2   2       64   0     35882 100 int
     9      1   1       48   0     35930 100 VariableState.VariableState bytes

		Heap summary: by referrer Partition of a set of 90 objects. Total size = 36733 bytes.
 Index  Count   %     Size   % Cumulative  % Referrers by Kind (class / dict of class)
     0     66  73    30024  82     30024  82 types.FrameType
     1     15  17     5373  15     35397  96 list
     2      1   1      400   1     35797  97 <Nothing>
     3      1   1      248   1     36045  98 _io.TextIOWrapper
     4      1   1      232   1     36277  99 type
     5      1   1      144   0     36421  99 dict of type
     6      3   3      136   0     36557 100 dict (no owner)
     7      1   1      104   0     36661 100 VariableState.VariableState
     8      1   1       72   0     36733 100 set

		Heap summary: largest referrer Partition of a set of 66 objects. Total size = 30024 bytes.
 Index  Count   %     Size   % Cumulative  % Kind (class / dict of class)
     0     22  33    15248  51     15248  51 set
     1     22  33    13552  45     28800  96 types.FrameType
     2     21  32     1176   4     29976 100 list
     3      1   2       48   0     30024 100 VariableState.VariableState 


	Recursion depth 22
		Locations solved: 0
		Location_value_map id: 139805915766336
		Backwards_vals: - bytes
		Location_value_map: 64 bytes
		Final_vals: - bytes

		Heap summary: by type Partition of a set of 99 objects. Total size = 40216 bytes.
 Index  Count   %     Size   % Cumulative  % Kind (class / dict of class)
     0     23  23    16488  41     16488  41 set
     1     24  24    14568  36     31056  77 types.FrameType
     2     21  21     6880  17     37936  94 str
     3     23  23     1544   4     39480  98 list
     4      1   1      232   1     39712  99 dict (no owner)
     5      2   2      144   0     39856  99 builtins.weakref
     6      1   1      144   0     40000  99 function
     7      1   1      104   0     40104 100 dict of VariableState.VariableState
     8      2   2       64   0     40168 100 int
     9      1   1       48   0     40216 100 VariableState.VariableState bytes

		Heap summary: by referrer Partition of a set of 100 objects. Total size = 41019 bytes.
 Index  Count   %     Size   % Cumulative  % Referrers by Kind (class / dict of class)
     0     69  69    31936  78     31936  78 types.FrameType
     1     22  22     7683  19     39619  97 list
     2      1   1      400   1     40019  98 <Nothing>
     3      1   1      312   1     40331  98 _io.TextIOWrapper
     4      1   1      232   1     40563  99 type
     5      1   1      144   0     40707  99 dict of type
     6      3   3      136   0     40843 100 dict (no owner)
     7      1   1      104   0     40947 100 VariableState.VariableState
     8      1   1       72   0     41019 100 set

		Heap summary: largest referrer Partition of a set of 69 objects. Total size = 31936 bytes.
 Index  Count   %     Size   % Cumulative  % Kind (class / dict of class)
     0     23  33    16488  52     16488  52 set
     1     23  33    14168  44     30656  96 types.FrameType
     2     22  32     1232   4     31888 100 list
     3      1   1       48   0     31936 100 VariableState.VariableState 


	Recursion depth 23
		Locations solved: 0
		Location_value_map id: 139805915766336
		Backwards_vals: - bytes
		Location_value_map: 64 bytes
		Final_vals: - bytes

		Heap summary: by type Partition of a set of 109 objects. Total size = 44503 bytes.
 Index  Count   %     Size   % Cumulative  % Kind (class / dict of class)
     0     24  22    17728  40     17728  40 set
     1     25  23    15184  34     32912  74 types.FrameType
     2     28  26     9191  21     42103  95 str
     3     24  22     1664   4     43767  98 list
     4      1   1      232   1     43999  99 dict (no owner)
     5      2   2      144   0     44143  99 builtins.weakref
     6      1   1      144   0     44287 100 function
     7      1   1      104   0     44391 100 dict of VariableState.VariableState
     8      2   2       64   0     44455 100 int
     9      1   1       48   0     44503 100 VariableState.VariableState bytes

		Heap summary: by referrer Partition of a set of 81 objects. Total size = 35740 bytes.
 Index  Count   %     Size   % Cumulative  % Referrers by Kind (class / dict of class)
     0     72  89    33848  95     33848  95 types.FrameType
     1      1   1      804   2     34652  97 _io.TextIOWrapper
     2      1   1      400   1     35052  98 <Nothing>
     3      1   1      232   1     35284  99 type
     4      1   1      144   0     35428  99 dict of type
     5      3   4      136   0     35564 100 dict (no owner)
     6      1   1      104   0     35668 100 VariableState.VariableState
     7      1   1       72   0     35740 100 set

		Heap summary: largest referrer Partition of a set of 72 objects. Total size = 33848 bytes.
 Index  Count   %     Size   % Cumulative  % Kind (class / dict of class)
     0     24  33    17728  52     17728  52 set
     1     24  33    14784  44     32512  96 types.FrameType
     2     23  32     1288   4     33800 100 list
     3      1   1       48   0     33848 100 VariableState.VariableState 


	Recursion depth 24
		Locations solved: 0
		Location_value_map id: 139805915766336
		Backwards_vals: - bytes
		Location_value_map: 64 bytes
		Final_vals: - bytes

		Heap summary: by type Partition of a set of 91 objects. Total size = 39293 bytes.
 Index  Count   %     Size   % Cumulative  % Kind (class / dict of class)
     0     25  27    18968  48     18968  48 set
     1     26  29    15800  40     34768  88 types.FrameType
     2      7   8     2261   6     37029  94 str
     3     25  27     1528   4     38557  98 list
     4      1   1      232   1     38789  99 dict (no owner)
     5      2   2      144   0     38933  99 builtins.weakref
     6      1   1      144   0     39077  99 function
     7      1   1      104   0     39181 100 dict of VariableState.VariableState
     8      2   2       64   0     39245 100 int
     9      1   1       48   0     39293 100 VariableState.VariableState bytes

		Heap summary: by referrer Partition of a set of 92 objects. Total size = 40096 bytes.
 Index  Count   %     Size   % Cumulative  % Referrers by Kind (class / dict of class)
     0     75  82    35760  89     35760  89 types.FrameType
     1      8   9     3064   8     38824  97 list
     2      1   1      400   1     39224  98 <Nothing>
     3      1   1      232   1     39456  98 type
     4      1   1      184   0     39640  99 _io.TextIOWrapper
     5      1   1      144   0     39784  99 dict of type
     6      3   3      136   0     39920 100 dict (no owner)
     7      1   1      104   0     40024 100 VariableState.VariableState
     8      1   1       72   0     40096 100 set

		Heap summary: largest referrer Partition of a set of 75 objects. Total size = 35760 bytes.
 Index  Count   %     Size   % Cumulative  % Kind (class / dict of class)
     0     25  33    18968  53     18968  53 set
     1     25  33    15400  43     34368  96 types.FrameType
     2     24  32     1344   4     35712 100 list
     3      1   1       48   0     35760 100 VariableState.VariableState 


	Recursion depth 25
		Locations solved: 0
		Location_value_map id: 139805915766336
		Backwards_vals: - bytes
		Location_value_map: 64 bytes
		Final_vals: - bytes

		Heap summary: by type Partition of a set of 101 objects. Total size = 43579 bytes.
 Index  Count   %     Size   % Cumulative  % Kind (class / dict of class)
     0     26  26    20208  46     20208  46 set
     1     27  27    16416  38     36624  84 types.FrameType
     2     14  14     4571  10     41195  95 str
     3     26  26     1648   4     42843  98 list
     4      1   1      232   1     43075  99 dict (no owner)
     5      2   2      144   0     43219  99 builtins.weakref
     6      1   1      144   0     43363 100 function
     7      1   1      104   0     43467 100 dict of VariableState.VariableState
     8      2   2       64   0     43531 100 int
     9      1   1       48   0     43579 100 VariableState.VariableState bytes

		Heap summary: by referrer Partition of a set of 102 objects. Total size = 44383 bytes.
 Index  Count   %     Size   % Cumulative  % Referrers by Kind (class / dict of class)
     0     78  76    37672  85     37672  85 types.FrameType
     1     15  15     5375  12     43047  97 list
     2      1   1      400   1     43447  98 <Nothing>
     3      1   1      248   1     43695  98 _io.TextIOWrapper
     4      1   1      232   1     43927  99 type
     5      1   1      144   0     44071  99 dict of type
     6      3   3      136   0     44207 100 dict (no owner)
     7      1   1      104   0     44311 100 VariableState.VariableState
     8      1   1       72   0     44383 100 set

		Heap summary: largest referrer Partition of a set of 78 objects. Total size = 37672 bytes.
 Index  Count   %     Size   % Cumulative  % Kind (class / dict of class)
     0     26  33    20208  54     20208  54 set
     1     26  33    16016  43     36224  96 types.FrameType
     2     25  32     1400   4     37624 100 list
     3      1   1       48   0     37672 100 VariableState.VariableState 


	Recursion depth 26
		Locations solved: 0
		Location_value_map id: 139805915766336
		Backwards_vals: - bytes
		Location_value_map: 64 bytes
		Final_vals: - bytes

		Heap summary: by type Partition of a set of 111 objects. Total size = 47867 bytes.
 Index  Count   %     Size   % Cumulative  % Kind (class / dict of class)
     0     27  24    21448  45     21448  45 set
     1     28  25    17032  36     38480  80 types.FrameType
     2     21  19     6883  14     45363  95 str
     3     27  24     1768   4     47131  98 list
     4      1   1      232   0     47363  99 dict (no owner)
     5      2   2      144   0     47507  99 builtins.weakref
     6      1   1      144   0     47651 100 function
     7      1   1      104   0     47755 100 dict of VariableState.VariableState
     8      2   2       64   0     47819 100 int
     9      1   1       48   0     47867 100 VariableState.VariableState bytes

		Heap summary: by referrer Partition of a set of 112 objects. Total size = 48671 bytes.
 Index  Count   %     Size   % Cumulative  % Referrers by Kind (class / dict of class)
     0     81  72    39584  81     39584  81 types.FrameType
     1     22  20     7687  16     47271  97 list
     2      1   1      400   1     47671  98 <Nothing>
     3      1   1      312   1     47983  99 _io.TextIOWrapper
     4      1   1      232   0     48215  99 type
     5      1   1      144   0     48359  99 dict of type
     6      3   3      136   0     48495 100 dict (no owner)
     7      1   1      104   0     48599 100 VariableState.VariableState
     8      1   1       72   0     48671 100 set

		Heap summary: largest referrer Partition of a set of 81 objects. Total size = 39584 bytes.
 Index  Count   %     Size   % Cumulative  % Kind (class / dict of class)
     0     27  33    21448  54     21448  54 set
     1     27  33    16632  42     38080  96 types.FrameType
     2     26  32     1456   4     39536 100 list
     3      1   1       48   0     39584 100 VariableState.VariableState 


	Recursion depth 27
		Locations solved: 0
		Location_value_map id: 139805915766336
		Backwards_vals: - bytes
		Location_value_map: 64 bytes
		Final_vals: - bytes

		Heap summary: by type Partition of a set of 121 objects. Total size = 52155 bytes.
 Index  Count   %     Size   % Cumulative  % Kind (class / dict of class)
     0     28  23    22688  44     22688  44 set
     1     29  24    17648  34     40336  77 types.FrameType
     2     28  23     9195  18     49531  95 str
     3     28  23     1888   4     51419  99 list
     4      1   1      232   0     51651  99 dict (no owner)
     5      2   2      144   0     51795  99 builtins.weakref
     6      1   1      144   0     51939 100 function
     7      1   1      104   0     52043 100 dict of VariableState.VariableState
     8      2   2       64   0     52107 100 int
     9      1   1       48   0     52155 100 VariableState.VariableState bytes

		Heap summary: by referrer Partition of a set of 93 objects. Total size = 43388 bytes.
 Index  Count   %     Size   % Cumulative  % Referrers by Kind (class / dict of class)
     0     84  90    41496  96     41496  96 types.FrameType
     1      1   1      804   2     42300  97 _io.TextIOWrapper
     2      1   1      400   1     42700  98 <Nothing>
     3      1   1      232   1     42932  99 type
     4      1   1      144   0     43076  99 dict of type
     5      3   3      136   0     43212 100 dict (no owner)
     6      1   1      104   0     43316 100 VariableState.VariableState
     7      1   1       72   0     43388 100 set

		Heap summary: largest referrer Partition of a set of 84 objects. Total size = 41496 bytes.
 Index  Count   %     Size   % Cumulative  % Kind (class / dict of class)
     0     28  33    22688  55     22688  55 set
     1     28  33    17248  42     39936  96 types.FrameType
     2     27  32     1512   4     41448 100 list
     3      1   1       48   0     41496 100 VariableState.VariableState 


	Recursion depth 28
		Locations solved: 0
		Location_value_map id: 139805915766336
		Backwards_vals: - bytes
		Location_value_map: 64 bytes
		Final_vals: - bytes

		Heap summary: by type Partition of a set of 103 objects. Total size = 46941 bytes.
 Index  Count   %     Size   % Cumulative  % Kind (class / dict of class)
     0     29  28    23928  51     23928  51 set
     1     30  29    18264  39     42192  90 types.FrameType
     2      7   7     2261   5     44453  95 str
     3     29  28     1752   4     46205  98 list
     4      1   1      232   0     46437  99 dict (no owner)
     5      2   2      144   0     46581  99 builtins.weakref
     6      1   1      144   0     46725 100 function
     7      1   1      104   0     46829 100 dict of VariableState.VariableState
     8      2   2       64   0     46893 100 int
     9      1   1       48   0     46941 100 VariableState.VariableState bytes

		Heap summary: by referrer Partition of a set of 104 objects. Total size = 47745 bytes.
 Index  Count   %     Size   % Cumulative  % Referrers by Kind (class / dict of class)
     0     87  84    43408  91     43408  91 types.FrameType
     1      8   8     3065   6     46473  97 list
     2      1   1      400   1     46873  98 <Nothing>
     3      1   1      232   0     47105  99 type
     4      1   1      184   0     47289  99 _io.TextIOWrapper
     5      1   1      144   0     47433  99 dict of type
     6      3   3      136   0     47569 100 dict (no owner)
     7      1   1      104   0     47673 100 VariableState.VariableState
     8      1   1       72   0     47745 100 set

		Heap summary: largest referrer Partition of a set of 87 objects. Total size = 43408 bytes.
 Index  Count   %     Size   % Cumulative  % Kind (class / dict of class)
     0     29  33    23928  55     23928  55 set
     1     29  33    17864  41     41792  96 types.FrameType
     2     28  32     1568   4     43360 100 list
     3      1   1       48   0     43408 100 VariableState.VariableState 


	Recursion depth 29
		Locations solved: 0
		Location_value_map id: 139805915766336
		Backwards_vals: - bytes
		Location_value_map: 64 bytes
		Final_vals: - bytes

		Heap summary: by type Partition of a set of 113 objects. Total size = 51229 bytes.
 Index  Count   %     Size   % Cumulative  % Kind (class / dict of class)
     0     30  27    25168  49     25168  49 set
     1     31  27    18880  37     44048  86 types.FrameType
     2     14  12     4573   9     48621  95 str
     3     30  27     1872   4     50493  99 list
     4      1   1      232   0     50725  99 dict (no owner)
     5      2   2      144   0     50869  99 builtins.weakref
     6      1   1      144   0     51013 100 function
     7      1   1      104   0     51117 100 dict of VariableState.VariableState
     8      2   2       64   0     51181 100 int
     9      1   1       48   0     51229 100 VariableState.VariableState bytes

		Heap summary: by referrer Partition of a set of 114 objects. Total size = 52033 bytes.
 Index  Count   %     Size   % Cumulative  % Referrers by Kind (class / dict of class)
     0     90  79    45320  87     45320  87 types.FrameType
     1     15  13     5377  10     50697  97 list
     2      1   1      400   1     51097  98 <Nothing>
     3      1   1      248   0     51345  99 _io.TextIOWrapper
     4      1   1      232   0     51577  99 type
     5      1   1      144   0     51721  99 dict of type
     6      3   3      136   0     51857 100 dict (no owner)
     7      1   1      104   0     51961 100 VariableState.VariableState
     8      1   1       72   0     52033 100 set

		Heap summary: largest referrer Partition of a set of 90 objects. Total size = 45320 bytes.
 Index  Count   %     Size   % Cumulative  % Kind (class / dict of class)
     0     30  33    25168  56     25168  56 set
     1     30  33    18480  41     43648  96 types.FrameType
     2     29  32     1624   4     45272 100 list
     3      1   1       48   0     45320 100 VariableState.VariableState 


	Recursion depth 30
		Locations solved: 0
		Location_value_map id: 139805915766336
		Backwards_vals: - bytes
		Location_value_map: 64 bytes
		Final_vals: - bytes

		Heap summary: by type Partition of a set of 123 objects. Total size = 55517 bytes.
 Index  Count   %     Size   % Cumulative  % Kind (class / dict of class)
     0     31  25    26408  48     26408  48 set
     1     32  26    19496  35     45904  83 types.FrameType
     2     21  17     6885  12     52789  95 str
     3     31  25     1992   4     54781  99 list
     4      1   1      232   0     55013  99 dict (no owner)
     5      2   2      144   0     55157  99 builtins.weakref
     6      1   1      144   0     55301 100 function
     7      1   1      104   0     55405 100 dict of VariableState.VariableState
     8      2   2       64   0     55469 100 int
     9      1   1       48   0     55517 100 VariableState.VariableState bytes

		Heap summary: by referrer Partition of a set of 124 objects. Total size = 56321 bytes.
 Index  Count   %     Size   % Cumulative  % Referrers by Kind (class / dict of class)
     0     93  75    47232  84     47232  84 types.FrameType
     1     22  18     7689  14     54921  98 list
     2      1   1      400   1     55321  98 <Nothing>
     3      1   1      312   1     55633  99 _io.TextIOWrapper
     4      1   1      232   0     55865  99 type
     5      1   1      144   0     56009  99 dict of type
     6      3   2      136   0     56145 100 dict (no owner)
     7      1   1      104   0     56249 100 VariableState.VariableState
     8      1   1       72   0     56321 100 set

		Heap summary: largest referrer Partition of a set of 93 objects. Total size = 47232 bytes.
 Index  Count   %     Size   % Cumulative  % Kind (class / dict of class)
     0     31  33    26408  56     26408  56 set
     1     31  33    19096  40     45504  96 types.FrameType
     2     30  32     1680   4     47184 100 list
     3      1   1       48   0     47232 100 VariableState.VariableState 


	Recursion depth 31
		Locations solved: 0
		Location_value_map id: 139805915766336
		Backwards_vals: - bytes
		Location_value_map: 64 bytes
		Final_vals: - bytes

		Heap summary: by type Partition of a set of 133 objects. Total size = 59805 bytes.
 Index  Count   %     Size   % Cumulative  % Kind (class / dict of class)
     0     32  24    27648  46     27648  46 set
     1     33  25    20112  34     47760  80 types.FrameType
     2     28  21     9197  15     56957  95 str
     3     32  24     2112   4     59069  99 list
     4      1   1      232   0     59301  99 dict (no owner)
     5      2   2      144   0     59445  99 builtins.weakref
     6      1   1      144   0     59589 100 function
     7      1   1      104   0     59693 100 dict of VariableState.VariableState
     8      2   2       64   0     59757 100 int
     9      1   1       48   0     59805 100 VariableState.VariableState bytes

		Heap summary: by referrer Partition of a set of 105 objects. Total size = 51036 bytes.
 Index  Count   %     Size   % Cumulative  % Referrers by Kind (class / dict of class)
     0     96  91    49144  96     49144  96 types.FrameType
     1      1   1      804   2     49948  98 _io.TextIOWrapper
     2      1   1      400   1     50348  99 <Nothing>
     3      1   1      232   0     50580  99 type
     4      1   1      144   0     50724  99 dict of type
     5      3   3      136   0     50860 100 dict (no owner)
     6      1   1      104   0     50964 100 VariableState.VariableState
     7      1   1       72   0     51036 100 set

		Heap summary: largest referrer Partition of a set of 96 objects. Total size = 49144 bytes.
 Index  Count   %     Size   % Cumulative  % Kind (class / dict of class)
     0     32  33    27648  56     27648  56 set
     1     32  33    19712  40     47360  96 types.FrameType
     2     31  32     1736   4     49096 100 list
     3      1   1       48   0     49144 100 VariableState.VariableState 


	Recursion depth 32
		Locations solved: 0
		Location_value_map id: 139805915766336
		Backwards_vals: - bytes
		Location_value_map: 64 bytes
		Final_vals: - bytes

		Heap summary: by type Partition of a set of 115 objects. Total size = 54590 bytes.
 Index  Count   %     Size   % Cumulative  % Kind (class / dict of class)
     0     33  29    28888  53     28888  53 set
     1     34  30    20728  38     49616  91 types.FrameType
     2      7   6     2262   4     51878  95 str
     3     33  29     1976   4     53854  99 list
     4      1   1      232   0     54086  99 dict (no owner)
     5      2   2      144   0     54230  99 builtins.weakref
     6      1   1      144   0     54374 100 function
     7      1   1      104   0     54478 100 dict of VariableState.VariableState
     8      2   2       64   0     54542 100 int
     9      1   1       48   0     54590 100 VariableState.VariableState bytes

		Heap summary: by referrer Partition of a set of 116 objects. Total size = 55394 bytes.
 Index  Count   %     Size   % Cumulative  % Referrers by Kind (class / dict of class)
     0     99  85    51056  92     51056  92 types.FrameType
     1      8   7     3066   6     54122  98 list
     2      1   1      400   1     54522  98 <Nothing>
     3      1   1      232   0     54754  99 type
     4      1   1      184   0     54938  99 _io.TextIOWrapper
     5      1   1      144   0     55082  99 dict of type
     6      3   3      136   0     55218 100 dict (no owner)
     7      1   1      104   0     55322 100 VariableState.VariableState
     8      1   1       72   0     55394 100 set

		Heap summary: largest referrer Partition of a set of 99 objects. Total size = 51056 bytes.
 Index  Count   %     Size   % Cumulative  % Kind (class / dict of class)
     0     33  33    28888  57     28888  57 set
     1     33  33    20328  40     49216  96 types.FrameType
     2     32  32     1792   4     51008 100 list
     3      1   1       48   0     51056 100 VariableState.VariableState 


	Recursion depth 33
		Locations solved: 0
		Location_value_map id: 139805915766336
		Backwards_vals: - bytes
		Location_value_map: 64 bytes
		Final_vals: - bytes

		Heap summary: by type Partition of a set of 125 objects. Total size = 59902 bytes.
 Index  Count   %     Size   % Cumulative  % Kind (class / dict of class)
     0     34  27    31152  52     31152  52 set
     1     35  28    21344  36     52496  88 types.FrameType
     2     14  11     4574   8     57070  95 str
     3     34  27     2096   3     59166  99 list
     4      1   1      232   0     59398  99 dict (no owner)
     5      2   2      144   0     59542  99 builtins.weakref
     6      1   1      144   0     59686 100 function
     7      1   1      104   0     59790 100 dict of VariableState.VariableState
     8      2   2       64   0     59854 100 int
     9      1   1       48   0     59902 100 VariableState.VariableState bytes

		Heap summary: by referrer Partition of a set of 126 objects. Total size = 60706 bytes.
 Index  Count   %     Size   % Cumulative  % Referrers by Kind (class / dict of class)
     0    102  81    53992  89     53992  89 types.FrameType
     1     15  12     5378   9     59370  98 list
     2      1   1      400   1     59770  98 <Nothing>
     3      1   1      248   0     60018  99 _io.TextIOWrapper
     4      1   1      232   0     60250  99 type
     5      1   1      144   0     60394  99 dict of type
     6      3   2      136   0     60530 100 dict (no owner)
     7      1   1      104   0     60634 100 VariableState.VariableState
     8      1   1       72   0     60706 100 set

		Heap summary: largest referrer Partition of a set of 102 objects. Total size = 53992 bytes.
 Index  Count   %     Size   % Cumulative  % Kind (class / dict of class)
     0     34  33    31152  58     31152  58 set
     1     34  33    20944  39     52096  96 types.FrameType
     2     33  32     1848   3     53944 100 list
     3      1   1       48   0     53992 100 VariableState.VariableState 


	Recursion depth 34
		Locations solved: 0
		Location_value_map id: 139805915766336
		Backwards_vals: - bytes
		Location_value_map: 64 bytes
		Final_vals: - bytes

		Heap summary: by type Partition of a set of 135 objects. Total size = 65215 bytes.
 Index  Count   %     Size   % Cumulative  % Kind (class / dict of class)
     0     35  26    33416  51     33416  51 set
     1     36  27    21960  34     55376  85 types.FrameType
     2     21  16     6887  11     62263  95 str
     3     35  26     2216   3     64479  99 list
     4      1   1      232   0     64711  99 dict (no owner)
     5      2   1      144   0     64855  99 builtins.weakref
     6      1   1      144   0     64999 100 function
     7      1   1      104   0     65103 100 dict of VariableState.VariableState
     8      2   1       64   0     65167 100 int
     9      1   1       48   0     65215 100 VariableState.VariableState bytes

		Heap summary: by referrer Partition of a set of 136 objects. Total size = 66019 bytes.
 Index  Count   %     Size   % Cumulative  % Referrers by Kind (class / dict of class)
     0    105  77    56928  86     56928  86 types.FrameType
     1     22  16     7691  12     64619  98 list
     2      1   1      400   1     65019  98 <Nothing>
     3      1   1      312   0     65331  99 _io.TextIOWrapper
     4      1   1      232   0     65563  99 type
     5      1   1      144   0     65707 100 dict of type
     6      3   2      136   0     65843 100 dict (no owner)
     7      1   1      104   0     65947 100 VariableState.VariableState
     8      1   1       72   0     66019 100 set

		Heap summary: largest referrer Partition of a set of 105 objects. Total size = 56928 bytes.
 Index  Count   %     Size   % Cumulative  % Kind (class / dict of class)
     0     35  33    33416  59     33416  59 set
     1     35  33    21560  38     54976  97 types.FrameType
     2     34  32     1904   3     56880 100 list
     3      1   1       48   0     56928 100 VariableState.VariableState 


	Recursion depth 35
		Locations solved: 0
		Location_value_map id: 139805915766336
		Backwards_vals: - bytes
		Location_value_map: 64 bytes
		Final_vals: - bytes

		Heap summary: by type Partition of a set of 145 objects. Total size = 70528 bytes.
 Index  Count   %     Size   % Cumulative  % Kind (class / dict of class)
     0     36  25    35680  51     35680  51 set
     1     37  26    22576  32     58256  83 types.FrameType
     2     28  19     9200  13     67456  96 str
     3     36  25     2336   3     69792  99 list
     4      1   1      232   0     70024  99 dict (no owner)
     5      2   1      144   0     70168  99 builtins.weakref
     6      1   1      144   0     70312 100 function
     7      1   1      104   0     70416 100 dict of VariableState.VariableState
     8      2   1       64   0     70480 100 int
     9      1   1       48   0     70528 100 VariableState.VariableState bytes

		Heap summary: by referrer Partition of a set of 117 objects. Total size = 61756 bytes.
 Index  Count   %     Size   % Cumulative  % Referrers by Kind (class / dict of class)
     0    108  92    59864  97     59864  97 types.FrameType
     1      1   1      804   1     60668  98 _io.TextIOWrapper
     2      1   1      400   1     61068  99 <Nothing>
     3      1   1      232   0     61300  99 type
     4      1   1      144   0     61444  99 dict of type
     5      3   3      136   0     61580 100 dict (no owner)
     6      1   1      104   0     61684 100 VariableState.VariableState
     7      1   1       72   0     61756 100 set

		Heap summary: largest referrer Partition of a set of 108 objects. Total size = 59864 bytes.
 Index  Count   %     Size   % Cumulative  % Kind (class / dict of class)
     0     36  33    35680  60     35680  60 set
     1     36  33    22176  37     57856  97 types.FrameType
     2     35  32     1960   3     59816 100 list
     3      1   1       48   0     59864 100 VariableState.VariableState 


	Recursion depth 34
		Locations solved: 1
		Location_value_map id: 139805915766336
		Backwards_vals: - bytes
		Location_value_map: 352 bytes
		Final_vals: - bytes

		Heap summary: by type Partition of a set of 124 objects. Total size = 62840 bytes.
 Index  Count   %     Size   % Cumulative  % Kind (class / dict of class)
     0     36  29    35680  57     35680  57 set
     1     36  29    21960  35     57640  92 types.FrameType
     2      7   6     2264   4     59904  95 str
     3     37  30     2200   4     62104  99 list
     4      1   1      232   0     62336  99 dict (no owner)
     5      2   2      144   0     62480  99 builtins.weakref
     6      1   1      144   0     62624 100 function
     7      1   1      104   0     62728 100 dict of VariableState.VariableState
     8      2   2       64   0     62792 100 int
     9      1   1       48   0     62840 100 VariableState.VariableState bytes

		Heap summary: by referrer Partition of a set of 125 objects. Total size = 63644 bytes.
 Index  Count   %     Size   % Cumulative  % Referrers by Kind (class / dict of class)
     0    107  86    59248  93     59248  93 types.FrameType
     1      8   6     3068   5     62316  98 list
     2      1   1      400   1     62716  99 <Nothing>
     3      1   1      232   0     62948  99 type
     4      1   1      184   0     63132  99 _io.TextIOWrapper
     5      1   1      144   0     63276  99 dict of type
     6      3   2      136   0     63412 100 dict (no owner)
     7      1   1      104   0     63516 100 VariableState.VariableState
     8      1   1       72   0     63588 100 set
     9      1   1       56   0     63644 100 dict (no owner), types.FrameType

		Heap summary: largest referrer Partition of a set of 107 objects. Total size = 59248 bytes.
 Index  Count   %     Size   % Cumulative  % Kind (class / dict of class)
     0     36  34    35680  60     35680  60 set
     1     35  33    21560  36     57240  97 types.FrameType
     2     35  33     1960   3     59200 100 list
     3      1   1       48   0     59248 100 VariableState.VariableState 


	Recursion depth 33
		Locations solved: 2
		Location_value_map id: 139805915766336
		Backwards_vals: - bytes
		Location_value_map: 472 bytes
		Final_vals: - bytes

		Heap summary: by type Partition of a set of 129 objects. Total size = 62416 bytes.
 Index  Count   %     Size   % Cumulative  % Kind (class / dict of class)
     0     35  27    33416  54     33416  54 set
     1     35  27    21344  34     54760  88 types.FrameType
     2     14  11     4656   7     59416  95 str
     3     37  29     2264   4     61680  99 list
     4      1   1      232   0     61912  99 dict (no owner)
     5      2   2      144   0     62056  99 builtins.weakref
     6      1   1      144   0     62200 100 function
     7      1   1      104   0     62304 100 dict of VariableState.VariableState
     8      2   2       64   0     62368 100 int
     9      1   1       48   0     62416 100 VariableState.VariableState bytes

		Heap summary: by referrer Partition of a set of 130 objects. Total size = 63220 bytes.
 Index  Count   %     Size   % Cumulative  % Referrers by Kind (class / dict of class)
     0    104  80    56312  89     56312  89 types.FrameType
     1     15  12     5460   9     61772  98 list
     2      1   1      400   1     62172  98 <Nothing>
     3      1   1      248   0     62420  99 _io.TextIOWrapper
     4      1   1      232   0     62652  99 type
     5      4   3      192   0     62844  99 dict (no owner)
     6      1   1      144   0     62988 100 dict of type
     7      1   1      104   0     63092 100 VariableState.VariableState
     8      1   1       72   0     63164 100 set
     9      1   1       56   0     63220 100 dict (no owner), types.FrameType

		Heap summary: largest referrer Partition of a set of 104 objects. Total size = 56312 bytes.
 Index  Count   %     Size   % Cumulative  % Kind (class / dict of class)
     0     35  34    33416  59     33416  59 set
     1     34  33    20944  37     54360  97 types.FrameType
     2     34  33     1904   3     56264 100 list
     3      1   1       48   0     56312 100 VariableState.VariableState 


	Recursion depth 32
		Locations solved: 3
		Location_value_map id: 139805915766336
		Backwards_vals: - bytes
		Location_value_map: 592 bytes
		Final_vals: - bytes

		Heap summary: by type Partition of a set of 134 objects. Total size = 61992 bytes.
 Index  Count   %     Size   % Cumulative  % Kind (class / dict of class)
     0     34  25    31152  50     31152  50 set
     1     34  25    20728  33     51880  84 types.FrameType
     2     21  16     7048  11     58928  95 str
     3     37  28     2328   4     61256  99 list
     4      1   1      232   0     61488  99 dict (no owner)
     5      2   1      144   0     61632  99 builtins.weakref
     6      1   1      144   0     61776 100 function
     7      1   1      104   0     61880 100 dict of VariableState.VariableState
     8      2   1       64   0     61944 100 int
     9      1   1       48   0     61992 100 VariableState.VariableState bytes

		Heap summary: by referrer Partition of a set of 135 objects. Total size = 62796 bytes.
 Index  Count   %     Size   % Cumulative  % Referrers by Kind (class / dict of class)
     0    101  75    53376  85     53376  85 types.FrameType
     1     22  16     7852  13     61228  98 list
     2      1   1      400   1     61628  98 <Nothing>
     3      1   1      312   0     61940  99 _io.TextIOWrapper
     4      5   4      248   0     62188  99 dict (no owner)
     5      1   1      232   0     62420  99 type
     6      1   1      144   0     62564 100 dict of type
     7      1   1      104   0     62668 100 VariableState.VariableState
     8      1   1       72   0     62740 100 set
     9      1   1       56   0     62796 100 dict (no owner), types.FrameType

		Heap summary: largest referrer Partition of a set of 101 objects. Total size = 53376 bytes.
 Index  Count   %     Size   % Cumulative  % Kind (class / dict of class)
     0     34  34    31152  58     31152  58 set
     1     33  33    20328  38     51480  96 types.FrameType
     2     33  33     1848   3     53328 100 list
     3      1   1       48   0     53376 100 VariableState.VariableState 


	Recursion depth 31
		Locations solved: 4
		Location_value_map id: 139805915766336
		Backwards_vals: - bytes
		Location_value_map: 712 bytes
		Final_vals: - bytes

		Heap summary: by type Partition of a set of 112 objects. Total size = 51953 bytes.
 Index  Count   %     Size   % Cumulative  % Kind (class / dict of class)
     0     33  29    28888  56     28888  56 set
     1     33  29    20112  39     49000  94 types.FrameType
     2     37  33     2136   4     51136  98 list
     3      1   1      232   0     51368  99 dict (no owner)
     4      2   2      144   0     51512  99 builtins.weakref
     5      1   1      144   0     51656  99 function
     6      1   1      104   0     51760 100 dict of VariableState.VariableState
     7      1   1       81   0     51841 100 str
     8      2   2       64   0     51905 100 int
     9      1   1       48   0     51953 100 VariableState.VariableState bytes

		Heap summary: by referrer Partition of a set of 113 objects. Total size = 52757 bytes.
 Index  Count   %     Size   % Cumulative  % Referrers by Kind (class / dict of class)
     0     98  87    50440  96     50440  96 types.FrameType
     1      2   2      885   2     51325  97 list
     2      1   1      400   1     51725  98 <Nothing>
     3      6   5      304   1     52029  99 dict (no owner)
     4      1   1      232   0     52261  99 type
     5      1   1      144   0     52405  99 dict of type
     6      1   1      120   0     52525 100 _io.TextIOWrapper
     7      1   1      104   0     52629 100 VariableState.VariableState
     8      1   1       72   0     52701 100 set
     9      1   1       56   0     52757 100 dict (no owner), types.FrameType

		Heap summary: largest referrer Partition of a set of 98 objects. Total size = 50440 bytes.
 Index  Count   %     Size   % Cumulative  % Kind (class / dict of class)
     0     33  34    28888  57     28888  57 set
     1     32  33    19712  39     48600  96 types.FrameType
     2     32  33     1792   4     50392 100 list
     3      1   1       48   0     50440 100 VariableState.VariableState 


	Recursion depth 30
		Locations solved: 5
		Location_value_map id: 139805915766336
		Backwards_vals: - bytes
		Location_value_map: 832 bytes
		Final_vals: - bytes

		Heap summary: by type Partition of a set of 117 objects. Total size = 52552 bytes.
 Index  Count   %     Size   % Cumulative  % Kind (class / dict of class)
     0     32  27    27648  53     27648  53 set
     1     32  27    19496  37     47144  90 types.FrameType
     2      8   7     2472   5     49616  94 str
     3     37  32     2200   4     51816  99 list
     4      1   1      232   0     52048  99 dict (no owner)
     5      2   2      144   0     52192  99 builtins.weakref
     6      1   1      144   0     52336 100 function
     7      1   1      104   0     52440 100 dict of VariableState.VariableState
     8      2   2       64   0     52504 100 int
     9      1   1       48   0     52552 100 VariableState.VariableState bytes

		Heap summary: by referrer Partition of a set of 118 objects. Total size = 53356 bytes.
 Index  Count   %     Size   % Cumulative  % Referrers by Kind (class / dict of class)
     0     95  81    48528  91     48528  91 types.FrameType
     1      9   8     3276   6     51804  97 list
     2      1   1      400   1     52204  98 <Nothing>
     3      7   6      360   1     52564  99 dict (no owner)
     4      1   1      232   0     52796  99 type
     5      1   1      184   0     52980  99 _io.TextIOWrapper
     6      1   1      144   0     53124 100 dict of type
     7      1   1      104   0     53228 100 VariableState.VariableState
     8      1   1       72   0     53300 100 set
     9      1   1       56   0     53356 100 dict (no owner), types.FrameType

		Heap summary: largest referrer Partition of a set of 95 objects. Total size = 48528 bytes.
 Index  Count   %     Size   % Cumulative  % Kind (class / dict of class)
     0     32  34    27648  57     27648  57 set
     1     31  33    19096  39     46744  96 types.FrameType
     2     31  33     1736   4     48480 100 list
     3      1   1       48   0     48528 100 VariableState.VariableState 


	Recursion depth 29
		Locations solved: 6
		Location_value_map id: 139805915766336
		Backwards_vals: - bytes
		Location_value_map: 1080 bytes
		Final_vals: - bytes

		Heap summary: by type Partition of a set of 122 objects. Total size = 53152 bytes.
 Index  Count   %     Size   % Cumulative  % Kind (class / dict of class)
     0     31  25    26408  50     26408  50 set
     1     31  25    18880  36     45288  85 types.FrameType
     2     15  12     4864   9     50152  94 str
     3     37  30     2264   4     52416  99 list
     4      1   1      232   0     52648  99 dict (no owner)
     5      2   2      144   0     52792  99 builtins.weakref
     6      1   1      144   0     52936 100 function
     7      1   1      104   0     53040 100 dict of VariableState.VariableState
     8      2   2       64   0     53104 100 int
     9      1   1       48   0     53152 100 VariableState.VariableState bytes

		Heap summary: by referrer Partition of a set of 123 objects. Total size = 53956 bytes.
 Index  Count   %     Size   % Cumulative  % Referrers by Kind (class / dict of class)
     0     92  75    46616  86     46616  86 types.FrameType
     1     16  13     5668  11     52284  97 list
     2      8   7      416   1     52700  98 dict (no owner)
     3      1   1      400   1     53100  98 <Nothing>
     4      1   1      248   0     53348  99 _io.TextIOWrapper
     5      1   1      232   0     53580  99 type
     6      1   1      144   0     53724 100 dict of type
     7      1   1      104   0     53828 100 VariableState.VariableState
     8      1   1       72   0     53900 100 set
     9      1   1       56   0     53956 100 dict (no owner), types.FrameType

		Heap summary: largest referrer Partition of a set of 92 objects. Total size = 46616 bytes.
 Index  Count   %     Size   % Cumulative  % Kind (class / dict of class)
     0     31  34    26408  57     26408  57 set
     1     30  33    18480  40     44888  96 types.FrameType
     2     30  33     1680   4     46568 100 list
     3      1   1       48   0     46616 100 VariableState.VariableState 


	Recursion depth 28
		Locations solved: 7
		Location_value_map id: 139805915766336
		Backwards_vals: - bytes
		Location_value_map: 1201 bytes
		Final_vals: - bytes

		Heap summary: by type Partition of a set of 127 objects. Total size = 53752 bytes.
 Index  Count   %     Size   % Cumulative  % Kind (class / dict of class)
     0     30  24    25168  47     25168  47 set
     1     30  24    18264  34     43432  81 types.FrameType
     2     22  17     7256  13     50688  94 str
     3     37  29     2328   4     53016  99 list
     4      1   1      232   0     53248  99 dict (no owner)
     5      2   2      144   0     53392  99 builtins.weakref
     6      1   1      144   0     53536 100 function
     7      1   1      104   0     53640 100 dict of VariableState.VariableState
     8      2   2       64   0     53704 100 int
     9      1   1       48   0     53752 100 VariableState.VariableState bytes

		Heap summary: by referrer Partition of a set of 128 objects. Total size = 54556 bytes.
 Index  Count   %     Size   % Cumulative  % Referrers by Kind (class / dict of class)
     0     89  70    44704  82     44704  82 types.FrameType
     1     23  18     8060  15     52764  97 list
     2      9   7      472   1     53236  98 dict (no owner)
     3      1   1      400   1     53636  98 <Nothing>
     4      1   1      312   1     53948  99 _io.TextIOWrapper
     5      1   1      232   0     54180  99 type
     6      1   1      144   0     54324 100 dict of type
     7      1   1      104   0     54428 100 VariableState.VariableState
     8      1   1       72   0     54500 100 set
     9      1   1       56   0     54556 100 dict (no owner), types.FrameType

		Heap summary: largest referrer Partition of a set of 89 objects. Total size = 44704 bytes.
 Index  Count   %     Size   % Cumulative  % Kind (class / dict of class)
     0     30  34    25168  56     25168  56 set
     1     29  33    17864  40     43032  96 types.FrameType
     2     29  33     1624   4     44656 100 list
     3      1   1       48   0     44704 100 VariableState.VariableState 


	Recursion depth 27
		Locations solved: 8
		Location_value_map id: 139805915766336
		Backwards_vals: - bytes
		Location_value_map: 1322 bytes
		Final_vals: - bytes

		Heap summary: by type Partition of a set of 108 objects. Total size = 45212 bytes.
 Index  Count   %     Size   % Cumulative  % Kind (class / dict of class)
     0     29  27    23928  53     23928  53 set
     1     29  27    17648  39     41576  92 types.FrameType
     2     37  34     2136   5     43712  97 list
     3      5   5      764   2     44476  98 str
     4      1   1      232   1     44708  99 dict (no owner)
     5      2   2      144   0     44852  99 builtins.weakref
     6      1   1      144   0     44996 100 function
     7      1   1      104   0     45100 100 dict of VariableState.VariableState
     8      2   2       64   0     45164 100 int
     9      1   1       48   0     45212 100 VariableState.VariableState bytes

		Heap summary: by referrer Partition of a set of 109 objects. Total size = 46016 bytes.
 Index  Count   %     Size   % Cumulative  % Referrers by Kind (class / dict of class)
     0     86  79    42792  93     42792  93 types.FrameType
     1      6   6     1568   3     44360  96 list
     2     10   9      528   1     44888  98 dict (no owner)
     3      1   1      400   1     45288  98 <Nothing>
     4      1   1      232   1     45520  99 type
     5      1   1      144   0     45664  99 dict of type
     6      1   1      120   0     45784  99 _io.TextIOWrapper
     7      1   1      104   0     45888 100 VariableState.VariableState
     8      1   1       72   0     45960 100 set
     9      1   1       56   0     46016 100 dict (no owner), types.FrameType

		Heap summary: largest referrer Partition of a set of 86 objects. Total size = 42792 bytes.
 Index  Count   %     Size   % Cumulative  % Kind (class / dict of class)
     0     29  34    23928  56     23928  56 set
     1     28  33    17248  40     41176  96 types.FrameType
     2     28  33     1568   4     42744 100 list
     3      1   1       48   0     42792 100 VariableState.VariableState 


	Recursion depth 26
		Locations solved: 9
		Location_value_map id: 139805915766336
		Backwards_vals: - bytes
		Location_value_map: 1443 bytes
		Final_vals: - bytes

		Heap summary: by type Partition of a set of 113 objects. Total size = 45812 bytes.
 Index  Count   %     Size   % Cumulative  % Kind (class / dict of class)
     0     28  25    22688  50     22688  50 set
     1     28  25    17032  37     39720  87 types.FrameType
     2     12  11     3156   7     42876  94 str
     3     37  33     2200   5     45076  98 list
     4      1   1      232   1     45308  99 dict (no owner)
     5      2   2      144   0     45452  99 builtins.weakref
     6      1   1      144   0     45596 100 function
     7      1   1      104   0     45700 100 dict of VariableState.VariableState
     8      2   2       64   0     45764 100 int
     9      1   1       48   0     45812 100 VariableState.VariableState bytes

		Heap summary: by referrer Partition of a set of 114 objects. Total size = 46680 bytes.
 Index  Count   %     Size   % Cumulative  % Referrers by Kind (class / dict of class)
     0     83  73    40880  88     40880  88 types.FrameType
     1     13  11     3960   8     44840  96 list
     2     11  10      584   1     45424  97 dict (no owner)
     3      1   1      400   1     45824  98 <Nothing>
     4      1   1      248   1     46072  99 _io.TextIOWrapper
     5      1   1      232   0     46304  99 type
     6      1   1      144   0     46448 100 dict of type
     7      1   1      104   0     46552 100 VariableState.VariableState
     8      1   1       72   0     46624 100 set
     9      1   1       56   0     46680 100 dict (no owner), types.FrameType

		Heap summary: largest referrer Partition of a set of 83 objects. Total size = 40880 bytes.
 Index  Count   %     Size   % Cumulative  % Kind (class / dict of class)
     0     28  34    22688  55     22688  55 set
     1     27  33    16632  41     39320  96 types.FrameType
     2     27  33     1512   4     40832 100 list
     3      1   1       48   0     40880 100 VariableState.VariableState 


	Recursion depth 25
		Locations solved: 10
		Location_value_map id: 139805915766336
		Backwards_vals: - bytes
		Location_value_map: 1564 bytes
		Final_vals: - bytes

		Heap summary: by type Partition of a set of 118 objects. Total size = 46477 bytes.
 Index  Count   %     Size   % Cumulative  % Kind (class / dict of class)
     0     27  23    21448  46     21448  46 set
     1     27  23    16416  35     37864  81 types.FrameType
     2     19  16     5549  12     43413  93 str
     3     37  31     2328   5     45741  98 list
     4      1   1      232   0     45973  99 dict (no owner)
     5      2   2      144   0     46117  99 builtins.weakref
     6      1   1      144   0     46261 100 function
     7      1   1      104   0     46365 100 dict of VariableState.VariableState
     8      2   2       64   0     46429 100 int
     9      1   1       48   0     46477 100 VariableState.VariableState bytes

		Heap summary: by referrer Partition of a set of 119 objects. Total size = 47281 bytes.
 Index  Count   %     Size   % Cumulative  % Referrers by Kind (class / dict of class)
     0     80  67    38968  82     38968  82 types.FrameType
     1     20  17     6353  13     45321  96 list
     2     12  10      640   1     45961  97 dict (no owner)
     3      1   1      400   1     46361  98 <Nothing>
     4      1   1      312   1     46673  99 _io.TextIOWrapper
     5      1   1      232   0     46905  99 type
     6      1   1      144   0     47049 100 dict of type
     7      1   1      104   0     47153 100 VariableState.VariableState
     8      1   1       72   0     47225 100 set
     9      1   1       56   0     47281 100 dict (no owner), types.FrameType

		Heap summary: largest referrer Partition of a set of 80 objects. Total size = 38968 bytes.
 Index  Count   %     Size   % Cumulative  % Kind (class / dict of class)
     0     27  34    21448  55     21448  55 set
     1     26  32    16016  41     37464  96 types.FrameType
     2     26  32     1456   4     38920 100 list
     3      1   1       48   0     38968 100 VariableState.VariableState 


	Recursion depth 24
		Locations solved: 11
		Location_value_map id: 139805915766336
		Backwards_vals: - bytes
		Location_value_map: 1965 bytes
		Final_vals: - bytes

		Heap summary: by type Partition of a set of 123 objects. Total size = 47078 bytes.
 Index  Count   %     Size   % Cumulative  % Kind (class / dict of class)
     0     26  21    20208  43     20208  43 set
     1     26  21    15800  34     36008  76 types.FrameType
     2     26  21     7942  17     43950  93 str
     3     37  30     2392   5     46342  98 list
     4      1   1      232   0     46574  99 dict (no owner)
     5      2   2      144   0     46718  99 builtins.weakref
     6      1   1      144   0     46862 100 function
     7      1   1      104   0     46966 100 dict of VariableState.VariableState
     8      2   2       64   0     47030 100 int
     9      1   1       48   0     47078 100 VariableState.VariableState bytes

		Heap summary: by referrer Partition of a set of 124 objects. Total size = 47882 bytes.
 Index  Count   %     Size   % Cumulative  % Referrers by Kind (class / dict of class)
     0     77  62    37056  77     37056  77 types.FrameType
     1     27  22     8746  18     45802  96 list
     2     13  10      696   1     46498  97 dict (no owner)
     3      1   1      400   1     46898  98 <Nothing>
     4      1   1      376   1     47274  99 _io.TextIOWrapper
     5      1   1      232   0     47506  99 type
     6      1   1      144   0     47650 100 dict of type
     7      1   1      104   0     47754 100 VariableState.VariableState
     8      1   1       72   0     47826 100 set
     9      1   1       56   0     47882 100 dict (no owner), types.FrameType

		Heap summary: largest referrer Partition of a set of 77 objects. Total size = 37056 bytes.
 Index  Count   %     Size   % Cumulative  % Kind (class / dict of class)
     0     26  34    20208  55     20208  55 set
     1     25  32    15400  42     35608  96 types.FrameType
     2     25  32     1400   4     37008 100 list
     3      1   1       48   0     37056 100 VariableState.VariableState 


	Recursion depth 23
		Locations solved: 12
		Location_value_map id: 139805915766336
		Backwards_vals: - bytes
		Location_value_map: 2086 bytes
		Final_vals: - bytes

		Heap summary: by type Partition of a set of 101 objects. Total size = 38613 bytes.
 Index  Count   %     Size   % Cumulative  % Kind (class / dict of class)
     0     25  25    18968  49     18968  49 set
     1     25  25    15184  39     34152  88 types.FrameType
     2     37  37     2136   6     36288  94 list
     3      6   6     1589   4     37877  98 str
     4      1   1      232   1     38109  99 dict (no owner)
     5      2   2      144   0     38253  99 builtins.weakref
     6      1   1      144   0     38397  99 function
     7      1   1      104   0     38501 100 dict of VariableState.VariableState
     8      2   2       64   0     38565 100 int
     9      1   1       48   0     38613 100 VariableState.VariableState bytes

		Heap summary: by referrer Partition of a set of 102 objects. Total size = 39481 bytes.
 Index  Count   %     Size   % Cumulative  % Referrers by Kind (class / dict of class)
     0     74  73    35144  89     35144  89 types.FrameType
     1      7   7     2393   6     37537  95 list
     2     14  14      752   2     38289  97 dict (no owner)
     3      1   1      400   1     38689  98 <Nothing>
     4      1   1      232   1     38921  99 type
     5      1   1      184   0     39105  99 _io.TextIOWrapper
     6      1   1      144   0     39249  99 dict of type
     7      1   1      104   0     39353 100 VariableState.VariableState
     8      1   1       72   0     39425 100 set
     9      1   1       56   0     39481 100 dict (no owner), types.FrameType

		Heap summary: largest referrer Partition of a set of 74 objects. Total size = 35144 bytes.
 Index  Count   %     Size   % Cumulative  % Kind (class / dict of class)
     0     25  34    18968  54     18968  54 set
     1     24  32    14784  42     33752  96 types.FrameType
     2     24  32     1344   4     35096 100 list
     3      1   1       48   0     35144 100 VariableState.VariableState 


	Recursion depth 22
		Locations solved: 13
		Location_value_map id: 139805915766336
		Backwards_vals: - bytes
		Location_value_map: 2207 bytes
		Final_vals: - bytes

		Heap summary: by type Partition of a set of 106 objects. Total size = 39278 bytes.
 Index  Count   %     Size   % Cumulative  % Kind (class / dict of class)
     0     24  23    17728  45     17728  45 set
     1     24  23    14568  37     32296  82 types.FrameType
     2     13  12     3982  10     36278  92 str
     3     37  35     2264   6     38542  98 list
     4      1   1      232   1     38774  99 dict (no owner)
     5      2   2      144   0     38918  99 builtins.weakref
     6      1   1      144   0     39062  99 function
     7      1   1      104   0     39166 100 dict of VariableState.VariableState
     8      2   2       64   0     39230 100 int
     9      1   1       48   0     39278 100 VariableState.VariableState bytes

		Heap summary: by referrer Partition of a set of 107 objects. Total size = 40082 bytes.
 Index  Count   %     Size   % Cumulative  % Referrers by Kind (class / dict of class)
     0     71  66    33232  83     33232  83 types.FrameType
     1     14  13     4786  12     38018  95 list
     2     15  14      808   2     38826  97 dict (no owner)
     3      1   1      400   1     39226  98 <Nothing>
     4      1   1      248   1     39474  98 _io.TextIOWrapper
     5      1   1      232   1     39706  99 type
     6      1   1      144   0     39850  99 dict of type
     7      1   1      104   0     39954 100 VariableState.VariableState
     8      1   1       72   0     40026 100 set
     9      1   1       56   0     40082 100 dict (no owner), types.FrameType

		Heap summary: largest referrer Partition of a set of 71 objects. Total size = 33232 bytes.
 Index  Count   %     Size   % Cumulative  % Kind (class / dict of class)
     0     24  34    17728  53     17728  53 set
     1     23  32    14168  43     31896  96 types.FrameType
     2     23  32     1288   4     33184 100 list
     3      1   1       48   0     33232 100 VariableState.VariableState 


	Recursion depth 21
		Locations solved: 14
		Location_value_map id: 139805915766336
		Backwards_vals: - bytes
		Location_value_map: 2328 bytes
		Final_vals: - bytes

		Heap summary: by type Partition of a set of 111 objects. Total size = 39879 bytes.
 Index  Count   %     Size   % Cumulative  % Kind (class / dict of class)
     0     23  21    16488  41     16488  41 set
     1     23  21    13952  35     30440  76 types.FrameType
     2     20  18     6375  16     36815  92 str
     3     37  33     2328   6     39143  98 list
     4      1   1      232   1     39375  99 dict (no owner)
     5      2   2      144   0     39519  99 builtins.weakref
     6      1   1      144   0     39663  99 function
     7      1   1      104   0     39767 100 dict of VariableState.VariableState
     8      2   2       64   0     39831 100 int
     9      1   1       48   0     39879 100 VariableState.VariableState bytes

		Heap summary: by referrer Partition of a set of 112 objects. Total size = 40683 bytes.
 Index  Count   %     Size   % Cumulative  % Referrers by Kind (class / dict of class)
     0     68  61    31320  77     31320  77 types.FrameType
     1     21  19     7179  18     38499  95 list
     2     16  14      864   2     39363  97 dict (no owner)
     3      1   1      400   1     39763  98 <Nothing>
     4      1   1      312   1     40075  99 _io.TextIOWrapper
     5      1   1      232   1     40307  99 type
     6      1   1      144   0     40451  99 dict of type
     7      1   1      104   0     40555 100 VariableState.VariableState
     8      1   1       72   0     40627 100 set
     9      1   1       56   0     40683 100 dict (no owner), types.FrameType

		Heap summary: largest referrer Partition of a set of 68 objects. Total size = 31320 bytes.
 Index  Count   %     Size   % Cumulative  % Kind (class / dict of class)
     0     23  34    16488  53     16488  53 set
     1     22  32    13552  43     30040  96 types.FrameType
     2     22  32     1232   4     31272 100 list
     3      1   1       48   0     31320 100 VariableState.VariableState 


	Recursion depth 20
		Locations solved: 15
		Location_value_map id: 139805915766336
		Backwards_vals: - bytes
		Location_value_map: 2449 bytes
		Final_vals: - bytes

		Heap summary: by type Partition of a set of 116 objects. Total size = 40480 bytes.
 Index  Count   %     Size   % Cumulative  % Kind (class / dict of class)
     0     22  19    15248  38     15248  38 set
     1     22  19    13336  33     28584  71 types.FrameType
     2     27  23     8768  22     37352  92 str
     3     37  32     2392   6     39744  98 list
     4      1   1      232   1     39976  99 dict (no owner)
     5      2   2      144   0     40120  99 builtins.weakref
     6      1   1      144   0     40264  99 function
     7      1   1      104   0     40368 100 dict of VariableState.VariableState
     8      2   2       64   0     40432 100 int
     9      1   1       48   0     40480 100 VariableState.VariableState bytes

		Heap summary: by referrer Partition of a set of 89 objects. Total size = 32140 bytes.
 Index  Count   %     Size   % Cumulative  % Referrers by Kind (class / dict of class)
     0     65  73    29408  91     29408  91 types.FrameType
     1     17  19      920   3     30328  94 dict (no owner)
     2      1   1      804   3     31132  97 _io.TextIOWrapper
     3      1   1      400   1     31532  98 <Nothing>
     4      1   1      232   1     31764  99 type
     5      1   1      144   0     31908  99 dict of type
     6      1   1      104   0     32012 100 VariableState.VariableState
     7      1   1       72   0     32084 100 set
     8      1   1       56   0     32140 100 dict (no owner), types.FrameType

		Heap summary: largest referrer Partition of a set of 65 objects. Total size = 29408 bytes.
 Index  Count   %     Size   % Cumulative  % Kind (class / dict of class)
     0     22  34    15248  52     15248  52 set
     1     21  32    12936  44     28184  96 types.FrameType
     2     21  32     1176   4     29360 100 list
     3      1   2       48   0     29408 100 VariableState.VariableState 


	Recursion depth 19
		Locations solved: 16
		Location_value_map id: 139805915766336
		Backwards_vals: - bytes
		Location_value_map: 2570 bytes
		Final_vals: - bytes

		Heap summary: by type Partition of a set of 94 objects. Total size = 32006 bytes.
 Index  Count   %     Size   % Cumulative  % Kind (class / dict of class)
     0     21  22    14008  44     14008  44 set
     1     21  22    12720  40     26728  84 types.FrameType
     2      7   7     2342   7     29070  91 str
     3     37  39     2200   7     31270  98 list
     4      1   1      232   1     31502  98 dict (no owner)
     5      2   2      144   0     31646  99 builtins.weakref
     6      1   1      144   0     31790  99 function
     7      1   1      104   0     31894 100 dict of VariableState.VariableState
     8      2   2       64   0     31958 100 int
     9      1   1       48   0     32006 100 VariableState.VariableState bytes

		Heap summary: by referrer Partition of a set of 95 objects. Total size = 32809 bytes.
 Index  Count   %     Size   % Cumulative  % Referrers by Kind (class / dict of class)
     0     62  65    27496  84     27496  84 types.FrameType
     1      8   8     3145  10     30641  93 list
     2     18  19      976   3     31617  96 dict (no owner)
     3      1   1      400   1     32017  98 <Nothing>
     4      1   1      232   1     32249  98 type
     5      1   1      184   1     32433  99 _io.TextIOWrapper
     6      1   1      144   0     32577  99 dict of type
     7      1   1      104   0     32681 100 VariableState.VariableState
     8      1   1       72   0     32753 100 set
     9      1   1       56   0     32809 100 dict (no owner), types.FrameType

		Heap summary: largest referrer Partition of a set of 62 objects. Total size = 27496 bytes.
 Index  Count   %     Size   % Cumulative  % Kind (class / dict of class)
     0     21  34    14008  51     14008  51 set
     1     20  32    12320  45     26328  96 types.FrameType
     2     20  32     1120   4     27448 100 list
     3      1   2       48   0     27496 100 VariableState.VariableState 


	Recursion depth 18
		Locations solved: 17
		Location_value_map id: 139805915766336
		Backwards_vals: - bytes
		Location_value_map: 2691 bytes
		Final_vals: - bytes

		Heap summary: by type Partition of a set of 99 objects. Total size = 32605 bytes.
 Index  Count   %     Size   % Cumulative  % Kind (class / dict of class)
     0     20  20    12768  39     12768  39 set
     1     20  20    12104  37     24872  76 types.FrameType
     2     14  14     4733  15     29605  91 str
     3     37  37     2264   7     31869  98 list
     4      1   1      232   1     32101  98 dict (no owner)
     5      2   2      144   0     32245  99 builtins.weakref
     6      1   1      144   0     32389  99 function
     7      1   1      104   0     32493 100 dict of VariableState.VariableState
     8      2   2       64   0     32557 100 int
     9      1   1       48   0     32605 100 VariableState.VariableState bytes

		Heap summary: by referrer Partition of a set of 100 objects. Total size = 33408 bytes.
 Index  Count   %     Size   % Cumulative  % Referrers by Kind (class / dict of class)
     0     59  59    25584  77     25584  77 types.FrameType
     1     15  15     5536  17     31120  93 list
     2     19  19     1032   3     32152  96 dict (no owner)
     3      1   1      400   1     32552  97 <Nothing>
     4      1   1      248   1     32800  98 _io.TextIOWrapper
     5      1   1      232   1     33032  99 type
     6      1   1      144   0     33176  99 dict of type
     7      1   1      104   0     33280 100 VariableState.VariableState
     8      1   1       72   0     33352 100 set
     9      1   1       56   0     33408 100 dict (no owner), types.FrameType

		Heap summary: largest referrer Partition of a set of 59 objects. Total size = 25584 bytes.
 Index  Count   %     Size   % Cumulative  % Kind (class / dict of class)
     0     20  34    12768  50     12768  50 set
     1     19  32    11704  46     24472  96 types.FrameType
     2     19  32     1064   4     25536 100 list
     3      1   2       48   0     25584 100 VariableState.VariableState 


	Recursion depth 17
		Locations solved: 18
		Location_value_map id: 139805915766336
		Backwards_vals: - bytes
		Location_value_map: 2812 bytes
		Final_vals: - bytes

		Heap summary: by type Partition of a set of 104 objects. Total size = 33205 bytes.
 Index  Count   %     Size   % Cumulative  % Kind (class / dict of class)
     0     19  18    11528  35     11528  35 set
     1     19  18    11488  35     23016  69 types.FrameType
     2     21  20     7125  21     30141  91 str
     3     37  36     2328   7     32469  98 list
     4      1   1      232   1     32701  98 dict (no owner)
     5      2   2      144   0     32845  99 builtins.weakref
     6      1   1      144   0     32989  99 function
     7      1   1      104   0     33093 100 dict of VariableState.VariableState
     8      2   2       64   0     33157 100 int
     9      1   1       48   0     33205 100 VariableState.VariableState bytes

		Heap summary: by referrer Partition of a set of 105 objects. Total size = 34009 bytes.
 Index  Count   %     Size   % Cumulative  % Referrers by Kind (class / dict of class)
     0     56  53    23672  70     23672  70 types.FrameType
     1     22  21     7929  23     31601  93 list
     2     20  19     1088   3     32689  96 dict (no owner)
     3      1   1      400   1     33089  97 <Nothing>
     4      1   1      312   1     33401  98 _io.TextIOWrapper
     5      1   1      232   1     33633  99 type
     6      1   1      144   0     33777  99 dict of type
     7      1   1      104   0     33881 100 VariableState.VariableState
     8      1   1       72   0     33953 100 set
     9      1   1       56   0     34009 100 dict (no owner), types.FrameType

		Heap summary: largest referrer Partition of a set of 56 objects. Total size = 23672 bytes.
 Index  Count   %     Size   % Cumulative  % Kind (class / dict of class)
     0     19  34    11528  49     11528  49 set
     1     18  32    11088  47     22616  96 types.FrameType
     2     18  32     1008   4     23624 100 list
     3      1   2       48   0     23672 100 VariableState.VariableState 


	Recursion depth 16
		Locations solved: 19
		Location_value_map id: 139805915766336
		Backwards_vals: - bytes
		Location_value_map: 2933 bytes
		Final_vals: - bytes

		Heap summary: by type Partition of a set of 85 objects. Total size = 24345 bytes.
 Index  Count   %     Size   % Cumulative  % Kind (class / dict of class)
     0     18  21    10872  45     10872  45 types.FrameType
     1     18  21    10288  42     21160  87 set
     2     37  44     2136   9     23296  96 list
     3      4   5      313   1     23609  97 str
     4      1   1      232   1     23841  98 dict (no owner)
     5      2   2      144   1     23985  99 builtins.weakref
     6      1   1      144   1     24129  99 function
     7      1   1      104   0     24233 100 dict of VariableState.VariableState
     8      2   2       64   0     24297 100 int
     9      1   1       48   0     24345 100 VariableState.VariableState bytes

		Heap summary: by referrer Partition of a set of 86 objects. Total size = 25148 bytes.
 Index  Count   %     Size   % Cumulative  % Referrers by Kind (class / dict of class)
     0     53  62    21760  87     21760  87 types.FrameType
     1     21  24     1144   5     22904  91 dict (no owner)
     2      5   6     1116   4     24020  96 list
     3      1   1      400   2     24420  97 <Nothing>
     4      1   1      232   1     24652  98 type
     5      1   1      144   1     24796  99 dict of type
     6      1   1      120   0     24916  99 _io.TextIOWrapper
     7      1   1      104   0     25020  99 VariableState.VariableState
     8      1   1       72   0     25092 100 set
     9      1   1       56   0     25148 100 dict (no owner), types.FrameType

		Heap summary: largest referrer Partition of a set of 53 objects. Total size = 21760 bytes.
 Index  Count   %     Size   % Cumulative  % Kind (class / dict of class)
     0     17  32    10472  48     10472  48 types.FrameType
     1     18  34    10288  47     20760  95 set
     2     17  32      952   4     21712 100 list
     3      1   2       48   0     21760 100 VariableState.VariableState 


	Recursion depth 15
		Locations solved: 20
		Location_value_map id: 139805915766336
		Backwards_vals: - bytes
		Location_value_map: 3054 bytes
		Final_vals: - bytes

		Heap summary: by type Partition of a set of 90 objects. Total size = 24944 bytes.
 Index  Count   %     Size   % Cumulative  % Kind (class / dict of class)
     0     17  19    10256  41     10256  41 types.FrameType
     1     17  19     9048  36     19304  77 set
     2     11  12     2704  11     22008  88 str
     3     37  41     2200   9     24208  97 list
     4      1   1      232   1     24440  98 dict (no owner)
     5      2   2      144   1     24584  99 builtins.weakref
     6      1   1      144   1     24728  99 function
     7      1   1      104   0     24832 100 dict of VariableState.VariableState
     8      2   2       64   0     24896 100 int
     9      1   1       48   0     24944 100 VariableState.VariableState bytes

		Heap summary: by referrer Partition of a set of 91 objects. Total size = 25747 bytes.
 Index  Count   %     Size   % Cumulative  % Referrers by Kind (class / dict of class)
     0     50  55    19848  77     19848  77 types.FrameType
     1     12  13     3507  14     23355  91 list
     2     22  24     1200   5     24555  95 dict (no owner)
     3      1   1      400   2     24955  97 <Nothing>
     4      1   1      232   1     25187  98 type
     5      1   1      184   1     25371  99 _io.TextIOWrapper
     6      1   1      144   1     25515  99 dict of type
     7      1   1      104   0     25619 100 VariableState.VariableState
     8      1   1       72   0     25691 100 set
     9      1   1       56   0     25747 100 dict (no owner), types.FrameType

		Heap summary: largest referrer Partition of a set of 50 objects. Total size = 19848 bytes.
 Index  Count   %     Size   % Cumulative  % Kind (class / dict of class)
     0     16  32     9856  50      9856  50 types.FrameType
     1     17  34     9048  46     18904  95 set
     2     16  32      896   5     19800 100 list
     3      1   2       48   0     19848 100 VariableState.VariableState 


	Recursion depth 14
		Locations solved: 21
		Location_value_map id: 139805915766336
		Backwards_vals: - bytes
		Location_value_map: 3175 bytes
		Final_vals: - bytes

		Heap summary: by type Partition of a set of 95 objects. Total size = 26055 bytes.
 Index  Count   %     Size   % Cumulative  % Kind (class / dict of class)
     0     16  17     9640  37      9640  37 types.FrameType
     1     16  17     8320  32     17960  69 set
     2     18  19     5095  20     23055  88 str
     3     37  39     2264   9     25319  97 list
     4      1   1      232   1     25551  98 dict (no owner)
     5      2   2      144   1     25695  99 builtins.weakref
     6      1   1      144   1     25839  99 function
     7      1   1      104   0     25943 100 dict of VariableState.VariableState
     8      2   2       64   0     26007 100 int
     9      1   1       48   0     26055 100 VariableState.VariableState bytes

		Heap summary: by referrer Partition of a set of 96 objects. Total size = 26922 bytes.
 Index  Count   %     Size   % Cumulative  % Referrers by Kind (class / dict of class)
     0     47  49    18448  69     18448  69 types.FrameType
     1     19  20     5898  22     24346  90 list
     2     23  24     1256   5     25602  95 dict (no owner)
     3      1   1      400   1     26002  97 <Nothing>
     4      1   1      312   1     26314  98 _io.TextIOWrapper
     5      1   1      232   1     26546  99 type
     6      1   1      144   1     26690  99 dict of type
     7      1   1      104   0     26794 100 VariableState.VariableState
     8      1   1       72   0     26866 100 set
     9      1   1       56   0     26922 100 dict (no owner), types.FrameType

		Heap summary: largest referrer Partition of a set of 47 objects. Total size = 18448 bytes.
 Index  Count   %     Size   % Cumulative  % Kind (class / dict of class)
     0     15  32     9240  50      9240  50 types.FrameType
     1     16  34     8320  45     17560  95 set
     2     15  32      840   5     18400 100 list
     3      1   2       48   0     18448 100 VariableState.VariableState 


	Recursion depth 13
		Locations solved: 22
		Location_value_map id: 139805915766336
		Backwards_vals: - bytes
		Location_value_map: 3832 bytes
		Final_vals: - bytes

		Heap summary: by type Partition of a set of 100 objects. Total size = 27230 bytes.
 Index  Count   %     Size   % Cumulative  % Kind (class / dict of class)
     0     15  15     9024  33      9024  33 types.FrameType
     1     15  15     7592  28     16616  61 set
     2     25  25     7486  27     24102  89 str
     3     37  37     2392   9     26494  97 list
     4      1   1      232   1     26726  98 dict (no owner)
     5      2   2      144   1     26870  99 builtins.weakref
     6      1   1      144   1     27014  99 function
     7      1   1      104   0     27118 100 dict of VariableState.VariableState
     8      2   2       64   0     27182 100 int
     9      1   1       48   0     27230 100 VariableState.VariableState bytes

		Heap summary: by referrer Partition of a set of 101 objects. Total size = 28034 bytes.
 Index  Count   %     Size   % Cumulative  % Referrers by Kind (class / dict of class)
     0     44  44    17048  61     17048  61 types.FrameType
     1     26  26     8290  30     25338  90 list
     2     24  24     1312   5     26650  95 dict (no owner)
     3      1   1      400   1     27050  96 <Nothing>
     4      1   1      376   1     27426  98 _io.TextIOWrapper
     5      1   1      232   1     27658  99 type
     6      1   1      144   1     27802  99 dict of type
     7      1   1      104   0     27906 100 VariableState.VariableState
     8      1   1       72   0     27978 100 set
     9      1   1       56   0     28034 100 dict (no owner), types.FrameType

		Heap summary: largest referrer Partition of a set of 44 objects. Total size = 17048 bytes.
 Index  Count   %     Size   % Cumulative  % Kind (class / dict of class)
     0     14  32     8624  51      8624  51 types.FrameType
     1     15  34     7592  45     16216  95 set
     2     14  32      784   5     17000 100 list
     3      1   2       48   0     17048 100 VariableState.VariableState 


	Recursion depth 12
		Locations solved: 23
		Location_value_map id: 139805915766336
		Backwards_vals: - bytes
		Location_value_map: 3953 bytes
		Final_vals: - bytes

		Heap summary: by type Partition of a set of 78 objects. Total size = 18909 bytes.
 Index  Count   %     Size   % Cumulative  % Kind (class / dict of class)
     0     14  18     8408  44      8408  44 types.FrameType
     1     14  18     6864  36     15272  81 set
     2     37  47     2136  11     17408  92 list
     3      5   6      765   4     18173  96 str
     4      1   1      232   1     18405  97 dict (no owner)
     5      2   3      144   1     18549  98 builtins.weakref
     6      1   1      144   1     18693  99 function
     7      1   1      104   1     18797  99 dict of VariableState.VariableState
     8      2   3       64   0     18861 100 int
     9      1   1       48   0     18909 100 VariableState.VariableState bytes

		Heap summary: by referrer Partition of a set of 79 objects. Total size = 19712 bytes.
 Index  Count   %     Size   % Cumulative  % Referrers by Kind (class / dict of class)
     0     41  52    15648  79     15648  79 types.FrameType
     1      6   8     1568   8     17216  87 list
     2     25  32     1368   7     18584  94 dict (no owner)
     3      1   1      400   2     18984  96 <Nothing>
     4      1   1      232   1     19216  97 type
     5      1   1      144   1     19360  98 dict of type
     6      1   1      120   1     19480  99 _io.TextIOWrapper
     7      1   1      104   1     19584  99 VariableState.VariableState
     8      1   1       72   0     19656 100 set
     9      1   1       56   0     19712 100 dict (no owner), types.FrameType

		Heap summary: largest referrer Partition of a set of 41 objects. Total size = 15648 bytes.
 Index  Count   %     Size   % Cumulative  % Kind (class / dict of class)
     0     13  32     8008  51      8008  51 types.FrameType
     1     14  34     6864  44     14872  95 set
     2     13  32      728   5     15600 100 list
     3      1   2       48   0     15648 100 VariableState.VariableState 


	Recursion depth 11
		Locations solved: 24
		Location_value_map id: 139805915766336
		Backwards_vals: - bytes
		Location_value_map: 4074 bytes
		Final_vals: - bytes

		Heap summary: by type Partition of a set of 83 objects. Total size = 20020 bytes.
 Index  Count   %     Size   % Cumulative  % Kind (class / dict of class)
     0     13  16     7792  39      7792  39 types.FrameType
     1     13  16     6136  31     13928  70 set
     2     12  14     3156  16     17084  85 str
     3     37  45     2200  11     19284  96 list
     4      1   1      232   1     19516  97 dict (no owner)
     5      2   2      144   1     19660  98 builtins.weakref
     6      1   1      144   1     19804  99 function
     7      1   1      104   1     19908  99 dict of VariableState.VariableState
     8      2   2       64   0     19972 100 int
     9      1   1       48   0     20020 100 VariableState.VariableState bytes

		Heap summary: by referrer Partition of a set of 84 objects. Total size = 20887 bytes.
 Index  Count   %     Size   % Cumulative  % Referrers by Kind (class / dict of class)
     0     38  45    14248  68     14248  68 types.FrameType
     1     13  15     3959  19     18207  87 list
     2     26  31     1424   7     19631  94 dict (no owner)
     3      1   1      400   2     20031  96 <Nothing>
     4      1   1      248   1     20279  97 _io.TextIOWrapper
     5      1   1      232   1     20511  98 type
     6      1   1      144   1     20655  99 dict of type
     7      1   1      104   0     20759  99 VariableState.VariableState
     8      1   1       72   0     20831 100 set
     9      1   1       56   0     20887 100 dict (no owner), types.FrameType

		Heap summary: largest referrer Partition of a set of 38 objects. Total size = 14248 bytes.
 Index  Count   %     Size   % Cumulative  % Kind (class / dict of class)
     0     12  32     7392  52      7392  52 types.FrameType
     1     13  34     6136  43     13528  95 set
     2     12  32      672   5     14200 100 list
     3      1   3       48   0     14248 100 VariableState.VariableState 


	Recursion depth 10
		Locations solved: 25
		Location_value_map id: 139805915766336
		Backwards_vals: - bytes
		Location_value_map: 4195 bytes
		Final_vals: - bytes

		Heap summary: by type Partition of a set of 88 objects. Total size = 21195 bytes.
 Index  Count   %     Size   % Cumulative  % Kind (class / dict of class)
     0     12  14     7176  34      7176  34 types.FrameType
     1     19  22     5547  26     12723  60 str
     2     12  14     5408  26     18131  86 set
     3     37  42     2328  11     20459  97 list
     4      1   1      232   1     20691  98 dict (no owner)
     5      2   2      144   1     20835  98 builtins.weakref
     6      1   1      144   1     20979  99 function
     7      1   1      104   0     21083  99 dict of VariableState.VariableState
     8      2   2       64   0     21147 100 int
     9      1   1       48   0     21195 100 VariableState.VariableState bytes

		Heap summary: by referrer Partition of a set of 89 objects. Total size = 21998 bytes.
 Index  Count   %     Size   % Cumulative  % Referrers by Kind (class / dict of class)
     0     35  39    12848  58     12848  58 types.FrameType
     1     20  22     6350  29     19198  87 list
     2     27  30     1480   7     20678  94 dict (no owner)
     3      1   1      400   2     21078  96 <Nothing>
     4      1   1      312   1     21390  97 _io.TextIOWrapper
     5      1   1      232   1     21622  98 type
     6      1   1      144   1     21766  99 dict of type
     7      1   1      104   0     21870  99 VariableState.VariableState
     8      1   1       72   0     21942 100 set
     9      1   1       56   0     21998 100 dict (no owner), types.FrameType

		Heap summary: largest referrer Partition of a set of 35 objects. Total size = 12848 bytes.
 Index  Count   %     Size   % Cumulative  % Kind (class / dict of class)
     0     11  31     6776  53      6776  53 types.FrameType
     1     12  34     5408  42     12184  95 set
     2     11  31      616   5     12800 100 list
     3      1   3       48   0     12848 100 VariableState.VariableState 


	Recursion depth 9
		Locations solved: 26
		Location_value_map id: 139805915766336
		Backwards_vals: - bytes
		Location_value_map: 4316 bytes
		Final_vals: - bytes

		Heap summary: by type Partition of a set of 93 objects. Total size = 22305 bytes.
 Index  Count   %     Size   % Cumulative  % Kind (class / dict of class)
     0     26  28     7937  36      7937  36 str
     1     11  12     6560  29     14497  65 types.FrameType
     2     11  12     4680  21     19177  86 set
     3     37  40     2392  11     21569  97 list
     4      1   1      232   1     21801  98 dict (no owner)
     5      2   2      144   1     21945  98 builtins.weakref
     6      1   1      144   1     22089  99 function
     7      1   1      104   0     22193  99 dict of VariableState.VariableState
     8      2   2       64   0     22257 100 int
     9      1   1       48   0     22305 100 VariableState.VariableState bytes

		Heap summary: by referrer Partition of a set of 94 objects. Total size = 23108 bytes.
 Index  Count   %     Size   % Cumulative  % Referrers by Kind (class / dict of class)
     0     32  34    11448  50     11448  50 types.FrameType
     1     27  29     8740  38     20188  87 list
     2     28  30     1536   7     21724  94 dict (no owner)
     3      1   1      400   2     22124  96 <Nothing>
     4      1   1      376   2     22500  97 _io.TextIOWrapper
     5      1   1      232   1     22732  98 type
     6      1   1      144   1     22876  99 dict of type
     7      1   1      104   0     22980  99 VariableState.VariableState
     8      1   1       72   0     23052 100 set
     9      1   1       56   0     23108 100 dict (no owner), types.FrameType

		Heap summary: largest referrer Partition of a set of 32 objects. Total size = 11448 bytes.
 Index  Count   %     Size   % Cumulative  % Kind (class / dict of class)
     0     10  31     6160  54      6160  54 types.FrameType
     1     11  34     4680  41     10840  95 set
     2     10  31      560   5     11400 100 list
     3      1   3       48   0     11448 100 VariableState.VariableState 


	Recursion depth 8
		Locations solved: 27
		Location_value_map id: 139805915766336
		Backwards_vals: - bytes
		Location_value_map: 4437 bytes
		Final_vals: - bytes

		Heap summary: by type Partition of a set of 71 objects. Total size = 14355 bytes.
 Index  Count   %     Size   % Cumulative  % Kind (class / dict of class)
     0     10  14     5944  41      5944  41 types.FrameType
     1     10  14     3952  28      9896  69 set
     2     37  52     2136  15     12032  84 list
     3      6   8     1587  11     13619  95 str
     4      1   1      232   2     13851  96 dict (no owner)
     5      2   3      144   1     13995  97 builtins.weakref
     6      1   1      144   1     14139  98 function
     7      1   1      104   1     14243  99 dict of VariableState.VariableState
     8      2   3       64   0     14307 100 int
     9      1   1       48   0     14355 100 VariableState.VariableState bytes

		Heap summary: by referrer Partition of a set of 72 objects. Total size = 15222 bytes.
 Index  Count   %     Size   % Cumulative  % Referrers by Kind (class / dict of class)
     0     29  40    10048  66     10048  66 types.FrameType
     1      7  10     2390  16     12438  82 list
     2     29  40     1592  10     14030  92 dict (no owner)
     3      1   1      400   3     14430  95 <Nothing>
     4      1   1      232   2     14662  96 type
     5      1   1      184   1     14846  98 _io.TextIOWrapper
     6      1   1      144   1     14990  98 dict of type
     7      1   1      104   1     15094  99 VariableState.VariableState
     8      1   1       72   0     15166 100 set
     9      1   1       56   0     15222 100 dict (no owner), types.FrameType

		Heap summary: largest referrer Partition of a set of 29 objects. Total size = 10048 bytes.
 Index  Count   %     Size   % Cumulative  % Kind (class / dict of class)
     0      9  31     5544  55      5544  55 types.FrameType
     1     10  34     3952  39      9496  95 set
     2      9  31      504   5     10000 100 list
     3      1   3       48   0     10048 100 VariableState.VariableState 


	Recursion depth 7
		Locations solved: 28
		Location_value_map id: 139805915766336
		Backwards_vals: - bytes
		Location_value_map: 4558 bytes
		Final_vals: - bytes

		Heap summary: by type Partition of a set of 76 objects. Total size = 15529 bytes.
 Index  Count   %     Size   % Cumulative  % Kind (class / dict of class)
     0      9  12     5328  34      5328  34 types.FrameType
     1     13  17     3977  26      9305  60 str
     2      9  12     3224  21     12529  81 set
     3     37  49     2264  15     14793  95 list
     4      1   1      232   1     15025  97 dict (no owner)
     5      2   3      144   1     15169  98 builtins.weakref
     6      1   1      144   1     15313  99 function
     7      1   1      104   1     15417  99 dict of VariableState.VariableState
     8      2   3       64   0     15481 100 int
     9      1   1       48   0     15529 100 VariableState.VariableState bytes

		Heap summary: by referrer Partition of a set of 77 objects. Total size = 16332 bytes.
 Index  Count   %     Size   % Cumulative  % Referrers by Kind (class / dict of class)
     0     26  34     8648  53      8648  53 types.FrameType
     1     14  18     4780  29     13428  82 list
     2     30  39     1648  10     15076  92 dict (no owner)
     3      1   1      400   2     15476  95 <Nothing>
     4      1   1      248   2     15724  96 _io.TextIOWrapper
     5      1   1      232   1     15956  98 type
     6      1   1      144   1     16100  99 dict of type
     7      1   1      104   1     16204  99 VariableState.VariableState
     8      1   1       72   0     16276 100 set
     9      1   1       56   0     16332 100 dict (no owner), types.FrameType

		Heap summary: largest referrer Partition of a set of 26 objects. Total size = 8648 bytes.
 Index  Count   %     Size   % Cumulative  % Kind (class / dict of class)
     0      8  31     4928  57      4928  57 types.FrameType
     1      9  35     3224  37      8152  94 set
     2      8  31      448   5      8600  99 list
     3      1   4       48   1      8648 100 VariableState.VariableState 


	Recursion depth 6
		Locations solved: 29
		Location_value_map id: 139805915766336
		Backwards_vals: - bytes
		Location_value_map: 4679 bytes
		Final_vals: - bytes

		Heap summary: by type Partition of a set of 81 objects. Total size = 16894 bytes.
 Index  Count   %     Size   % Cumulative  % Kind (class / dict of class)
     0     20  25     6366  38      6366  38 str
     1      8  10     4712  28     11078  66 types.FrameType
     2      8  10     2752  16     13830  82 set
     3     37  46     2328  14     16158  96 list
     4      1   1      232   1     16390  97 dict (no owner)
     5      2   2      144   1     16534  98 builtins.weakref
     6      1   1      144   1     16678  99 function
     7      1   1      104   1     16782  99 dict of VariableState.VariableState
     8      2   2       64   0     16846 100 int
     9      1   1       48   0     16894 100 VariableState.VariableState bytes

		Heap summary: by referrer Partition of a set of 82 objects. Total size = 17697 bytes.
 Index  Count   %     Size   % Cumulative  % Referrers by Kind (class / dict of class)
     0     23  28     7504  42      7504  42 types.FrameType
     1     21  26     7169  41     14673  83 list
     2     31  38     1704  10     16377  93 dict (no owner)
     3      1   1      400   2     16777  95 <Nothing>
     4      1   1      312   2     17089  97 _io.TextIOWrapper
     5      1   1      232   1     17321  98 type
     6      1   1      144   1     17465  99 dict of type
     7      1   1      104   1     17569  99 VariableState.VariableState
     8      1   1       72   0     17641 100 set
     9      1   1       56   0     17697 100 dict (no owner), types.FrameType

		Heap summary: largest referrer Partition of a set of 22 objects. Total size = 7992 bytes.
 Index  Count   %     Size   % Cumulative  % Kind (class / dict of class)
     0     22 100     7992 100      7992 100 str 


	Recursion depth 5
		Locations solved: 30
		Location_value_map id: 139805915766336
		Backwards_vals: - bytes
		Location_value_map: 4800 bytes
		Final_vals: - bytes

		Heap summary: by type Partition of a set of 86 objects. Total size = 18075 bytes.
 Index  Count   %     Size   % Cumulative  % Kind (class / dict of class)
     0     27  31     8571  47      8571  47 str
     1      7   8     4096  23     12667  70 types.FrameType
     2     37  43     2392  13     15059  83 list
     3      7   8     2280  13     17339  96 set
     4      1   1      232   1     17571  97 dict (no owner)
     5      2   2      144   1     17715  98 builtins.weakref
     6      1   1      144   1     17859  99 function
     7      1   1      104   1     17963  99 dict of VariableState.VariableState
     8      2   2       64   0     18027 100 int
     9      1   1       48   0     18075 100 VariableState.VariableState bytes

		Heap summary: by referrer Partition of a set of 59 objects. Total size = 9931 bytes.
 Index  Count   %     Size   % Cumulative  % Referrers by Kind (class / dict of class)
     0     20  34     6360  64      6360  64 types.FrameType
     1     32  54     1760  18      8120  82 dict (no owner)
     2      1   2      803   8      8923  90 _io.TextIOWrapper
     3      1   2      400   4      9323  94 <Nothing>
     4      1   2      232   2      9555  96 type
     5      1   2      144   1      9699  98 dict of type
     6      1   2      104   1      9803  99 VariableState.VariableState
     7      1   2       72   1      9875  99 set
     8      1   2       56   1      9931 100 dict (no owner), types.FrameType

		Heap summary: largest referrer Partition of a set of 20 objects. Total size = 6360 bytes.
 Index  Count   %     Size   % Cumulative  % Kind (class / dict of class)
     0      6  30     3696  58      3696  58 types.FrameType
     1      7  35     2280  36      5976  94 set
     2      6  30      336   5      6312  99 list
     3      1   5       48   1      6360 100 VariableState.VariableState 


	Recursion depth 4
		Locations solved: 31
		Location_value_map id: 139805915766336
		Backwards_vals: - bytes
		Location_value_map: 4921 bytes
		Final_vals: - bytes

		Heap summary: by type Partition of a set of 64 objects. Total size = 10562 bytes.
 Index  Count   %     Size   % Cumulative  % Kind (class / dict of class)
     0      6   9     3480  33      3480  33 types.FrameType
     1      7  11     2338  22      5818  55 str
     2     37  58     2200  21      8018  76 list
     3      6   9     1808  17      9826  93 set
     4      1   2      232   2     10058  95 dict (no owner)
     5      2   3      144   1     10202  97 builtins.weakref
     6      1   2      144   1     10346  98 function
     7      1   2      104   1     10450  99 dict of VariableState.VariableState
     8      2   3       64   1     10514 100 int
     9      1   2       48   0     10562 100 VariableState.VariableState bytes

		Heap summary: by referrer Partition of a set of 65 objects. Total size = 11365 bytes.
 Index  Count   %     Size   % Cumulative  % Referrers by Kind (class / dict of class)
     0     17  26     5216  46      5216  46 types.FrameType
     1      8  12     3141  28      8357  74 list
     2     33  51     1816  16     10173  90 dict (no owner)
     3      1   2      400   4     10573  93 <Nothing>
     4      1   2      232   2     10805  95 type
     5      1   2      184   2     10989  97 _io.TextIOWrapper
     6      1   2      144   1     11133  98 dict of type
     7      1   2      104   1     11237  99 VariableState.VariableState
     8      1   2       72   1     11309 100 set
     9      1   2       56   0     11365 100 dict (no owner), types.FrameType

		Heap summary: largest referrer Partition of a set of 17 objects. Total size = 5216 bytes.
 Index  Count   %     Size   % Cumulative  % Kind (class / dict of class)
     0      5  29     3080  59      3080  59 types.FrameType
     1      6  35     1808  35      4888  94 set
     2      5  29      280   5      5168  99 list
     3      1   6       48   1      5216 100 VariableState.VariableState 


	Recursion depth 3
		Locations solved: 32
		Location_value_map id: 139805915766336
		Backwards_vals: - bytes
		Location_value_map: 5042 bytes
		Final_vals: - bytes

		Heap summary: by type Partition of a set of 69 objects. Total size = 11671 bytes.
 Index  Count   %     Size   % Cumulative  % Kind (class / dict of class)
     0     14  20     4727  41      4727  41 str
     1      5   7     2864  25      7591  65 types.FrameType
     2     37  54     2264  19      9855  84 list
     3      5   7     1080   9     10935  94 set
     4      1   1      232   2     11167  96 dict (no owner)
     5      2   3      144   1     11311  97 builtins.weakref
     6      1   1      144   1     11455  98 function
     7      1   1      104   1     11559  99 dict of VariableState.VariableState
     8      2   3       64   1     11623 100 int
     9      1   1       48   0     11671 100 VariableState.VariableState bytes

		Heap summary: by referrer Partition of a set of 70 objects. Total size = 12474 bytes.
 Index  Count   %     Size   % Cumulative  % Referrers by Kind (class / dict of class)
     0     15  21     5530  44      5530  44 list
     1     14  20     3816  31      9346  75 types.FrameType
     2     34  49     1872  15     11218  90 dict (no owner)
     3      1   1      400   3     11618  93 <Nothing>
     4      1   1      248   2     11866  95 _io.TextIOWrapper
     5      1   1      232   2     12098  97 type
     6      1   1      144   1     12242  98 dict of type
     7      1   1      104   1     12346  99 VariableState.VariableState
     8      1   1       72   1     12418 100 set
     9      1   1       56   0     12474 100 dict (no owner), types.FrameType

		Heap summary: largest referrer Partition of a set of 16 objects. Total size = 6353 bytes.
 Index  Count   %     Size   % Cumulative  % Kind (class / dict of class)
     0     16 100     6353 100      6353 100 str 


	Recursion depth 2
		Locations solved: 33
		Location_value_map id: 139805915766336
		Backwards_vals: - bytes
		Location_value_map: 5163 bytes
		Final_vals: - bytes

		Heap summary: by type Partition of a set of 74 objects. Total size = 13108 bytes.
 Index  Count   %     Size   % Cumulative  % Kind (class / dict of class)
     0     21  28     6932  53      6932  53 str
     1     37  50     2328  18      9260  71 list
     2      4   5     2248  17     11508  88 types.FrameType
     3      4   5      864   7     12372  94 set
     4      1   1      232   2     12604  96 dict (no owner)
     5      2   3      144   1     12748  97 builtins.weakref
     6      1   1      144   1     12892  98 function
     7      1   1      104   1     12996  99 dict of VariableState.VariableState
     8      2   3       64   0     13060 100 int
     9      1   1       48   0     13108 100 VariableState.VariableState bytes

		Heap summary: by referrer Partition of a set of 75 objects. Total size = 13911 bytes.
 Index  Count   %     Size   % Cumulative  % Referrers by Kind (class / dict of class)
     0     22  29     7735  56      7735  56 list
     1     11  15     2928  21     10663  77 types.FrameType
     2     35  47     1928  14     12591  91 dict (no owner)
     3      1   1      400   3     12991  93 <Nothing>
     4      1   1      312   2     13303  96 _io.TextIOWrapper
     5      1   1      232   2     13535  97 type
     6      1   1      144   1     13679  98 dict of type
     7      1   1      104   1     13783  99 VariableState.VariableState
     8      1   1       72   1     13855 100 set
     9      1   1       56   0     13911 100 dict (no owner), types.FrameType

		Heap summary: largest referrer Partition of a set of 23 objects. Total size = 8558 bytes.
 Index  Count   %     Size   % Cumulative  % Kind (class / dict of class)
     0     23 100     8558 100      8558 100 str 


	Recursion depth 1
		Locations solved: 34
		Location_value_map id: 139805915766336
		Backwards_vals: - bytes
		Location_value_map: 5284 bytes
		Final_vals: - bytes

		Heap summary: by type Partition of a set of 79 objects. Total size = 14545 bytes.
 Index  Count   %     Size   % Cumulative  % Kind (class / dict of class)
     0     28  35     9137  63      9137  63 str
     1     37  47     2392  16     11529  79 list
     2      3   4     1632  11     13161  90 types.FrameType
     3      3   4      648   4     13809  95 set
     4      1   1      232   2     14041  97 dict (no owner)
     5      2   3      144   1     14185  98 builtins.weakref
     6      1   1      144   1     14329  99 function
     7      1   1      104   1     14433  99 dict of VariableState.VariableState
     8      2   3       64   0     14497 100 int
     9      1   1       48   0     14545 100 VariableState.VariableState bytes

		Heap summary: by referrer Partition of a set of 51 objects. Total size = 5835 bytes.
 Index  Count   %     Size   % Cumulative  % Referrers by Kind (class / dict of class)
     0      8  16     2040  35      2040  35 types.FrameType
     1     36  71     1984  34      4024  69 dict (no owner)
     2      1   2      803  14      4827  83 _io.TextIOWrapper
     3      1   2      400   7      5227  90 <Nothing>
     4      1   2      232   4      5459  94 type
     5      1   2      144   2      5603  96 dict of type
     6      1   2      104   2      5707  98 VariableState.VariableState
     7      1   2       72   1      5779  99 set
     8      1   2       56   1      5835 100 dict (no owner), types.FrameType

		Heap summary: largest referrer Partition of a set of 8 objects. Total size = 2040 bytes.
 Index  Count   %     Size   % Cumulative  % Kind (class / dict of class)
     0      2  25     1232  60      1232  60 types.FrameType
     1      3  38      648  32      1880  92 set
     2      2  25      112   5      1992  98 list
     3      1  12       48   2      2040 100 VariableState.VariableState 


	Recursion depth 0
		Locations solved: 35
		Location_value_map id: 139805915766336
		Backwards_vals: - bytes
		Location_value_map: 5405 bytes
		Final_vals: - bytes

		Heap summary: by type Partition of a set of 56 objects. Total size = 6721 bytes.
 Index  Count   %     Size   % Cumulative  % Kind (class / dict of class)
     0      7  12     2337  35      2337  35 str
     1     37  66     2200  33      4537  68 list
     2      2   4     1016  15      5553  83 types.FrameType
     3      2   4      432   6      5985  89 set
     4      1   2      232   3      6217  93 dict (no owner)
     5      2   4      144   2      6361  95 builtins.weakref
     6      1   2      144   2      6505  97 function
     7      1   2      104   2      6609  98 dict of VariableState.VariableState
     8      2   4       64   1      6673  99 int
     9      1   2       48   1      6721 100 VariableState.VariableState bytes

		Heap summary: by referrer Partition of a set of 57 objects. Total size = 7523 bytes.
 Index  Count   %     Size   % Cumulative  % Referrers by Kind (class / dict of class)
     0      8  14     3139  42      3139  42 list
     1     37  65     2040  27      5179  69 dict (no owner)
     2      5   9     1152  15      6331  84 types.FrameType
     3      1   2      400   5      6731  89 <Nothing>
     4      1   2      232   3      6963  93 type
     5      1   2      184   2      7147  95 _io.TextIOWrapper
     6      1   2      144   2      7291  97 dict of type
     7      1   2      104   1      7395  98 VariableState.VariableState
     8      1   2       72   1      7467  99 set
     9      1   2       56   1      7523 100 dict (no owner), types.FrameType

		Heap summary: largest referrer Partition of a set of 9 objects. Total size = 3961 bytes.
 Index  Count   %     Size   % Cumulative  % Kind (class / dict of class)
     0      9 100     3961 100      3961 100 str 


Target location 2 of 8
Evaluating possibilities...
	Recursion depth 0
		Locations solved: 0
		Location_value_map id: 139805890103360
		Backwards_vals: - bytes
		Location_value_map: 64 bytes
		Final_vals: - bytes

		Heap summary: by type Partition of a set of 9 objects. Total size = 1693 bytes.
 Index  Count   %     Size   % Cumulative  % Kind (class / dict of class)
     0      2  22     1016  60      1016  60 types.FrameType
     1      4  44      309  18      1325  78 str
     2      1  11      216  13      1541  91 set
     3      1  11      104   6      1645  97 dict of VariableState.VariableState
     4      1  11       48   3      1693 100 VariableState.VariableState bytes

		Heap summary: by referrer Partition of a set of 10 objects. Total size = 2218 bytes.
 Index  Count   %     Size   % Cumulative  % Referrers by Kind (class / dict of class)
     0      3  30      880  40       880  40 types.FrameType
     1      5  50      834  38      1714  77 list
     2      1  10      400  18      2114  95 <Nothing>
     3      1  10      104   5      2218 100 VariableState.VariableState

		Heap summary: largest referrer Partition of a set of 6 objects. Total size = 1297 bytes.
 Index  Count   %     Size   % Cumulative  % Kind (class / dict of class)
     0      6 100     1297 100      1297 100 str 


	Recursion depth 1
		Locations solved: 0
		Location_value_map id: 139805890103360
		Backwards_vals: - bytes
		Location_value_map: 64 bytes
		Final_vals: - bytes

		Heap summary: by type Partition of a set of 19 objects. Total size = 4144 bytes.
 Index  Count   %     Size   % Cumulative  % Kind (class / dict of class)
     0     11  58     1872  45      1872  45 str
     1      3  16     1632  39      3504  85 types.FrameType
     2      2  11      432  10      3936  95 set
     3      1   5      104   3      4040  97 dict of VariableState.VariableState
     4      1   5       56   1      4096  99 list
     5      1   5       48   1      4144 100 VariableState.VariableState bytes

		Heap summary: by referrer Partition of a set of 20 objects. Total size = 4720 bytes.
 Index  Count   %     Size   % Cumulative  % Referrers by Kind (class / dict of class)
     0     12  60     2448  52      2448  52 list
     1      6  30     1768  37      4216  89 types.FrameType
     2      1   5      400   8      4616  98 <Nothing>
     3      1   5      104   2      4720 100 VariableState.VariableState

		Heap summary: largest referrer Partition of a set of 13 objects. Total size = 2911 bytes.
 Index  Count   %     Size   % Cumulative  % Kind (class / dict of class)
     0     13 100     2911 100      2911 100 str 


	Recursion depth 2
		Locations solved: 0
		Location_value_map id: 139805890103360
		Backwards_vals: - bytes
		Location_value_map: 64 bytes
		Final_vals: - bytes

		Heap summary: by type Partition of a set of 29 objects. Total size = 6647 bytes.
 Index  Count   %     Size   % Cumulative  % Kind (class / dict of class)
     0     18  62     3487  52      3487  52 str
     1      4  14     2248  34      5735  86 types.FrameType
     2      3  10      648  10      6383  96 set
     3      2   7      112   2      6495  98 list
     4      1   3      104   2      6599  99 dict of VariableState.VariableState
     5      1   3       48   1      6647 100 VariableState.VariableState bytes

		Heap summary: by referrer Partition of a set of 30 objects. Total size = 7223 bytes.
 Index  Count   %     Size   % Cumulative  % Referrers by Kind (class / dict of class)
     0     19  63     4063  56      4063  56 list
     1      9  30     2656  37      6719  93 types.FrameType
     2      1   3      400   6      7119  99 <Nothing>
     3      1   3      104   1      7223 100 VariableState.VariableState

		Heap summary: largest referrer Partition of a set of 20 objects. Total size = 4526 bytes.
 Index  Count   %     Size   % Cumulative  % Kind (class / dict of class)
     0     20 100     4526 100      4526 100 str 


	Recursion depth 3
		Locations solved: 0
		Location_value_map id: 139805890103360
		Backwards_vals: - bytes
		Location_value_map: 64 bytes
		Final_vals: - bytes

		Heap summary: by type Partition of a set of 39 objects. Total size = 9150 bytes.
 Index  Count   %     Size   % Cumulative  % Kind (class / dict of class)
     0     25  64     5102  56      5102  56 str
     1      5  13     2864  31      7966  87 types.FrameType
     2      4  10      864   9      8830  97 set
     3      3   8      168   2      8998  98 list
     4      1   3      104   1      9102  99 dict of VariableState.VariableState
     5      1   3       48   1      9150 100 VariableState.VariableState bytes

		Heap summary: by referrer Partition of a set of 15 objects. Total size = 4624 bytes.
 Index  Count   %     Size   % Cumulative  % Referrers by Kind (class / dict of class)
     0     12  80     3544  77      3544  77 types.FrameType
     1      1   7      576  12      4120  89 _io.TextIOWrapper
     2      1   7      400   9      4520  98 <Nothing>
     3      1   7      104   2      4624 100 VariableState.VariableState

		Heap summary: largest referrer Partition of a set of 12 objects. Total size = 3544 bytes.
 Index  Count   %     Size   % Cumulative  % Kind (class / dict of class)
     0      4  33     2464  70      2464  70 types.FrameType
     1      4  33      864  24      3328  94 set
     2      3  25      168   5      3496  99 list
     3      1   8       48   1      3544 100 VariableState.VariableState 


	Recursion depth 4
		Locations solved: 0
		Location_value_map id: 139805890103360
		Backwards_vals: - bytes
		Location_value_map: 64 bytes
		Final_vals: - bytes

		Heap summary: by type Partition of a set of 25 objects. Total size = 6932 bytes.
 Index  Count   %     Size   % Cumulative  % Kind (class / dict of class)
     0      6  24     3480  50      3480  50 types.FrameType
     1      7  28     1812  26      5292  76 str
     2      5  20     1080  16      6372  92 set
     3      5  20      408   6      6780  98 list
     4      1   4      104   2      6884  99 dict of VariableState.VariableState
     5      1   4       48   1      6932 100 VariableState.VariableState bytes

		Heap summary: by referrer Partition of a set of 26 objects. Total size = 7508 bytes.
 Index  Count   %     Size   % Cumulative  % Referrers by Kind (class / dict of class)
     0     15  58     4432  59      4432  59 types.FrameType
     1      8  31     2388  32      6820  91 list
     2      1   4      400   5      7220  96 <Nothing>
     3      1   4      184   2      7404  99 _io.TextIOWrapper
     4      1   4      104   1      7508 100 VariableState.VariableState

		Heap summary: largest referrer Partition of a set of 15 objects. Total size = 4432 bytes.
 Index  Count   %     Size   % Cumulative  % Kind (class / dict of class)
     0      5  33     3080  69      3080  69 types.FrameType
     1      5  33     1080  24      4160  94 set
     2      4  27      224   5      4384  99 list
     3      1   7       48   1      4432 100 VariableState.VariableState 


	Recursion depth 5
		Locations solved: 0
		Location_value_map id: 139805890103360
		Backwards_vals: - bytes
		Location_value_map: 64 bytes
		Final_vals: - bytes

		Heap summary: by type Partition of a set of 35 objects. Total size = 10258 bytes.
 Index  Count   %     Size   % Cumulative  % Kind (class / dict of class)
     0      7  20     4096  40      4096  40 types.FrameType
     1     14  40     3674  36      7770  76 str
     2      6  17     1808  18      9578  93 set
     3      6  17      528   5     10106  99 list
     4      1   3      104   1     10210 100 dict of VariableState.VariableState
     5      1   3       48   0     10258 100 VariableState.VariableState bytes

		Heap summary: by referrer Partition of a set of 36 objects. Total size = 10835 bytes.
 Index  Count   %     Size   % Cumulative  % Referrers by Kind (class / dict of class)
     0     18  50     5832  54      5832  54 types.FrameType
     1     15  42     4251  39     10083  93 list
     2      1   3      400   4     10483  97 <Nothing>
     3      1   3      248   2     10731  99 _io.TextIOWrapper
     4      1   3      104   1     10835 100 VariableState.VariableState

		Heap summary: largest referrer Partition of a set of 18 objects. Total size = 5832 bytes.
 Index  Count   %     Size   % Cumulative  % Kind (class / dict of class)
     0      6  33     3696  63      3696  63 types.FrameType
     1      6  33     1808  31      5504  94 set
     2      5  28      280   5      5784  99 list
     3      1   6       48   1      5832 100 VariableState.VariableState 


	Recursion depth 6
		Locations solved: 0
		Location_value_map id: 139805890103360
		Backwards_vals: - bytes
		Location_value_map: 64 bytes
		Final_vals: - bytes

		Heap summary: by type Partition of a set of 45 objects. Total size = 13330 bytes.
 Index  Count   %     Size   % Cumulative  % Kind (class / dict of class)
     0     21  47     5538  42      5538  42 str
     1      8  18     4712  35     10250  77 types.FrameType
     2      7  16     2280  17     12530  94 set
     3      7  16      648   5     13178  99 list
     4      1   2      104   1     13282 100 dict of VariableState.VariableState
     5      1   2       48   0     13330 100 VariableState.VariableState bytes

		Heap summary: by referrer Partition of a set of 46 objects. Total size = 13907 bytes.
 Index  Count   %     Size   % Cumulative  % Referrers by Kind (class / dict of class)
     0     21  46     6976  50      6976  50 types.FrameType
     1     22  48     6115  44     13091  94 list
     2      1   2      400   3     13491  97 <Nothing>
     3      1   2      312   2     13803  99 _io.TextIOWrapper
     4      1   2      104   1     13907 100 VariableState.VariableState

		Heap summary: largest referrer Partition of a set of 21 objects. Total size = 6976 bytes.
 Index  Count   %     Size   % Cumulative  % Kind (class / dict of class)
     0      7  33     4312  62      4312  62 types.FrameType
     1      7  33     2280  33      6592  94 set
     2      6  29      336   5      6928  99 list
     3      1   5       48   1      6976 100 VariableState.VariableState 


	Recursion depth 7
		Locations solved: 0
		Location_value_map id: 139805890103360
		Backwards_vals: - bytes
		Location_value_map: 64 bytes
		Final_vals: - bytes

		Heap summary: by type Partition of a set of 55 objects. Total size = 16402 bytes.
 Index  Count   %     Size   % Cumulative  % Kind (class / dict of class)
     0     28  51     7402  45      7402  45 str
     1      9  16     5328  32     12730  78 types.FrameType
     2      8  15     2752  17     15482  94 set
     3      8  15      768   5     16250  99 list
     4      1   2      104   1     16354 100 dict of VariableState.VariableState
     5      1   2       48   0     16402 100 VariableState.VariableState bytes

		Heap summary: by referrer Partition of a set of 56 objects. Total size = 16979 bytes.
 Index  Count   %     Size   % Cumulative  % Referrers by Kind (class / dict of class)
     0     24  43     8120  48      8120  48 types.FrameType
     1     29  52     7979  47     16099  95 list
     2      1   2      400   2     16499  97 <Nothing>
     3      1   2      376   2     16875  99 _io.TextIOWrapper
     4      1   2      104   1     16979 100 VariableState.VariableState

		Heap summary: largest referrer Partition of a set of 30 objects. Total size = 8506 bytes.
 Index  Count   %     Size   % Cumulative  % Kind (class / dict of class)
     0     30 100     8506 100      8506 100 str 


	Recursion depth 8
		Locations solved: 0
		Location_value_map id: 139805890103360
		Backwards_vals: - bytes
		Location_value_map: 64 bytes
		Final_vals: - bytes

		Heap summary: by type Partition of a set of 65 objects. Total size = 19322 bytes.
 Index  Count   %     Size   % Cumulative  % Kind (class / dict of class)
     0     35  54     9082  47      9082  47 str
     1     10  15     5944  31     15026  78 types.FrameType
     2      9  14     3224  17     18250  94 set
     3      9  14      920   5     19170  99 list
     4      1   2      104   1     19274 100 dict of VariableState.VariableState
     5      1   2       48   0     19322 100 VariableState.VariableState bytes

		Heap summary: by referrer Partition of a set of 66 objects. Total size = 19899 bytes.
 Index  Count   %     Size   % Cumulative  % Referrers by Kind (class / dict of class)
     0     36  55     9659  49      9659  49 list
     1     27  41     9264  47     18923  95 types.FrameType
     2      1   2      472   2     19395  97 _io.TextIOWrapper
     3      1   2      400   2     19795  99 <Nothing>
     4      1   2      104   1     19899 100 VariableState.VariableState

		Heap summary: largest referrer Partition of a set of 27 objects. Total size = 9264 bytes.
 Index  Count   %     Size   % Cumulative  % Kind (class / dict of class)
     0      9  33     5544  60      5544  60 types.FrameType
     1      9  33     3224  35      8768  95 set
     2      8  30      448   5      9216  99 list
     3      1   4       48   1      9264 100 VariableState.VariableState 


	Recursion depth 9
		Locations solved: 0
		Location_value_map id: 139805890103360
		Backwards_vals: - bytes
		Location_value_map: 64 bytes
		Final_vals: - bytes

		Heap summary: by type Partition of a set of 39 objects. Total size = 12575 bytes.
 Index  Count   %     Size   % Cumulative  % Kind (class / dict of class)
     0     11  28     6560  52      6560  52 types.FrameType
     1     10  26     3952  31     10512  84 set
     2      6  15     1287  10     11799  94 str
     3     10  26      624   5     12423  99 list
     4      1   3      104   1     12527 100 dict of VariableState.VariableState
     5      1   3       48   0     12575 100 VariableState.VariableState bytes

		Heap summary: by referrer Partition of a set of 40 objects. Total size = 13216 bytes.
 Index  Count   %     Size   % Cumulative  % Referrers by Kind (class / dict of class)
     0     30  75    10664  81     10664  81 types.FrameType
     1      7  18     1864  14     12528  95 list
     2      1   2      400   3     12928  98 <Nothing>
     3      1   2      184   1     13112  99 _io.TextIOWrapper
     4      1   2      104   1     13216 100 VariableState.VariableState

		Heap summary: largest referrer Partition of a set of 30 objects. Total size = 10664 bytes.
 Index  Count   %     Size   % Cumulative  % Kind (class / dict of class)
     0     10  33     6160  58      6160  58 types.FrameType
     1     10  33     3952  37     10112  95 set
     2      9  30      504   5     10616 100 list
     3      1   3       48   0     10664 100 VariableState.VariableState 


	Recursion depth 10
		Locations solved: 0
		Location_value_map id: 139805890103360
		Backwards_vals: - bytes
		Location_value_map: 64 bytes
		Final_vals: - bytes

		Heap summary: by type Partition of a set of 49 objects. Total size = 15969 bytes.
 Index  Count   %     Size   % Cumulative  % Kind (class / dict of class)
     0     12  24     7176  45      7176  45 types.FrameType
     1     11  22     4680  29     11856  74 set
     2     13  27     3153  20     15009  94 str
     3     11  22      808   5     15817  99 list
     4      1   2      104   1     15921 100 dict of VariableState.VariableState
     5      1   2       48   0     15969 100 VariableState.VariableState bytes

		Heap summary: by referrer Partition of a set of 50 objects. Total size = 16546 bytes.
 Index  Count   %     Size   % Cumulative  % Referrers by Kind (class / dict of class)
     0     33  66    12064  73     12064  73 types.FrameType
     1     14  28     3730  23     15794  95 list
     2      1   2      400   2     16194  98 <Nothing>
     3      1   2      248   1     16442  99 _io.TextIOWrapper
     4      1   2      104   1     16546 100 VariableState.VariableState

		Heap summary: largest referrer Partition of a set of 33 objects. Total size = 12064 bytes.
 Index  Count   %     Size   % Cumulative  % Kind (class / dict of class)
     0     11  33     6776  56      6776  56 types.FrameType
     1     11  33     4680  39     11456  95 set
     2     10  30      560   5     12016 100 list
     3      1   3       48   0     12064 100 VariableState.VariableState 


	Recursion depth 11
		Locations solved: 0
		Location_value_map id: 139805890103360
		Backwards_vals: - bytes
		Location_value_map: 64 bytes
		Final_vals: - bytes

		Heap summary: by type Partition of a set of 59 objects. Total size = 19299 bytes.
 Index  Count   %     Size   % Cumulative  % Kind (class / dict of class)
     0     13  22     7792  40      7792  40 types.FrameType
     1     12  20     5408  28     13200  68 set
     2     20  34     5019  26     18219  94 str
     3     12  20      928   5     19147  99 list
     4      1   2      104   1     19251 100 dict of VariableState.VariableState
     5      1   2       48   0     19299 100 VariableState.VariableState bytes

		Heap summary: by referrer Partition of a set of 60 objects. Total size = 19876 bytes.
 Index  Count   %     Size   % Cumulative  % Referrers by Kind (class / dict of class)
     0     36  60    13464  68     13464  68 types.FrameType
     1     21  35     5596  28     19060  96 list
     2      1   2      400   2     19460  98 <Nothing>
     3      1   2      312   2     19772  99 _io.TextIOWrapper
     4      1   2      104   1     19876 100 VariableState.VariableState

		Heap summary: largest referrer Partition of a set of 36 objects. Total size = 13464 bytes.
 Index  Count   %     Size   % Cumulative  % Kind (class / dict of class)
     0     12  33     7392  55      7392  55 types.FrameType
     1     12  33     5408  40     12800  95 set
     2     11  31      616   5     13416 100 list
     3      1   3       48   0     13464 100 VariableState.VariableState 


	Recursion depth 12
		Locations solved: 0
		Location_value_map id: 139805890103360
		Backwards_vals: - bytes
		Location_value_map: 64 bytes
		Final_vals: - bytes

		Heap summary: by type Partition of a set of 69 objects. Total size = 22629 bytes.
 Index  Count   %     Size   % Cumulative  % Kind (class / dict of class)
     0     14  20     8408  37      8408  37 types.FrameType
     1     27  39     6885  30     15293  68 str
     2     13  19     6136  27     21429  95 set
     3     13  19     1048   5     22477  99 list
     4      1   1      104   0     22581 100 dict of VariableState.VariableState
     5      1   1       48   0     22629 100 VariableState.VariableState bytes

		Heap summary: by referrer Partition of a set of 70 objects. Total size = 23206 bytes.
 Index  Count   %     Size   % Cumulative  % Referrers by Kind (class / dict of class)
     0     39  56    14864  64     14864  64 types.FrameType
     1     28  40     7462  32     22326  96 list
     2      1   1      400   2     22726  98 <Nothing>
     3      1   1      376   2     23102 100 _io.TextIOWrapper
     4      1   1      104   0     23206 100 VariableState.VariableState

		Heap summary: largest referrer Partition of a set of 39 objects. Total size = 14864 bytes.
 Index  Count   %     Size   % Cumulative  % Kind (class / dict of class)
     0     13  33     8008  54      8008  54 types.FrameType
     1     13  33     6136  41     14144  95 set
     2     12  31      672   5     14816 100 list
     3      1   3       48   0     14864 100 VariableState.VariableState 


	Recursion depth 13
		Locations solved: 0
		Location_value_map id: 139805890103360
		Backwards_vals: - bytes
		Location_value_map: 64 bytes
		Final_vals: - bytes

		Heap summary: by type Partition of a set of 79 objects. Total size = 25991 bytes.
 Index  Count   %     Size   % Cumulative  % Kind (class / dict of class)
     0     15  19     9024  35      9024  35 types.FrameType
     1     34  43     8751  34     17775  68 str
     2     14  18     6864  26     24639  95 set
     3     14  18     1200   5     25839  99 list
     4      1   1      104   0     25943 100 dict of VariableState.VariableState
     5      1   1       48   0     25991 100 VariableState.VariableState bytes

		Heap summary: by referrer Partition of a set of 80 objects. Total size = 26568 bytes.
 Index  Count   %     Size   % Cumulative  % Referrers by Kind (class / dict of class)
     0     42  52    16264  61     16264  61 types.FrameType
     1     35  44     9328  35     25592  96 list
     2      1   1      472   2     26064  98 _io.TextIOWrapper
     3      1   1      400   2     26464 100 <Nothing>
     4      1   1      104   0     26568 100 VariableState.VariableState

		Heap summary: largest referrer Partition of a set of 42 objects. Total size = 16264 bytes.
 Index  Count   %     Size   % Cumulative  % Kind (class / dict of class)
     0     14  33     8624  53      8624  53 types.FrameType
     1     14  33     6864  42     15488  95 set
     2     13  31      728   4     16216 100 list
     3      1   2       48   0     16264 100 VariableState.VariableState 


	Recursion depth 14
		Locations solved: 0
		Location_value_map id: 139805890103360
		Backwards_vals: - bytes
		Location_value_map: 64 bytes
		Final_vals: - bytes

		Heap summary: by type Partition of a set of 54 objects. Total size = 19577 bytes.
 Index  Count   %     Size   % Cumulative  % Kind (class / dict of class)
     0     16  30     9640  49      9640  49 types.FrameType
     1     15  28     7592  39     17232  88 set
     2      6  11     1289   7     18521  95 str
     3     15  28      904   5     19425  99 list
     4      1   2      104   1     19529 100 dict of VariableState.VariableState
     5      1   2       48   0     19577 100 VariableState.VariableState bytes

		Heap summary: by referrer Partition of a set of 55 objects. Total size = 20218 bytes.
 Index  Count   %     Size   % Cumulative  % Referrers by Kind (class / dict of class)
     0     45  82    17664  87     17664  87 types.FrameType
     1      7  13     1866   9     19530  97 list
     2      1   2      400   2     19930  99 <Nothing>
     3      1   2      184   1     20114  99 _io.TextIOWrapper
     4      1   2      104   1     20218 100 VariableState.VariableState

		Heap summary: largest referrer Partition of a set of 45 objects. Total size = 17664 bytes.
 Index  Count   %     Size   % Cumulative  % Kind (class / dict of class)
     0     15  33     9240  52      9240  52 types.FrameType
     1     15  33     7592  43     16832  95 set
     2     14  31      784   4     17616 100 list
     3      1   2       48   0     17664 100 VariableState.VariableState 


	Recursion depth 15
		Locations solved: 0
		Location_value_map id: 139805890103360
		Backwards_vals: - bytes
		Location_value_map: 64 bytes
		Final_vals: - bytes

		Heap summary: by type Partition of a set of 64 objects. Total size = 22971 bytes.
 Index  Count   %     Size   % Cumulative  % Kind (class / dict of class)
     0     17  27    10256  45     10256  45 types.FrameType
     1     16  25     8320  36     18576  81 set
     2     13  20     3155  14     21731  95 str
     3     16  25     1088   5     22819  99 list
     4      1   2      104   0     22923 100 dict of VariableState.VariableState
     5      1   2       48   0     22971 100 VariableState.VariableState bytes

		Heap summary: by referrer Partition of a set of 65 objects. Total size = 23548 bytes.
 Index  Count   %     Size   % Cumulative  % Referrers by Kind (class / dict of class)
     0     48  74    19064  81     19064  81 types.FrameType
     1     14  22     3732  16     22796  97 list
     2      1   2      400   2     23196  99 <Nothing>
     3      1   2      248   1     23444 100 _io.TextIOWrapper
     4      1   2      104   0     23548 100 VariableState.VariableState

		Heap summary: largest referrer Partition of a set of 48 objects. Total size = 19064 bytes.
 Index  Count   %     Size   % Cumulative  % Kind (class / dict of class)
     0     16  33     9856  52      9856  52 types.FrameType
     1     16  33     8320  44     18176  95 set
     2     15  31      840   4     19016 100 list
     3      1   2       48   0     19064 100 VariableState.VariableState 


	Recursion depth 16
		Locations solved: 0
		Location_value_map id: 139805890103360
		Backwards_vals: - bytes
		Location_value_map: 64 bytes
		Final_vals: - bytes

		Heap summary: by type Partition of a set of 74 objects. Total size = 26301 bytes.
 Index  Count   %     Size   % Cumulative  % Kind (class / dict of class)
     0     18  24    10872  41     10872  41 types.FrameType
     1     17  23     9048  34     19920  76 set
     2     20  27     5021  19     24941  95 str
     3     17  23     1208   5     26149  99 list
     4      1   1      104   0     26253 100 dict of VariableState.VariableState
     5      1   1       48   0     26301 100 VariableState.VariableState bytes

		Heap summary: by referrer Partition of a set of 75 objects. Total size = 26878 bytes.
 Index  Count   %     Size   % Cumulative  % Referrers by Kind (class / dict of class)
     0     51  68    20464  76     20464  76 types.FrameType
     1     21  28     5598  21     26062  97 list
     2      1   1      400   1     26462  98 <Nothing>
     3      1   1      312   1     26774 100 _io.TextIOWrapper
     4      1   1      104   0     26878 100 VariableState.VariableState

		Heap summary: largest referrer Partition of a set of 51 objects. Total size = 20464 bytes.
 Index  Count   %     Size   % Cumulative  % Kind (class / dict of class)
     0     17  33    10472  51     10472  51 types.FrameType
     1     17  33     9048  44     19520  95 set
     2     16  31      896   4     20416 100 list
     3      1   2       48   0     20464 100 VariableState.VariableState 


	Recursion depth 17
		Locations solved: 0
		Location_value_map id: 139805890103360
		Backwards_vals: - bytes
		Location_value_map: 64 bytes
		Final_vals: - bytes

		Heap summary: by type Partition of a set of 84 objects. Total size = 30143 bytes.
 Index  Count   %     Size   % Cumulative  % Kind (class / dict of class)
     0     19  23    11488  38     11488  38 types.FrameType
     1     18  21    10288  34     21776  72 set
     2     27  32     6887  23     28663  95 str
     3     18  21     1328   4     29991  99 list
     4      1   1      104   0     30095 100 dict of VariableState.VariableState
     5      1   1       48   0     30143 100 VariableState.VariableState bytes

		Heap summary: by referrer Partition of a set of 85 objects. Total size = 30720 bytes.
 Index  Count   %     Size   % Cumulative  % Referrers by Kind (class / dict of class)
     0     54  64    22376  73     22376  73 types.FrameType
     1     28  33     7464  24     29840  97 list
     2      1   1      400   1     30240  98 <Nothing>
     3      1   1      376   1     30616 100 _io.TextIOWrapper
     4      1   1      104   0     30720 100 VariableState.VariableState

		Heap summary: largest referrer Partition of a set of 54 objects. Total size = 22376 bytes.
 Index  Count   %     Size   % Cumulative  % Kind (class / dict of class)
     0     18  33    11088  50     11088  50 types.FrameType
     1     18  33    10288  46     21376  96 set
     2     17  31      952   4     22328 100 list
     3      1   2       48   0     22376 100 VariableState.VariableState 


	Recursion depth 18
		Locations solved: 0
		Location_value_map id: 139805890103360
		Backwards_vals: - bytes
		Location_value_map: 64 bytes
		Final_vals: - bytes

		Heap summary: by type Partition of a set of 94 objects. Total size = 34017 bytes.
 Index  Count   %     Size   % Cumulative  % Kind (class / dict of class)
     0     20  21    12104  36     12104  36 types.FrameType
     1     19  20    11528  34     23632  69 set
     2     34  36     8753  26     32385  95 str
     3     19  20     1480   4     33865 100 list
     4      1   1      104   0     33969 100 dict of VariableState.VariableState
     5      1   1       48   0     34017 100 VariableState.VariableState bytes

		Heap summary: by referrer Partition of a set of 95 objects. Total size = 34594 bytes.
 Index  Count   %     Size   % Cumulative  % Referrers by Kind (class / dict of class)
     0     57  60    24288  70     24288  70 types.FrameType
     1     35  37     9330  27     33618  97 list
     2      1   1      472   1     34090  99 _io.TextIOWrapper
     3      1   1      400   1     34490 100 <Nothing>
     4      1   1      104   0     34594 100 VariableState.VariableState

		Heap summary: largest referrer Partition of a set of 57 objects. Total size = 24288 bytes.
 Index  Count   %     Size   % Cumulative  % Kind (class / dict of class)
     0     19  33    11704  48     11704  48 types.FrameType
     1     19  33    11528  47     23232  96 set
     2     18  32     1008   4     24240 100 list
     3      1   2       48   0     24288 100 VariableState.VariableState 


	Recursion depth 19
		Locations solved: 0
		Location_value_map id: 139805890103360
		Backwards_vals: - bytes
		Location_value_map: 64 bytes
		Final_vals: - bytes

		Heap summary: by type Partition of a set of 69 objects. Total size = 28113 bytes.
 Index  Count   %     Size   % Cumulative  % Kind (class / dict of class)
     0     20  29    12768  45     12768  45 set
     1     21  30    12720  45     25488  91 types.FrameType
     2      6   9     1289   5     26777  95 str
     3     20  29     1184   4     27961  99 list
     4      1   1      104   0     28065 100 dict of VariableState.VariableState
     5      1   1       48   0     28113 100 VariableState.VariableState bytes

		Heap summary: by referrer Partition of a set of 70 objects. Total size = 28754 bytes.
 Index  Count   %     Size   % Cumulative  % Referrers by Kind (class / dict of class)
     0     60  86    26200  91     26200  91 types.FrameType
     1      7  10     1866   6     28066  98 list
     2      1   1      400   1     28466  99 <Nothing>
     3      1   1      184   1     28650 100 _io.TextIOWrapper
     4      1   1      104   0     28754 100 VariableState.VariableState

		Heap summary: largest referrer Partition of a set of 60 objects. Total size = 26200 bytes.
 Index  Count   %     Size   % Cumulative  % Kind (class / dict of class)
     0     20  33    12768  49     12768  49 set
     1     20  33    12320  47     25088  96 types.FrameType
     2     19  32     1064   4     26152 100 list
     3      1   2       48   0     26200 100 VariableState.VariableState 


	Recursion depth 20
		Locations solved: 0
		Location_value_map id: 139805890103360
		Backwards_vals: - bytes
		Location_value_map: 64 bytes
		Final_vals: - bytes

		Heap summary: by type Partition of a set of 79 objects. Total size = 32019 bytes.
 Index  Count   %     Size   % Cumulative  % Kind (class / dict of class)
     0     21  27    14008  44     14008  44 set
     1     22  28    13336  42     27344  85 types.FrameType
     2     13  16     3155  10     30499  95 str
     3     21  27     1368   4     31867 100 list
     4      1   1      104   0     31971 100 dict of VariableState.VariableState
     5      1   1       48   0     32019 100 VariableState.VariableState bytes

		Heap summary: by referrer Partition of a set of 80 objects. Total size = 32596 bytes.
 Index  Count   %     Size   % Cumulative  % Referrers by Kind (class / dict of class)
     0     63  79    28112  86     28112  86 types.FrameType
     1     14  18     3732  11     31844  98 list
     2      1   1      400   1     32244  99 <Nothing>
     3      1   1      248   1     32492 100 _io.TextIOWrapper
     4      1   1      104   0     32596 100 VariableState.VariableState

		Heap summary: largest referrer Partition of a set of 63 objects. Total size = 28112 bytes.
 Index  Count   %     Size   % Cumulative  % Kind (class / dict of class)
     0     21  33    14008  50     14008  50 set
     1     21  33    12936  46     26944  96 types.FrameType
     2     20  32     1120   4     28064 100 list
     3      1   2       48   0     28112 100 VariableState.VariableState 


	Recursion depth 21
		Locations solved: 0
		Location_value_map id: 139805890103360
		Backwards_vals: - bytes
		Location_value_map: 64 bytes
		Final_vals: - bytes

		Heap summary: by type Partition of a set of 89 objects. Total size = 35861 bytes.
 Index  Count   %     Size   % Cumulative  % Kind (class / dict of class)
     0     22  25    15248  43     15248  43 set
     1     23  26    13952  39     29200  81 types.FrameType
     2     20  22     5021  14     34221  95 str
     3     22  25     1488   4     35709 100 list
     4      1   1      104   0     35813 100 dict of VariableState.VariableState
     5      1   1       48   0     35861 100 VariableState.VariableState bytes

		Heap summary: by referrer Partition of a set of 90 objects. Total size = 36438 bytes.
 Index  Count   %     Size   % Cumulative  % Referrers by Kind (class / dict of class)
     0     66  73    30024  82     30024  82 types.FrameType
     1     21  23     5598  15     35622  98 list
     2      1   1      400   1     36022  99 <Nothing>
     3      1   1      312   1     36334 100 _io.TextIOWrapper
     4      1   1      104   0     36438 100 VariableState.VariableState

		Heap summary: largest referrer Partition of a set of 66 objects. Total size = 30024 bytes.
 Index  Count   %     Size   % Cumulative  % Kind (class / dict of class)
     0     22  33    15248  51     15248  51 set
     1     22  33    13552  45     28800  96 types.FrameType
     2     21  32     1176   4     29976 100 list
     3      1   2       48   0     30024 100 VariableState.VariableState 


	Recursion depth 22
		Locations solved: 0
		Location_value_map id: 139805890103360
		Backwards_vals: - bytes
		Location_value_map: 64 bytes
		Final_vals: - bytes

		Heap summary: by type Partition of a set of 99 objects. Total size = 39703 bytes.
 Index  Count   %     Size   % Cumulative  % Kind (class / dict of class)
     0     23  23    16488  42     16488  42 set
     1     24  24    14568  37     31056  78 types.FrameType
     2     27  27     6887  17     37943  96 str
     3     23  23     1608   4     39551 100 list
     4      1   1      104   0     39655 100 dict of VariableState.VariableState
     5      1   1       48   0     39703 100 VariableState.VariableState bytes

		Heap summary: by referrer Partition of a set of 100 objects. Total size = 40280 bytes.
 Index  Count   %     Size   % Cumulative  % Referrers by Kind (class / dict of class)
     0     69  69    31936  79     31936  79 types.FrameType
     1     28  28     7464  19     39400  98 list
     2      1   1      400   1     39800  99 <Nothing>
     3      1   1      376   1     40176 100 _io.TextIOWrapper
     4      1   1      104   0     40280 100 VariableState.VariableState

		Heap summary: largest referrer Partition of a set of 69 objects. Total size = 31936 bytes.
 Index  Count   %     Size   % Cumulative  % Kind (class / dict of class)
     0     23  33    16488  52     16488  52 set
     1     23  33    14168  44     30656  96 types.FrameType
     2     22  32     1232   4     31888 100 list
     3      1   1       48   0     31936 100 VariableState.VariableState 


	Recursion depth 23
		Locations solved: 0
		Location_value_map id: 139805890103360
		Backwards_vals: - bytes
		Location_value_map: 64 bytes
		Final_vals: - bytes

		Heap summary: by type Partition of a set of 109 objects. Total size = 43578 bytes.
 Index  Count   %     Size   % Cumulative  % Kind (class / dict of class)
     0     24  22    17728  41     17728  41 set
     1     25  23    15184  35     32912  76 types.FrameType
     2     34  31     8754  20     41666  96 str
     3     24  22     1760   4     43426 100 list
     4      1   1      104   0     43530 100 dict of VariableState.VariableState
     5      1   1       48   0     43578 100 VariableState.VariableState bytes

		Heap summary: by referrer Partition of a set of 110 objects. Total size = 44156 bytes.
 Index  Count   %     Size   % Cumulative  % Referrers by Kind (class / dict of class)
     0     72  65    33848  77     33848  77 types.FrameType
     1     35  32     9332  21     43180  98 list
     2      1   1      472   1     43652  99 _io.TextIOWrapper
     3      1   1      400   1     44052 100 <Nothing>
     4      1   1      104   0     44156 100 VariableState.VariableState

		Heap summary: largest referrer Partition of a set of 72 objects. Total size = 33848 bytes.
 Index  Count   %     Size   % Cumulative  % Kind (class / dict of class)
     0     24  33    17728  52     17728  52 set
     1     24  33    14784  44     32512  96 types.FrameType
     2     23  32     1288   4     33800 100 list
     3      1   1       48   0     33848 100 VariableState.VariableState 


	Recursion depth 24
		Locations solved: 0
		Location_value_map id: 139805890103360
		Backwards_vals: - bytes
		Location_value_map: 64 bytes
		Final_vals: - bytes

		Heap summary: by type Partition of a set of 84 objects. Total size = 37674 bytes.
 Index  Count   %     Size   % Cumulative  % Kind (class / dict of class)
     0     25  30    18968  50     18968  50 set
     1     26  31    15800  42     34768  92 types.FrameType
     2     25  30     1464   4     36232  96 list
     3      6   7     1290   3     37522 100 str
     4      1   1      104   0     37626 100 dict of VariableState.VariableState
     5      1   1       48   0     37674 100 VariableState.VariableState bytes

		Heap summary: by referrer Partition of a set of 85 objects. Total size = 38315 bytes.
 Index  Count   %     Size   % Cumulative  % Referrers by Kind (class / dict of class)
     0     75  88    35760  93     35760  93 types.FrameType
     1      7   8     1867   5     37627  98 list
     2      1   1      400   1     38027  99 <Nothing>
     3      1   1      184   0     38211 100 _io.TextIOWrapper
     4      1   1      104   0     38315 100 VariableState.VariableState

		Heap summary: largest referrer Partition of a set of 75 objects. Total size = 35760 bytes.
 Index  Count   %     Size   % Cumulative  % Kind (class / dict of class)
     0     25  33    18968  53     18968  53 set
     1     25  33    15400  43     34368  96 types.FrameType
     2     24  32     1344   4     35712 100 list
     3      1   1       48   0     35760 100 VariableState.VariableState 


	Recursion depth 25
		Locations solved: 0
		Location_value_map id: 139805890103360
		Backwards_vals: - bytes
		Location_value_map: 64 bytes
		Final_vals: - bytes

		Heap summary: by type Partition of a set of 94 objects. Total size = 41580 bytes.
 Index  Count   %     Size   % Cumulative  % Kind (class / dict of class)
     0     26  28    20208  49     20208  49 set
     1     27  29    16416  39     36624  88 types.FrameType
     2     13  14     3156   8     39780  96 str
     3     26  28     1648   4     41428 100 list
     4      1   1      104   0     41532 100 dict of VariableState.VariableState
     5      1   1       48   0     41580 100 VariableState.VariableState bytes

		Heap summary: by referrer Partition of a set of 95 objects. Total size = 42157 bytes.
 Index  Count   %     Size   % Cumulative  % Referrers by Kind (class / dict of class)
     0     78  82    37672  89     37672  89 types.FrameType
     1     14  15     3733   9     41405  98 list
     2      1   1      400   1     41805  99 <Nothing>
     3      1   1      248   1     42053 100 _io.TextIOWrapper
     4      1   1      104   0     42157 100 VariableState.VariableState

		Heap summary: largest referrer Partition of a set of 78 objects. Total size = 37672 bytes.
 Index  Count   %     Size   % Cumulative  % Kind (class / dict of class)
     0     26  33    20208  54     20208  54 set
     1     26  33    16016  43     36224  96 types.FrameType
     2     25  32     1400   4     37624 100 list
     3      1   1       48   0     37672 100 VariableState.VariableState 


	Recursion depth 26
		Locations solved: 0
		Location_value_map id: 139805890103360
		Backwards_vals: - bytes
		Location_value_map: 64 bytes
		Final_vals: - bytes

		Heap summary: by type Partition of a set of 104 objects. Total size = 45422 bytes.
 Index  Count   %     Size   % Cumulative  % Kind (class / dict of class)
     0     27  26    21448  47     21448  47 set
     1     28  27    17032  37     38480  85 types.FrameType
     2     20  19     5022  11     43502  96 str
     3     27  26     1768   4     45270 100 list
     4      1   1      104   0     45374 100 dict of VariableState.VariableState
     5      1   1       48   0     45422 100 VariableState.VariableState bytes

		Heap summary: by referrer Partition of a set of 105 objects. Total size = 46000 bytes.
 Index  Count   %     Size   % Cumulative  % Referrers by Kind (class / dict of class)
     0     81  77    39584  86     39584  86 types.FrameType
     1     21  20     5600  12     45184  98 list
     2      1   1      400   1     45584  99 <Nothing>
     3      1   1      312   1     45896 100 _io.TextIOWrapper
     4      1   1      104   0     46000 100 VariableState.VariableState

		Heap summary: largest referrer Partition of a set of 81 objects. Total size = 39584 bytes.
 Index  Count   %     Size   % Cumulative  % Kind (class / dict of class)
     0     27  33    21448  54     21448  54 set
     1     27  33    16632  42     38080  96 types.FrameType
     2     26  32     1456   4     39536 100 list
     3      1   1       48   0     39584 100 VariableState.VariableState 


	Recursion depth 27
		Locations solved: 0
		Location_value_map id: 139805890103360
		Backwards_vals: - bytes
		Location_value_map: 64 bytes
		Final_vals: - bytes

		Heap summary: by type Partition of a set of 114 objects. Total size = 49266 bytes.
 Index  Count   %     Size   % Cumulative  % Kind (class / dict of class)
     0     28  25    22688  46     22688  46 set
     1     29  25    17648  36     40336  82 types.FrameType
     2     27  24     6890  14     47226  96 str
     3     28  25     1888   4     49114 100 list
     4      1   1      104   0     49218 100 dict of VariableState.VariableState
     5      1   1       48   0     49266 100 VariableState.VariableState bytes

		Heap summary: by referrer Partition of a set of 115 objects. Total size = 49844 bytes.
 Index  Count   %     Size   % Cumulative  % Referrers by Kind (class / dict of class)
     0     84  73    41496  83     41496  83 types.FrameType
     1     28  24     7468  15     48964  98 list
     2      1   1      400   1     49364  99 <Nothing>
     3      1   1      376   1     49740 100 _io.TextIOWrapper
     4      1   1      104   0     49844 100 VariableState.VariableState

		Heap summary: largest referrer Partition of a set of 84 objects. Total size = 41496 bytes.
 Index  Count   %     Size   % Cumulative  % Kind (class / dict of class)
     0     28  33    22688  55     22688  55 set
     1     28  33    17248  42     39936  96 types.FrameType
     2     27  32     1512   4     41448 100 list
     3      1   1       48   0     41496 100 VariableState.VariableState 


	Recursion depth 28
		Locations solved: 0
		Location_value_map id: 139805890103360
		Backwards_vals: - bytes
		Location_value_map: 64 bytes
		Final_vals: - bytes

		Heap summary: by type Partition of a set of 124 objects. Total size = 53142 bytes.
 Index  Count   %     Size   % Cumulative  % Kind (class / dict of class)
     0     29  23    23928  45     23928  45 set
     1     30  24    18264  34     42192  79 types.FrameType
     2     34  27     8758  16     50950  96 str
     3     29  23     2040   4     52990 100 list
     4      1   1      104   0     53094 100 dict of VariableState.VariableState
     5      1   1       48   0     53142 100 VariableState.VariableState bytes

		Heap summary: by referrer Partition of a set of 125 objects. Total size = 53720 bytes.
 Index  Count   %     Size   % Cumulative  % Referrers by Kind (class / dict of class)
     0     87  70    43408  81     43408  81 types.FrameType
     1     35  28     9336  17     52744  98 list
     2      1   1      472   1     53216  99 _io.TextIOWrapper
     3      1   1      400   1     53616 100 <Nothing>
     4      1   1      104   0     53720 100 VariableState.VariableState

		Heap summary: largest referrer Partition of a set of 87 objects. Total size = 43408 bytes.
 Index  Count   %     Size   % Cumulative  % Kind (class / dict of class)
     0     29  33    23928  55     23928  55 set
     1     29  33    17864  41     41792  96 types.FrameType
     2     28  32     1568   4     43360 100 list
     3      1   1       48   0     43408 100 VariableState.VariableState 


	Recursion depth 29
		Locations solved: 0
		Location_value_map id: 139805890103360
		Backwards_vals: - bytes
		Location_value_map: 64 bytes
		Final_vals: - bytes

		Heap summary: by type Partition of a set of 99 objects. Total size = 47234 bytes.
 Index  Count   %     Size   % Cumulative  % Kind (class / dict of class)
     0     30  30    25168  53     25168  53 set
     1     31  31    18880  40     44048  93 types.FrameType
     2     30  30     1744   4     45792  97 list
     3      6   6     1290   3     47082 100 str
     4      1   1      104   0     47186 100 dict of VariableState.VariableState
     5      1   1       48   0     47234 100 VariableState.VariableState bytes

		Heap summary: by referrer Partition of a set of 100 objects. Total size = 47875 bytes.
 Index  Count   %     Size   % Cumulative  % Referrers by Kind (class / dict of class)
     0     90  90    45320  95     45320  95 types.FrameType
     1      7   7     1867   4     47187  99 list
     2      1   1      400   1     47587  99 <Nothing>
     3      1   1      184   0     47771 100 _io.TextIOWrapper
     4      1   1      104   0     47875 100 VariableState.VariableState

		Heap summary: largest referrer Partition of a set of 90 objects. Total size = 45320 bytes.
 Index  Count   %     Size   % Cumulative  % Kind (class / dict of class)
     0     30  33    25168  56     25168  56 set
     1     30  33    18480  41     43648  96 types.FrameType
     2     29  32     1624   4     45272 100 list
     3      1   1       48   0     45320 100 VariableState.VariableState 


	Recursion depth 30
		Locations solved: 0
		Location_value_map id: 139805890103360
		Backwards_vals: - bytes
		Location_value_map: 64 bytes
		Final_vals: - bytes

		Heap summary: by type Partition of a set of 109 objects. Total size = 51141 bytes.
 Index  Count   %     Size   % Cumulative  % Kind (class / dict of class)
     0     31  28    26408  52     26408  52 set
     1     32  29    19496  38     45904  90 types.FrameType
     2     13  12     3157   6     49061  96 str
     3     31  28     1928   4     50989 100 list
     4      1   1      104   0     51093 100 dict of VariableState.VariableState
     5      1   1       48   0     51141 100 VariableState.VariableState bytes

		Heap summary: by referrer Partition of a set of 110 objects. Total size = 51719 bytes.
 Index  Count   %     Size   % Cumulative  % Referrers by Kind (class / dict of class)
     0     93  85    47232  91     47232  91 types.FrameType
     1     14  13     3735   7     50967  99 list
     2      1   1      400   1     51367  99 <Nothing>
     3      1   1      248   0     51615 100 _io.TextIOWrapper
     4      1   1      104   0     51719 100 VariableState.VariableState

		Heap summary: largest referrer Partition of a set of 93 objects. Total size = 47232 bytes.
 Index  Count   %     Size   % Cumulative  % Kind (class / dict of class)
     0     31  33    26408  56     26408  56 set
     1     31  33    19096  40     45504  96 types.FrameType
     2     30  32     1680   4     47184 100 list
     3      1   1       48   0     47232 100 VariableState.VariableState 


	Recursion depth 29
		Locations solved: 1
		Location_value_map id: 139805890103360
		Backwards_vals: - bytes
		Location_value_map: 352 bytes
		Final_vals: - bytes

		Heap summary: by type Partition of a set of 116 objects. Total size = 52514 bytes.
 Index  Count   %     Size   % Cumulative  % Kind (class / dict of class)
     0     31  27    26408  50     26408  50 set
     1     31  27    18880  36     45288  86 types.FrameType
     2     20  17     5026  10     50314  96 str
     3     32  28     2048   4     52362 100 list
     4      1   1      104   0     52466 100 dict of VariableState.VariableState
     5      1   1       48   0     52514 100 VariableState.VariableState bytes

		Heap summary: by referrer Partition of a set of 117 objects. Total size = 53092 bytes.
 Index  Count   %     Size   % Cumulative  % Referrers by Kind (class / dict of class)
     0     92  79    46616  88     46616  88 types.FrameType
     1     21  18     5604  11     52220  98 list
     2      1   1      400   1     52620  99 <Nothing>
     3      1   1      312   1     52932 100 _io.TextIOWrapper
     4      1   1      104   0     53036 100 VariableState.VariableState
     5      1   1       56   0     53092 100 dict (no owner), types.FrameType

		Heap summary: largest referrer Partition of a set of 92 objects. Total size = 46616 bytes.
 Index  Count   %     Size   % Cumulative  % Kind (class / dict of class)
     0     31  34    26408  57     26408  57 set
     1     30  33    18480  40     44888  96 types.FrameType
     2     30  33     1680   4     46568 100 list
     3      1   1       48   0     46616 100 VariableState.VariableState 


	Recursion depth 28
		Locations solved: 2
		Location_value_map id: 139805890103360
		Backwards_vals: - bytes
		Location_value_map: 472 bytes
		Final_vals: - bytes

		Heap summary: by type Partition of a set of 121 objects. Total size = 52669 bytes.
 Index  Count   %     Size   % Cumulative  % Kind (class / dict of class)
     0     30  25    25168  48     25168  48 set
     1     30  25    18264  35     43432  82 types.FrameType
     2     27  22     6973  13     50405  96 str
     3     32  26     2112   4     52517 100 list
     4      1   1      104   0     52621 100 dict of VariableState.VariableState
     5      1   1       48   0     52669 100 VariableState.VariableState bytes

		Heap summary: by referrer Partition of a set of 122 objects. Total size = 53247 bytes.
 Index  Count   %     Size   % Cumulative  % Referrers by Kind (class / dict of class)
     0     89  73    44704  84     44704  84 types.FrameType
     1     28  23     7551  14     52255  98 list
     2      1   1      400   1     52655  99 <Nothing>
     3      1   1      376   1     53031 100 _io.TextIOWrapper
     4      1   1      104   0     53135 100 VariableState.VariableState
     5      1   1       56   0     53191 100 dict (no owner)
     6      1   1       56   0     53247 100 dict (no owner), types.FrameType

		Heap summary: largest referrer Partition of a set of 89 objects. Total size = 44704 bytes.
 Index  Count   %     Size   % Cumulative  % Kind (class / dict of class)
     0     30  34    25168  56     25168  56 set
     1     29  33    17864  40     43032  96 types.FrameType
     2     29  33     1624   4     44656 100 list
     3      1   1       48   0     44704 100 VariableState.VariableState 


	Recursion depth 27
		Locations solved: 3
		Location_value_map id: 139805890103360
		Backwards_vals: - bytes
		Location_value_map: 592 bytes
		Final_vals: - bytes

		Heap summary: by type Partition of a set of 126 objects. Total size = 52917 bytes.
 Index  Count   %     Size   % Cumulative  % Kind (class / dict of class)
     0     29  23    23928  45     23928  45 set
     1     29  23    17648  33     41576  79 types.FrameType
     2     34  27     8981  17     50557  96 str
     3     32  25     2208   4     52765 100 list
     4      1   1      104   0     52869 100 dict of VariableState.VariableState
     5      1   1       48   0     52917 100 VariableState.VariableState bytes

		Heap summary: by referrer Partition of a set of 127 objects. Total size = 53495 bytes.
 Index  Count   %     Size   % Cumulative  % Referrers by Kind (class / dict of class)
     0     86  68    42792  80     42792  80 types.FrameType
     1     35  28     9559  18     52351  98 list
     2      1   1      472   1     52823  99 _io.TextIOWrapper
     3      1   1      400   1     53223  99 <Nothing>
     4      2   2      112   0     53335 100 dict (no owner)
     5      1   1      104   0     53439 100 VariableState.VariableState
     6      1   1       56   0     53495 100 dict (no owner), types.FrameType

		Heap summary: largest referrer Partition of a set of 86 objects. Total size = 42792 bytes.
 Index  Count   %     Size   % Cumulative  % Kind (class / dict of class)
     0     29  34    23928  56     23928  56 set
     1     28  33    17248  40     41176  96 types.FrameType
     2     28  33     1568   4     42744 100 list
     3      1   1       48   0     42792 100 VariableState.VariableState 


	Recursion depth 26
		Locations solved: 4
		Location_value_map id: 139805890103360
		Backwards_vals: - bytes
		Location_value_map: 712 bytes
		Final_vals: - bytes

		Heap summary: by type Partition of a set of 96 objects. Total size = 43158 bytes.
 Index  Count   %     Size   % Cumulative  % Kind (class / dict of class)
     0     28  29    22688  53     22688  53 set
     1     28  29    17032  39     39720  92 types.FrameType
     2     32  33     1856   4     41576  96 list
     3      6   6     1430   3     43006 100 str
     4      1   1      104   0     43110 100 dict of VariableState.VariableState
     5      1   1       48   0     43158 100 VariableState.VariableState bytes

		Heap summary: by referrer Partition of a set of 97 objects. Total size = 43799 bytes.
 Index  Count   %     Size   % Cumulative  % Referrers by Kind (class / dict of class)
     0     83  86    40880  93     40880  93 types.FrameType
     1      7   7     2007   5     42887  98 list
     2      1   1      400   1     43287  99 <Nothing>
     3      1   1      184   0     43471  99 _io.TextIOWrapper
     4      3   3      168   0     43639 100 dict (no owner)
     5      1   1      104   0     43743 100 VariableState.VariableState
     6      1   1       56   0     43799 100 dict (no owner), types.FrameType

		Heap summary: largest referrer Partition of a set of 83 objects. Total size = 40880 bytes.
 Index  Count   %     Size   % Cumulative  % Kind (class / dict of class)
     0     28  34    22688  55     22688  55 set
     1     27  33    16632  41     39320  96 types.FrameType
     2     27  33     1512   4     40832 100 list
     3      1   1       48   0     40880 100 VariableState.VariableState 


	Recursion depth 25
		Locations solved: 5
		Location_value_map id: 139805890103360
		Backwards_vals: - bytes
		Location_value_map: 832 bytes
		Final_vals: - bytes

		Heap summary: by type Partition of a set of 101 objects. Total size = 43436 bytes.
 Index  Count   %     Size   % Cumulative  % Kind (class / dict of class)
     0     27  27    21448  49     21448  49 set
     1     27  27    16416  38     37864  87 types.FrameType
     2     13  13     3436   8     41300  95 str
     3     32  32     1984   5     43284 100 list
     4      1   1      104   0     43388 100 dict of VariableState.VariableState
     5      1   1       48   0     43436 100 VariableState.VariableState bytes

		Heap summary: by referrer Partition of a set of 102 objects. Total size = 44014 bytes.
 Index  Count   %     Size   % Cumulative  % Referrers by Kind (class / dict of class)
     0     80  78    38968  89     38968  89 types.FrameType
     1     14  14     4014   9     42982  98 list
     2      1   1      400   1     43382  99 <Nothing>
     3      1   1      248   1     43630  99 _io.TextIOWrapper
     4      4   4      224   1     43854 100 dict (no owner)
     5      1   1      104   0     43958 100 VariableState.VariableState
     6      1   1       56   0     44014 100 dict (no owner), types.FrameType

		Heap summary: largest referrer Partition of a set of 80 objects. Total size = 38968 bytes.
 Index  Count   %     Size   % Cumulative  % Kind (class / dict of class)
     0     27  34    21448  55     21448  55 set
     1     26  32    16016  41     37464  96 types.FrameType
     2     26  32     1456   4     38920 100 list
     3      1   1       48   0     38968 100 VariableState.VariableState 


	Recursion depth 24
		Locations solved: 6
		Location_value_map id: 139805890103360
		Backwards_vals: - bytes
		Location_value_map: 1080 bytes
		Final_vals: - bytes

		Heap summary: by type Partition of a set of 106 objects. Total size = 43653 bytes.
 Index  Count   %     Size   % Cumulative  % Kind (class / dict of class)
     0     26  25    20208  46     20208  46 set
     1     26  25    15800  36     36008  82 types.FrameType
     2     20  19     5445  12     41453  95 str
     3     32  30     2048   5     43501 100 list
     4      1   1      104   0     43605 100 dict of VariableState.VariableState
     5      1   1       48   0     43653 100 VariableState.VariableState bytes

		Heap summary: by referrer Partition of a set of 107 objects. Total size = 44231 bytes.
 Index  Count   %     Size   % Cumulative  % Referrers by Kind (class / dict of class)
     0     77  72    37056  84     37056  84 types.FrameType
     1     21  20     6023  14     43079  97 list
     2      1   1      400   1     43479  98 <Nothing>
     3      1   1      312   1     43791  99 _io.TextIOWrapper
     4      5   5      280   1     44071 100 dict (no owner)
     5      1   1      104   0     44175 100 VariableState.VariableState
     6      1   1       56   0     44231 100 dict (no owner), types.FrameType

		Heap summary: largest referrer Partition of a set of 77 objects. Total size = 37056 bytes.
 Index  Count   %     Size   % Cumulative  % Kind (class / dict of class)
     0     26  34    20208  55     20208  55 set
     1     25  32    15400  42     35608  96 types.FrameType
     2     25  32     1400   4     37008 100 list
     3      1   1       48   0     37056 100 VariableState.VariableState 


	Recursion depth 23
		Locations solved: 7
		Location_value_map id: 139805890103360
		Backwards_vals: - bytes
		Location_value_map: 1201 bytes
		Final_vals: - bytes

		Heap summary: by type Partition of a set of 111 objects. Total size = 43870 bytes.
 Index  Count   %     Size   % Cumulative  % Kind (class / dict of class)
     0     25  23    18968  43     18968  43 set
     1     25  23    15184  35     34152  78 types.FrameType
     2     27  24     7454  17     41606  95 str
     3     32  29     2112   5     43718 100 list
     4      1   1      104   0     43822 100 dict of VariableState.VariableState
     5      1   1       48   0     43870 100 VariableState.VariableState bytes

		Heap summary: by referrer Partition of a set of 112 objects. Total size = 44448 bytes.
 Index  Count   %     Size   % Cumulative  % Referrers by Kind (class / dict of class)
     0     74  66    35144  79     35144  79 types.FrameType
     1     28  25     8032  18     43176  97 list
     2      1   1      400   1     43576  98 <Nothing>
     3      1   1      376   1     43952  99 _io.TextIOWrapper
     4      6   5      336   1     44288 100 dict (no owner)
     5      1   1      104   0     44392 100 VariableState.VariableState
     6      1   1       56   0     44448 100 dict (no owner), types.FrameType

		Heap summary: largest referrer Partition of a set of 74 objects. Total size = 35144 bytes.
 Index  Count   %     Size   % Cumulative  % Kind (class / dict of class)
     0     25  34    18968  54     18968  54 set
     1     24  32    14784  42     33752  96 types.FrameType
     2     24  32     1344   4     35096 100 list
     3      1   1       48   0     35144 100 VariableState.VariableState 


	Recursion depth 22
		Locations solved: 8
		Location_value_map id: 139805890103360
		Backwards_vals: - bytes
		Location_value_map: 1322 bytes
		Final_vals: - bytes

		Heap summary: by type Partition of a set of 116 objects. Total size = 44119 bytes.
 Index  Count   %     Size   % Cumulative  % Kind (class / dict of class)
     0     24  21    17728  40     17728  40 set
     1     24  21    14568  33     32296  73 types.FrameType
     2     34  29     9463  21     41759  95 str
     3     32  28     2208   5     43967 100 list
     4      1   1      104   0     44071 100 dict of VariableState.VariableState
     5      1   1       48   0     44119 100 VariableState.VariableState bytes

		Heap summary: by referrer Partition of a set of 82 objects. Total size = 34762 bytes.
 Index  Count   %     Size   % Cumulative  % Referrers by Kind (class / dict of class)
     0     71  87    33232  96     33232  96 types.FrameType
     1      1   1      578   2     33810  97 _io.TextIOWrapper
     2      1   1      400   1     34210  98 <Nothing>
     3      7   9      392   1     34602 100 dict (no owner)
     4      1   1      104   0     34706 100 VariableState.VariableState
     5      1   1       56   0     34762 100 dict (no owner), types.FrameType

		Heap summary: largest referrer Partition of a set of 71 objects. Total size = 33232 bytes.
 Index  Count   %     Size   % Cumulative  % Kind (class / dict of class)
     0     24  34    17728  53     17728  53 set
     1     23  32    14168  43     31896  96 types.FrameType
     2     23  32     1288   4     33184 100 list
     3      1   1       48   0     33232 100 VariableState.VariableState 


	Recursion depth 21
		Locations solved: 9
		Location_value_map id: 139805890103360
		Backwards_vals: - bytes
		Location_value_map: 1443 bytes
		Final_vals: - bytes

		Heap summary: by type Partition of a set of 87 objects. Total size = 34470 bytes.
 Index  Count   %     Size   % Cumulative  % Kind (class / dict of class)
     0     23  26    16488  48     16488  48 set
     1     23  26    13952  40     30440  88 types.FrameType
     2      7   8     1958   6     32398  94 str
     3     32  37     1920   6     34318 100 list
     4      1   1      104   0     34422 100 dict of VariableState.VariableState
     5      1   1       48   0     34470 100 VariableState.VariableState bytes

		Heap summary: by referrer Partition of a set of 88 objects. Total size = 35047 bytes.
 Index  Count   %     Size   % Cumulative  % Referrers by Kind (class / dict of class)
     0     68  77    31320  89     31320  89 types.FrameType
     1      8   9     2535   7     33855  97 list
     2      8   9      448   1     34303  98 dict (no owner)
     3      1   1      400   1     34703  99 <Nothing>
     4      1   1      184   1     34887 100 _io.TextIOWrapper
     5      1   1      104   0     34991 100 VariableState.VariableState
     6      1   1       56   0     35047 100 dict (no owner), types.FrameType

		Heap summary: largest referrer Partition of a set of 68 objects. Total size = 31320 bytes.
 Index  Count   %     Size   % Cumulative  % Kind (class / dict of class)
     0     23  34    16488  53     16488  53 set
     1     22  32    13552  43     30040  96 types.FrameType
     2     22  32     1232   4     31272 100 list
     3      1   1       48   0     31320 100 VariableState.VariableState 


	Recursion depth 20
		Locations solved: 10
		Location_value_map id: 139805890103360
		Backwards_vals: - bytes
		Location_value_map: 1564 bytes
		Final_vals: - bytes

		Heap summary: by type Partition of a set of 92 objects. Total size = 34686 bytes.
 Index  Count   %     Size   % Cumulative  % Kind (class / dict of class)
     0     22  24    15248  44     15248  44 set
     1     22  24    13336  38     28584  82 types.FrameType
     2     14  15     3966  11     32550  94 str
     3     32  35     1984   6     34534 100 list
     4      1   1      104   0     34638 100 dict of VariableState.VariableState
     5      1   1       48   0     34686 100 VariableState.VariableState bytes

		Heap summary: by referrer Partition of a set of 93 objects. Total size = 35263 bytes.
 Index  Count   %     Size   % Cumulative  % Referrers by Kind (class / dict of class)
     0     65  70    29408  83     29408  83 types.FrameType
     1     15  16     4543  13     33951  96 list
     2      9  10      504   1     34455  98 dict (no owner)
     3      1   1      400   1     34855  99 <Nothing>
     4      1   1      248   1     35103 100 _io.TextIOWrapper
     5      1   1      104   0     35207 100 VariableState.VariableState
     6      1   1       56   0     35263 100 dict (no owner), types.FrameType

		Heap summary: largest referrer Partition of a set of 65 objects. Total size = 29408 bytes.
 Index  Count   %     Size   % Cumulative  % Kind (class / dict of class)
     0     22  34    15248  52     15248  52 set
     1     21  32    12936  44     28184  96 types.FrameType
     2     21  32     1176   4     29360 100 list
     3      1   2       48   0     29408 100 VariableState.VariableState 


	Recursion depth 19
		Locations solved: 11
		Location_value_map id: 139805890103360
		Backwards_vals: - bytes
		Location_value_map: 1965 bytes
		Final_vals: - bytes

		Heap summary: by type Partition of a set of 97 objects. Total size = 34902 bytes.
 Index  Count   %     Size   % Cumulative  % Kind (class / dict of class)
     0     21  22    14008  40     14008  40 set
     1     21  22    12720  36     26728  77 types.FrameType
     2     21  22     5974  17     32702  94 str
     3     32  33     2048   6     34750 100 list
     4      1   1      104   0     34854 100 dict of VariableState.VariableState
     5      1   1       48   0     34902 100 VariableState.VariableState bytes

		Heap summary: by referrer Partition of a set of 98 objects. Total size = 35479 bytes.
 Index  Count   %     Size   % Cumulative  % Referrers by Kind (class / dict of class)
     0     62  63    27496  77     27496  77 types.FrameType
     1     22  22     6551  18     34047  96 list
     2     10  10      560   2     34607  98 dict (no owner)
     3      1   1      400   1     35007  99 <Nothing>
     4      1   1      312   1     35319 100 _io.TextIOWrapper
     5      1   1      104   0     35423 100 VariableState.VariableState
     6      1   1       56   0     35479 100 dict (no owner), types.FrameType

		Heap summary: largest referrer Partition of a set of 62 objects. Total size = 27496 bytes.
 Index  Count   %     Size   % Cumulative  % Kind (class / dict of class)
     0     21  34    14008  51     14008  51 set
     1     20  32    12320  45     26328  96 types.FrameType
     2     20  32     1120   4     27448 100 list
     3      1   2       48   0     27496 100 VariableState.VariableState 


	Recursion depth 18
		Locations solved: 12
		Location_value_map id: 139805890103360
		Backwards_vals: - bytes
		Location_value_map: 2086 bytes
		Final_vals: - bytes

		Heap summary: by type Partition of a set of 102 objects. Total size = 35118 bytes.
 Index  Count   %     Size   % Cumulative  % Kind (class / dict of class)
     0     20  20    12768  36     12768  36 set
     1     20  20    12104  34     24872  71 types.FrameType
     2     28  27     7982  23     32854  94 str
     3     32  31     2112   6     34966 100 list
     4      1   1      104   0     35070 100 dict of VariableState.VariableState
     5      1   1       48   0     35118 100 VariableState.VariableState bytes

		Heap summary: by referrer Partition of a set of 103 objects. Total size = 35696 bytes.
 Index  Count   %     Size   % Cumulative  % Referrers by Kind (class / dict of class)
     0     59  57    25584  72     25584  72 types.FrameType
     1     29  28     8560  24     34144  96 list
     2     11  11      616   2     34760  97 dict (no owner)
     3      1   1      400   1     35160  98 <Nothing>
     4      1   1      376   1     35536 100 _io.TextIOWrapper
     5      1   1      104   0     35640 100 VariableState.VariableState
     6      1   1       56   0     35696 100 dict (no owner), types.FrameType

		Heap summary: largest referrer Partition of a set of 59 objects. Total size = 25584 bytes.
 Index  Count   %     Size   % Cumulative  % Kind (class / dict of class)
     0     20  34    12768  50     12768  50 set
     1     19  32    11704  46     24472  96 types.FrameType
     2     19  32     1064   4     25536 100 list
     3      1   2       48   0     25584 100 VariableState.VariableState 


	Recursion depth 17
		Locations solved: 13
		Location_value_map id: 139805890103360
		Backwards_vals: - bytes
		Location_value_map: 2207 bytes
		Final_vals: - bytes

		Heap summary: by type Partition of a set of 77 objects. Total size = 25789 bytes.
 Index  Count   %     Size   % Cumulative  % Kind (class / dict of class)
     0     19  25    11528  45     11528  45 set
     1     19  25    11488  45     23016  89 types.FrameType
     2     32  42     1856   7     24872  96 list
     3      5   6      765   3     25637  99 str
     4      1   1      104   0     25741 100 dict of VariableState.VariableState
     5      1   1       48   0     25789 100 VariableState.VariableState bytes

		Heap summary: by referrer Partition of a set of 78 objects. Total size = 26366 bytes.
 Index  Count   %     Size   % Cumulative  % Referrers by Kind (class / dict of class)
     0     56  72    23672  90     23672  90 types.FrameType
     1      6   8     1342   5     25014  95 list
     2     12  15      672   3     25686  97 dict (no owner)
     3      1   1      400   2     26086  99 <Nothing>
     4      1   1      120   0     26206  99 _io.TextIOWrapper
     5      1   1      104   0     26310 100 VariableState.VariableState
     6      1   1       56   0     26366 100 dict (no owner), types.FrameType

		Heap summary: largest referrer Partition of a set of 56 objects. Total size = 23672 bytes.
 Index  Count   %     Size   % Cumulative  % Kind (class / dict of class)
     0     19  34    11528  49     11528  49 set
     1     18  32    11088  47     22616  96 types.FrameType
     2     18  32     1008   4     23624 100 list
     3      1   2       48   0     23672 100 VariableState.VariableState 


	Recursion depth 16
		Locations solved: 14
		Location_value_map id: 139805890103360
		Backwards_vals: - bytes
		Location_value_map: 2328 bytes
		Final_vals: - bytes

		Heap summary: by type Partition of a set of 82 objects. Total size = 26005 bytes.
 Index  Count   %     Size   % Cumulative  % Kind (class / dict of class)
     0     18  22    10872  42     10872  42 types.FrameType
     1     18  22    10288  40     21160  81 set
     2     12  15     2773  11     23933  92 str
     3     32  39     1920   7     25853  99 list
     4      1   1      104   0     25957 100 dict of VariableState.VariableState
     5      1   1       48   0     26005 100 VariableState.VariableState bytes

		Heap summary: by referrer Partition of a set of 83 objects. Total size = 26646 bytes.
 Index  Count   %     Size   % Cumulative  % Referrers by Kind (class / dict of class)
     0     53  64    21760  82     21760  82 types.FrameType
     1     13  16     3350  13     25110  94 list
     2     13  16      728   3     25838  97 dict (no owner)
     3      1   1      400   2     26238  98 <Nothing>
     4      1   1      248   1     26486  99 _io.TextIOWrapper
     5      1   1      104   0     26590 100 VariableState.VariableState
     6      1   1       56   0     26646 100 dict (no owner), types.FrameType

		Heap summary: largest referrer Partition of a set of 53 objects. Total size = 21760 bytes.
 Index  Count   %     Size   % Cumulative  % Kind (class / dict of class)
     0     17  32    10472  48     10472  48 types.FrameType
     1     18  34    10288  47     20760  95 set
     2     17  32      952   4     21712 100 list
     3      1   2       48   0     21760 100 VariableState.VariableState 


	Recursion depth 15
		Locations solved: 15
		Location_value_map id: 139805890103360
		Backwards_vals: - bytes
		Location_value_map: 2449 bytes
		Final_vals: - bytes

		Heap summary: by type Partition of a set of 87 objects. Total size = 26285 bytes.
 Index  Count   %     Size   % Cumulative  % Kind (class / dict of class)
     0     17  20    10256  39     10256  39 types.FrameType
     1     17  20     9048  34     19304  73 set
     2     19  22     4781  18     24085  92 str
     3     32  37     2048   8     26133  99 list
     4      1   1      104   0     26237 100 dict of VariableState.VariableState
     5      1   1       48   0     26285 100 VariableState.VariableState bytes

		Heap summary: by referrer Partition of a set of 88 objects. Total size = 26862 bytes.
 Index  Count   %     Size   % Cumulative  % Referrers by Kind (class / dict of class)
     0     50  57    19848  74     19848  74 types.FrameType
     1     20  23     5358  20     25206  94 list
     2     14  16      784   3     25990  97 dict (no owner)
     3      1   1      400   1     26390  98 <Nothing>
     4      1   1      312   1     26702  99 _io.TextIOWrapper
     5      1   1      104   0     26806 100 VariableState.VariableState
     6      1   1       56   0     26862 100 dict (no owner), types.FrameType

		Heap summary: largest referrer Partition of a set of 50 objects. Total size = 19848 bytes.
 Index  Count   %     Size   % Cumulative  % Kind (class / dict of class)
     0     16  32     9856  50      9856  50 types.FrameType
     1     17  34     9048  46     18904  95 set
     2     16  32      896   5     19800 100 list
     3      1   2       48   0     19848 100 VariableState.VariableState 


	Recursion depth 14
		Locations solved: 16
		Location_value_map id: 139805890103360
		Backwards_vals: - bytes
		Location_value_map: 2570 bytes
		Final_vals: - bytes

		Heap summary: by type Partition of a set of 92 objects. Total size = 27013 bytes.
 Index  Count   %     Size   % Cumulative  % Kind (class / dict of class)
     0     16  17     9640  36      9640  36 types.FrameType
     1     16  17     8320  31     17960  66 set
     2     26  28     6789  25     24749  92 str
     3     32  35     2112   8     26861  99 list
     4      1   1      104   0     26965 100 dict of VariableState.VariableState
     5      1   1       48   0     27013 100 VariableState.VariableState bytes

		Heap summary: by referrer Partition of a set of 93 objects. Total size = 27590 bytes.
 Index  Count   %     Size   % Cumulative  % Referrers by Kind (class / dict of class)
     0     47  51    18448  67     18448  67 types.FrameType
     1     27  29     7366  27     25814  94 list
     2     15  16      840   3     26654  97 dict (no owner)
     3      1   1      400   1     27054  98 <Nothing>
     4      1   1      376   1     27430  99 _io.TextIOWrapper
     5      1   1      104   0     27534 100 VariableState.VariableState
     6      1   1       56   0     27590 100 dict (no owner), types.FrameType

		Heap summary: largest referrer Partition of a set of 47 objects. Total size = 18448 bytes.
 Index  Count   %     Size   % Cumulative  % Kind (class / dict of class)
     0     15  32     9240  50      9240  50 types.FrameType
     1     16  34     8320  45     17560  95 set
     2     15  32      840   5     18400 100 list
     3      1   2       48   0     18448 100 VariableState.VariableState 


	Recursion depth 13
		Locations solved: 17
		Location_value_map id: 139805890103360
		Backwards_vals: - bytes
		Location_value_map: 2691 bytes
		Final_vals: - bytes

		Heap summary: by type Partition of a set of 97 objects. Total size = 27773 bytes.
 Index  Count   %     Size   % Cumulative  % Kind (class / dict of class)
     0     15  15     9024  32      9024  32 types.FrameType
     1     33  34     8797  32     17821  64 str
     2     15  15     7592  27     25413  92 set
     3     32  33     2208   8     27621  99 list
     4      1   1      104   0     27725 100 dict of VariableState.VariableState
     5      1   1       48   0     27773 100 VariableState.VariableState bytes

		Heap summary: by referrer Partition of a set of 98 objects. Total size = 28350 bytes.
 Index  Count   %     Size   % Cumulative  % Referrers by Kind (class / dict of class)
     0     44  45    17048  60     17048  60 types.FrameType
     1     34  35     9374  33     26422  93 list
     2     16  16      896   3     27318  96 dict (no owner)
     3      1   1      472   2     27790  98 _io.TextIOWrapper
     4      1   1      400   1     28190  99 <Nothing>
     5      1   1      104   0     28294 100 VariableState.VariableState
     6      1   1       56   0     28350 100 dict (no owner), types.FrameType

		Heap summary: largest referrer Partition of a set of 44 objects. Total size = 17048 bytes.
 Index  Count   %     Size   % Cumulative  % Kind (class / dict of class)
     0     14  32     8624  51      8624  51 types.FrameType
     1     15  34     7592  45     16216  95 set
     2     14  32      784   5     17000 100 list
     3      1   2       48   0     17048 100 VariableState.VariableState 


	Recursion depth 12
		Locations solved: 18
		Location_value_map id: 139805890103360
		Backwards_vals: - bytes
		Location_value_map: 2812 bytes
		Final_vals: - bytes

		Heap summary: by type Partition of a set of 68 objects. Total size = 18711 bytes.
 Index  Count   %     Size   % Cumulative  % Kind (class / dict of class)
     0     14  21     8408  45      8408  45 types.FrameType
     1     14  21     6864  37     15272  82 set
     2     32  47     1856  10     17128  92 list
     3      6   9     1431   8     18559  99 str
     4      1   1      104   1     18663 100 dict of VariableState.VariableState
     5      1   1       48   0     18711 100 VariableState.VariableState bytes

		Heap summary: by referrer Partition of a set of 69 objects. Total size = 19352 bytes.
 Index  Count   %     Size   % Cumulative  % Referrers by Kind (class / dict of class)
     0     41  59    15648  81     15648  81 types.FrameType
     1      7  10     2008  10     17656  91 list
     2     17  25      952   5     18608  96 dict (no owner)
     3      1   1      400   2     19008  98 <Nothing>
     4      1   1      184   1     19192  99 _io.TextIOWrapper
     5      1   1      104   1     19296 100 VariableState.VariableState
     6      1   1       56   0     19352 100 dict (no owner), types.FrameType

		Heap summary: largest referrer Partition of a set of 41 objects. Total size = 15648 bytes.
 Index  Count   %     Size   % Cumulative  % Kind (class / dict of class)
     0     13  32     8008  51      8008  51 types.FrameType
     1     14  34     6864  44     14872  95 set
     2     13  32      728   5     15600 100 list
     3      1   2       48   0     15648 100 VariableState.VariableState 


	Recursion depth 11
		Locations solved: 19
		Location_value_map id: 139805890103360
		Backwards_vals: - bytes
		Location_value_map: 2933 bytes
		Final_vals: - bytes

		Heap summary: by type Partition of a set of 73 objects. Total size = 19503 bytes.
 Index  Count   %     Size   % Cumulative  % Kind (class / dict of class)
     0     13  18     7792  40      7792  40 types.FrameType
     1     13  18     6136  31     13928  71 set
     2     13  18     3439  18     17367  89 str
     3     32  44     1984  10     19351  99 list
     4      1   1      104   1     19455 100 dict of VariableState.VariableState
     5      1   1       48   0     19503 100 VariableState.VariableState bytes

		Heap summary: by referrer Partition of a set of 74 objects. Total size = 20080 bytes.
 Index  Count   %     Size   % Cumulative  % Referrers by Kind (class / dict of class)
     0     38  51    14248  71     14248  71 types.FrameType
     1     14  19     4016  20     18264  91 list
     2     18  24     1008   5     19272  96 dict (no owner)
     3      1   1      400   2     19672  98 <Nothing>
     4      1   1      248   1     19920  99 _io.TextIOWrapper
     5      1   1      104   1     20024 100 VariableState.VariableState
     6      1   1       56   0     20080 100 dict (no owner), types.FrameType

		Heap summary: largest referrer Partition of a set of 38 objects. Total size = 14248 bytes.
 Index  Count   %     Size   % Cumulative  % Kind (class / dict of class)
     0     12  32     7392  52      7392  52 types.FrameType
     1     13  34     6136  43     13528  95 set
     2     12  32      672   5     14200 100 list
     3      1   3       48   0     14248 100 VariableState.VariableState 


	Recursion depth 10
		Locations solved: 20
		Location_value_map id: 139805890103360
		Backwards_vals: - bytes
		Location_value_map: 3054 bytes
		Final_vals: - bytes

		Heap summary: by type Partition of a set of 78 objects. Total size = 20231 bytes.
 Index  Count   %     Size   % Cumulative  % Kind (class / dict of class)
     0     12  15     7176  35      7176  35 types.FrameType
     1     20  26     5447  27     12623  62 str
     2     12  15     5408  27     18031  89 set
     3     32  41     2048  10     20079  99 list
     4      1   1      104   1     20183 100 dict of VariableState.VariableState
     5      1   1       48   0     20231 100 VariableState.VariableState bytes

		Heap summary: by referrer Partition of a set of 79 objects. Total size = 20808 bytes.
 Index  Count   %     Size   % Cumulative  % Referrers by Kind (class / dict of class)
     0     35  44    12848  62     12848  62 types.FrameType
     1     21  27     6024  29     18872  91 list
     2     19  24     1064   5     19936  96 dict (no owner)
     3      1   1      400   2     20336  98 <Nothing>
     4      1   1      312   1     20648  99 _io.TextIOWrapper
     5      1   1      104   0     20752 100 VariableState.VariableState
     6      1   1       56   0     20808 100 dict (no owner), types.FrameType

		Heap summary: largest referrer Partition of a set of 35 objects. Total size = 12848 bytes.
 Index  Count   %     Size   % Cumulative  % Kind (class / dict of class)
     0     11  31     6776  53      6776  53 types.FrameType
     1     12  34     5408  42     12184  95 set
     2     11  31      616   5     12800 100 list
     3      1   3       48   0     12848 100 VariableState.VariableState 


	Recursion depth 9
		Locations solved: 21
		Location_value_map id: 139805890103360
		Backwards_vals: - bytes
		Location_value_map: 3175 bytes
		Final_vals: - bytes

		Heap summary: by type Partition of a set of 83 objects. Total size = 20958 bytes.
 Index  Count   %     Size   % Cumulative  % Kind (class / dict of class)
     0     27  33     7454  36      7454  36 str
     1     11  13     6560  31     14014  67 types.FrameType
     2     11  13     4680  22     18694  89 set
     3     32  39     2112  10     20806  99 list
     4      1   1      104   0     20910 100 dict of VariableState.VariableState
     5      1   1       48   0     20958 100 VariableState.VariableState bytes

		Heap summary: by referrer Partition of a set of 84 objects. Total size = 21535 bytes.
 Index  Count   %     Size   % Cumulative  % Referrers by Kind (class / dict of class)
     0     32  38    11448  53     11448  53 types.FrameType
     1     28  33     8031  37     19479  90 list
     2     20  24     1120   5     20599  96 dict (no owner)
     3      1   1      400   2     20999  98 <Nothing>
     4      1   1      376   2     21375  99 _io.TextIOWrapper
     5      1   1      104   0     21479 100 VariableState.VariableState
     6      1   1       56   0     21535 100 dict (no owner), types.FrameType

		Heap summary: largest referrer Partition of a set of 32 objects. Total size = 11448 bytes.
 Index  Count   %     Size   % Cumulative  % Kind (class / dict of class)
     0     10  31     6160  54      6160  54 types.FrameType
     1     11  34     4680  41     10840  95 set
     2     10  31      560   5     11400 100 list
     3      1   3       48   0     11448 100 VariableState.VariableState 


	Recursion depth 8
		Locations solved: 22
		Location_value_map id: 139805890103360
		Backwards_vals: - bytes
		Location_value_map: 3832 bytes
		Final_vals: - bytes

		Heap summary: by type Partition of a set of 88 objects. Total size = 21717 bytes.
 Index  Count   %     Size   % Cumulative  % Kind (class / dict of class)
     0     34  39     9461  44      9461  44 str
     1     10  11     5944  27     15405  71 types.FrameType
     2     10  11     3952  18     19357  89 set
     3     32  36     2208  10     21565  99 list
     4      1   1      104   0     21669 100 dict of VariableState.VariableState
     5      1   1       48   0     21717 100 VariableState.VariableState bytes

		Heap summary: by referrer Partition of a set of 54 objects. Total size = 12361 bytes.
 Index  Count   %     Size   % Cumulative  % Referrers by Kind (class / dict of class)
     0     29  54    10048  81     10048  81 types.FrameType
     1     21  39     1176  10     11224  91 dict (no owner)
     2      1   2      577   5     11801  95 _io.TextIOWrapper
     3      1   2      400   3     12201  99 <Nothing>
     4      1   2      104   1     12305 100 VariableState.VariableState
     5      1   2       56   0     12361 100 dict (no owner), types.FrameType

		Heap summary: largest referrer Partition of a set of 29 objects. Total size = 10048 bytes.
 Index  Count   %     Size   % Cumulative  % Kind (class / dict of class)
     0      9  31     5544  55      5544  55 types.FrameType
     1     10  34     3952  39      9496  95 set
     2      9  31      504   5     10000 100 list
     3      1   3       48   0     10048 100 VariableState.VariableState 


	Recursion depth 7
		Locations solved: 23
		Location_value_map id: 139805890103360
		Backwards_vals: - bytes
		Location_value_map: 3953 bytes
		Final_vals: - bytes

		Heap summary: by type Partition of a set of 59 objects. Total size = 12581 bytes.
 Index  Count   %     Size   % Cumulative  % Kind (class / dict of class)
     0      9  15     5328  42      5328  42 types.FrameType
     1      9  15     3224  26      8552  68 set
     2      7  12     1957  16     10509  84 str
     3     32  54     1920  15     12429  99 list
     4      1   2      104   1     12533 100 dict of VariableState.VariableState
     5      1   2       48   0     12581 100 VariableState.VariableState bytes

		Heap summary: by referrer Partition of a set of 60 objects. Total size = 13158 bytes.
 Index  Count   %     Size   % Cumulative  % Referrers by Kind (class / dict of class)
     0     26  43     8648  66      8648  66 types.FrameType
     1      8  13     2534  19     11182  85 list
     2     22  37     1232   9     12414  94 dict (no owner)
     3      1   2      400   3     12814  97 <Nothing>
     4      1   2      184   1     12998  99 _io.TextIOWrapper
     5      1   2      104   1     13102 100 VariableState.VariableState
     6      1   2       56   0     13158 100 dict (no owner), types.FrameType

		Heap summary: largest referrer Partition of a set of 26 objects. Total size = 8648 bytes.
 Index  Count   %     Size   % Cumulative  % Kind (class / dict of class)
     0      8  31     4928  57      4928  57 types.FrameType
     1      9  35     3224  37      8152  94 set
     2      8  31      448   5      8600  99 list
     3      1   4       48   1      8648 100 VariableState.VariableState 


	Recursion depth 6
		Locations solved: 24
		Location_value_map id: 139805890103360
		Backwards_vals: - bytes
		Location_value_map: 4074 bytes
		Final_vals: - bytes

		Heap summary: by type Partition of a set of 64 objects. Total size = 13563 bytes.
 Index  Count   %     Size   % Cumulative  % Kind (class / dict of class)
     0      8  12     4712  35      4712  35 types.FrameType
     1     14  22     3963  29      8675  64 str
     2      8  12     2752  20     11427  84 set
     3     32  50     1984  15     13411  99 list
     4      1   2      104   1     13515 100 dict of VariableState.VariableState
     5      1   2       48   0     13563 100 VariableState.VariableState bytes

		Heap summary: by referrer Partition of a set of 65 objects. Total size = 14140 bytes.
 Index  Count   %     Size   % Cumulative  % Referrers by Kind (class / dict of class)
     0     23  35     7504  53      7504  53 types.FrameType
     1     15  23     4540  32     12044  85 list
     2     23  35     1288   9     13332  94 dict (no owner)
     3      1   2      400   3     13732  97 <Nothing>
     4      1   2      248   2     13980  99 _io.TextIOWrapper
     5      1   2      104   1     14084 100 VariableState.VariableState
     6      1   2       56   0     14140 100 dict (no owner), types.FrameType

		Heap summary: largest referrer Partition of a set of 23 objects. Total size = 7504 bytes.
 Index  Count   %     Size   % Cumulative  % Kind (class / dict of class)
     0      7  30     4312  57      4312  57 types.FrameType
     1      8  35     2752  37      7064  94 set
     2      7  30      392   5      7456  99 list
     3      1   4       48   1      7504 100 VariableState.VariableState 


	Recursion depth 5
		Locations solved: 25
		Location_value_map id: 139805890103360
		Backwards_vals: - bytes
		Location_value_map: 4195 bytes
		Final_vals: - bytes

		Heap summary: by type Partition of a set of 69 objects. Total size = 14545 bytes.
 Index  Count   %     Size   % Cumulative  % Kind (class / dict of class)
     0     21  30     5969  41      5969  41 str
     1      7  10     4096  28     10065  69 types.FrameType
     2      7  10     2280  16     12345  85 set
     3     32  46     2048  14     14393  99 list
     4      1   1      104   1     14497 100 dict of VariableState.VariableState
     5      1   1       48   0     14545 100 VariableState.VariableState bytes

		Heap summary: by referrer Partition of a set of 70 objects. Total size = 15122 bytes.
 Index  Count   %     Size   % Cumulative  % Referrers by Kind (class / dict of class)
     0     22  31     6546  43      6546  43 list
     1     20  29     6360  42     12906  85 types.FrameType
     2     24  34     1344   9     14250  94 dict (no owner)
     3      1   1      400   3     14650  97 <Nothing>
     4      1   1      312   2     14962  99 _io.TextIOWrapper
     5      1   1      104   1     15066 100 VariableState.VariableState
     6      1   1       56   0     15122 100 dict (no owner), types.FrameType

		Heap summary: largest referrer Partition of a set of 23 objects. Total size = 7212 bytes.
 Index  Count   %     Size   % Cumulative  % Kind (class / dict of class)
     0     23 100     7212 100      7212 100 str 


	Recursion depth 4
		Locations solved: 26
		Location_value_map id: 139805890103360
		Backwards_vals: - bytes
		Location_value_map: 4316 bytes
		Final_vals: - bytes

		Heap summary: by type Partition of a set of 74 objects. Total size = 15343 bytes.
 Index  Count   %     Size   % Cumulative  % Kind (class / dict of class)
     0     28  38     7791  51      7791  51 str
     1      6   8     3480  23     11271  73 types.FrameType
     2     32  43     2112  14     13383  87 list
     3      6   8     1808  12     15191  99 set
     4      1   1      104   1     15295 100 dict of VariableState.VariableState
     5      1   1       48   0     15343 100 VariableState.VariableState bytes

		Heap summary: by referrer Partition of a set of 75 objects. Total size = 15920 bytes.
 Index  Count   %     Size   % Cumulative  % Referrers by Kind (class / dict of class)
     0     29  39     8368  53      8368  53 list
     1     17  23     5216  33     13584  85 types.FrameType
     2     25  33     1400   9     14984  94 dict (no owner)
     3      1   1      400   3     15384  97 <Nothing>
     4      1   1      376   2     15760  99 _io.TextIOWrapper
     5      1   1      104   1     15864 100 VariableState.VariableState
     6      1   1       56   0     15920 100 dict (no owner), types.FrameType

		Heap summary: largest referrer Partition of a set of 30 objects. Total size = 9034 bytes.
 Index  Count   %     Size   % Cumulative  % Kind (class / dict of class)
     0     30 100     9034 100      9034 100 str 


	Recursion depth 3
		Locations solved: 27
		Location_value_map id: 139805890103360
		Backwards_vals: - bytes
		Location_value_map: 4437 bytes
		Final_vals: - bytes

		Heap summary: by type Partition of a set of 79 objects. Total size = 15917 bytes.
 Index  Count   %     Size   % Cumulative  % Kind (class / dict of class)
     0     35  44     9613  60      9613  60 str
     1      5   6     2864  18     12477  78 types.FrameType
     2     32  41     2208  14     14685  92 list
     3      5   6     1080   7     15765  99 set
     4      1   1      104   1     15869 100 dict of VariableState.VariableState
     5      1   1       48   0     15917 100 VariableState.VariableState bytes

		Heap summary: by referrer Partition of a set of 44 objects. Total size = 6409 bytes.
 Index  Count   %     Size   % Cumulative  % Referrers by Kind (class / dict of class)
     0     14  32     3816  60      3816  60 types.FrameType
     1     26  59     1456  23      5272  82 dict (no owner)
     2      1   2      577   9      5849  91 _io.TextIOWrapper
     3      1   2      400   6      6249  98 <Nothing>
     4      1   2      104   2      6353  99 VariableState.VariableState
     5      1   2       56   1      6409 100 dict (no owner), types.FrameType

		Heap summary: largest referrer Partition of a set of 14 objects. Total size = 3816 bytes.
 Index  Count   %     Size   % Cumulative  % Kind (class / dict of class)
     0      4  29     2464  65      2464  65 types.FrameType
     1      5  36     1080  28      3544  93 set
     2      4  29      224   6      3768  99 list
     3      1   7       48   1      3816 100 VariableState.VariableState 


	Recursion depth 2
		Locations solved: 28
		Location_value_map id: 139805890103360
		Backwards_vals: - bytes
		Location_value_map: 4558 bytes
		Final_vals: - bytes

		Heap summary: by type Partition of a set of 49 objects. Total size = 7139 bytes.
 Index  Count   %     Size   % Cumulative  % Kind (class / dict of class)
     0      4   8     2248  31      2248  31 types.FrameType
     1      7  14     1955  27      4203  59 str
     2     32  65     1920  27      6123  86 list
     3      4   8      864  12      6987  98 set
     4      1   2      104   1      7091  99 dict of VariableState.VariableState
     5      1   2       48   1      7139 100 VariableState.VariableState bytes

		Heap summary: by referrer Partition of a set of 50 objects. Total size = 7715 bytes.
 Index  Count   %     Size   % Cumulative  % Referrers by Kind (class / dict of class)
     0     11  22     2928  38      2928  38 types.FrameType
     1      8  16     2531  33      5459  71 list
     2     27  54     1512  20      6971  90 dict (no owner)
     3      1   2      400   5      7371  96 <Nothing>
     4      1   2      184   2      7555  98 _io.TextIOWrapper
     5      1   2      104   1      7659  99 VariableState.VariableState
     6      1   2       56   1      7715 100 dict (no owner), types.FrameType

		Heap summary: largest referrer Partition of a set of 9 objects. Total size = 3196 bytes.
 Index  Count   %     Size   % Cumulative  % Kind (class / dict of class)
     0      9 100     3196 100      3196 100 str 


	Recursion depth 1
		Locations solved: 29
		Location_value_map id: 139805890103360
		Backwards_vals: - bytes
		Location_value_map: 4679 bytes
		Final_vals: - bytes

		Heap summary: by type Partition of a set of 54 objects. Total size = 8190 bytes.
 Index  Count   %     Size   % Cumulative  % Kind (class / dict of class)
     0     14  26     3774  46      3774  46 str
     1     32  59     1984  24      5758  70 list
     2      3   6     1632  20      7390  90 types.FrameType
     3      3   6      648   8      8038  98 set
     4      1   2      104   1      8142  99 dict of VariableState.VariableState
     5      1   2       48   1      8190 100 VariableState.VariableState bytes

		Heap summary: by referrer Partition of a set of 55 objects. Total size = 8766 bytes.
 Index  Count   %     Size   % Cumulative  % Referrers by Kind (class / dict of class)
     0     15  27     4350  50      4350  50 list
     1      8  15     2040  23      6390  73 types.FrameType
     2     28  51     1568  18      7958  91 dict (no owner)
     3      1   2      400   5      8358  95 <Nothing>
     4      1   2      248   3      8606  98 _io.TextIOWrapper
     5      1   2      104   1      8710  99 VariableState.VariableState
     6      1   2       56   1      8766 100 dict (no owner), types.FrameType

		Heap summary: largest referrer Partition of a set of 16 objects. Total size = 5015 bytes.
 Index  Count   %     Size   % Cumulative  % Kind (class / dict of class)
     0     16 100     5015 100      5015 100 str 


	Recursion depth 0
		Locations solved: 30
		Location_value_map id: 139805890103360
		Backwards_vals: - bytes
		Location_value_map: 4800 bytes
		Final_vals: - bytes

		Heap summary: by type Partition of a set of 59 objects. Total size = 9242 bytes.
 Index  Count   %     Size   % Cumulative  % Kind (class / dict of class)
     0     21  36     5594  61      5594  61 str
     1     32  54     2048  22      7642  83 list
     2      2   3     1016  11      8658  94 types.FrameType
     3      2   3      432   5      9090  98 set
     4      1   2      104   1      9194  99 dict of VariableState.VariableState
     5      1   2       48   1      9242 100 VariableState.VariableState bytes

		Heap summary: by referrer Partition of a set of 60 objects. Total size = 9818 bytes.
 Index  Count   %     Size   % Cumulative  % Referrers by Kind (class / dict of class)
     0     22  37     6170  63      6170  63 list
     1     29  48     1624  17      7794  79 dict (no owner)
     2      5   8     1152  12      8946  91 types.FrameType
     3      1   2      400   4      9346  95 <Nothing>
     4      1   2      312   3      9658  98 _io.TextIOWrapper
     5      1   2      104   1      9762  99 VariableState.VariableState
     6      1   2       56   1      9818 100 dict (no owner), types.FrameType

		Heap summary: largest referrer Partition of a set of 23 objects. Total size = 6835 bytes.
 Index  Count   %     Size   % Cumulative  % Kind (class / dict of class)
     0     23 100     6835 100      6835 100 str 


Target location 3 of 8
Evaluating possibilities...
	Recursion depth 0
		Locations solved: 0
		Location_value_map id: 139805899514816
		Backwards_vals: - bytes
		Location_value_map: 64 bytes
		Final_vals: - bytes

		Heap summary: by type Partition of a set of 9 objects. Total size = 1693 bytes.
 Index  Count   %     Size   % Cumulative  % Kind (class / dict of class)
     0      2  22     1016  60      1016  60 types.FrameType
     1      4  44      309  18      1325  78 str
     2      1  11      216  13      1541  91 set
     3      1  11      104   6      1645  97 dict of VariableState.VariableState
     4      1  11       48   3      1693 100 VariableState.VariableState bytes

		Heap summary: by referrer Partition of a set of 10 objects. Total size = 2218 bytes.
 Index  Count   %     Size   % Cumulative  % Referrers by Kind (class / dict of class)
     0      3  30      880  40       880  40 types.FrameType
     1      5  50      834  38      1714  77 list
     2      1  10      400  18      2114  95 <Nothing>
     3      1  10      104   5      2218 100 VariableState.VariableState

		Heap summary: largest referrer Partition of a set of 6 objects. Total size = 1297 bytes.
 Index  Count   %     Size   % Cumulative  % Kind (class / dict of class)
     0      6 100     1297 100      1297 100 str 


	Recursion depth 1
		Locations solved: 0
		Location_value_map id: 139805899514816
		Backwards_vals: - bytes
		Location_value_map: 64 bytes
		Final_vals: - bytes

		Heap summary: by type Partition of a set of 19 objects. Total size = 4144 bytes.
 Index  Count   %     Size   % Cumulative  % Kind (class / dict of class)
     0     11  58     1872  45      1872  45 str
     1      3  16     1632  39      3504  85 types.FrameType
     2      2  11      432  10      3936  95 set
     3      1   5      104   3      4040  97 dict of VariableState.VariableState
     4      1   5       56   1      4096  99 list
     5      1   5       48   1      4144 100 VariableState.VariableState bytes

		Heap summary: by referrer Partition of a set of 20 objects. Total size = 4720 bytes.
 Index  Count   %     Size   % Cumulative  % Referrers by Kind (class / dict of class)
     0     12  60     2448  52      2448  52 list
     1      6  30     1768  37      4216  89 types.FrameType
     2      1   5      400   8      4616  98 <Nothing>
     3      1   5      104   2      4720 100 VariableState.VariableState

		Heap summary: largest referrer Partition of a set of 6 objects. Total size = 1768 bytes.
 Index  Count   %     Size   % Cumulative  % Kind (class / dict of class)
     0      2  33     1232  70      1232  70 types.FrameType
     1      2  33      432  24      1664  94 set
     2      1  17       56   3      1720  97 list
     3      1  17       48   3      1768 100 VariableState.VariableState 


	Recursion depth 2
		Locations solved: 0
		Location_value_map id: 139805899514816
		Backwards_vals: - bytes
		Location_value_map: 64 bytes
		Final_vals: - bytes

		Heap summary: by type Partition of a set of 18 objects. Total size = 4502 bytes.
 Index  Count   %     Size   % Cumulative  % Kind (class / dict of class)
     0      4  22     2248  50      2248  50 types.FrameType
     1      6  33     1222  27      3470  77 str
     2      3  17      648  14      4118  91 set
     3      3  17      232   5      4350  97 list
     4      1   6      104   2      4454  99 dict of VariableState.VariableState
     5      1   6       48   1      4502 100 VariableState.VariableState bytes

		Heap summary: by referrer Partition of a set of 19 objects. Total size = 5142 bytes.
 Index  Count   %     Size   % Cumulative  % Referrers by Kind (class / dict of class)
     0      9  47     2656  52      2656  52 types.FrameType
     1      7  37     1798  35      4454  87 list
     2      1   5      400   8      4854  94 <Nothing>
     3      1   5      184   4      5038  98 _io.TextIOWrapper
     4      1   5      104   2      5142 100 VariableState.VariableState

		Heap summary: largest referrer Partition of a set of 9 objects. Total size = 2656 bytes.
 Index  Count   %     Size   % Cumulative  % Kind (class / dict of class)
     0      3  33     1848  70      1848  70 types.FrameType
     1      3  33      648  24      2496  94 set
     2      2  22      112   4      2608  98 list
     3      1  11       48   2      2656 100 VariableState.VariableState 


	Recursion depth 3
		Locations solved: 0
		Location_value_map id: 139805899514816
		Backwards_vals: - bytes
		Location_value_map: 64 bytes
		Final_vals: - bytes

		Heap summary: by type Partition of a set of 28 objects. Total size = 7379 bytes.
 Index  Count   %     Size   % Cumulative  % Kind (class / dict of class)
     0     13  46     3083  42      3083  42 str
     1      5  18     2864  39      5947  81 types.FrameType
     2      4  14      864  12      6811  92 set
     3      4  14      416   6      7227  98 list
     4      1   4      104   1      7331  99 dict of VariableState.VariableState
     5      1   4       48   1      7379 100 VariableState.VariableState bytes

		Heap summary: by referrer Partition of a set of 29 objects. Total size = 7955 bytes.
 Index  Count   %     Size   % Cumulative  % Referrers by Kind (class / dict of class)
     0     14  48     3659  46      3659  46 list
     1     12  41     3544  45      7203  91 types.FrameType
     2      1   3      400   5      7603  96 <Nothing>
     3      1   3      248   3      7851  99 _io.TextIOWrapper
     4      1   3      104   1      7955 100 VariableState.VariableState

		Heap summary: largest referrer Partition of a set of 15 objects. Total size = 4185 bytes.
 Index  Count   %     Size   % Cumulative  % Kind (class / dict of class)
     0     15 100     4185 100      4185 100 str 


	Recursion depth 4
		Locations solved: 0
		Location_value_map id: 139805899514816
		Backwards_vals: - bytes
		Location_value_map: 64 bytes
		Final_vals: - bytes

		Heap summary: by type Partition of a set of 38 objects. Total size = 10009 bytes.
 Index  Count   %     Size   % Cumulative  % Kind (class / dict of class)
     0     20  53     4761  48      4761  48 str
     1      6  16     3480  35      8241  82 types.FrameType
     2      5  13     1080  11      9321  93 set
     3      5  13      536   5      9857  98 list
     4      1   3      104   1      9961 100 dict of VariableState.VariableState
     5      1   3       48   0     10009 100 VariableState.VariableState bytes

		Heap summary: by referrer Partition of a set of 39 objects. Total size = 10586 bytes.
 Index  Count   %     Size   % Cumulative  % Referrers by Kind (class / dict of class)
     0     21  54     5338  50      5338  50 list
     1     15  38     4432  42      9770  92 types.FrameType
     2      1   3      400   4     10170  96 <Nothing>
     3      1   3      312   3     10482  99 _io.TextIOWrapper
     4      1   3      104   1     10586 100 VariableState.VariableState

		Heap summary: largest referrer Partition of a set of 22 objects. Total size = 5865 bytes.
 Index  Count   %     Size   % Cumulative  % Kind (class / dict of class)
     0     22 100     5865 100      5865 100 str 


	Recursion depth 5
		Locations solved: 0
		Location_value_map id: 139805899514816
		Backwards_vals: - bytes
		Location_value_map: 64 bytes
		Final_vals: - bytes

		Heap summary: by type Partition of a set of 48 objects. Total size = 13153 bytes.
 Index  Count   %     Size   % Cumulative  % Kind (class / dict of class)
     0     27  56     6441  49      6441  49 str
     1      7  15     4096  31     10537  80 types.FrameType
     2      6  12     1808  14     12345  94 set
     3      6  12      656   5     13001  99 list
     4      1   2      104   1     13105 100 dict of VariableState.VariableState
     5      1   2       48   0     13153 100 VariableState.VariableState bytes

		Heap summary: by referrer Partition of a set of 49 objects. Total size = 13730 bytes.
 Index  Count   %     Size   % Cumulative  % Referrers by Kind (class / dict of class)
     0     28  57     7018  51      7018  51 list
     1     18  37     5832  42     12850  94 types.FrameType
     2      1   2      400   3     13250  97 <Nothing>
     3      1   2      376   3     13626  99 _io.TextIOWrapper
     4      1   2      104   1     13730 100 VariableState.VariableState

		Heap summary: largest referrer Partition of a set of 29 objects. Total size = 7545 bytes.
 Index  Count   %     Size   % Cumulative  % Kind (class / dict of class)
     0     29 100     7545 100      7545 100 str 


	Recursion depth 6
		Locations solved: 0
		Location_value_map id: 139805899514816
		Backwards_vals: - bytes
		Location_value_map: 64 bytes
		Final_vals: - bytes

		Heap summary: by type Partition of a set of 58 objects. Total size = 16073 bytes.
 Index  Count   %     Size   % Cumulative  % Kind (class / dict of class)
     0     34  59     8121  51      8121  51 str
     1      8  14     4712  29     12833  80 types.FrameType
     2      7  12     2280  14     15113  94 set
     3      7  12      808   5     15921  99 list
     4      1   2      104   1     16025 100 dict of VariableState.VariableState
     5      1   2       48   0     16073 100 VariableState.VariableState bytes

		Heap summary: by referrer Partition of a set of 59 objects. Total size = 16650 bytes.
 Index  Count   %     Size   % Cumulative  % Referrers by Kind (class / dict of class)
     0     35  59     8698  52      8698  52 list
     1     21  36     6976  42     15674  94 types.FrameType
     2      1   2      472   3     16146  97 _io.TextIOWrapper
     3      1   2      400   2     16546  99 <Nothing>
     4      1   2      104   1     16650 100 VariableState.VariableState

		Heap summary: largest referrer Partition of a set of 36 objects. Total size = 9225 bytes.
 Index  Count   %     Size   % Cumulative  % Kind (class / dict of class)
     0     36 100     9225 100      9225 100 str 


	Recursion depth 7
		Locations solved: 0
		Location_value_map id: 139805899514816
		Backwards_vals: - bytes
		Location_value_map: 64 bytes
		Final_vals: - bytes

		Heap summary: by type Partition of a set of 68 objects. Total size = 18993 bytes.
 Index  Count   %     Size   % Cumulative  % Kind (class / dict of class)
     0     41  60     9801  52      9801  52 str
     1      9  13     5328  28     15129  80 types.FrameType
     2      8  12     2752  14     17881  94 set
     3      8  12      960   5     18841  99 list
     4      1   1      104   1     18945 100 dict of VariableState.VariableState
     5      1   1       48   0     18993 100 VariableState.VariableState bytes

		Heap summary: by referrer Partition of a set of 27 objects. Total size = 9201 bytes.
 Index  Count   %     Size   % Cumulative  % Referrers by Kind (class / dict of class)
     0     24  89     8120  88      8120  88 types.FrameType
     1      1   4      577   6      8697  95 _io.TextIOWrapper
     2      1   4      400   4      9097  99 <Nothing>
     3      1   4      104   1      9201 100 VariableState.VariableState

		Heap summary: largest referrer Partition of a set of 24 objects. Total size = 8120 bytes.
 Index  Count   %     Size   % Cumulative  % Kind (class / dict of class)
     0      8  33     4928  61      4928  61 types.FrameType
     1      8  33     2752  34      7680  95 set
     2      7  29      392   5      8072  99 list
     3      1   4       48   1      8120 100 VariableState.VariableState 


	Recursion depth 8
		Locations solved: 0
		Location_value_map id: 139805899514816
		Backwards_vals: - bytes
		Location_value_map: 64 bytes
		Final_vals: - bytes

		Heap summary: by type Partition of a set of 37 objects. Total size = 11765 bytes.
 Index  Count   %     Size   % Cumulative  % Kind (class / dict of class)
     0     10  27     5944  51      5944  51 types.FrameType
     1      9  24     3224  27      9168  78 set
     2      7  19     1813  15     10981  93 str
     3      9  24      632   5     11613  99 list
     4      1   3      104   1     11717 100 dict of VariableState.VariableState
     5      1   3       48   0     11765 100 VariableState.VariableState bytes

		Heap summary: by referrer Partition of a set of 38 objects. Total size = 12342 bytes.
 Index  Count   %     Size   % Cumulative  % Referrers by Kind (class / dict of class)
     0     27  71     9264  75      9264  75 types.FrameType
     1      8  21     2390  19     11654  94 list
     2      1   3      400   3     12054  98 <Nothing>
     3      1   3      184   1     12238  99 _io.TextIOWrapper
     4      1   3      104   1     12342 100 VariableState.VariableState

		Heap summary: largest referrer Partition of a set of 27 objects. Total size = 9264 bytes.
 Index  Count   %     Size   % Cumulative  % Kind (class / dict of class)
     0      9  33     5544  60      5544  60 types.FrameType
     1      9  33     3224  35      8768  95 set
     2      8  30      448   5      9216  99 list
     3      1   4       48   1      9264 100 VariableState.VariableState 


	Recursion depth 9
		Locations solved: 0
		Location_value_map id: 139805899514816
		Backwards_vals: - bytes
		Location_value_map: 64 bytes
		Final_vals: - bytes

		Heap summary: by type Partition of a set of 47 objects. Total size = 15093 bytes.
 Index  Count   %     Size   % Cumulative  % Kind (class / dict of class)
     0     11  23     6560  43      6560  43 types.FrameType
     1     10  21     3952  26     10512  70 set
     2     14  30     3677  24     14189  94 str
     3     10  21      752   5     14941  99 list
     4      1   2      104   1     15045 100 dict of VariableState.VariableState
     5      1   2       48   0     15093 100 VariableState.VariableState bytes

		Heap summary: by referrer Partition of a set of 48 objects. Total size = 15670 bytes.
 Index  Count   %     Size   % Cumulative  % Referrers by Kind (class / dict of class)
     0     30  62    10664  68     10664  68 types.FrameType
     1     15  31     4254  27     14918  95 list
     2      1   2      400   3     15318  98 <Nothing>
     3      1   2      248   2     15566  99 _io.TextIOWrapper
     4      1   2      104   1     15670 100 VariableState.VariableState

		Heap summary: largest referrer Partition of a set of 30 objects. Total size = 10664 bytes.
 Index  Count   %     Size   % Cumulative  % Kind (class / dict of class)
     0     10  33     6160  58      6160  58 types.FrameType
     1     10  33     3952  37     10112  95 set
     2      9  30      504   5     10616 100 list
     3      1   3       48   0     10664 100 VariableState.VariableState 


	Recursion depth 10
		Locations solved: 0
		Location_value_map id: 139805899514816
		Backwards_vals: - bytes
		Location_value_map: 64 bytes
		Final_vals: - bytes

		Heap summary: by type Partition of a set of 57 objects. Total size = 18423 bytes.
 Index  Count   %     Size   % Cumulative  % Kind (class / dict of class)
     0     12  21     7176  39      7176  39 types.FrameType
     1     21  37     5543  30     12719  69 str
     2     11  19     4680  25     17399  94 set
     3     11  19      872   5     18271  99 list
     4      1   2      104   1     18375 100 dict of VariableState.VariableState
     5      1   2       48   0     18423 100 VariableState.VariableState bytes

		Heap summary: by referrer Partition of a set of 58 objects. Total size = 19000 bytes.
 Index  Count   %     Size   % Cumulative  % Referrers by Kind (class / dict of class)
     0     33  57    12064  63     12064  63 types.FrameType
     1     22  38     6120  32     18184  96 list
     2      1   2      400   2     18584  98 <Nothing>
     3      1   2      312   2     18896  99 _io.TextIOWrapper
     4      1   2      104   1     19000 100 VariableState.VariableState

		Heap summary: largest referrer Partition of a set of 33 objects. Total size = 12064 bytes.
 Index  Count   %     Size   % Cumulative  % Kind (class / dict of class)
     0     11  33     6776  56      6776  56 types.FrameType
     1     11  33     4680  39     11456  95 set
     2     10  30      560   5     12016 100 list
     3      1   3       48   0     12064 100 VariableState.VariableState 


	Recursion depth 11
		Locations solved: 0
		Location_value_map id: 139805899514816
		Backwards_vals: - bytes
		Location_value_map: 64 bytes
		Final_vals: - bytes

		Heap summary: by type Partition of a set of 67 objects. Total size = 21753 bytes.
 Index  Count   %     Size   % Cumulative  % Kind (class / dict of class)
     0     13  19     7792  36      7792  36 types.FrameType
     1     28  42     7409  34     15201  70 str
     2     12  18     5408  25     20609  95 set
     3     12  18      992   5     21601  99 list
     4      1   1      104   0     21705 100 dict of VariableState.VariableState
     5      1   1       48   0     21753 100 VariableState.VariableState bytes

		Heap summary: by referrer Partition of a set of 68 objects. Total size = 22330 bytes.
 Index  Count   %     Size   % Cumulative  % Referrers by Kind (class / dict of class)
     0     36  53    13464  60     13464  60 types.FrameType
     1     29  43     7986  36     21450  96 list
     2      1   1      400   2     21850  98 <Nothing>
     3      1   1      376   2     22226 100 _io.TextIOWrapper
     4      1   1      104   0     22330 100 VariableState.VariableState

		Heap summary: largest referrer Partition of a set of 36 objects. Total size = 13464 bytes.
 Index  Count   %     Size   % Cumulative  % Kind (class / dict of class)
     0     12  33     7392  55      7392  55 types.FrameType
     1     12  33     5408  40     12800  95 set
     2     11  31      616   5     13416 100 list
     3      1   3       48   0     13464 100 VariableState.VariableState 


	Recursion depth 12
		Locations solved: 0
		Location_value_map id: 139805899514816
		Backwards_vals: - bytes
		Location_value_map: 64 bytes
		Final_vals: - bytes

		Heap summary: by type Partition of a set of 77 objects. Total size = 25115 bytes.
 Index  Count   %     Size   % Cumulative  % Kind (class / dict of class)
     0     35  45     9275  37      9275  37 str
     1     14  18     8408  33     17683  70 types.FrameType
     2     13  17     6136  24     23819  95 set
     3     13  17     1144   5     24963  99 list
     4      1   1      104   0     25067 100 dict of VariableState.VariableState
     5      1   1       48   0     25115 100 VariableState.VariableState bytes

		Heap summary: by referrer Partition of a set of 42 objects. Total size = 15945 bytes.
 Index  Count   %     Size   % Cumulative  % Referrers by Kind (class / dict of class)
     0     39  93    14864  93     14864  93 types.FrameType
     1      1   2      577   4     15441  97 _io.TextIOWrapper
     2      1   2      400   3     15841  99 <Nothing>
     3      1   2      104   1     15945 100 VariableState.VariableState

		Heap summary: largest referrer Partition of a set of 39 objects. Total size = 14864 bytes.
 Index  Count   %     Size   % Cumulative  % Kind (class / dict of class)
     0     13  33     8008  54      8008  54 types.FrameType
     1     13  33     6136  41     14144  95 set
     2     12  31      672   5     14816 100 list
     3      1   3       48   0     14864 100 VariableState.VariableState 


	Recursion depth 13
		Locations solved: 0
		Location_value_map id: 139805899514816
		Backwards_vals: - bytes
		Location_value_map: 64 bytes
		Final_vals: - bytes

		Heap summary: by type Partition of a set of 52 objects. Total size = 18768 bytes.
 Index  Count   %     Size   % Cumulative  % Kind (class / dict of class)
     0     15  29     9024  48      9024  48 types.FrameType
     1     14  27     6864  37     15888  85 set
     2      7  13     1816  10     17704  94 str
     3     14  27      912   5     18616  99 list
     4      1   2      104   1     18720 100 dict of VariableState.VariableState
     5      1   2       48   0     18768 100 VariableState.VariableState bytes

		Heap summary: by referrer Partition of a set of 53 objects. Total size = 19345 bytes.
 Index  Count   %     Size   % Cumulative  % Referrers by Kind (class / dict of class)
     0     42  79    16264  84     16264  84 types.FrameType
     1      8  15     2393  12     18657  96 list
     2      1   2      400   2     19057  99 <Nothing>
     3      1   2      184   1     19241  99 _io.TextIOWrapper
     4      1   2      104   1     19345 100 VariableState.VariableState

		Heap summary: largest referrer Partition of a set of 42 objects. Total size = 16264 bytes.
 Index  Count   %     Size   % Cumulative  % Kind (class / dict of class)
     0     14  33     8624  53      8624  53 types.FrameType
     1     14  33     6864  42     15488  95 set
     2     13  31      728   4     16216 100 list
     3      1   2       48   0     16264 100 VariableState.VariableState 


	Recursion depth 14
		Locations solved: 0
		Location_value_map id: 139805899514816
		Backwards_vals: - bytes
		Location_value_map: 64 bytes
		Final_vals: - bytes

		Heap summary: by type Partition of a set of 62 objects. Total size = 22098 bytes.
 Index  Count   %     Size   % Cumulative  % Kind (class / dict of class)
     0     16  26     9640  44      9640  44 types.FrameType
     1     15  24     7592  34     17232  78 set
     2     14  23     3682  17     20914  95 str
     3     15  24     1032   5     21946  99 list
     4      1   2      104   0     22050 100 dict of VariableState.VariableState
     5      1   2       48   0     22098 100 VariableState.VariableState bytes

		Heap summary: by referrer Partition of a set of 63 objects. Total size = 22675 bytes.
 Index  Count   %     Size   % Cumulative  % Referrers by Kind (class / dict of class)
     0     45  71    17664  78     17664  78 types.FrameType
     1     15  24     4259  19     21923  97 list
     2      1   2      400   2     22323  98 <Nothing>
     3      1   2      248   1     22571 100 _io.TextIOWrapper
     4      1   2      104   0     22675 100 VariableState.VariableState

		Heap summary: largest referrer Partition of a set of 45 objects. Total size = 17664 bytes.
 Index  Count   %     Size   % Cumulative  % Kind (class / dict of class)
     0     15  33     9240  52      9240  52 types.FrameType
     1     15  33     7592  43     16832  95 set
     2     14  31      784   4     17616 100 list
     3      1   2       48   0     17664 100 VariableState.VariableState 


	Recursion depth 15
		Locations solved: 0
		Location_value_map id: 139805899514816
		Backwards_vals: - bytes
		Location_value_map: 64 bytes
		Final_vals: - bytes

		Heap summary: by type Partition of a set of 72 objects. Total size = 25428 bytes.
 Index  Count   %     Size   % Cumulative  % Kind (class / dict of class)
     0     17  24    10256  40     10256  40 types.FrameType
     1     16  22     8320  33     18576  73 set
     2     21  29     5548  22     24124  95 str
     3     16  22     1152   5     25276  99 list
     4      1   1      104   0     25380 100 dict of VariableState.VariableState
     5      1   1       48   0     25428 100 VariableState.VariableState bytes

		Heap summary: by referrer Partition of a set of 73 objects. Total size = 26005 bytes.
 Index  Count   %     Size   % Cumulative  % Referrers by Kind (class / dict of class)
     0     48  66    19064  73     19064  73 types.FrameType
     1     22  30     6125  24     25189  97 list
     2      1   1      400   2     25589  98 <Nothing>
     3      1   1      312   1     25901 100 _io.TextIOWrapper
     4      1   1      104   0     26005 100 VariableState.VariableState

		Heap summary: largest referrer Partition of a set of 48 objects. Total size = 19064 bytes.
 Index  Count   %     Size   % Cumulative  % Kind (class / dict of class)
     0     16  33     9856  52      9856  52 types.FrameType
     1     16  33     8320  44     18176  95 set
     2     15  31      840   4     19016 100 list
     3      1   2       48   0     19064 100 VariableState.VariableState 


	Recursion depth 16
		Locations solved: 0
		Location_value_map id: 139805899514816
		Backwards_vals: - bytes
		Location_value_map: 64 bytes
		Final_vals: - bytes

		Heap summary: by type Partition of a set of 82 objects. Total size = 28758 bytes.
 Index  Count   %     Size   % Cumulative  % Kind (class / dict of class)
     0     18  22    10872  38     10872  38 types.FrameType
     1     17  21     9048  31     19920  69 set
     2     28  34     7414  26     27334  95 str
     3     17  21     1272   4     28606  99 list
     4      1   1      104   0     28710 100 dict of VariableState.VariableState
     5      1   1       48   0     28758 100 VariableState.VariableState bytes

		Heap summary: by referrer Partition of a set of 83 objects. Total size = 29335 bytes.
 Index  Count   %     Size   % Cumulative  % Referrers by Kind (class / dict of class)
     0     51  61    20464  70     20464  70 types.FrameType
     1     29  35     7991  27     28455  97 list
     2      1   1      400   1     28855  98 <Nothing>
     3      1   1      376   1     29231 100 _io.TextIOWrapper
     4      1   1      104   0     29335 100 VariableState.VariableState

		Heap summary: largest referrer Partition of a set of 51 objects. Total size = 20464 bytes.
 Index  Count   %     Size   % Cumulative  % Kind (class / dict of class)
     0     17  33    10472  51     10472  51 types.FrameType
     1     17  33     9048  44     19520  95 set
     2     16  31      896   4     20416 100 list
     3      1   2       48   0     20464 100 VariableState.VariableState 


	Recursion depth 17
		Locations solved: 0
		Location_value_map id: 139805899514816
		Backwards_vals: - bytes
		Location_value_map: 64 bytes
		Final_vals: - bytes

		Heap summary: by type Partition of a set of 92 objects. Total size = 32632 bytes.
 Index  Count   %     Size   % Cumulative  % Kind (class / dict of class)
     0     19  21    11488  35     11488  35 types.FrameType
     1     18  20    10288  32     21776  67 set
     2     35  38     9280  28     31056  95 str
     3     18  20     1424   4     32480 100 list
     4      1   1      104   0     32584 100 dict of VariableState.VariableState
     5      1   1       48   0     32632 100 VariableState.VariableState bytes

		Heap summary: by referrer Partition of a set of 57 objects. Total size = 23457 bytes.
 Index  Count   %     Size   % Cumulative  % Referrers by Kind (class / dict of class)
     0     54  95    22376  95     22376  95 types.FrameType
     1      1   2      577   2     22953  98 _io.TextIOWrapper
     2      1   2      400   2     23353 100 <Nothing>
     3      1   2      104   0     23457 100 VariableState.VariableState

		Heap summary: largest referrer Partition of a set of 54 objects. Total size = 22376 bytes.
 Index  Count   %     Size   % Cumulative  % Kind (class / dict of class)
     0     18  33    11088  50     11088  50 types.FrameType
     1     18  33    10288  46     21376  96 set
     2     17  31      952   4     22328 100 list
     3      1   2       48   0     22376 100 VariableState.VariableState 


	Recursion depth 18
		Locations solved: 0
		Location_value_map id: 139805899514816
		Backwards_vals: - bytes
		Location_value_map: 64 bytes
		Final_vals: - bytes

		Heap summary: by type Partition of a set of 67 objects. Total size = 26792 bytes.
 Index  Count   %     Size   % Cumulative  % Kind (class / dict of class)
     0     20  30    12104  45     12104  45 types.FrameType
     1     19  28    11528  43     23632  88 set
     2      7  10     1816   7     25448  95 str
     3     19  28     1192   4     26640  99 list
     4      1   1      104   0     26744 100 dict of VariableState.VariableState
     5      1   1       48   0     26792 100 VariableState.VariableState bytes

		Heap summary: by referrer Partition of a set of 68 objects. Total size = 27369 bytes.
 Index  Count   %     Size   % Cumulative  % Referrers by Kind (class / dict of class)
     0     57  84    24288  89     24288  89 types.FrameType
     1      8  12     2393   9     26681  97 list
     2      1   1      400   1     27081  99 <Nothing>
     3      1   1      184   1     27265 100 _io.TextIOWrapper
     4      1   1      104   0     27369 100 VariableState.VariableState

		Heap summary: largest referrer Partition of a set of 57 objects. Total size = 24288 bytes.
 Index  Count   %     Size   % Cumulative  % Kind (class / dict of class)
     0     19  33    11704  48     11704  48 types.FrameType
     1     19  33    11528  47     23232  96 set
     2     18  32     1008   4     24240 100 list
     3      1   2       48   0     24288 100 VariableState.VariableState 


	Recursion depth 19
		Locations solved: 0
		Location_value_map id: 139805899514816
		Backwards_vals: - bytes
		Location_value_map: 64 bytes
		Final_vals: - bytes

		Heap summary: by type Partition of a set of 77 objects. Total size = 30634 bytes.
 Index  Count   %     Size   % Cumulative  % Kind (class / dict of class)
     0     20  26    12768  42     12768  42 set
     1     21  27    12720  42     25488  83 types.FrameType
     2     14  18     3682  12     29170  95 str
     3     20  26     1312   4     30482 100 list
     4      1   1      104   0     30586 100 dict of VariableState.VariableState
     5      1   1       48   0     30634 100 VariableState.VariableState bytes

		Heap summary: by referrer Partition of a set of 78 objects. Total size = 31211 bytes.
 Index  Count   %     Size   % Cumulative  % Referrers by Kind (class / dict of class)
     0     60  77    26200  84     26200  84 types.FrameType
     1     15  19     4259  14     30459  98 list
     2      1   1      400   1     30859  99 <Nothing>
     3      1   1      248   1     31107 100 _io.TextIOWrapper
     4      1   1      104   0     31211 100 VariableState.VariableState

		Heap summary: largest referrer Partition of a set of 60 objects. Total size = 26200 bytes.
 Index  Count   %     Size   % Cumulative  % Kind (class / dict of class)
     0     20  33    12768  49     12768  49 set
     1     20  33    12320  47     25088  96 types.FrameType
     2     19  32     1064   4     26152 100 list
     3      1   2       48   0     26200 100 VariableState.VariableState 


	Recursion depth 20
		Locations solved: 0
		Location_value_map id: 139805899514816
		Backwards_vals: - bytes
		Location_value_map: 64 bytes
		Final_vals: - bytes

		Heap summary: by type Partition of a set of 87 objects. Total size = 34476 bytes.
 Index  Count   %     Size   % Cumulative  % Kind (class / dict of class)
     0     21  24    14008  41     14008  41 set
     1     22  25    13336  39     27344  79 types.FrameType
     2     21  24     5548  16     32892  95 str
     3     21  24     1432   4     34324 100 list
     4      1   1      104   0     34428 100 dict of VariableState.VariableState
     5      1   1       48   0     34476 100 VariableState.VariableState bytes

		Heap summary: by referrer Partition of a set of 88 objects. Total size = 35053 bytes.
 Index  Count   %     Size   % Cumulative  % Referrers by Kind (class / dict of class)
     0     63  72    28112  80     28112  80 types.FrameType
     1     22  25     6125  17     34237  98 list
     2      1   1      400   1     34637  99 <Nothing>
     3      1   1      312   1     34949 100 _io.TextIOWrapper
     4      1   1      104   0     35053 100 VariableState.VariableState

		Heap summary: largest referrer Partition of a set of 63 objects. Total size = 28112 bytes.
 Index  Count   %     Size   % Cumulative  % Kind (class / dict of class)
     0     21  33    14008  50     14008  50 set
     1     21  33    12936  46     26944  96 types.FrameType
     2     20  32     1120   4     28064 100 list
     3      1   2       48   0     28112 100 VariableState.VariableState 


	Recursion depth 21
		Locations solved: 0
		Location_value_map id: 139805899514816
		Backwards_vals: - bytes
		Location_value_map: 64 bytes
		Final_vals: - bytes

		Heap summary: by type Partition of a set of 97 objects. Total size = 38318 bytes.
 Index  Count   %     Size   % Cumulative  % Kind (class / dict of class)
     0     22  23    15248  40     15248  40 set
     1     23  24    13952  36     29200  76 types.FrameType
     2     28  29     7414  19     36614  96 str
     3     22  23     1552   4     38166 100 list
     4      1   1      104   0     38270 100 dict of VariableState.VariableState
     5      1   1       48   0     38318 100 VariableState.VariableState bytes

		Heap summary: by referrer Partition of a set of 98 objects. Total size = 38895 bytes.
 Index  Count   %     Size   % Cumulative  % Referrers by Kind (class / dict of class)
     0     66  67    30024  77     30024  77 types.FrameType
     1     29  30     7991  21     38015  98 list
     2      1   1      400   1     38415  99 <Nothing>
     3      1   1      376   1     38791 100 _io.TextIOWrapper
     4      1   1      104   0     38895 100 VariableState.VariableState

		Heap summary: largest referrer Partition of a set of 66 objects. Total size = 30024 bytes.
 Index  Count   %     Size   % Cumulative  % Kind (class / dict of class)
     0     22  33    15248  51     15248  51 set
     1     22  33    13552  45     28800  96 types.FrameType
     2     21  32     1176   4     29976 100 list
     3      1   2       48   0     30024 100 VariableState.VariableState 


	Recursion depth 22
		Locations solved: 0
		Location_value_map id: 139805899514816
		Backwards_vals: - bytes
		Location_value_map: 64 bytes
		Final_vals: - bytes

		Heap summary: by type Partition of a set of 107 objects. Total size = 42192 bytes.
 Index  Count   %     Size   % Cumulative  % Kind (class / dict of class)
     0     23  21    16488  39     16488  39 set
     1     24  22    14568  35     31056  74 types.FrameType
     2     35  33     9280  22     40336  96 str
     3     23  21     1704   4     42040 100 list
     4      1   1      104   0     42144 100 dict of VariableState.VariableState
     5      1   1       48   0     42192 100 VariableState.VariableState bytes

		Heap summary: by referrer Partition of a set of 72 objects. Total size = 33018 bytes.
 Index  Count   %     Size   % Cumulative  % Referrers by Kind (class / dict of class)
     0     69  96    31936  97     31936  97 types.FrameType
     1      1   1      578   2     32514  98 _io.TextIOWrapper
     2      1   1      400   1     32914 100 <Nothing>
     3      1   1      104   0     33018 100 VariableState.VariableState

		Heap summary: largest referrer Partition of a set of 69 objects. Total size = 31936 bytes.
 Index  Count   %     Size   % Cumulative  % Kind (class / dict of class)
     0     23  33    16488  52     16488  52 set
     1     23  33    14168  44     30656  96 types.FrameType
     2     22  32     1232   4     31888 100 list
     3      1   1       48   0     31936 100 VariableState.VariableState 


	Recursion depth 23
		Locations solved: 0
		Location_value_map id: 139805899514816
		Backwards_vals: - bytes
		Location_value_map: 64 bytes
		Final_vals: - bytes

		Heap summary: by type Partition of a set of 82 objects. Total size = 36353 bytes.
 Index  Count   %     Size   % Cumulative  % Kind (class / dict of class)
     0     24  29    17728  49     17728  49 set
     1     25  30    15184  42     32912  91 types.FrameType
     2      7   9     1817   5     34729  96 str
     3     24  29     1472   4     36201 100 list
     4      1   1      104   0     36305 100 dict of VariableState.VariableState
     5      1   1       48   0     36353 100 VariableState.VariableState bytes

		Heap summary: by referrer Partition of a set of 83 objects. Total size = 36930 bytes.
 Index  Count   %     Size   % Cumulative  % Referrers by Kind (class / dict of class)
     0     72  87    33848  92     33848  92 types.FrameType
     1      8  10     2394   6     36242  98 list
     2      1   1      400   1     36642  99 <Nothing>
     3      1   1      184   0     36826 100 _io.TextIOWrapper
     4      1   1      104   0     36930 100 VariableState.VariableState

		Heap summary: largest referrer Partition of a set of 72 objects. Total size = 33848 bytes.
 Index  Count   %     Size   % Cumulative  % Kind (class / dict of class)
     0     24  33    17728  52     17728  52 set
     1     24  33    14784  44     32512  96 types.FrameType
     2     23  32     1288   4     33800 100 list
     3      1   1       48   0     33848 100 VariableState.VariableState 


	Recursion depth 24
		Locations solved: 0
		Location_value_map id: 139805899514816
		Backwards_vals: - bytes
		Location_value_map: 64 bytes
		Final_vals: - bytes

		Heap summary: by type Partition of a set of 92 objects. Total size = 40195 bytes.
 Index  Count   %     Size   % Cumulative  % Kind (class / dict of class)
     0     25  27    18968  47     18968  47 set
     1     26  28    15800  39     34768  86 types.FrameType
     2     14  15     3683   9     38451  96 str
     3     25  27     1592   4     40043 100 list
     4      1   1      104   0     40147 100 dict of VariableState.VariableState
     5      1   1       48   0     40195 100 VariableState.VariableState bytes

		Heap summary: by referrer Partition of a set of 93 objects. Total size = 40772 bytes.
 Index  Count   %     Size   % Cumulative  % Referrers by Kind (class / dict of class)
     0     75  81    35760  88     35760  88 types.FrameType
     1     15  16     4260  10     40020  98 list
     2      1   1      400   1     40420  99 <Nothing>
     3      1   1      248   1     40668 100 _io.TextIOWrapper
     4      1   1      104   0     40772 100 VariableState.VariableState

		Heap summary: largest referrer Partition of a set of 75 objects. Total size = 35760 bytes.
 Index  Count   %     Size   % Cumulative  % Kind (class / dict of class)
     0     25  33    18968  53     18968  53 set
     1     25  33    15400  43     34368  96 types.FrameType
     2     24  32     1344   4     35712 100 list
     3      1   1       48   0     35760 100 VariableState.VariableState 


	Recursion depth 25
		Locations solved: 0
		Location_value_map id: 139805899514816
		Backwards_vals: - bytes
		Location_value_map: 64 bytes
		Final_vals: - bytes

		Heap summary: by type Partition of a set of 102 objects. Total size = 44037 bytes.
 Index  Count   %     Size   % Cumulative  % Kind (class / dict of class)
     0     26  25    20208  46     20208  46 set
     1     27  26    16416  37     36624  83 types.FrameType
     2     21  21     5549  13     42173  96 str
     3     26  25     1712   4     43885 100 list
     4      1   1      104   0     43989 100 dict of VariableState.VariableState
     5      1   1       48   0     44037 100 VariableState.VariableState bytes

		Heap summary: by referrer Partition of a set of 103 objects. Total size = 44615 bytes.
 Index  Count   %     Size   % Cumulative  % Referrers by Kind (class / dict of class)
     0     78  76    37672  84     37672  84 types.FrameType
     1     22  21     6127  14     43799  98 list
     2      1   1      400   1     44199  99 <Nothing>
     3      1   1      312   1     44511 100 _io.TextIOWrapper
     4      1   1      104   0     44615 100 VariableState.VariableState

		Heap summary: largest referrer Partition of a set of 78 objects. Total size = 37672 bytes.
 Index  Count   %     Size   % Cumulative  % Kind (class / dict of class)
     0     26  33    20208  54     20208  54 set
     1     26  33    16016  43     36224  96 types.FrameType
     2     25  32     1400   4     37624 100 list
     3      1   1       48   0     37672 100 VariableState.VariableState 


	Recursion depth 24
		Locations solved: 1
		Location_value_map id: 139805899514816
		Backwards_vals: - bytes
		Location_value_map: 352 bytes
		Final_vals: - bytes

		Heap summary: by type Partition of a set of 109 objects. Total size = 45410 bytes.
 Index  Count   %     Size   % Cumulative  % Kind (class / dict of class)
     0     26  24    20208  45     20208  45 set
     1     26  24    15800  35     36008  79 types.FrameType
     2     28  26     7418  16     43426  96 str
     3     27  25     1832   4     45258 100 list
     4      1   1      104   0     45362 100 dict of VariableState.VariableState
     5      1   1       48   0     45410 100 VariableState.VariableState bytes

		Heap summary: by referrer Partition of a set of 110 objects. Total size = 45988 bytes.
 Index  Count   %     Size   % Cumulative  % Referrers by Kind (class / dict of class)
     0     77  70    37056  81     37056  81 types.FrameType
     1     29  26     7996  17     45052  98 list
     2      1   1      400   1     45452  99 <Nothing>
     3      1   1      376   1     45828 100 _io.TextIOWrapper
     4      1   1      104   0     45932 100 VariableState.VariableState
     5      1   1       56   0     45988 100 dict (no owner), types.FrameType

		Heap summary: largest referrer Partition of a set of 77 objects. Total size = 37056 bytes.
 Index  Count   %     Size   % Cumulative  % Kind (class / dict of class)
     0     26  34    20208  55     20208  55 set
     1     25  32    15400  42     35608  96 types.FrameType
     2     25  32     1400   4     37008 100 list
     3      1   1       48   0     37056 100 VariableState.VariableState 


	Recursion depth 23
		Locations solved: 2
		Location_value_map id: 139805899514816
		Backwards_vals: - bytes
		Location_value_map: 472 bytes
		Final_vals: - bytes

		Heap summary: by type Partition of a set of 114 objects. Total size = 45597 bytes.
 Index  Count   %     Size   % Cumulative  % Kind (class / dict of class)
     0     25  22    18968  42     18968  42 set
     1     25  22    15184  33     34152  75 types.FrameType
     2     35  31     9365  21     43517  95 str
     3     27  24     1928   4     45445 100 list
     4      1   1      104   0     45549 100 dict of VariableState.VariableState
     5      1   1       48   0     45597 100 VariableState.VariableState bytes

		Heap summary: by referrer Partition of a set of 79 objects. Total size = 36338 bytes.
 Index  Count   %     Size   % Cumulative  % Referrers by Kind (class / dict of class)
     0     74  94    35144  97     35144  97 types.FrameType
     1      1   1      578   2     35722  98 _io.TextIOWrapper
     2      1   1      400   1     36122  99 <Nothing>
     3      1   1      104   0     36226 100 VariableState.VariableState
     4      1   1       56   0     36282 100 dict (no owner)
     5      1   1       56   0     36338 100 dict (no owner), types.FrameType

		Heap summary: largest referrer Partition of a set of 74 objects. Total size = 35144 bytes.
 Index  Count   %     Size   % Cumulative  % Kind (class / dict of class)
     0     25  34    18968  54     18968  54 set
     1     24  32    14784  42     33752  96 types.FrameType
     2     24  32     1344   4     35096 100 list
     3      1   1       48   0     35144 100 VariableState.VariableState 


	Recursion depth 22
		Locations solved: 3
		Location_value_map id: 139805899514816
		Backwards_vals: - bytes
		Location_value_map: 592 bytes
		Final_vals: - bytes

		Heap summary: by type Partition of a set of 84 objects. Total size = 36045 bytes.
 Index  Count   %     Size   % Cumulative  % Kind (class / dict of class)
     0     24  29    17728  49     17728  49 set
     1     24  29    14568  40     32296  90 types.FrameType
     2      7   8     1957   5     34253  95 str
     3     27  32     1640   5     35893 100 list
     4      1   1      104   0     35997 100 dict of VariableState.VariableState
     5      1   1       48   0     36045 100 VariableState.VariableState bytes

		Heap summary: by referrer Partition of a set of 85 objects. Total size = 36622 bytes.
 Index  Count   %     Size   % Cumulative  % Referrers by Kind (class / dict of class)
     0     71  84    33232  91     33232  91 types.FrameType
     1      8   9     2534   7     35766  98 list
     2      1   1      400   1     36166  99 <Nothing>
     3      1   1      184   1     36350  99 _io.TextIOWrapper
     4      2   2      112   0     36462 100 dict (no owner)
     5      1   1      104   0     36566 100 VariableState.VariableState
     6      1   1       56   0     36622 100 dict (no owner), types.FrameType

		Heap summary: largest referrer Partition of a set of 71 objects. Total size = 33232 bytes.
 Index  Count   %     Size   % Cumulative  % Kind (class / dict of class)
     0     24  34    17728  53     17728  53 set
     1     23  32    14168  43     31896  96 types.FrameType
     2     23  32     1288   4     33184 100 list
     3      1   1       48   0     33232 100 VariableState.VariableState 


	Recursion depth 21
		Locations solved: 4
		Location_value_map id: 139805899514816
		Backwards_vals: - bytes
		Location_value_map: 712 bytes
		Final_vals: - bytes

		Heap summary: by type Partition of a set of 89 objects. Total size = 36259 bytes.
 Index  Count   %     Size   % Cumulative  % Kind (class / dict of class)
     0     23  26    16488  45     16488  45 set
     1     23  26    13952  38     30440  84 types.FrameType
     2     14  16     3963  11     34403  95 str
     3     27  30     1704   5     36107 100 list
     4      1   1      104   0     36211 100 dict of VariableState.VariableState
     5      1   1       48   0     36259 100 VariableState.VariableState bytes

		Heap summary: by referrer Partition of a set of 90 objects. Total size = 36836 bytes.
 Index  Count   %     Size   % Cumulative  % Referrers by Kind (class / dict of class)
     0     68  76    31320  85     31320  85 types.FrameType
     1     15  17     4540  12     35860  97 list
     2      1   1      400   1     36260  98 <Nothing>
     3      1   1      248   1     36508  99 _io.TextIOWrapper
     4      3   3      168   0     36676 100 dict (no owner)
     5      1   1      104   0     36780 100 VariableState.VariableState
     6      1   1       56   0     36836 100 dict (no owner), types.FrameType

		Heap summary: largest referrer Partition of a set of 68 objects. Total size = 31320 bytes.
 Index  Count   %     Size   % Cumulative  % Kind (class / dict of class)
     0     23  34    16488  53     16488  53 set
     1     22  32    13552  43     30040  96 types.FrameType
     2     22  32     1232   4     31272 100 list
     3      1   1       48   0     31320 100 VariableState.VariableState 


	Recursion depth 20
		Locations solved: 5
		Location_value_map id: 139805899514816
		Backwards_vals: - bytes
		Location_value_map: 832 bytes
		Final_vals: - bytes

		Heap summary: by type Partition of a set of 94 objects. Total size = 36473 bytes.
 Index  Count   %     Size   % Cumulative  % Kind (class / dict of class)
     0     22  23    15248  42     15248  42 set
     1     22  23    13336  37     28584  78 types.FrameType
     2     21  22     5969  16     34553  95 str
     3     27  29     1768   5     36321 100 list
     4      1   1      104   0     36425 100 dict of VariableState.VariableState
     5      1   1       48   0     36473 100 VariableState.VariableState bytes

		Heap summary: by referrer Partition of a set of 95 objects. Total size = 37050 bytes.
 Index  Count   %     Size   % Cumulative  % Referrers by Kind (class / dict of class)
     0     65  68    29408  79     29408  79 types.FrameType
     1     22  23     6546  18     35954  97 list
     2      1   1      400   1     36354  98 <Nothing>
     3      1   1      312   1     36666  99 _io.TextIOWrapper
     4      4   4      224   1     36890 100 dict (no owner)
     5      1   1      104   0     36994 100 VariableState.VariableState
     6      1   1       56   0     37050 100 dict (no owner), types.FrameType

		Heap summary: largest referrer Partition of a set of 65 objects. Total size = 29408 bytes.
 Index  Count   %     Size   % Cumulative  % Kind (class / dict of class)
     0     22  34    15248  52     15248  52 set
     1     21  32    12936  44     28184  96 types.FrameType
     2     21  32     1176   4     29360 100 list
     3      1   2       48   0     29408 100 VariableState.VariableState 


	Recursion depth 19
		Locations solved: 6
		Location_value_map id: 139805899514816
		Backwards_vals: - bytes
		Location_value_map: 1080 bytes
		Final_vals: - bytes

		Heap summary: by type Partition of a set of 99 objects. Total size = 36688 bytes.
 Index  Count   %     Size   % Cumulative  % Kind (class / dict of class)
     0     21  21    14008  38     14008  38 set
     1     21  21    12720  35     26728  73 types.FrameType
     2     28  28     7976  22     34704  95 str
     3     27  27     1832   5     36536 100 list
     4      1   1      104   0     36640 100 dict of VariableState.VariableState
     5      1   1       48   0     36688 100 VariableState.VariableState bytes

		Heap summary: by referrer Partition of a set of 100 objects. Total size = 37265 bytes.
 Index  Count   %     Size   % Cumulative  % Referrers by Kind (class / dict of class)
     0     62  62    27496  74     27496  74 types.FrameType
     1     29  29     8553  23     36049  97 list
     2      1   1      400   1     36449  98 <Nothing>
     3      1   1      376   1     36825  99 _io.TextIOWrapper
     4      5   5      280   1     37105 100 dict (no owner)
     5      1   1      104   0     37209 100 VariableState.VariableState
     6      1   1       56   0     37265 100 dict (no owner), types.FrameType

		Heap summary: largest referrer Partition of a set of 62 objects. Total size = 27496 bytes.
 Index  Count   %     Size   % Cumulative  % Kind (class / dict of class)
     0     21  34    14008  51     14008  51 set
     1     20  32    12320  45     26328  96 types.FrameType
     2     20  32     1120   4     27448 100 list
     3      1   2       48   0     27496 100 VariableState.VariableState 


	Recursion depth 18
		Locations solved: 7
		Location_value_map id: 139805899514816
		Backwards_vals: - bytes
		Location_value_map: 1201 bytes
		Final_vals: - bytes

		Heap summary: by type Partition of a set of 74 objects. Total size = 27364 bytes.
 Index  Count   %     Size   % Cumulative  % Kind (class / dict of class)
     0     20  27    12768  47     12768  47 set
     1     20  27    12104  44     24872  91 types.FrameType
     2     27  36     1576   6     26448  97 list
     3      5   7      764   3     27212  99 str
     4      1   1      104   0     27316 100 dict of VariableState.VariableState
     5      1   1       48   0     27364 100 VariableState.VariableState bytes

		Heap summary: by referrer Partition of a set of 75 objects. Total size = 27941 bytes.
 Index  Count   %     Size   % Cumulative  % Referrers by Kind (class / dict of class)
     0     59  79    25584  92     25584  92 types.FrameType
     1      6   8     1341   5     26925  96 list
     2      1   1      400   1     27325  98 <Nothing>
     3      6   8      336   1     27661  99 dict (no owner)
     4      1   1      120   0     27781  99 _io.TextIOWrapper
     5      1   1      104   0     27885 100 VariableState.VariableState
     6      1   1       56   0     27941 100 dict (no owner), types.FrameType

		Heap summary: largest referrer Partition of a set of 59 objects. Total size = 25584 bytes.
 Index  Count   %     Size   % Cumulative  % Kind (class / dict of class)
     0     20  34    12768  50     12768  50 set
     1     19  32    11704  46     24472  96 types.FrameType
     2     19  32     1064   4     25536 100 list
     3      1   2       48   0     25584 100 VariableState.VariableState 


	Recursion depth 17
		Locations solved: 8
		Location_value_map id: 139805899514816
		Backwards_vals: - bytes
		Location_value_map: 1322 bytes
		Final_vals: - bytes

		Heap summary: by type Partition of a set of 79 objects. Total size = 27579 bytes.
 Index  Count   %     Size   % Cumulative  % Kind (class / dict of class)
     0     19  24    11528  42     11528  42 set
     1     19  24    11488  42     23016  83 types.FrameType
     2     12  15     2771  10     25787  94 str
     3     27  34     1640   6     27427  99 list
     4      1   1      104   0     27531 100 dict of VariableState.VariableState
     5      1   1       48   0     27579 100 VariableState.VariableState bytes

		Heap summary: by referrer Partition of a set of 80 objects. Total size = 28220 bytes.
 Index  Count   %     Size   % Cumulative  % Referrers by Kind (class / dict of class)
     0     56  70    23672  84     23672  84 types.FrameType
     1     13  16     3348  12     27020  96 list
     2      1   1      400   1     27420  97 <Nothing>
     3      7   9      392   1     27812  99 dict (no owner)
     4      1   1      248   1     28060  99 _io.TextIOWrapper
     5      1   1      104   0     28164 100 VariableState.VariableState
     6      1   1       56   0     28220 100 dict (no owner), types.FrameType

		Heap summary: largest referrer Partition of a set of 56 objects. Total size = 23672 bytes.
 Index  Count   %     Size   % Cumulative  % Kind (class / dict of class)
     0     19  34    11528  49     11528  49 set
     1     18  32    11088  47     22616  96 types.FrameType
     2     18  32     1008   4     23624 100 list
     3      1   2       48   0     23672 100 VariableState.VariableState 


	Recursion depth 16
		Locations solved: 9
		Location_value_map id: 139805899514816
		Backwards_vals: - bytes
		Location_value_map: 1443 bytes
		Final_vals: - bytes

		Heap summary: by type Partition of a set of 84 objects. Total size = 27858 bytes.
 Index  Count   %     Size   % Cumulative  % Kind (class / dict of class)
     0     18  21    10872  39     10872  39 types.FrameType
     1     18  21    10288  37     21160  76 set
     2     19  23     4778  17     25938  93 str
     3     27  32     1768   6     27706  99 list
     4      1   1      104   0     27810 100 dict of VariableState.VariableState
     5      1   1       48   0     27858 100 VariableState.VariableState bytes

		Heap summary: by referrer Partition of a set of 85 objects. Total size = 28435 bytes.
 Index  Count   %     Size   % Cumulative  % Referrers by Kind (class / dict of class)
     0     53  62    21760  77     21760  77 types.FrameType
     1     20  24     5355  19     27115  95 list
     2      8   9      448   2     27563  97 dict (no owner)
     3      1   1      400   1     27963  98 <Nothing>
     4      1   1      312   1     28275  99 _io.TextIOWrapper
     5      1   1      104   0     28379 100 VariableState.VariableState
     6      1   1       56   0     28435 100 dict (no owner), types.FrameType

		Heap summary: largest referrer Partition of a set of 53 objects. Total size = 21760 bytes.
 Index  Count   %     Size   % Cumulative  % Kind (class / dict of class)
     0     17  32    10472  48     10472  48 types.FrameType
     1     18  34    10288  47     20760  95 set
     2     17  32      952   4     21712 100 list
     3      1   2       48   0     21760 100 VariableState.VariableState 


	Recursion depth 15
		Locations solved: 10
		Location_value_map id: 139805899514816
		Backwards_vals: - bytes
		Location_value_map: 1564 bytes
		Final_vals: - bytes

		Heap summary: by type Partition of a set of 89 objects. Total size = 28074 bytes.
 Index  Count   %     Size   % Cumulative  % Kind (class / dict of class)
     0     17  19    10256  37     10256  37 types.FrameType
     1     17  19     9048  32     19304  69 set
     2     26  29     6786  24     26090  93 str
     3     27  30     1832   7     27922  99 list
     4      1   1      104   0     28026 100 dict of VariableState.VariableState
     5      1   1       48   0     28074 100 VariableState.VariableState bytes

		Heap summary: by referrer Partition of a set of 90 objects. Total size = 28651 bytes.
 Index  Count   %     Size   % Cumulative  % Referrers by Kind (class / dict of class)
     0     50  56    19848  69     19848  69 types.FrameType
     1     27  30     7363  26     27211  95 list
     2      9  10      504   2     27715  97 dict (no owner)
     3      1   1      400   1     28115  98 <Nothing>
     4      1   1      376   1     28491  99 _io.TextIOWrapper
     5      1   1      104   0     28595 100 VariableState.VariableState
     6      1   1       56   0     28651 100 dict (no owner), types.FrameType

		Heap summary: largest referrer Partition of a set of 50 objects. Total size = 19848 bytes.
 Index  Count   %     Size   % Cumulative  % Kind (class / dict of class)
     0     16  32     9856  50      9856  50 types.FrameType
     1     17  34     9048  46     18904  95 set
     2     16  32      896   5     19800 100 list
     3      1   2       48   0     19848 100 VariableState.VariableState 


	Recursion depth 14
		Locations solved: 11
		Location_value_map id: 139805899514816
		Backwards_vals: - bytes
		Location_value_map: 1965 bytes
		Final_vals: - bytes

		Heap summary: by type Partition of a set of 94 objects. Total size = 28834 bytes.
 Index  Count   %     Size   % Cumulative  % Kind (class / dict of class)
     0     16  17     9640  33      9640  33 types.FrameType
     1     33  35     8794  30     18434  64 str
     2     16  17     8320  29     26754  93 set
     3     27  29     1928   7     28682  99 list
     4      1   1      104   0     28786 100 dict of VariableState.VariableState
     5      1   1       48   0     28834 100 VariableState.VariableState bytes

		Heap summary: by referrer Partition of a set of 95 objects. Total size = 29411 bytes.
 Index  Count   %     Size   % Cumulative  % Referrers by Kind (class / dict of class)
     0     47  49    18448  63     18448  63 types.FrameType
     1     34  36     9371  32     27819  95 list
     2     10  11      560   2     28379  96 dict (no owner)
     3      1   1      472   2     28851  98 _io.TextIOWrapper
     4      1   1      400   1     29251  99 <Nothing>
     5      1   1      104   0     29355 100 VariableState.VariableState
     6      1   1       56   0     29411 100 dict (no owner), types.FrameType

		Heap summary: largest referrer Partition of a set of 47 objects. Total size = 18448 bytes.
 Index  Count   %     Size   % Cumulative  % Kind (class / dict of class)
     0     15  32     9240  50      9240  50 types.FrameType
     1     16  34     8320  45     17560  95 set
     2     15  32      840   5     18400 100 list
     3      1   2       48   0     18448 100 VariableState.VariableState 


	Recursion depth 13
		Locations solved: 12
		Location_value_map id: 139805899514816
		Backwards_vals: - bytes
		Location_value_map: 2086 bytes
		Final_vals: - bytes

		Heap summary: by type Partition of a set of 65 objects. Total size = 19775 bytes.
 Index  Count   %     Size   % Cumulative  % Kind (class / dict of class)
     0     15  23     9024  46      9024  46 types.FrameType
     1     15  23     7592  38     16616  84 set
     2     27  42     1576   8     18192  92 list
     3      6   9     1431   7     19623  99 str
     4      1   2      104   1     19727 100 dict of VariableState.VariableState
     5      1   2       48   0     19775 100 VariableState.VariableState bytes

		Heap summary: by referrer Partition of a set of 66 objects. Total size = 20416 bytes.
 Index  Count   %     Size   % Cumulative  % Referrers by Kind (class / dict of class)
     0     44  67    17048  84     17048  84 types.FrameType
     1      7  11     2008  10     19056  93 list
     2     11  17      616   3     19672  96 dict (no owner)
     3      1   2      400   2     20072  98 <Nothing>
     4      1   2      184   1     20256  99 _io.TextIOWrapper
     5      1   2      104   1     20360 100 VariableState.VariableState
     6      1   2       56   0     20416 100 dict (no owner), types.FrameType

		Heap summary: largest referrer Partition of a set of 44 objects. Total size = 17048 bytes.
 Index  Count   %     Size   % Cumulative  % Kind (class / dict of class)
     0     14  32     8624  51      8624  51 types.FrameType
     1     15  34     7592  45     16216  95 set
     2     14  32      784   5     17000 100 list
     3      1   2       48   0     17048 100 VariableState.VariableState 


	Recursion depth 12
		Locations solved: 13
		Location_value_map id: 139805899514816
		Backwards_vals: - bytes
		Location_value_map: 2207 bytes
		Final_vals: - bytes

		Heap summary: by type Partition of a set of 70 objects. Total size = 20567 bytes.
 Index  Count   %     Size   % Cumulative  % Kind (class / dict of class)
     0     14  20     8408  41      8408  41 types.FrameType
     1     14  20     6864  33     15272  74 set
     2     13  19     3439  17     18711  91 str
     3     27  39     1704   8     20415  99 list
     4      1   1      104   1     20519 100 dict of VariableState.VariableState
     5      1   1       48   0     20567 100 VariableState.VariableState bytes

		Heap summary: by referrer Partition of a set of 71 objects. Total size = 21144 bytes.
 Index  Count   %     Size   % Cumulative  % Referrers by Kind (class / dict of class)
     0     41  58    15648  74     15648  74 types.FrameType
     1     14  20     4016  19     19664  93 list
     2     12  17      672   3     20336  96 dict (no owner)
     3      1   1      400   2     20736  98 <Nothing>
     4      1   1      248   1     20984  99 _io.TextIOWrapper
     5      1   1      104   0     21088 100 VariableState.VariableState
     6      1   1       56   0     21144 100 dict (no owner), types.FrameType

		Heap summary: largest referrer Partition of a set of 41 objects. Total size = 15648 bytes.
 Index  Count   %     Size   % Cumulative  % Kind (class / dict of class)
     0     13  32     8008  51      8008  51 types.FrameType
     1     14  34     6864  44     14872  95 set
     2     13  32      728   5     15600 100 list
     3      1   2       48   0     15648 100 VariableState.VariableState 


	Recursion depth 11
		Locations solved: 14
		Location_value_map id: 139805899514816
		Backwards_vals: - bytes
		Location_value_map: 2328 bytes
		Final_vals: - bytes

		Heap summary: by type Partition of a set of 75 objects. Total size = 21295 bytes.
 Index  Count   %     Size   % Cumulative  % Kind (class / dict of class)
     0     13  17     7792  37      7792  37 types.FrameType
     1     13  17     6136  29     13928  65 set
     2     20  27     5447  26     19375  91 str
     3     27  36     1768   8     21143  99 list
     4      1   1      104   0     21247 100 dict of VariableState.VariableState
     5      1   1       48   0     21295 100 VariableState.VariableState bytes

		Heap summary: by referrer Partition of a set of 76 objects. Total size = 21872 bytes.
 Index  Count   %     Size   % Cumulative  % Referrers by Kind (class / dict of class)
     0     38  50    14248  65     14248  65 types.FrameType
     1     21  28     6024  28     20272  93 list
     2     13  17      728   3     21000  96 dict (no owner)
     3      1   1      400   2     21400  98 <Nothing>
     4      1   1      312   1     21712  99 _io.TextIOWrapper
     5      1   1      104   0     21816 100 VariableState.VariableState
     6      1   1       56   0     21872 100 dict (no owner), types.FrameType

		Heap summary: largest referrer Partition of a set of 38 objects. Total size = 14248 bytes.
 Index  Count   %     Size   % Cumulative  % Kind (class / dict of class)
     0     12  32     7392  52      7392  52 types.FrameType
     1     13  34     6136  43     13528  95 set
     2     12  32      672   5     14200 100 list
     3      1   3       48   0     14248 100 VariableState.VariableState 


	Recursion depth 10
		Locations solved: 15
		Location_value_map id: 139805899514816
		Backwards_vals: - bytes
		Location_value_map: 2449 bytes
		Final_vals: - bytes

		Heap summary: by type Partition of a set of 80 objects. Total size = 22023 bytes.
 Index  Count   %     Size   % Cumulative  % Kind (class / dict of class)
     0     27  34     7455  34      7455  34 str
     1     12  15     7176  33     14631  66 types.FrameType
     2     12  15     5408  25     20039  91 set
     3     27  34     1832   8     21871  99 list
     4      1   1      104   0     21975 100 dict of VariableState.VariableState
     5      1   1       48   0     22023 100 VariableState.VariableState bytes

		Heap summary: by referrer Partition of a set of 81 objects. Total size = 22600 bytes.
 Index  Count   %     Size   % Cumulative  % Referrers by Kind (class / dict of class)
     0     35  43    12848  57     12848  57 types.FrameType
     1     28  35     8032  36     20880  92 list
     2     14  17      784   3     21664  96 dict (no owner)
     3      1   1      400   2     22064  98 <Nothing>
     4      1   1      376   2     22440  99 _io.TextIOWrapper
     5      1   1      104   0     22544 100 VariableState.VariableState
     6      1   1       56   0     22600 100 dict (no owner), types.FrameType

		Heap summary: largest referrer Partition of a set of 35 objects. Total size = 12848 bytes.
 Index  Count   %     Size   % Cumulative  % Kind (class / dict of class)
     0     11  31     6776  53      6776  53 types.FrameType
     1     12  34     5408  42     12184  95 set
     2     11  31      616   5     12800 100 list
     3      1   3       48   0     12848 100 VariableState.VariableState 


	Recursion depth 9
		Locations solved: 16
		Location_value_map id: 139805899514816
		Backwards_vals: - bytes
		Location_value_map: 2570 bytes
		Final_vals: - bytes

		Heap summary: by type Partition of a set of 85 objects. Total size = 22782 bytes.
 Index  Count   %     Size   % Cumulative  % Kind (class / dict of class)
     0     34  40     9462  42      9462  42 str
     1     11  13     6560  29     16022  70 types.FrameType
     2     11  13     4680  21     20702  91 set
     3     27  32     1928   8     22630  99 list
     4      1   1      104   0     22734 100 dict of VariableState.VariableState
     5      1   1       48   0     22782 100 VariableState.VariableState bytes

		Heap summary: by referrer Partition of a set of 51 objects. Total size = 13425 bytes.
 Index  Count   %     Size   % Cumulative  % Referrers by Kind (class / dict of class)
     0     32  63    11448  85     11448  85 types.FrameType
     1     15  29      840   6     12288  92 dict (no owner)
     2      1   2      577   4     12865  96 _io.TextIOWrapper
     3      1   2      400   3     13265  99 <Nothing>
     4      1   2      104   1     13369 100 VariableState.VariableState
     5      1   2       56   0     13425 100 dict (no owner), types.FrameType

		Heap summary: largest referrer Partition of a set of 32 objects. Total size = 11448 bytes.
 Index  Count   %     Size   % Cumulative  % Kind (class / dict of class)
     0     10  31     6160  54      6160  54 types.FrameType
     1     11  34     4680  41     10840  95 set
     2     10  31      560   5     11400 100 list
     3      1   3       48   0     11448 100 VariableState.VariableState 


	Recursion depth 8
		Locations solved: 17
		Location_value_map id: 139805899514816
		Backwards_vals: - bytes
		Location_value_map: 2691 bytes
		Final_vals: - bytes

		Heap summary: by type Partition of a set of 56 objects. Total size = 13645 bytes.
 Index  Count   %     Size   % Cumulative  % Kind (class / dict of class)
     0     10  18     5944  44      5944  44 types.FrameType
     1     10  18     3952  29      9896  73 set
     2      7  12     1957  14     11853  87 str
     3     27  48     1640  12     13493  99 list
     4      1   2      104   1     13597 100 dict of VariableState.VariableState
     5      1   2       48   0     13645 100 VariableState.VariableState bytes

		Heap summary: by referrer Partition of a set of 57 objects. Total size = 14222 bytes.
 Index  Count   %     Size   % Cumulative  % Referrers by Kind (class / dict of class)
     0     29  51    10048  71     10048  71 types.FrameType
     1      8  14     2534  18     12582  88 list
     2     16  28      896   6     13478  95 dict (no owner)
     3      1   2      400   3     13878  98 <Nothing>
     4      1   2      184   1     14062  99 _io.TextIOWrapper
     5      1   2      104   1     14166 100 VariableState.VariableState
     6      1   2       56   0     14222 100 dict (no owner), types.FrameType

		Heap summary: largest referrer Partition of a set of 29 objects. Total size = 10048 bytes.
 Index  Count   %     Size   % Cumulative  % Kind (class / dict of class)
     0      9  31     5544  55      5544  55 types.FrameType
     1     10  34     3952  39      9496  95 set
     2      9  31      504   5     10000 100 list
     3      1   3       48   0     10048 100 VariableState.VariableState 


	Recursion depth 7
		Locations solved: 18
		Location_value_map id: 139805899514816
		Backwards_vals: - bytes
		Location_value_map: 2812 bytes
		Final_vals: - bytes

		Heap summary: by type Partition of a set of 61 objects. Total size = 14372 bytes.
 Index  Count   %     Size   % Cumulative  % Kind (class / dict of class)
     0      9  15     5328  37      5328  37 types.FrameType
     1     14  23     3964  28      9292  65 str
     2      9  15     3224  22     12516  87 set
     3     27  44     1704  12     14220  99 list
     4      1   2      104   1     14324 100 dict of VariableState.VariableState
     5      1   2       48   0     14372 100 VariableState.VariableState bytes

		Heap summary: by referrer Partition of a set of 62 objects. Total size = 14949 bytes.
 Index  Count   %     Size   % Cumulative  % Referrers by Kind (class / dict of class)
     0     26  42     8648  58      8648  58 types.FrameType
     1     15  24     4541  30     13189  88 list
     2     17  27      952   6     14141  95 dict (no owner)
     3      1   2      400   3     14541  97 <Nothing>
     4      1   2      248   2     14789  99 _io.TextIOWrapper
     5      1   2      104   1     14893 100 VariableState.VariableState
     6      1   2       56   0     14949 100 dict (no owner), types.FrameType

		Heap summary: largest referrer Partition of a set of 26 objects. Total size = 8648 bytes.
 Index  Count   %     Size   % Cumulative  % Kind (class / dict of class)
     0      8  31     4928  57      4928  57 types.FrameType
     1      9  35     3224  37      8152  94 set
     2      8  31      448   5      8600  99 list
     3      1   4       48   1      8648 100 VariableState.VariableState 


	Recursion depth 6
		Locations solved: 19
		Location_value_map id: 139805899514816
		Backwards_vals: - bytes
		Location_value_map: 2933 bytes
		Final_vals: - bytes

		Heap summary: by type Partition of a set of 66 objects. Total size = 15354 bytes.
 Index  Count   %     Size   % Cumulative  % Kind (class / dict of class)
     0     21  32     5970  39      5970  39 str
     1      8  12     4712  31     10682  70 types.FrameType
     2      8  12     2752  18     13434  87 set
     3     27  41     1768  12     15202  99 list
     4      1   2      104   1     15306 100 dict of VariableState.VariableState
     5      1   2       48   0     15354 100 VariableState.VariableState bytes

		Heap summary: by referrer Partition of a set of 67 objects. Total size = 15931 bytes.
 Index  Count   %     Size   % Cumulative  % Referrers by Kind (class / dict of class)
     0     23  34     7504  47      7504  47 types.FrameType
     1     22  33     6547  41     14051  88 list
     2     18  27     1008   6     15059  95 dict (no owner)
     3      1   1      400   3     15459  97 <Nothing>
     4      1   1      312   2     15771  99 _io.TextIOWrapper
     5      1   1      104   1     15875 100 VariableState.VariableState
     6      1   1       56   0     15931 100 dict (no owner), types.FrameType

		Heap summary: largest referrer Partition of a set of 23 objects. Total size = 7504 bytes.
 Index  Count   %     Size   % Cumulative  % Kind (class / dict of class)
     0      7  30     4312  57      4312  57 types.FrameType
     1      8  35     2752  37      7064  94 set
     2      7  30      392   5      7456  99 list
     3      1   4       48   1      7504 100 VariableState.VariableState 


	Recursion depth 5
		Locations solved: 20
		Location_value_map id: 139805899514816
		Backwards_vals: - bytes
		Location_value_map: 3054 bytes
		Final_vals: - bytes

		Heap summary: by type Partition of a set of 71 objects. Total size = 16336 bytes.
 Index  Count   %     Size   % Cumulative  % Kind (class / dict of class)
     0     28  39     7976  49      7976  49 str
     1      7  10     4096  25     12072  74 types.FrameType
     2      7  10     2280  14     14352  88 set
     3     27  38     1832  11     16184  99 list
     4      1   1      104   1     16288 100 dict of VariableState.VariableState
     5      1   1       48   0     16336 100 VariableState.VariableState bytes

		Heap summary: by referrer Partition of a set of 72 objects. Total size = 16913 bytes.
 Index  Count   %     Size   % Cumulative  % Referrers by Kind (class / dict of class)
     0     29  40     8553  51      8553  51 list
     1     20  28     6360  38     14913  88 types.FrameType
     2     19  26     1064   6     15977  94 dict (no owner)
     3      1   1      400   2     16377  97 <Nothing>
     4      1   1      376   2     16753  99 _io.TextIOWrapper
     5      1   1      104   1     16857 100 VariableState.VariableState
     6      1   1       56   0     16913 100 dict (no owner), types.FrameType

		Heap summary: largest referrer Partition of a set of 30 objects. Total size = 9219 bytes.
 Index  Count   %     Size   % Cumulative  % Kind (class / dict of class)
     0     30 100     9219 100      9219 100 str 


	Recursion depth 4
		Locations solved: 21
		Location_value_map id: 139805899514816
		Backwards_vals: - bytes
		Location_value_map: 3175 bytes
		Final_vals: - bytes

		Heap summary: by type Partition of a set of 44 objects. Total size = 7260 bytes.
 Index  Count   %     Size   % Cumulative  % Kind (class / dict of class)
     0      6  14     3480  48      3480  48 types.FrameType
     1      6  14     1808  25      5288  73 set
     2     27  61     1576  22      6864  95 list
     3      3   7      244   3      7108  98 str
     4      1   2      104   1      7212  99 dict of VariableState.VariableState
     5      1   2       48   1      7260 100 VariableState.VariableState bytes

		Heap summary: by referrer Partition of a set of 45 objects. Total size = 7836 bytes.
 Index  Count   %     Size   % Cumulative  % Referrers by Kind (class / dict of class)
     0     17  38     5216  67      5216  67 types.FrameType
     1     20  44     1120  14      6336  81 dict (no owner)
     2      4   9      820  10      7156  91 list
     3      1   2      400   5      7556  96 <Nothing>
     4      1   2      120   2      7676  98 _io.TextIOWrapper
     5      1   2      104   1      7780  99 VariableState.VariableState
     6      1   2       56   1      7836 100 dict (no owner), types.FrameType

		Heap summary: largest referrer Partition of a set of 17 objects. Total size = 5216 bytes.
 Index  Count   %     Size   % Cumulative  % Kind (class / dict of class)
     0      5  29     3080  59      3080  59 types.FrameType
     1      6  35     1808  35      4888  94 set
     2      5  29      280   5      5168  99 list
     3      1   6       48   1      5216 100 VariableState.VariableState 


	Recursion depth 3
		Locations solved: 22
		Location_value_map id: 139805899514816
		Backwards_vals: - bytes
		Location_value_map: 3832 bytes
		Final_vals: - bytes

		Heap summary: by type Partition of a set of 49 objects. Total size = 7984 bytes.
 Index  Count   %     Size   % Cumulative  % Kind (class / dict of class)
     0      5  10     2864  36      2864  36 types.FrameType
     1     10  20     2248  28      5112  64 str
     2     27  55     1640  21      6752  85 list
     3      5  10     1080  14      7832  98 set
     4      1   2      104   1      7936  99 dict of VariableState.VariableState
     5      1   2       48   1      7984 100 VariableState.VariableState bytes

		Heap summary: by referrer Partition of a set of 50 objects. Total size = 8560 bytes.
 Index  Count   %     Size   % Cumulative  % Referrers by Kind (class / dict of class)
     0     14  28     3816  45      3816  45 types.FrameType
     1     11  22     2824  33      6640  78 list
     2     21  42     1176  14      7816  91 dict (no owner)
     3      1   2      400   5      8216  96 <Nothing>
     4      1   2      184   2      8400  98 _io.TextIOWrapper
     5      1   2      104   1      8504  99 VariableState.VariableState
     6      1   2       56   1      8560 100 dict (no owner), types.FrameType

		Heap summary: largest referrer Partition of a set of 14 objects. Total size = 3816 bytes.
 Index  Count   %     Size   % Cumulative  % Kind (class / dict of class)
     0      4  29     2464  65      2464  65 types.FrameType
     1      5  36     1080  28      3544  93 set
     2      4  29      224   6      3768  99 list
     3      1   7       48   1      3816 100 VariableState.VariableState 


	Recursion depth 2
		Locations solved: 23
		Location_value_map id: 139805899514816
		Backwards_vals: - bytes
		Location_value_map: 3953 bytes
		Final_vals: - bytes

		Heap summary: by type Partition of a set of 54 objects. Total size = 9220 bytes.
 Index  Count   %     Size   % Cumulative  % Kind (class / dict of class)
     0     17  31     4252  46      4252  46 str
     1      4   7     2248  24      6500  70 types.FrameType
     2     27  50     1704  18      8204  89 list
     3      4   7      864   9      9068  98 set
     4      1   2      104   1      9172  99 dict of VariableState.VariableState
     5      1   2       48   1      9220 100 VariableState.VariableState bytes

		Heap summary: by referrer Partition of a set of 55 objects. Total size = 9796 bytes.
 Index  Count   %     Size   % Cumulative  % Referrers by Kind (class / dict of class)
     0     18  33     4828  49      4828  49 list
     1     11  20     2928  30      7756  79 types.FrameType
     2     22  40     1232  13      8988  92 dict (no owner)
     3      1   2      400   4      9388  96 <Nothing>
     4      1   2      248   3      9636  98 _io.TextIOWrapper
     5      1   2      104   1      9740  99 VariableState.VariableState
     6      1   2       56   1      9796 100 dict (no owner), types.FrameType

		Heap summary: largest referrer Partition of a set of 19 objects. Total size = 5493 bytes.
 Index  Count   %     Size   % Cumulative  % Kind (class / dict of class)
     0     19 100     5493 100      5493 100 str 


	Recursion depth 1
		Locations solved: 24
		Location_value_map id: 139805899514816
		Backwards_vals: - bytes
		Location_value_map: 4074 bytes
		Final_vals: - bytes

		Heap summary: by type Partition of a set of 59 objects. Total size = 10272 bytes.
 Index  Count   %     Size   % Cumulative  % Kind (class / dict of class)
     0     24  41     6072  59      6072  59 str
     1     27  46     1768  17      7840  76 list
     2      3   5     1632  16      9472  92 types.FrameType
     3      3   5      648   6     10120  99 set
     4      1   2      104   1     10224 100 dict of VariableState.VariableState
     5      1   2       48   0     10272 100 VariableState.VariableState bytes

		Heap summary: by referrer Partition of a set of 60 objects. Total size = 10913 bytes.
 Index  Count   %     Size   % Cumulative  % Referrers by Kind (class / dict of class)
     0     25  42     6649  61      6649  61 list
     1      8  13     2040  19      8689  80 types.FrameType
     2     23  38     1288  12      9977  91 dict (no owner)
     3      1   2      400   4     10377  95 <Nothing>
     4      1   2      376   3     10753  99 _io.TextIOWrapper
     5      1   2      104   1     10857  99 VariableState.VariableState
     6      1   2       56   1     10913 100 dict (no owner), types.FrameType

		Heap summary: largest referrer Partition of a set of 26 objects. Total size = 7315 bytes.
 Index  Count   %     Size   % Cumulative  % Kind (class / dict of class)
     0     26 100     7315 100      7315 100 str 


	Recursion depth 0
		Locations solved: 25
		Location_value_map id: 139805899514816
		Backwards_vals: - bytes
		Location_value_map: 4195 bytes
		Final_vals: - bytes

		Heap summary: by type Partition of a set of 64 objects. Total size = 11422 bytes.
 Index  Count   %     Size   % Cumulative  % Kind (class / dict of class)
     0     31  48     7894  69      7894  69 str
     1     27  42     1928  17      9822  86 list
     2      2   3     1016   9     10838  95 types.FrameType
     3      2   3      432   4     11270  99 set
     4      1   2      104   1     11374 100 dict of VariableState.VariableState
     5      1   2       48   0     11422 100 VariableState.VariableState bytes

		Heap summary: by referrer Partition of a set of 65 objects. Total size = 11999 bytes.
 Index  Count   %     Size   % Cumulative  % Referrers by Kind (class / dict of class)
     0     32  49     8471  71      8471  71 list
     1     24  37     1344  11      9815  82 dict (no owner)
     2      5   8     1152  10     10967  91 types.FrameType
     3      1   2      472   4     11439  95 _io.TextIOWrapper
     4      1   2      400   3     11839  99 <Nothing>
     5      1   2      104   1     11943 100 VariableState.VariableState
     6      1   2       56   0     11999 100 dict (no owner), types.FrameType

		Heap summary: largest referrer Partition of a set of 33 objects. Total size = 9137 bytes.
 Index  Count   %     Size   % Cumulative  % Kind (class / dict of class)
     0     33 100     9137 100      9137 100 str 


Target location 4 of 8
Evaluating possibilities...
	Recursion depth 0
		Locations solved: 0
		Location_value_map id: 139805889849408
		Backwards_vals: - bytes
		Location_value_map: 64 bytes
		Final_vals: - bytes

		Heap summary: by type Partition of a set of 5 objects. Total size = 1384 bytes.
 Index  Count   %     Size   % Cumulative  % Kind (class / dict of class)
     0      2  40     1016  73      1016  73 types.FrameType
     1      1  20      216  16      1232  89 set
     2      1  20      104   8      1336  97 dict of VariableState.VariableState
     3      1  20       48   3      1384 100 VariableState.VariableState bytes

		Heap summary: by referrer Partition of a set of 7 objects. Total size = 1932 bytes.
 Index  Count   %     Size   % Cumulative  % Referrers by Kind (class / dict of class)
     0      3  43      880  46       880  46 types.FrameType
     1      1  14      476  25      1356  70 list
     2      1  14      400  21      1756  91 <Nothing>
     3      1  14      104   5      1860  96 VariableState.VariableState
     4      1  14       72   4      1932 100 _io.TextIOWrapper

		Heap summary: largest referrer Partition of a set of 2 objects. Total size = 1001 bytes.
 Index  Count   %     Size   % Cumulative  % Kind (class / dict of class)
     0      2 100     1001 100      1001 100 str 


	Recursion depth 1
		Locations solved: 0
		Location_value_map id: 139805889849408
		Backwards_vals: - bytes
		Location_value_map: 64 bytes
		Final_vals: - bytes

		Heap summary: by type Partition of a set of 16 objects. Total size = 4032 bytes.
 Index  Count   %     Size   % Cumulative  % Kind (class / dict of class)
     0      3  19     1632  40      1632  40 types.FrameType
     1      7  44     1576  39      3208  80 str
     2      2  12      432  11      3640  90 set
     3      2  12      240   6      3880  96 list
     4      1   6      104   3      3984  99 dict of VariableState.VariableState
     5      1   6       48   1      4032 100 VariableState.VariableState bytes

		Heap summary: by referrer Partition of a set of 17 objects. Total size = 4608 bytes.
 Index  Count   %     Size   % Cumulative  % Referrers by Kind (class / dict of class)
     0      8  47     2152  47      2152  47 list
     1      6  35     1768  38      3920  85 types.FrameType
     2      1   6      400   9      4320  94 <Nothing>
     3      1   6      184   4      4504  98 _io.TextIOWrapper
     4      1   6      104   2      4608 100 VariableState.VariableState

		Heap summary: largest referrer Partition of a set of 9 objects. Total size = 2678 bytes.
 Index  Count   %     Size   % Cumulative  % Kind (class / dict of class)
     0      9 100     2678 100      2678 100 str 


	Recursion depth 2
		Locations solved: 0
		Location_value_map id: 139805889849408
		Backwards_vals: - bytes
		Location_value_map: 64 bytes
		Final_vals: - bytes

		Heap summary: by type Partition of a set of 26 objects. Total size = 6661 bytes.
 Index  Count   %     Size   % Cumulative  % Kind (class / dict of class)
     0     14  54     3253  49      3253  49 str
     1      4  15     2248  34      5501  83 types.FrameType
     2      3  12      648  10      6149  92 set
     3      3  12      360   5      6509  98 list
     4      1   4      104   2      6613  99 dict of VariableState.VariableState
     5      1   4       48   1      6661 100 VariableState.VariableState bytes

		Heap summary: by referrer Partition of a set of 27 objects. Total size = 7237 bytes.
 Index  Count   %     Size   % Cumulative  % Referrers by Kind (class / dict of class)
     0     15  56     3829  53      3829  53 list
     1      9  33     2656  37      6485  90 types.FrameType
     2      1   4      400   6      6885  95 <Nothing>
     3      1   4      248   3      7133  99 _io.TextIOWrapper
     4      1   4      104   1      7237 100 VariableState.VariableState

		Heap summary: largest referrer Partition of a set of 16 objects. Total size = 4355 bytes.
 Index  Count   %     Size   % Cumulative  % Kind (class / dict of class)
     0     16 100     4355 100      4355 100 str 


	Recursion depth 3
		Locations solved: 0
		Location_value_map id: 139805889849408
		Backwards_vals: - bytes
		Location_value_map: 64 bytes
		Final_vals: - bytes

		Heap summary: by type Partition of a set of 36 objects. Total size = 9291 bytes.
 Index  Count   %     Size   % Cumulative  % Kind (class / dict of class)
     0     21  58     4931  53      4931  53 str
     1      5  14     2864  31      7795  84 types.FrameType
     2      4  11      864   9      8659  93 set
     3      4  11      480   5      9139  98 list
     4      1   3      104   1      9243  99 dict of VariableState.VariableState
     5      1   3       48   1      9291 100 VariableState.VariableState bytes

		Heap summary: by referrer Partition of a set of 37 objects. Total size = 9867 bytes.
 Index  Count   %     Size   % Cumulative  % Referrers by Kind (class / dict of class)
     0     22  59     5507  56      5507  56 list
     1     12  32     3544  36      9051  92 types.FrameType
     2      1   3      400   4      9451  96 <Nothing>
     3      1   3      312   3      9763  99 _io.TextIOWrapper
     4      1   3      104   1      9867 100 VariableState.VariableState

		Heap summary: largest referrer Partition of a set of 23 objects. Total size = 6033 bytes.
 Index  Count   %     Size   % Cumulative  % Kind (class / dict of class)
     0     23 100     6033 100      6033 100 str 


	Recursion depth 4
		Locations solved: 0
		Location_value_map id: 139805889849408
		Backwards_vals: - bytes
		Location_value_map: 64 bytes
		Final_vals: - bytes

		Heap summary: by type Partition of a set of 46 objects. Total size = 11921 bytes.
 Index  Count   %     Size   % Cumulative  % Kind (class / dict of class)
     0     28  61     6609  55      6609  55 str
     1      6  13     3480  29     10089  85 types.FrameType
     2      5  11     1080   9     11169  94 set
     3      5  11      600   5     11769  99 list
     4      1   2      104   1     11873 100 dict of VariableState.VariableState
     5      1   2       48   0     11921 100 VariableState.VariableState bytes

		Heap summary: by referrer Partition of a set of 47 objects. Total size = 12498 bytes.
 Index  Count   %     Size   % Cumulative  % Referrers by Kind (class / dict of class)
     0     29  62     7186  57      7186  57 list
     1     15  32     4432  35     11618  93 types.FrameType
     2      1   2      400   3     12018  96 <Nothing>
     3      1   2      376   3     12394  99 _io.TextIOWrapper
     4      1   2      104   1     12498 100 VariableState.VariableState

		Heap summary: largest referrer Partition of a set of 30 objects. Total size = 7713 bytes.
 Index  Count   %     Size   % Cumulative  % Kind (class / dict of class)
     0     30 100     7713 100      7713 100 str 


	Recursion depth 5
		Locations solved: 0
		Location_value_map id: 139805889849408
		Backwards_vals: - bytes
		Location_value_map: 64 bytes
		Final_vals: - bytes

		Heap summary: by type Partition of a set of 56 objects. Total size = 15097 bytes.
 Index  Count   %     Size   % Cumulative  % Kind (class / dict of class)
     0     35  62     8289  55      8289  55 str
     1      7  12     4096  27     12385  82 types.FrameType
     2      6  11     1808  12     14193  94 set
     3      6  11      752   5     14945  99 list
     4      1   2      104   1     15049 100 dict of VariableState.VariableState
     5      1   2       48   0     15097 100 VariableState.VariableState bytes

		Heap summary: by referrer Partition of a set of 57 objects. Total size = 15674 bytes.
 Index  Count   %     Size   % Cumulative  % Referrers by Kind (class / dict of class)
     0     36  63     8866  57      8866  57 list
     1     18  32     5832  37     14698  94 types.FrameType
     2      1   2      472   3     15170  97 _io.TextIOWrapper
     3      1   2      400   3     15570  99 <Nothing>
     4      1   2      104   1     15674 100 VariableState.VariableState

		Heap summary: largest referrer Partition of a set of 37 objects. Total size = 9393 bytes.
 Index  Count   %     Size   % Cumulative  % Kind (class / dict of class)
     0     37 100     9393 100      9393 100 str 


	Recursion depth 6
		Locations solved: 0
		Location_value_map id: 139805889849408
		Backwards_vals: - bytes
		Location_value_map: 64 bytes
		Final_vals: - bytes

		Heap summary: by type Partition of a set of 25 objects. Total size = 7632 bytes.
 Index  Count   %     Size   % Cumulative  % Kind (class / dict of class)
     0      8  32     4712  62      4712  62 types.FrameType
     1      7  28     2280  30      6992  92 set
     2      7  28      408   5      7400  97 list
     3      1   4      104   1      7504  98 dict of VariableState.VariableState
     4      1   4       80   1      7584  99 str
     5      1   4       48   1      7632 100 VariableState.VariableState bytes

		Heap summary: by referrer Partition of a set of 26 objects. Total size = 8256 bytes.
 Index  Count   %     Size   % Cumulative  % Referrers by Kind (class / dict of class)
     0     21  81     6976  84      6976  84 types.FrameType
     1      2   8      656   8      7632  92 list
     2      1   4      400   5      8032  97 <Nothing>
     3      1   4      120   1      8152  99 _io.TextIOWrapper
     4      1   4      104   1      8256 100 VariableState.VariableState

		Heap summary: largest referrer Partition of a set of 21 objects. Total size = 6976 bytes.
 Index  Count   %     Size   % Cumulative  % Kind (class / dict of class)
     0      7  33     4312  62      4312  62 types.FrameType
     1      7  33     2280  33      6592  94 set
     2      6  29      336   5      6928  99 list
     3      1   5       48   1      6976 100 VariableState.VariableState 


	Recursion depth 7
		Locations solved: 0
		Location_value_map id: 139805889849408
		Backwards_vals: - bytes
		Location_value_map: 64 bytes
		Final_vals: - bytes

		Heap summary: by type Partition of a set of 35 objects. Total size = 10750 bytes.
 Index  Count   %     Size   % Cumulative  % Kind (class / dict of class)
     0      9  26     5328  50      5328  50 types.FrameType
     1      8  23     2752  26      8080  75 set
     2      8  23     1942  18     10022  93 str
     3      8  23      576   5     10598  99 list
     4      1   3      104   1     10702 100 dict of VariableState.VariableState
     5      1   3       48   0     10750 100 VariableState.VariableState bytes

		Heap summary: by referrer Partition of a set of 36 objects. Total size = 11327 bytes.
 Index  Count   %     Size   % Cumulative  % Referrers by Kind (class / dict of class)
     0     24  67     8120  72      8120  72 types.FrameType
     1      9  25     2519  22     10639  94 list
     2      1   3      400   4     11039  97 <Nothing>
     3      1   3      184   2     11223  99 _io.TextIOWrapper
     4      1   3      104   1     11327 100 VariableState.VariableState

		Heap summary: largest referrer Partition of a set of 24 objects. Total size = 8120 bytes.
 Index  Count   %     Size   % Cumulative  % Kind (class / dict of class)
     0      8  33     4928  61      4928  61 types.FrameType
     1      8  33     2752  34      7680  95 set
     2      7  29      392   5      8072  99 list
     3      1   4       48   1      8120 100 VariableState.VariableState 


	Recursion depth 8
		Locations solved: 0
		Location_value_map id: 139805889849408
		Backwards_vals: - bytes
		Location_value_map: 64 bytes
		Final_vals: - bytes

		Heap summary: by type Partition of a set of 45 objects. Total size = 13822 bytes.
 Index  Count   %     Size   % Cumulative  % Kind (class / dict of class)
     0     10  22     5944  43      5944  43 types.FrameType
     1     15  33     3806  28      9750  71 str
     2      9  20     3224  23     12974  94 set
     3      9  20      696   5     13670  99 list
     4      1   2      104   1     13774 100 dict of VariableState.VariableState
     5      1   2       48   0     13822 100 VariableState.VariableState bytes

		Heap summary: by referrer Partition of a set of 46 objects. Total size = 14399 bytes.
 Index  Count   %     Size   % Cumulative  % Referrers by Kind (class / dict of class)
     0     27  59     9264  64      9264  64 types.FrameType
     1     16  35     4383  30     13647  95 list
     2      1   2      400   3     14047  98 <Nothing>
     3      1   2      248   2     14295  99 _io.TextIOWrapper
     4      1   2      104   1     14399 100 VariableState.VariableState

		Heap summary: largest referrer Partition of a set of 27 objects. Total size = 9264 bytes.
 Index  Count   %     Size   % Cumulative  % Kind (class / dict of class)
     0      9  33     5544  60      5544  60 types.FrameType
     1      9  33     3224  35      8768  95 set
     2      8  30      448   5      9216  99 list
     3      1   4       48   1      9264 100 VariableState.VariableState 


	Recursion depth 9
		Locations solved: 0
		Location_value_map id: 139805889849408
		Backwards_vals: - bytes
		Location_value_map: 64 bytes
		Final_vals: - bytes

		Heap summary: by type Partition of a set of 55 objects. Total size = 17150 bytes.
 Index  Count   %     Size   % Cumulative  % Kind (class / dict of class)
     0     11  20     6560  38      6560  38 types.FrameType
     1     22  40     5670  33     12230  71 str
     2     10  18     3952  23     16182  94 set
     3     10  18      816   5     16998  99 list
     4      1   2      104   1     17102 100 dict of VariableState.VariableState
     5      1   2       48   0     17150 100 VariableState.VariableState bytes

		Heap summary: by referrer Partition of a set of 56 objects. Total size = 17727 bytes.
 Index  Count   %     Size   % Cumulative  % Referrers by Kind (class / dict of class)
     0     30  54    10664  60     10664  60 types.FrameType
     1     23  41     6247  35     16911  95 list
     2      1   2      400   2     17311  98 <Nothing>
     3      1   2      312   2     17623  99 _io.TextIOWrapper
     4      1   2      104   1     17727 100 VariableState.VariableState

		Heap summary: largest referrer Partition of a set of 30 objects. Total size = 10664 bytes.
 Index  Count   %     Size   % Cumulative  % Kind (class / dict of class)
     0     10  33     6160  58      6160  58 types.FrameType
     1     10  33     3952  37     10112  95 set
     2      9  30      504   5     10616 100 list
     3      1   3       48   0     10664 100 VariableState.VariableState 


	Recursion depth 10
		Locations solved: 0
		Location_value_map id: 139805889849408
		Backwards_vals: - bytes
		Location_value_map: 64 bytes
		Final_vals: - bytes

		Heap summary: by type Partition of a set of 65 objects. Total size = 20480 bytes.
 Index  Count   %     Size   % Cumulative  % Kind (class / dict of class)
     0     29  45     7536  37      7536  37 str
     1     12  18     7176  35     14712  72 types.FrameType
     2     11  17     4680  23     19392  95 set
     3     11  17      936   5     20328  99 list
     4      1   2      104   1     20432 100 dict of VariableState.VariableState
     5      1   2       48   0     20480 100 VariableState.VariableState bytes

		Heap summary: by referrer Partition of a set of 66 objects. Total size = 21057 bytes.
 Index  Count   %     Size   % Cumulative  % Referrers by Kind (class / dict of class)
     0     33  50    12064  57     12064  57 types.FrameType
     1     30  45     8113  39     20177  96 list
     2      1   2      400   2     20577  98 <Nothing>
     3      1   2      376   2     20953 100 _io.TextIOWrapper
     4      1   2      104   0     21057 100 VariableState.VariableState

		Heap summary: largest referrer Partition of a set of 33 objects. Total size = 12064 bytes.
 Index  Count   %     Size   % Cumulative  % Kind (class / dict of class)
     0     11  33     6776  56      6776  56 types.FrameType
     1     11  33     4680  39     11456  95 set
     2     10  30      560   5     12016 100 list
     3      1   3       48   0     12064 100 VariableState.VariableState 


	Recursion depth 11
		Locations solved: 0
		Location_value_map id: 139805889849408
		Backwards_vals: - bytes
		Location_value_map: 64 bytes
		Final_vals: - bytes

		Heap summary: by type Partition of a set of 75 objects. Total size = 23842 bytes.
 Index  Count   %     Size   % Cumulative  % Kind (class / dict of class)
     0     36  48     9402  39      9402  39 str
     1     13  17     7792  33     17194  72 types.FrameType
     2     12  16     5408  23     22602  95 set
     3     12  16     1088   5     23690  99 list
     4      1   1      104   0     23794 100 dict of VariableState.VariableState
     5      1   1       48   0     23842 100 VariableState.VariableState bytes

		Heap summary: by referrer Partition of a set of 39 objects. Total size = 14545 bytes.
 Index  Count   %     Size   % Cumulative  % Referrers by Kind (class / dict of class)
     0     36  92    13464  93     13464  93 types.FrameType
     1      1   3      577   4     14041  97 _io.TextIOWrapper
     2      1   3      400   3     14441  99 <Nothing>
     3      1   3      104   1     14545 100 VariableState.VariableState

		Heap summary: largest referrer Partition of a set of 36 objects. Total size = 13464 bytes.
 Index  Count   %     Size   % Cumulative  % Kind (class / dict of class)
     0     12  33     7392  55      7392  55 types.FrameType
     1     12  33     5408  40     12800  95 set
     2     11  31      616   5     13416 100 list
     3      1   3       48   0     13464 100 VariableState.VariableState 


	Recursion depth 12
		Locations solved: 0
		Location_value_map id: 139805889849408
		Backwards_vals: - bytes
		Location_value_map: 64 bytes
		Final_vals: - bytes

		Heap summary: by type Partition of a set of 49 objects. Total size = 17368 bytes.
 Index  Count   %     Size   % Cumulative  % Kind (class / dict of class)
     0     14  29     8408  48      8408  48 types.FrameType
     1     13  27     6136  35     14544  84 set
     2      7  14     1816  10     16360  94 str
     3     13  27      856   5     17216  99 list
     4      1   2      104   1     17320 100 dict of VariableState.VariableState
     5      1   2       48   0     17368 100 VariableState.VariableState bytes

		Heap summary: by referrer Partition of a set of 50 objects. Total size = 17945 bytes.
 Index  Count   %     Size   % Cumulative  % Referrers by Kind (class / dict of class)
     0     39  78    14864  83     14864  83 types.FrameType
     1      8  16     2393  13     17257  96 list
     2      1   2      400   2     17657  98 <Nothing>
     3      1   2      184   1     17841  99 _io.TextIOWrapper
     4      1   2      104   1     17945 100 VariableState.VariableState

		Heap summary: largest referrer Partition of a set of 39 objects. Total size = 14864 bytes.
 Index  Count   %     Size   % Cumulative  % Kind (class / dict of class)
     0     13  33     8008  54      8008  54 types.FrameType
     1     13  33     6136  41     14144  95 set
     2     12  31      672   5     14816 100 list
     3      1   3       48   0     14864 100 VariableState.VariableState 


	Recursion depth 13
		Locations solved: 0
		Location_value_map id: 139805889849408
		Backwards_vals: - bytes
		Location_value_map: 64 bytes
		Final_vals: - bytes

		Heap summary: by type Partition of a set of 59 objects. Total size = 20698 bytes.
 Index  Count   %     Size   % Cumulative  % Kind (class / dict of class)
     0     15  25     9024  44      9024  44 types.FrameType
     1     14  24     6864  33     15888  77 set
     2     14  24     3682  18     19570  95 str
     3     14  24      976   5     20546  99 list
     4      1   2      104   1     20650 100 dict of VariableState.VariableState
     5      1   2       48   0     20698 100 VariableState.VariableState bytes

		Heap summary: by referrer Partition of a set of 60 objects. Total size = 21275 bytes.
 Index  Count   %     Size   % Cumulative  % Referrers by Kind (class / dict of class)
     0     42  70    16264  76     16264  76 types.FrameType
     1     15  25     4259  20     20523  96 list
     2      1   2      400   2     20923  98 <Nothing>
     3      1   2      248   1     21171 100 _io.TextIOWrapper
     4      1   2      104   0     21275 100 VariableState.VariableState

		Heap summary: largest referrer Partition of a set of 42 objects. Total size = 16264 bytes.
 Index  Count   %     Size   % Cumulative  % Kind (class / dict of class)
     0     14  33     8624  53      8624  53 types.FrameType
     1     14  33     6864  42     15488  95 set
     2     13  31      728   4     16216 100 list
     3      1   2       48   0     16264 100 VariableState.VariableState 


	Recursion depth 14
		Locations solved: 0
		Location_value_map id: 139805889849408
		Backwards_vals: - bytes
		Location_value_map: 64 bytes
		Final_vals: - bytes

		Heap summary: by type Partition of a set of 69 objects. Total size = 24028 bytes.
 Index  Count   %     Size   % Cumulative  % Kind (class / dict of class)
     0     16  23     9640  40      9640  40 types.FrameType
     1     15  22     7592  32     17232  72 set
     2     21  30     5548  23     22780  95 str
     3     15  22     1096   5     23876  99 list
     4      1   1      104   0     23980 100 dict of VariableState.VariableState
     5      1   1       48   0     24028 100 VariableState.VariableState bytes

		Heap summary: by referrer Partition of a set of 70 objects. Total size = 24605 bytes.
 Index  Count   %     Size   % Cumulative  % Referrers by Kind (class / dict of class)
     0     45  64    17664  72     17664  72 types.FrameType
     1     22  31     6125  25     23789  97 list
     2      1   1      400   2     24189  98 <Nothing>
     3      1   1      312   1     24501 100 _io.TextIOWrapper
     4      1   1      104   0     24605 100 VariableState.VariableState

		Heap summary: largest referrer Partition of a set of 45 objects. Total size = 17664 bytes.
 Index  Count   %     Size   % Cumulative  % Kind (class / dict of class)
     0     15  33     9240  52      9240  52 types.FrameType
     1     15  33     7592  43     16832  95 set
     2     14  31      784   4     17616 100 list
     3      1   2       48   0     17664 100 VariableState.VariableState 


	Recursion depth 15
		Locations solved: 0
		Location_value_map id: 139805889849408
		Backwards_vals: - bytes
		Location_value_map: 64 bytes
		Final_vals: - bytes

		Heap summary: by type Partition of a set of 79 objects. Total size = 27358 bytes.
 Index  Count   %     Size   % Cumulative  % Kind (class / dict of class)
     0     17  22    10256  37     10256  37 types.FrameType
     1     16  20     8320  30     18576  68 set
     2     28  35     7414  27     25990  95 str
     3     16  20     1216   4     27206  99 list
     4      1   1      104   0     27310 100 dict of VariableState.VariableState
     5      1   1       48   0     27358 100 VariableState.VariableState bytes

		Heap summary: by referrer Partition of a set of 80 objects. Total size = 27935 bytes.
 Index  Count   %     Size   % Cumulative  % Referrers by Kind (class / dict of class)
     0     48  60    19064  68     19064  68 types.FrameType
     1     29  36     7991  29     27055  97 list
     2      1   1      400   1     27455  98 <Nothing>
     3      1   1      376   1     27831 100 _io.TextIOWrapper
     4      1   1      104   0     27935 100 VariableState.VariableState

		Heap summary: largest referrer Partition of a set of 48 objects. Total size = 19064 bytes.
 Index  Count   %     Size   % Cumulative  % Kind (class / dict of class)
     0     16  33     9856  52      9856  52 types.FrameType
     1     16  33     8320  44     18176  95 set
     2     15  31      840   4     19016 100 list
     3      1   2       48   0     19064 100 VariableState.VariableState 


	Recursion depth 16
		Locations solved: 0
		Location_value_map id: 139805889849408
		Backwards_vals: - bytes
		Location_value_map: 64 bytes
		Final_vals: - bytes

		Heap summary: by type Partition of a set of 89 objects. Total size = 30720 bytes.
 Index  Count   %     Size   % Cumulative  % Kind (class / dict of class)
     0     18  20    10872  35     10872  35 types.FrameType
     1     35  39     9280  30     20152  66 str
     2     17  19     9048  29     29200  95 set
     3     17  19     1368   4     30568 100 list
     4      1   1      104   0     30672 100 dict of VariableState.VariableState
     5      1   1       48   0     30720 100 VariableState.VariableState bytes

		Heap summary: by referrer Partition of a set of 54 objects. Total size = 21545 bytes.
 Index  Count   %     Size   % Cumulative  % Referrers by Kind (class / dict of class)
     0     51  94    20464  95     20464  95 types.FrameType
     1      1   2      577   3     21041  98 _io.TextIOWrapper
     2      1   2      400   2     21441 100 <Nothing>
     3      1   2      104   0     21545 100 VariableState.VariableState

		Heap summary: largest referrer Partition of a set of 51 objects. Total size = 20464 bytes.
 Index  Count   %     Size   % Cumulative  % Kind (class / dict of class)
     0     17  33    10472  51     10472  51 types.FrameType
     1     17  33     9048  44     19520  95 set
     2     16  31      896   4     20416 100 list
     3      1   2       48   0     20464 100 VariableState.VariableState 


	Recursion depth 17
		Locations solved: 0
		Location_value_map id: 139805889849408
		Backwards_vals: - bytes
		Location_value_map: 64 bytes
		Final_vals: - bytes

		Heap summary: by type Partition of a set of 64 objects. Total size = 24880 bytes.
 Index  Count   %     Size   % Cumulative  % Kind (class / dict of class)
     0     19  30    11488  46     11488  46 types.FrameType
     1     18  28    10288  41     21776  88 set
     2      7  11     1816   7     23592  95 str
     3     18  28     1136   5     24728  99 list
     4      1   2      104   0     24832 100 dict of VariableState.VariableState
     5      1   2       48   0     24880 100 VariableState.VariableState bytes

		Heap summary: by referrer Partition of a set of 65 objects. Total size = 25457 bytes.
 Index  Count   %     Size   % Cumulative  % Referrers by Kind (class / dict of class)
     0     54  83    22376  88     22376  88 types.FrameType
     1      8  12     2393   9     24769  97 list
     2      1   2      400   2     25169  99 <Nothing>
     3      1   2      184   1     25353 100 _io.TextIOWrapper
     4      1   2      104   0     25457 100 VariableState.VariableState

		Heap summary: largest referrer Partition of a set of 54 objects. Total size = 22376 bytes.
 Index  Count   %     Size   % Cumulative  % Kind (class / dict of class)
     0     18  33    11088  50     11088  50 types.FrameType
     1     18  33    10288  46     21376  96 set
     2     17  31      952   4     22328 100 list
     3      1   2       48   0     22376 100 VariableState.VariableState 


	Recursion depth 18
		Locations solved: 0
		Location_value_map id: 139805889849408
		Backwards_vals: - bytes
		Location_value_map: 64 bytes
		Final_vals: - bytes

		Heap summary: by type Partition of a set of 74 objects. Total size = 28722 bytes.
 Index  Count   %     Size   % Cumulative  % Kind (class / dict of class)
     0     20  27    12104  42     12104  42 types.FrameType
     1     19  26    11528  40     23632  82 set
     2     14  19     3682  13     27314  95 str
     3     19  26     1256   4     28570  99 list
     4      1   1      104   0     28674 100 dict of VariableState.VariableState
     5      1   1       48   0     28722 100 VariableState.VariableState bytes

		Heap summary: by referrer Partition of a set of 75 objects. Total size = 29299 bytes.
 Index  Count   %     Size   % Cumulative  % Referrers by Kind (class / dict of class)
     0     57  76    24288  83     24288  83 types.FrameType
     1     15  20     4259  15     28547  97 list
     2      1   1      400   1     28947  99 <Nothing>
     3      1   1      248   1     29195 100 _io.TextIOWrapper
     4      1   1      104   0     29299 100 VariableState.VariableState

		Heap summary: largest referrer Partition of a set of 57 objects. Total size = 24288 bytes.
 Index  Count   %     Size   % Cumulative  % Kind (class / dict of class)
     0     19  33    11704  48     11704  48 types.FrameType
     1     19  33    11528  47     23232  96 set
     2     18  32     1008   4     24240 100 list
     3      1   2       48   0     24288 100 VariableState.VariableState 


	Recursion depth 19
		Locations solved: 0
		Location_value_map id: 139805889849408
		Backwards_vals: - bytes
		Location_value_map: 64 bytes
		Final_vals: - bytes

		Heap summary: by type Partition of a set of 84 objects. Total size = 32564 bytes.
 Index  Count   %     Size   % Cumulative  % Kind (class / dict of class)
     0     20  24    12768  39     12768  39 set
     1     21  25    12720  39     25488  78 types.FrameType
     2     21  25     5548  17     31036  95 str
     3     20  24     1376   4     32412 100 list
     4      1   1      104   0     32516 100 dict of VariableState.VariableState
     5      1   1       48   0     32564 100 VariableState.VariableState bytes

		Heap summary: by referrer Partition of a set of 85 objects. Total size = 33141 bytes.
 Index  Count   %     Size   % Cumulative  % Referrers by Kind (class / dict of class)
     0     60  71    26200  79     26200  79 types.FrameType
     1     22  26     6125  18     32325  98 list
     2      1   1      400   1     32725  99 <Nothing>
     3      1   1      312   1     33037 100 _io.TextIOWrapper
     4      1   1      104   0     33141 100 VariableState.VariableState

		Heap summary: largest referrer Partition of a set of 60 objects. Total size = 26200 bytes.
 Index  Count   %     Size   % Cumulative  % Kind (class / dict of class)
     0     20  33    12768  49     12768  49 set
     1     20  33    12320  47     25088  96 types.FrameType
     2     19  32     1064   4     26152 100 list
     3      1   2       48   0     26200 100 VariableState.VariableState 


	Recursion depth 20
		Locations solved: 0
		Location_value_map id: 139805889849408
		Backwards_vals: - bytes
		Location_value_map: 64 bytes
		Final_vals: - bytes

		Heap summary: by type Partition of a set of 94 objects. Total size = 36406 bytes.
 Index  Count   %     Size   % Cumulative  % Kind (class / dict of class)
     0     21  22    14008  38     14008  38 set
     1     22  23    13336  37     27344  75 types.FrameType
     2     28  30     7414  20     34758  95 str
     3     21  22     1496   4     36254 100 list
     4      1   1      104   0     36358 100 dict of VariableState.VariableState
     5      1   1       48   0     36406 100 VariableState.VariableState bytes

		Heap summary: by referrer Partition of a set of 95 objects. Total size = 36983 bytes.
 Index  Count   %     Size   % Cumulative  % Referrers by Kind (class / dict of class)
     0     63  66    28112  76     28112  76 types.FrameType
     1     29  31     7991  22     36103  98 list
     2      1   1      400   1     36503  99 <Nothing>
     3      1   1      376   1     36879 100 _io.TextIOWrapper
     4      1   1      104   0     36983 100 VariableState.VariableState

		Heap summary: largest referrer Partition of a set of 63 objects. Total size = 28112 bytes.
 Index  Count   %     Size   % Cumulative  % Kind (class / dict of class)
     0     21  33    14008  50     14008  50 set
     1     21  33    12936  46     26944  96 types.FrameType
     2     20  32     1120   4     28064 100 list
     3      1   2       48   0     28112 100 VariableState.VariableState 


	Recursion depth 19
		Locations solved: 1
		Location_value_map id: 139805889849408
		Backwards_vals: - bytes
		Location_value_map: 352 bytes
		Final_vals: - bytes

		Heap summary: by type Partition of a set of 101 objects. Total size = 37809 bytes.
 Index  Count   %     Size   % Cumulative  % Kind (class / dict of class)
     0     21  21    14008  37     14008  37 set
     1     21  21    12720  34     26728  71 types.FrameType
     2     35  35     9281  25     36009  95 str
     3     22  22     1648   4     37657 100 list
     4      1   1      104   0     37761 100 dict of VariableState.VariableState
     5      1   1       48   0     37809 100 VariableState.VariableState bytes

		Heap summary: by referrer Partition of a set of 66 objects. Total size = 28634 bytes.
 Index  Count   %     Size   % Cumulative  % Referrers by Kind (class / dict of class)
     0     62  94    27496  96     27496  96 types.FrameType
     1      1   2      578   2     28074  98 _io.TextIOWrapper
     2      1   2      400   1     28474  99 <Nothing>
     3      1   2      104   0     28578 100 VariableState.VariableState
     4      1   2       56   0     28634 100 dict (no owner), types.FrameType

		Heap summary: largest referrer Partition of a set of 62 objects. Total size = 27496 bytes.
 Index  Count   %     Size   % Cumulative  % Kind (class / dict of class)
     0     21  34    14008  51     14008  51 set
     1     20  32    12320  45     26328  96 types.FrameType
     2     20  32     1120   4     27448 100 list
     3      1   2       48   0     27496 100 VariableState.VariableState 


	Recursion depth 18
		Locations solved: 2
		Location_value_map id: 139805889849408
		Backwards_vals: - bytes
		Location_value_map: 472 bytes
		Final_vals: - bytes

		Heap summary: by type Partition of a set of 71 objects. Total size = 28280 bytes.
 Index  Count   %     Size   % Cumulative  % Kind (class / dict of class)
     0     20  28    12768  45     12768  45 set
     1     20  28    12104  43     24872  88 types.FrameType
     2      7  10     1896   7     26768  95 str
     3     22  31     1360   5     28128  99 list
     4      1   1      104   0     28232 100 dict of VariableState.VariableState
     5      1   1       48   0     28280 100 VariableState.VariableState bytes

		Heap summary: by referrer Partition of a set of 72 objects. Total size = 28857 bytes.
 Index  Count   %     Size   % Cumulative  % Referrers by Kind (class / dict of class)
     0     59  82    25584  89     25584  89 types.FrameType
     1      8  11     2473   9     28057  97 list
     2      1   1      400   1     28457  99 <Nothing>
     3      1   1      184   1     28641  99 _io.TextIOWrapper
     4      1   1      104   0     28745 100 VariableState.VariableState
     5      1   1       56   0     28801 100 dict (no owner)
     6      1   1       56   0     28857 100 dict (no owner), types.FrameType

		Heap summary: largest referrer Partition of a set of 59 objects. Total size = 25584 bytes.
 Index  Count   %     Size   % Cumulative  % Kind (class / dict of class)
     0     20  34    12768  50     12768  50 set
     1     19  32    11704  46     24472  96 types.FrameType
     2     19  32     1064   4     25536 100 list
     3      1   2       48   0     25584 100 VariableState.VariableState 


	Recursion depth 17
		Locations solved: 3
		Location_value_map id: 139805889849408
		Backwards_vals: - bytes
		Location_value_map: 592 bytes
		Final_vals: - bytes

		Heap summary: by type Partition of a set of 76 objects. Total size = 28494 bytes.
 Index  Count   %     Size   % Cumulative  % Kind (class / dict of class)
     0     19  25    11528  40     11528  40 set
     1     19  25    11488  40     23016  81 types.FrameType
     2     14  18     3902  14     26918  94 str
     3     22  29     1424   5     28342  99 list
     4      1   1      104   0     28446 100 dict of VariableState.VariableState
     5      1   1       48   0     28494 100 VariableState.VariableState bytes

		Heap summary: by referrer Partition of a set of 77 objects. Total size = 29071 bytes.
 Index  Count   %     Size   % Cumulative  % Referrers by Kind (class / dict of class)
     0     56  73    23672  81     23672  81 types.FrameType
     1     15  19     4479  15     28151  97 list
     2      1   1      400   1     28551  98 <Nothing>
     3      1   1      248   1     28799  99 _io.TextIOWrapper
     4      2   3      112   0     28911  99 dict (no owner)
     5      1   1      104   0     29015 100 VariableState.VariableState
     6      1   1       56   0     29071 100 dict (no owner), types.FrameType

		Heap summary: largest referrer Partition of a set of 56 objects. Total size = 23672 bytes.
 Index  Count   %     Size   % Cumulative  % Kind (class / dict of class)
     0     19  34    11528  49     11528  49 set
     1     18  32    11088  47     22616  96 types.FrameType
     2     18  32     1008   4     23624 100 list
     3      1   2       48   0     23672 100 VariableState.VariableState 


	Recursion depth 16
		Locations solved: 4
		Location_value_map id: 139805889849408
		Backwards_vals: - bytes
		Location_value_map: 712 bytes
		Final_vals: - bytes

		Heap summary: by type Partition of a set of 81 objects. Total size = 28708 bytes.
 Index  Count   %     Size   % Cumulative  % Kind (class / dict of class)
     0     18  22    10872  38     10872  38 types.FrameType
     1     18  22    10288  36     21160  74 set
     2     21  26     5908  21     27068  94 str
     3     22  27     1488   5     28556  99 list
     4      1   1      104   0     28660 100 dict of VariableState.VariableState
     5      1   1       48   0     28708 100 VariableState.VariableState bytes

		Heap summary: by referrer Partition of a set of 82 objects. Total size = 29285 bytes.
 Index  Count   %     Size   % Cumulative  % Referrers by Kind (class / dict of class)
     0     53  65    21760  74     21760  74 types.FrameType
     1     22  27     6485  22     28245  96 list
     2      1   1      400   1     28645  98 <Nothing>
     3      1   1      312   1     28957  99 _io.TextIOWrapper
     4      3   4      168   1     29125  99 dict (no owner)
     5      1   1      104   0     29229 100 VariableState.VariableState
     6      1   1       56   0     29285 100 dict (no owner), types.FrameType

		Heap summary: largest referrer Partition of a set of 53 objects. Total size = 21760 bytes.
 Index  Count   %     Size   % Cumulative  % Kind (class / dict of class)
     0     17  32    10472  48     10472  48 types.FrameType
     1     18  34    10288  47     20760  95 set
     2     17  32      952   4     21712 100 list
     3      1   2       48   0     21760 100 VariableState.VariableState 


	Recursion depth 15
		Locations solved: 5
		Location_value_map id: 139805889849408
		Backwards_vals: - bytes
		Location_value_map: 832 bytes
		Final_vals: - bytes

		Heap summary: by type Partition of a set of 86 objects. Total size = 28922 bytes.
 Index  Count   %     Size   % Cumulative  % Kind (class / dict of class)
     0     17  20    10256  35     10256  35 types.FrameType
     1     17  20     9048  31     19304  67 set
     2     28  33     7914  27     27218  94 str
     3     22  26     1552   5     28770  99 list
     4      1   1      104   0     28874 100 dict of VariableState.VariableState
     5      1   1       48   0     28922 100 VariableState.VariableState bytes

		Heap summary: by referrer Partition of a set of 87 objects. Total size = 29499 bytes.
 Index  Count   %     Size   % Cumulative  % Referrers by Kind (class / dict of class)
     0     50  57    19848  67     19848  67 types.FrameType
     1     29  33     8491  29     28339  96 list
     2      1   1      400   1     28739  97 <Nothing>
     3      1   1      376   1     29115  99 _io.TextIOWrapper
     4      4   5      224   1     29339  99 dict (no owner)
     5      1   1      104   0     29443 100 VariableState.VariableState
     6      1   1       56   0     29499 100 dict (no owner), types.FrameType

		Heap summary: largest referrer Partition of a set of 50 objects. Total size = 19848 bytes.
 Index  Count   %     Size   % Cumulative  % Kind (class / dict of class)
     0     16  32     9856  50      9856  50 types.FrameType
     1     17  34     9048  46     18904  95 set
     2     16  32      896   5     19800 100 list
     3      1   2       48   0     19848 100 VariableState.VariableState 


	Recursion depth 14
		Locations solved: 6
		Location_value_map id: 139805889849408
		Backwards_vals: - bytes
		Location_value_map: 1080 bytes
		Final_vals: - bytes

		Heap summary: by type Partition of a set of 61 objects. Total size = 20172 bytes.
 Index  Count   %     Size   % Cumulative  % Kind (class / dict of class)
     0     16  26     9640  48      9640  48 types.FrameType
     1     16  26     8320  41     17960  89 set
     2     22  36     1296   6     19256  95 list
     3      5   8      764   4     20020  99 str
     4      1   2      104   1     20124 100 dict of VariableState.VariableState
     5      1   2       48   0     20172 100 VariableState.VariableState bytes

		Heap summary: by referrer Partition of a set of 62 objects. Total size = 20749 bytes.
 Index  Count   %     Size   % Cumulative  % Referrers by Kind (class / dict of class)
     0     47  76    18448  89     18448  89 types.FrameType
     1      6  10     1341   6     19789  95 list
     2      1   2      400   2     20189  97 <Nothing>
     3      5   8      280   1     20469  99 dict (no owner)
     4      1   2      120   1     20589  99 _io.TextIOWrapper
     5      1   2      104   1     20693 100 VariableState.VariableState
     6      1   2       56   0     20749 100 dict (no owner), types.FrameType

		Heap summary: largest referrer Partition of a set of 47 objects. Total size = 18448 bytes.
 Index  Count   %     Size   % Cumulative  % Kind (class / dict of class)
     0     15  32     9240  50      9240  50 types.FrameType
     1     16  34     8320  45     17560  95 set
     2     15  32      840   5     18400 100 list
     3      1   2       48   0     18448 100 VariableState.VariableState 


	Recursion depth 13
		Locations solved: 7
		Location_value_map id: 139805889849408
		Backwards_vals: - bytes
		Location_value_map: 1201 bytes
		Final_vals: - bytes

		Heap summary: by type Partition of a set of 66 objects. Total size = 20899 bytes.
 Index  Count   %     Size   % Cumulative  % Kind (class / dict of class)
     0     15  23     9024  43      9024  43 types.FrameType
     1     15  23     7592  36     16616  80 set
     2     12  18     2771  13     19387  93 str
     3     22  33     1360   7     20747  99 list
     4      1   2      104   0     20851 100 dict of VariableState.VariableState
     5      1   2       48   0     20899 100 VariableState.VariableState bytes

		Heap summary: by referrer Partition of a set of 67 objects. Total size = 21540 bytes.
 Index  Count   %     Size   % Cumulative  % Referrers by Kind (class / dict of class)
     0     44  66    17048  79     17048  79 types.FrameType
     1     13  19     3348  16     20396  95 list
     2      1   1      400   2     20796  97 <Nothing>
     3      6   9      336   2     21132  98 dict (no owner)
     4      1   1      248   1     21380  99 _io.TextIOWrapper
     5      1   1      104   0     21484 100 VariableState.VariableState
     6      1   1       56   0     21540 100 dict (no owner), types.FrameType

		Heap summary: largest referrer Partition of a set of 44 objects. Total size = 17048 bytes.
 Index  Count   %     Size   % Cumulative  % Kind (class / dict of class)
     0     14  32     8624  51      8624  51 types.FrameType
     1     15  34     7592  45     16216  95 set
     2     14  32      784   5     17000 100 list
     3      1   2       48   0     17048 100 VariableState.VariableState 


	Recursion depth 12
		Locations solved: 8
		Location_value_map id: 139805889849408
		Backwards_vals: - bytes
		Location_value_map: 1322 bytes
		Final_vals: - bytes

		Heap summary: by type Partition of a set of 71 objects. Total size = 21690 bytes.
 Index  Count   %     Size   % Cumulative  % Kind (class / dict of class)
     0     14  20     8408  39      8408  39 types.FrameType
     1     14  20     6864  32     15272  70 set
     2     19  27     4778  22     20050  92 str
     3     22  31     1488   7     21538  99 list
     4      1   1      104   0     21642 100 dict of VariableState.VariableState
     5      1   1       48   0     21690 100 VariableState.VariableState bytes

		Heap summary: by referrer Partition of a set of 72 objects. Total size = 22267 bytes.
 Index  Count   %     Size   % Cumulative  % Referrers by Kind (class / dict of class)
     0     41  57    15648  70     15648  70 types.FrameType
     1     20  28     5355  24     21003  94 list
     2      1   1      400   2     21403  96 <Nothing>
     3      7  10      392   2     21795  98 dict (no owner)
     4      1   1      312   1     22107  99 _io.TextIOWrapper
     5      1   1      104   0     22211 100 VariableState.VariableState
     6      1   1       56   0     22267 100 dict (no owner), types.FrameType

		Heap summary: largest referrer Partition of a set of 41 objects. Total size = 15648 bytes.
 Index  Count   %     Size   % Cumulative  % Kind (class / dict of class)
     0     13  32     8008  51      8008  51 types.FrameType
     1     14  34     6864  44     14872  95 set
     2     13  32      728   5     15600 100 list
     3      1   2       48   0     15648 100 VariableState.VariableState 


	Recursion depth 11
		Locations solved: 9
		Location_value_map id: 139805889849408
		Backwards_vals: - bytes
		Location_value_map: 1443 bytes
		Final_vals: - bytes

		Heap summary: by type Partition of a set of 76 objects. Total size = 22417 bytes.
 Index  Count   %     Size   % Cumulative  % Kind (class / dict of class)
     0     13  17     7792  35      7792  35 types.FrameType
     1     26  34     6785  30     14577  65 str
     2     13  17     6136  27     20713  92 set
     3     22  29     1552   7     22265  99 list
     4      1   1      104   0     22369 100 dict of VariableState.VariableState
     5      1   1       48   0     22417 100 VariableState.VariableState bytes

		Heap summary: by referrer Partition of a set of 77 objects. Total size = 22994 bytes.
 Index  Count   %     Size   % Cumulative  % Referrers by Kind (class / dict of class)
     0     38  49    14248  62     14248  62 types.FrameType
     1     27  35     7362  32     21610  94 list
     2      8  10      448   2     22058  96 dict (no owner)
     3      1   1      400   2     22458  98 <Nothing>
     4      1   1      376   2     22834  99 _io.TextIOWrapper
     5      1   1      104   0     22938 100 VariableState.VariableState
     6      1   1       56   0     22994 100 dict (no owner), types.FrameType

		Heap summary: largest referrer Partition of a set of 38 objects. Total size = 14248 bytes.
 Index  Count   %     Size   % Cumulative  % Kind (class / dict of class)
     0     12  32     7392  52      7392  52 types.FrameType
     1     13  34     6136  43     13528  95 set
     2     12  32      672   5     14200 100 list
     3      1   3       48   0     14248 100 VariableState.VariableState 


	Recursion depth 10
		Locations solved: 10
		Location_value_map id: 139805889849408
		Backwards_vals: - bytes
		Location_value_map: 1564 bytes
		Final_vals: - bytes

		Heap summary: by type Partition of a set of 81 objects. Total size = 23177 bytes.
 Index  Count   %     Size   % Cumulative  % Kind (class / dict of class)
     0     33  41     8793  38      8793  38 str
     1     12  15     7176  31     15969  69 types.FrameType
     2     12  15     5408  23     21377  92 set
     3     22  27     1648   7     23025  99 list
     4      1   1      104   0     23129 100 dict of VariableState.VariableState
     5      1   1       48   0     23177 100 VariableState.VariableState bytes

		Heap summary: by referrer Partition of a set of 82 objects. Total size = 23754 bytes.
 Index  Count   %     Size   % Cumulative  % Referrers by Kind (class / dict of class)
     0     35  43    12848  54     12848  54 types.FrameType
     1     34  41     9370  39     22218  94 list
     2      9  11      504   2     22722  96 dict (no owner)
     3      1   1      472   2     23194  98 _io.TextIOWrapper
     4      1   1      400   2     23594  99 <Nothing>
     5      1   1      104   0     23698 100 VariableState.VariableState
     6      1   1       56   0     23754 100 dict (no owner), types.FrameType

		Heap summary: largest referrer Partition of a set of 35 objects. Total size = 12848 bytes.
 Index  Count   %     Size   % Cumulative  % Kind (class / dict of class)
     0     11  31     6776  53      6776  53 types.FrameType
     1     12  34     5408  42     12184  95 set
     2     11  31      616   5     12800 100 list
     3      1   3       48   0     12848 100 VariableState.VariableState 


	Recursion depth 9
		Locations solved: 11
		Location_value_map id: 139805889849408
		Backwards_vals: - bytes
		Location_value_map: 1965 bytes
		Final_vals: - bytes

		Heap summary: by type Partition of a set of 52 objects. Total size = 14118 bytes.
 Index  Count   %     Size   % Cumulative  % Kind (class / dict of class)
     0     11  21     6560  46      6560  46 types.FrameType
     1     11  21     4680  33     11240  80 set
     2      6  12     1430  10     12670  90 str
     3     22  42     1296   9     13966  99 list
     4      1   2      104   1     14070 100 dict of VariableState.VariableState
     5      1   2       48   0     14118 100 VariableState.VariableState bytes

		Heap summary: by referrer Partition of a set of 53 objects. Total size = 14759 bytes.
 Index  Count   %     Size   % Cumulative  % Referrers by Kind (class / dict of class)
     0     32  60    11448  78     11448  78 types.FrameType
     1      7  13     2007  14     13455  91 list
     2     10  19      560   4     14015  95 dict (no owner)
     3      1   2      400   3     14415  98 <Nothing>
     4      1   2      184   1     14599  99 _io.TextIOWrapper
     5      1   2      104   1     14703 100 VariableState.VariableState
     6      1   2       56   0     14759 100 dict (no owner), types.FrameType

		Heap summary: largest referrer Partition of a set of 32 objects. Total size = 11448 bytes.
 Index  Count   %     Size   % Cumulative  % Kind (class / dict of class)
     0     10  31     6160  54      6160  54 types.FrameType
     1     11  34     4680  41     10840  95 set
     2     10  31      560   5     11400 100 list
     3      1   3       48   0     11448 100 VariableState.VariableState 


	Recursion depth 8
		Locations solved: 12
		Location_value_map id: 139805889849408
		Backwards_vals: - bytes
		Location_value_map: 2086 bytes
		Final_vals: - bytes

		Heap summary: by type Partition of a set of 57 objects. Total size = 14909 bytes.
 Index  Count   %     Size   % Cumulative  % Kind (class / dict of class)
     0     10  18     5944  40      5944  40 types.FrameType
     1     10  18     3952  27      9896  66 set
     2     13  23     3437  23     13333  89 str
     3     22  39     1424  10     14757  99 list
     4      1   2      104   1     14861 100 dict of VariableState.VariableState
     5      1   2       48   0     14909 100 VariableState.VariableState bytes

		Heap summary: by referrer Partition of a set of 58 objects. Total size = 15486 bytes.
 Index  Count   %     Size   % Cumulative  % Referrers by Kind (class / dict of class)
     0     29  50    10048  65     10048  65 types.FrameType
     1     14  24     4014  26     14062  91 list
     2     11  19      616   4     14678  95 dict (no owner)
     3      1   2      400   3     15078  97 <Nothing>
     4      1   2      248   2     15326  99 _io.TextIOWrapper
     5      1   2      104   1     15430 100 VariableState.VariableState
     6      1   2       56   0     15486 100 dict (no owner), types.FrameType

		Heap summary: largest referrer Partition of a set of 29 objects. Total size = 10048 bytes.
 Index  Count   %     Size   % Cumulative  % Kind (class / dict of class)
     0      9  31     5544  55      5544  55 types.FrameType
     1     10  34     3952  39      9496  95 set
     2      9  31      504   5     10000 100 list
     3      1   3       48   0     10048 100 VariableState.VariableState 


	Recursion depth 7
		Locations solved: 13
		Location_value_map id: 139805889849408
		Backwards_vals: - bytes
		Location_value_map: 2207 bytes
		Final_vals: - bytes

		Heap summary: by type Partition of a set of 62 objects. Total size = 15636 bytes.
 Index  Count   %     Size   % Cumulative  % Kind (class / dict of class)
     0     20  32     5444  35      5444  35 str
     1      9  15     5328  34     10772  69 types.FrameType
     2      9  15     3224  21     13996  90 set
     3     22  35     1488  10     15484  99 list
     4      1   2      104   1     15588 100 dict of VariableState.VariableState
     5      1   2       48   0     15636 100 VariableState.VariableState bytes

		Heap summary: by referrer Partition of a set of 63 objects. Total size = 16213 bytes.
 Index  Count   %     Size   % Cumulative  % Referrers by Kind (class / dict of class)
     0     26  41     8648  53      8648  53 types.FrameType
     1     21  33     6021  37     14669  90 list
     2     12  19      672   4     15341  95 dict (no owner)
     3      1   2      400   2     15741  97 <Nothing>
     4      1   2      312   2     16053  99 _io.TextIOWrapper
     5      1   2      104   1     16157 100 VariableState.VariableState
     6      1   2       56   0     16213 100 dict (no owner), types.FrameType

		Heap summary: largest referrer Partition of a set of 26 objects. Total size = 8648 bytes.
 Index  Count   %     Size   % Cumulative  % Kind (class / dict of class)
     0      8  31     4928  57      4928  57 types.FrameType
     1      9  35     3224  37      8152  94 set
     2      8  31      448   5      8600  99 list
     3      1   4       48   1      8648 100 VariableState.VariableState 


	Recursion depth 6
		Locations solved: 14
		Location_value_map id: 139805889849408
		Backwards_vals: - bytes
		Location_value_map: 2328 bytes
		Final_vals: - bytes

		Heap summary: by type Partition of a set of 67 objects. Total size = 16618 bytes.
 Index  Count   %     Size   % Cumulative  % Kind (class / dict of class)
     0     27  40     7450  45      7450  45 str
     1      8  12     4712  28     12162  73 types.FrameType
     2      8  12     2752  17     14914  90 set
     3     22  33     1552   9     16466  99 list
     4      1   1      104   1     16570 100 dict of VariableState.VariableState
     5      1   1       48   0     16618 100 VariableState.VariableState bytes

		Heap summary: by referrer Partition of a set of 68 objects. Total size = 17195 bytes.
 Index  Count   %     Size   % Cumulative  % Referrers by Kind (class / dict of class)
     0     28  41     8027  47      8027  47 list
     1     23  34     7504  44     15531  90 types.FrameType
     2     13  19      728   4     16259  95 dict (no owner)
     3      1   1      400   2     16659  97 <Nothing>
     4      1   1      376   2     17035  99 _io.TextIOWrapper
     5      1   1      104   1     17139 100 VariableState.VariableState
     6      1   1       56   0     17195 100 dict (no owner), types.FrameType

		Heap summary: largest referrer Partition of a set of 29 objects. Total size = 8693 bytes.
 Index  Count   %     Size   % Cumulative  % Kind (class / dict of class)
     0     29 100     8693 100      8693 100 str 


	Recursion depth 5
		Locations solved: 15
		Location_value_map id: 139805889849408
		Backwards_vals: - bytes
		Location_value_map: 2449 bytes
		Final_vals: - bytes

		Heap summary: by type Partition of a set of 72 objects. Total size = 17448 bytes.
 Index  Count   %     Size   % Cumulative  % Kind (class / dict of class)
     0     34  47     9272  53      9272  53 str
     1      7  10     4096  23     13368  77 types.FrameType
     2      7  10     2280  13     15648  90 set
     3     22  31     1648   9     17296  99 list
     4      1   1      104   1     17400 100 dict of VariableState.VariableState
     5      1   1       48   0     17448 100 VariableState.VariableState bytes

		Heap summary: by referrer Partition of a set of 38 objects. Total size = 8281 bytes.
 Index  Count   %     Size   % Cumulative  % Referrers by Kind (class / dict of class)
     0     20  53     6360  77      6360  77 types.FrameType
     1     14  37      784   9      7144  86 dict (no owner)
     2      1   3      577   7      7721  93 _io.TextIOWrapper
     3      1   3      400   5      8121  98 <Nothing>
     4      1   3      104   1      8225  99 VariableState.VariableState
     5      1   3       56   1      8281 100 dict (no owner), types.FrameType

		Heap summary: largest referrer Partition of a set of 20 objects. Total size = 6360 bytes.
 Index  Count   %     Size   % Cumulative  % Kind (class / dict of class)
     0      6  30     3696  58      3696  58 types.FrameType
     1      7  35     2280  36      5976  94 set
     2      6  30      336   5      6312  99 list
     3      1   5       48   1      6360 100 VariableState.VariableState 


	Recursion depth 4
		Locations solved: 16
		Location_value_map id: 139805889849408
		Backwards_vals: - bytes
		Location_value_map: 2570 bytes
		Final_vals: - bytes

		Heap summary: by type Partition of a set of 43 objects. Total size = 8755 bytes.
 Index  Count   %     Size   % Cumulative  % Kind (class / dict of class)
     0      6  14     3480  40      3480  40 types.FrameType
     1      7  16     1955  22      5435  62 str
     2      6  14     1808  21      7243  83 set
     3     22  51     1360  16      8603  98 list
     4      1   2      104   1      8707  99 dict of VariableState.VariableState
     5      1   2       48   1      8755 100 VariableState.VariableState bytes

		Heap summary: by referrer Partition of a set of 44 objects. Total size = 9331 bytes.
 Index  Count   %     Size   % Cumulative  % Referrers by Kind (class / dict of class)
     0     17  39     5216  56      5216  56 types.FrameType
     1      8  18     2531  27      7747  83 list
     2     15  34      840   9      8587  92 dict (no owner)
     3      1   2      400   4      8987  96 <Nothing>
     4      1   2      184   2      9171  98 _io.TextIOWrapper
     5      1   2      104   1      9275  99 VariableState.VariableState
     6      1   2       56   1      9331 100 dict (no owner), types.FrameType

		Heap summary: largest referrer Partition of a set of 17 objects. Total size = 5216 bytes.
 Index  Count   %     Size   % Cumulative  % Kind (class / dict of class)
     0      5  29     3080  59      3080  59 types.FrameType
     1      6  35     1808  35      4888  94 set
     2      5  29      280   5      5168  99 list
     3      1   6       48   1      5216 100 VariableState.VariableState 


	Recursion depth 3
		Locations solved: 17
		Location_value_map id: 139805889849408
		Backwards_vals: - bytes
		Location_value_map: 2691 bytes
		Final_vals: - bytes

		Heap summary: by type Partition of a set of 48 objects. Total size = 9479 bytes.
 Index  Count   %     Size   % Cumulative  % Kind (class / dict of class)
     0     14  29     3959  42      3959  42 str
     1      5  10     2864  30      6823  72 types.FrameType
     2     22  46     1424  15      8247  87 list
     3      5  10     1080  11      9327  98 set
     4      1   2      104   1      9431  99 dict of VariableState.VariableState
     5      1   2       48   1      9479 100 VariableState.VariableState bytes

		Heap summary: by referrer Partition of a set of 49 objects. Total size = 10055 bytes.
 Index  Count   %     Size   % Cumulative  % Referrers by Kind (class / dict of class)
     0     15  31     4535  45      4535  45 list
     1     14  29     3816  38      8351  83 types.FrameType
     2     16  33      896   9      9247  92 dict (no owner)
     3      1   2      400   4      9647  96 <Nothing>
     4      1   2      248   2      9895  98 _io.TextIOWrapper
     5      1   2      104   1      9999  99 VariableState.VariableState
     6      1   2       56   1     10055 100 dict (no owner), types.FrameType

		Heap summary: largest referrer Partition of a set of 16 objects. Total size = 5201 bytes.
 Index  Count   %     Size   % Cumulative  % Kind (class / dict of class)
     0     16 100     5201 100      5201 100 str 


	Recursion depth 2
		Locations solved: 18
		Location_value_map id: 139805889849408
		Backwards_vals: - bytes
		Location_value_map: 2812 bytes
		Final_vals: - bytes

		Heap summary: by type Partition of a set of 53 objects. Total size = 10532 bytes.
 Index  Count   %     Size   % Cumulative  % Kind (class / dict of class)
     0     21  40     5780  55      5780  55 str
     1      4   8     2248  21      8028  76 types.FrameType
     2     22  42     1488  14      9516  90 list
     3      4   8      864   8     10380  99 set
     4      1   2      104   1     10484 100 dict of VariableState.VariableState
     5      1   2       48   0     10532 100 VariableState.VariableState bytes

		Heap summary: by referrer Partition of a set of 54 objects. Total size = 11109 bytes.
 Index  Count   %     Size   % Cumulative  % Referrers by Kind (class / dict of class)
     0     22  41     6357  57      6357  57 list
     1     11  20     2928  26      9285  84 types.FrameType
     2     17  31      952   9     10237  92 dict (no owner)
     3      1   2      400   4     10637  96 <Nothing>
     4      1   2      312   3     10949  99 _io.TextIOWrapper
     5      1   2      104   1     11053  99 VariableState.VariableState
     6      1   2       56   1     11109 100 dict (no owner), types.FrameType

		Heap summary: largest referrer Partition of a set of 23 objects. Total size = 7023 bytes.
 Index  Count   %     Size   % Cumulative  % Kind (class / dict of class)
     0     23 100     7023 100      7023 100 str 


	Recursion depth 1
		Locations solved: 19
		Location_value_map id: 139805889849408
		Backwards_vals: - bytes
		Location_value_map: 2933 bytes
		Final_vals: - bytes

		Heap summary: by type Partition of a set of 58 objects. Total size = 11586 bytes.
 Index  Count   %     Size   % Cumulative  % Kind (class / dict of class)
     0     28  48     7602  66      7602  66 str
     1      3   5     1632  14      9234  80 types.FrameType
     2     22  38     1552  13     10786  93 list
     3      3   5      648   6     11434  99 set
     4      1   2      104   1     11538 100 dict of VariableState.VariableState
     5      1   2       48   0     11586 100 VariableState.VariableState bytes

		Heap summary: by referrer Partition of a set of 59 objects. Total size = 12163 bytes.
 Index  Count   %     Size   % Cumulative  % Referrers by Kind (class / dict of class)
     0     29  49     8179  67      8179  67 list
     1      8  14     2040  17     10219  84 types.FrameType
     2     18  31     1008   8     11227  92 dict (no owner)
     3      1   2      400   3     11627  96 <Nothing>
     4      1   2      376   3     12003  99 _io.TextIOWrapper
     5      1   2      104   1     12107 100 VariableState.VariableState
     6      1   2       56   0     12163 100 dict (no owner), types.FrameType

		Heap summary: largest referrer Partition of a set of 30 objects. Total size = 8845 bytes.
 Index  Count   %     Size   % Cumulative  % Kind (class / dict of class)
     0     30 100     8845 100      8845 100 str 


	Recursion depth 0
		Locations solved: 20
		Location_value_map id: 139805889849408
		Backwards_vals: - bytes
		Location_value_map: 3054 bytes
		Final_vals: - bytes

		Heap summary: by type Partition of a set of 63 objects. Total size = 12672 bytes.
 Index  Count   %     Size   % Cumulative  % Kind (class / dict of class)
     0     35  56     9424  74      9424  74 str
     1     22  35     1648  13     11072  87 list
     2      2   3     1016   8     12088  95 types.FrameType
     3      2   3      432   3     12520  99 set
     4      1   2      104   1     12624 100 dict of VariableState.VariableState
     5      1   2       48   0     12672 100 VariableState.VariableState bytes

		Heap summary: by referrer Partition of a set of 28 objects. Total size = 3353 bytes.
 Index  Count   %     Size   % Cumulative  % Referrers by Kind (class / dict of class)
     0      5  18     1152  34      1152  34 types.FrameType
     1     19  68     1064  32      2216  66 dict (no owner)
     2      1   4      577  17      2793  83 _io.TextIOWrapper
     3      1   4      400  12      3193  95 <Nothing>
     4      1   4      104   3      3297  98 VariableState.VariableState
     5      1   4       56   2      3353 100 dict (no owner), types.FrameType

		Heap summary: largest referrer Partition of a set of 2 objects. Total size = 1192 bytes.
 Index  Count   %     Size   % Cumulative  % Kind (class / dict of class)
     0      2 100     1192 100      1192 100 str 


Target location 5 of 8
Evaluating possibilities...
	Recursion depth 0
		Locations solved: 0
		Location_value_map id: 139805890491520
		Backwards_vals: - bytes
		Location_value_map: 64 bytes
		Final_vals: - bytes

		Heap summary: by type Partition of a set of 9 objects. Total size = 1693 bytes.
 Index  Count   %     Size   % Cumulative  % Kind (class / dict of class)
     0      2  22     1016  60      1016  60 types.FrameType
     1      4  44      309  18      1325  78 str
     2      1  11      216  13      1541  91 set
     3      1  11      104   6      1645  97 dict of VariableState.VariableState
     4      1  11       48   3      1693 100 VariableState.VariableState bytes

		Heap summary: by referrer Partition of a set of 10 objects. Total size = 2218 bytes.
 Index  Count   %     Size   % Cumulative  % Referrers by Kind (class / dict of class)
     0      3  30      880  40       880  40 types.FrameType
     1      5  50      834  38      1714  77 list
     2      1  10      400  18      2114  95 <Nothing>
     3      1  10      104   5      2218 100 VariableState.VariableState

		Heap summary: largest referrer Partition of a set of 6 objects. Total size = 1297 bytes.
 Index  Count   %     Size   % Cumulative  % Kind (class / dict of class)
     0      6 100     1297 100      1297 100 str 


	Recursion depth 1
		Locations solved: 0
		Location_value_map id: 139805890491520
		Backwards_vals: - bytes
		Location_value_map: 64 bytes
		Final_vals: - bytes

		Heap summary: by type Partition of a set of 19 objects. Total size = 4144 bytes.
 Index  Count   %     Size   % Cumulative  % Kind (class / dict of class)
     0     11  58     1872  45      1872  45 str
     1      3  16     1632  39      3504  85 types.FrameType
     2      2  11      432  10      3936  95 set
     3      1   5      104   3      4040  97 dict of VariableState.VariableState
     4      1   5       56   1      4096  99 list
     5      1   5       48   1      4144 100 VariableState.VariableState bytes

		Heap summary: by referrer Partition of a set of 20 objects. Total size = 4720 bytes.
 Index  Count   %     Size   % Cumulative  % Referrers by Kind (class / dict of class)
     0     12  60     2448  52      2448  52 list
     1      6  30     1768  37      4216  89 types.FrameType
     2      1   5      400   8      4616  98 <Nothing>
     3      1   5      104   2      4720 100 VariableState.VariableState

		Heap summary: largest referrer Partition of a set of 13 objects. Total size = 2911 bytes.
 Index  Count   %     Size   % Cumulative  % Kind (class / dict of class)
     0     13 100     2911 100      2911 100 str 


	Recursion depth 2
		Locations solved: 0
		Location_value_map id: 139805890491520
		Backwards_vals: - bytes
		Location_value_map: 64 bytes
		Final_vals: - bytes

		Heap summary: by type Partition of a set of 29 objects. Total size = 6647 bytes.
 Index  Count   %     Size   % Cumulative  % Kind (class / dict of class)
     0     18  62     3487  52      3487  52 str
     1      4  14     2248  34      5735  86 types.FrameType
     2      3  10      648  10      6383  96 set
     3      2   7      112   2      6495  98 list
     4      1   3      104   2      6599  99 dict of VariableState.VariableState
     5      1   3       48   1      6647 100 VariableState.VariableState bytes

		Heap summary: by referrer Partition of a set of 30 objects. Total size = 7223 bytes.
 Index  Count   %     Size   % Cumulative  % Referrers by Kind (class / dict of class)
     0     19  63     4063  56      4063  56 list
     1      9  30     2656  37      6719  93 types.FrameType
     2      1   3      400   6      7119  99 <Nothing>
     3      1   3      104   1      7223 100 VariableState.VariableState

		Heap summary: largest referrer Partition of a set of 20 objects. Total size = 4526 bytes.
 Index  Count   %     Size   % Cumulative  % Kind (class / dict of class)
     0     20 100     4526 100      4526 100 str 


	Recursion depth 3
		Locations solved: 0
		Location_value_map id: 139805890491520
		Backwards_vals: - bytes
		Location_value_map: 64 bytes
		Final_vals: - bytes

		Heap summary: by type Partition of a set of 39 objects. Total size = 9150 bytes.
 Index  Count   %     Size   % Cumulative  % Kind (class / dict of class)
     0     25  64     5102  56      5102  56 str
     1      5  13     2864  31      7966  87 types.FrameType
     2      4  10      864   9      8830  97 set
     3      3   8      168   2      8998  98 list
     4      1   3      104   1      9102  99 dict of VariableState.VariableState
     5      1   3       48   1      9150 100 VariableState.VariableState bytes

		Heap summary: by referrer Partition of a set of 40 objects. Total size = 9726 bytes.
 Index  Count   %     Size   % Cumulative  % Referrers by Kind (class / dict of class)
     0     26  65     5678  58      5678  58 list
     1     12  30     3544  36      9222  95 types.FrameType
     2      1   2      400   4      9622  99 <Nothing>
     3      1   2      104   1      9726 100 VariableState.VariableState

		Heap summary: largest referrer Partition of a set of 27 objects. Total size = 6141 bytes.
 Index  Count   %     Size   % Cumulative  % Kind (class / dict of class)
     0     27 100     6141 100      6141 100 str 


	Recursion depth 4
		Locations solved: 0
		Location_value_map id: 139805890491520
		Backwards_vals: - bytes
		Location_value_map: 64 bytes
		Final_vals: - bytes

		Heap summary: by type Partition of a set of 49 objects. Total size = 11653 bytes.
 Index  Count   %     Size   % Cumulative  % Kind (class / dict of class)
     0     32  65     6717  58      6717  58 str
     1      6  12     3480  30     10197  88 types.FrameType
     2      5  10     1080   9     11277  97 set
     3      4   8      224   2     11501  99 list
     4      1   2      104   1     11605 100 dict of VariableState.VariableState
     5      1   2       48   0     11653 100 VariableState.VariableState bytes

		Heap summary: by referrer Partition of a set of 50 objects. Total size = 12230 bytes.
 Index  Count   %     Size   % Cumulative  % Referrers by Kind (class / dict of class)
     0     33  66     7294  60      7294  60 list
     1     15  30     4432  36     11726  96 types.FrameType
     2      1   2      400   3     12126  99 <Nothing>
     3      1   2      104   1     12230 100 VariableState.VariableState

		Heap summary: largest referrer Partition of a set of 34 objects. Total size = 7758 bytes.
 Index  Count   %     Size   % Cumulative  % Kind (class / dict of class)
     0     34 100     7758 100      7758 100 str 


	Recursion depth 5
		Locations solved: 0
		Location_value_map id: 139805890491520
		Backwards_vals: - bytes
		Location_value_map: 64 bytes
		Final_vals: - bytes

		Heap summary: by type Partition of a set of 59 objects. Total size = 14670 bytes.
 Index  Count   %     Size   % Cumulative  % Kind (class / dict of class)
     0     39  66     8334  57      8334  57 str
     1      7  12     4096  28     12430  85 types.FrameType
     2      6  10     1808  12     14238  97 set
     3      5   8      280   2     14518  99 list
     4      1   2      104   1     14622 100 dict of VariableState.VariableState
     5      1   2       48   0     14670 100 VariableState.VariableState bytes

		Heap summary: by referrer Partition of a set of 21 objects. Total size = 6913 bytes.
 Index  Count   %     Size   % Cumulative  % Referrers by Kind (class / dict of class)
     0     18  86     5832  84      5832  84 types.FrameType
     1      1   5      577   8      6409  93 _io.TextIOWrapper
     2      1   5      400   6      6809  98 <Nothing>
     3      1   5      104   2      6913 100 VariableState.VariableState

		Heap summary: largest referrer Partition of a set of 18 objects. Total size = 5832 bytes.
 Index  Count   %     Size   % Cumulative  % Kind (class / dict of class)
     0      6  33     3696  63      3696  63 types.FrameType
     1      6  33     1808  31      5504  94 set
     2      5  28      280   5      5784  99 list
     3      1   6       48   1      5832 100 VariableState.VariableState 


	Recursion depth 6
		Locations solved: 0
		Location_value_map id: 139805890491520
		Backwards_vals: - bytes
		Location_value_map: 64 bytes
		Final_vals: - bytes

		Heap summary: by type Partition of a set of 31 objects. Total size = 9477 bytes.
 Index  Count   %     Size   % Cumulative  % Kind (class / dict of class)
     0      8  26     4712  50      4712  50 types.FrameType
     1      7  23     2280  24      6992  74 set
     2      7  23     1813  19      8805  93 str
     3      7  23      520   5      9325  98 list
     4      1   3      104   1      9429  99 dict of VariableState.VariableState
     5      1   3       48   1      9477 100 VariableState.VariableState bytes

		Heap summary: by referrer Partition of a set of 32 objects. Total size = 10053 bytes.
 Index  Count   %     Size   % Cumulative  % Referrers by Kind (class / dict of class)
     0     21  66     6976  69      6976  69 types.FrameType
     1      8  25     2389  24      9365  93 list
     2      1   3      400   4      9765  97 <Nothing>
     3      1   3      184   2      9949  99 _io.TextIOWrapper
     4      1   3      104   1     10053 100 VariableState.VariableState

		Heap summary: largest referrer Partition of a set of 21 objects. Total size = 6976 bytes.
 Index  Count   %     Size   % Cumulative  % Kind (class / dict of class)
     0      7  33     4312  62      4312  62 types.FrameType
     1      7  33     2280  33      6592  94 set
     2      6  29      336   5      6928  99 list
     3      1   5       48   1      6976 100 VariableState.VariableState 


	Recursion depth 7
		Locations solved: 0
		Location_value_map id: 139805890491520
		Backwards_vals: - bytes
		Location_value_map: 64 bytes
		Final_vals: - bytes

		Heap summary: by type Partition of a set of 41 objects. Total size = 12548 bytes.
 Index  Count   %     Size   % Cumulative  % Kind (class / dict of class)
     0      9  22     5328  42      5328  42 types.FrameType
     1     14  34     3676  29      9004  72 str
     2      8  20     2752  22     11756  94 set
     3      8  20      640   5     12396  99 list
     4      1   2      104   1     12500 100 dict of VariableState.VariableState
     5      1   2       48   0     12548 100 VariableState.VariableState bytes

		Heap summary: by referrer Partition of a set of 42 objects. Total size = 13125 bytes.
 Index  Count   %     Size   % Cumulative  % Referrers by Kind (class / dict of class)
     0     24  57     8120  62      8120  62 types.FrameType
     1     15  36     4253  32     12373  94 list
     2      1   2      400   3     12773  97 <Nothing>
     3      1   2      248   2     13021  99 _io.TextIOWrapper
     4      1   2      104   1     13125 100 VariableState.VariableState

		Heap summary: largest referrer Partition of a set of 24 objects. Total size = 8120 bytes.
 Index  Count   %     Size   % Cumulative  % Kind (class / dict of class)
     0      8  33     4928  61      4928  61 types.FrameType
     1      8  33     2752  34      7680  95 set
     2      7  29      392   5      8072  99 list
     3      1   4       48   1      8120 100 VariableState.VariableState 


	Recursion depth 8
		Locations solved: 0
		Location_value_map id: 139805890491520
		Backwards_vals: - bytes
		Location_value_map: 64 bytes
		Final_vals: - bytes

		Heap summary: by type Partition of a set of 51 objects. Total size = 15620 bytes.
 Index  Count   %     Size   % Cumulative  % Kind (class / dict of class)
     0     10  20     5944  38      5944  38 types.FrameType
     1     21  41     5540  35     11484  74 str
     2      9  18     3224  21     14708  94 set
     3      9  18      760   5     15468  99 list
     4      1   2      104   1     15572 100 dict of VariableState.VariableState
     5      1   2       48   0     15620 100 VariableState.VariableState bytes

		Heap summary: by referrer Partition of a set of 52 objects. Total size = 16197 bytes.
 Index  Count   %     Size   % Cumulative  % Referrers by Kind (class / dict of class)
     0     27  52     9264  57      9264  57 types.FrameType
     1     22  42     6117  38     15381  95 list
     2      1   2      400   2     15781  97 <Nothing>
     3      1   2      312   2     16093  99 _io.TextIOWrapper
     4      1   2      104   1     16197 100 VariableState.VariableState

		Heap summary: largest referrer Partition of a set of 27 objects. Total size = 9264 bytes.
 Index  Count   %     Size   % Cumulative  % Kind (class / dict of class)
     0      9  33     5544  60      5544  60 types.FrameType
     1      9  33     3224  35      8768  95 set
     2      8  30      448   5      9216  99 list
     3      1   4       48   1      9264 100 VariableState.VariableState 


	Recursion depth 9
		Locations solved: 0
		Location_value_map id: 139805890491520
		Backwards_vals: - bytes
		Location_value_map: 64 bytes
		Final_vals: - bytes

		Heap summary: by type Partition of a set of 61 objects. Total size = 18948 bytes.
 Index  Count   %     Size   % Cumulative  % Kind (class / dict of class)
     0     28  46     7404  39      7404  39 str
     1     11  18     6560  35     13964  74 types.FrameType
     2     10  16     3952  21     17916  95 set
     3     10  16      880   5     18796  99 list
     4      1   2      104   1     18900 100 dict of VariableState.VariableState
     5      1   2       48   0     18948 100 VariableState.VariableState bytes

		Heap summary: by referrer Partition of a set of 62 objects. Total size = 19525 bytes.
 Index  Count   %     Size   % Cumulative  % Referrers by Kind (class / dict of class)
     0     30  48    10664  55     10664  55 types.FrameType
     1     29  47     7981  41     18645  95 list
     2      1   2      400   2     19045  98 <Nothing>
     3      1   2      376   2     19421  99 _io.TextIOWrapper
     4      1   2      104   1     19525 100 VariableState.VariableState

		Heap summary: largest referrer Partition of a set of 30 objects. Total size = 10664 bytes.
 Index  Count   %     Size   % Cumulative  % Kind (class / dict of class)
     0     10  33     6160  58      6160  58 types.FrameType
     1     10  33     3952  37     10112  95 set
     2      9  30      504   5     10616 100 list
     3      1   3       48   0     10664 100 VariableState.VariableState 


	Recursion depth 10
		Locations solved: 0
		Location_value_map id: 139805890491520
		Backwards_vals: - bytes
		Location_value_map: 64 bytes
		Final_vals: - bytes

		Heap summary: by type Partition of a set of 71 objects. Total size = 22310 bytes.
 Index  Count   %     Size   % Cumulative  % Kind (class / dict of class)
     0     35  49     9270  42      9270  42 str
     1     12  17     7176  32     16446  74 types.FrameType
     2     11  15     4680  21     21126  95 set
     3     11  15     1032   5     22158  99 list
     4      1   1      104   0     22262 100 dict of VariableState.VariableState
     5      1   1       48   0     22310 100 VariableState.VariableState bytes

		Heap summary: by referrer Partition of a set of 36 objects. Total size = 13145 bytes.
 Index  Count   %     Size   % Cumulative  % Referrers by Kind (class / dict of class)
     0     33  92    12064  92     12064  92 types.FrameType
     1      1   3      577   4     12641  96 _io.TextIOWrapper
     2      1   3      400   3     13041  99 <Nothing>
     3      1   3      104   1     13145 100 VariableState.VariableState

		Heap summary: largest referrer Partition of a set of 33 objects. Total size = 12064 bytes.
 Index  Count   %     Size   % Cumulative  % Kind (class / dict of class)
     0     11  33     6776  56      6776  56 types.FrameType
     1     11  33     4680  39     11456  95 set
     2     10  30      560   5     12016 100 list
     3      1   3       48   0     12064 100 VariableState.VariableState 


	Recursion depth 11
		Locations solved: 0
		Location_value_map id: 139805890491520
		Backwards_vals: - bytes
		Location_value_map: 64 bytes
		Final_vals: - bytes

		Heap summary: by type Partition of a set of 46 objects. Total size = 15968 bytes.
 Index  Count   %     Size   % Cumulative  % Kind (class / dict of class)
     0     13  28     7792  49      7792  49 types.FrameType
     1     12  26     5408  34     13200  83 set
     2      7  15     1816  11     15016  94 str
     3     12  26      800   5     15816  99 list
     4      1   2      104   1     15920 100 dict of VariableState.VariableState
     5      1   2       48   0     15968 100 VariableState.VariableState bytes

		Heap summary: by referrer Partition of a set of 47 objects. Total size = 16545 bytes.
 Index  Count   %     Size   % Cumulative  % Referrers by Kind (class / dict of class)
     0     36  77    13464  81     13464  81 types.FrameType
     1      8  17     2393  14     15857  96 list
     2      1   2      400   2     16257  98 <Nothing>
     3      1   2      184   1     16441  99 _io.TextIOWrapper
     4      1   2      104   1     16545 100 VariableState.VariableState

		Heap summary: largest referrer Partition of a set of 36 objects. Total size = 13464 bytes.
 Index  Count   %     Size   % Cumulative  % Kind (class / dict of class)
     0     12  33     7392  55      7392  55 types.FrameType
     1     12  33     5408  40     12800  95 set
     2     11  31      616   5     13416 100 list
     3      1   3       48   0     13464 100 VariableState.VariableState 


	Recursion depth 12
		Locations solved: 0
		Location_value_map id: 139805890491520
		Backwards_vals: - bytes
		Location_value_map: 64 bytes
		Final_vals: - bytes

		Heap summary: by type Partition of a set of 56 objects. Total size = 19298 bytes.
 Index  Count   %     Size   % Cumulative  % Kind (class / dict of class)
     0     14  25     8408  44      8408  44 types.FrameType
     1     13  23     6136  32     14544  75 set
     2     14  25     3682  19     18226  94 str
     3     13  23      920   5     19146  99 list
     4      1   2      104   1     19250 100 dict of VariableState.VariableState
     5      1   2       48   0     19298 100 VariableState.VariableState bytes

		Heap summary: by referrer Partition of a set of 57 objects. Total size = 19875 bytes.
 Index  Count   %     Size   % Cumulative  % Referrers by Kind (class / dict of class)
     0     39  68    14864  75     14864  75 types.FrameType
     1     15  26     4259  21     19123  96 list
     2      1   2      400   2     19523  98 <Nothing>
     3      1   2      248   1     19771  99 _io.TextIOWrapper
     4      1   2      104   1     19875 100 VariableState.VariableState

		Heap summary: largest referrer Partition of a set of 39 objects. Total size = 14864 bytes.
 Index  Count   %     Size   % Cumulative  % Kind (class / dict of class)
     0     13  33     8008  54      8008  54 types.FrameType
     1     13  33     6136  41     14144  95 set
     2     12  31      672   5     14816 100 list
     3      1   3       48   0     14864 100 VariableState.VariableState 


	Recursion depth 13
		Locations solved: 0
		Location_value_map id: 139805890491520
		Backwards_vals: - bytes
		Location_value_map: 64 bytes
		Final_vals: - bytes

		Heap summary: by type Partition of a set of 66 objects. Total size = 22628 bytes.
 Index  Count   %     Size   % Cumulative  % Kind (class / dict of class)
     0     15  23     9024  40      9024  40 types.FrameType
     1     14  21     6864  30     15888  70 set
     2     21  32     5548  25     21436  95 str
     3     14  21     1040   5     22476  99 list
     4      1   2      104   0     22580 100 dict of VariableState.VariableState
     5      1   2       48   0     22628 100 VariableState.VariableState bytes

		Heap summary: by referrer Partition of a set of 67 objects. Total size = 23205 bytes.
 Index  Count   %     Size   % Cumulative  % Referrers by Kind (class / dict of class)
     0     42  63    16264  70     16264  70 types.FrameType
     1     22  33     6125  26     22389  96 list
     2      1   1      400   2     22789  98 <Nothing>
     3      1   1      312   1     23101 100 _io.TextIOWrapper
     4      1   1      104   0     23205 100 VariableState.VariableState

		Heap summary: largest referrer Partition of a set of 42 objects. Total size = 16264 bytes.
 Index  Count   %     Size   % Cumulative  % Kind (class / dict of class)
     0     14  33     8624  53      8624  53 types.FrameType
     1     14  33     6864  42     15488  95 set
     2     13  31      728   4     16216 100 list
     3      1   2       48   0     16264 100 VariableState.VariableState 


	Recursion depth 14
		Locations solved: 0
		Location_value_map id: 139805890491520
		Backwards_vals: - bytes
		Location_value_map: 64 bytes
		Final_vals: - bytes

		Heap summary: by type Partition of a set of 76 objects. Total size = 25958 bytes.
 Index  Count   %     Size   % Cumulative  % Kind (class / dict of class)
     0     16  21     9640  37      9640  37 types.FrameType
     1     15  20     7592  29     17232  66 set
     2     28  37     7414  29     24646  95 str
     3     15  20     1160   4     25806  99 list
     4      1   1      104   0     25910 100 dict of VariableState.VariableState
     5      1   1       48   0     25958 100 VariableState.VariableState bytes

		Heap summary: by referrer Partition of a set of 77 objects. Total size = 26535 bytes.
 Index  Count   %     Size   % Cumulative  % Referrers by Kind (class / dict of class)
     0     45  58    17664  67     17664  67 types.FrameType
     1     29  38     7991  30     25655  97 list
     2      1   1      400   2     26055  98 <Nothing>
     3      1   1      376   1     26431 100 _io.TextIOWrapper
     4      1   1      104   0     26535 100 VariableState.VariableState

		Heap summary: largest referrer Partition of a set of 45 objects. Total size = 17664 bytes.
 Index  Count   %     Size   % Cumulative  % Kind (class / dict of class)
     0     15  33     9240  52      9240  52 types.FrameType
     1     15  33     7592  43     16832  95 set
     2     14  31      784   4     17616 100 list
     3      1   2       48   0     17664 100 VariableState.VariableState 


	Recursion depth 15
		Locations solved: 0
		Location_value_map id: 139805890491520
		Backwards_vals: - bytes
		Location_value_map: 64 bytes
		Final_vals: - bytes

		Heap summary: by type Partition of a set of 86 objects. Total size = 29320 bytes.
 Index  Count   %     Size   % Cumulative  % Kind (class / dict of class)
     0     17  20    10256  35     10256  35 types.FrameType
     1     35  41     9280  32     19536  67 str
     2     16  19     8320  28     27856  95 set
     3     16  19     1312   4     29168  99 list
     4      1   1      104   0     29272 100 dict of VariableState.VariableState
     5      1   1       48   0     29320 100 VariableState.VariableState bytes

		Heap summary: by referrer Partition of a set of 51 objects. Total size = 20145 bytes.
 Index  Count   %     Size   % Cumulative  % Referrers by Kind (class / dict of class)
     0     48  94    19064  95     19064  95 types.FrameType
     1      1   2      577   3     19641  97 _io.TextIOWrapper
     2      1   2      400   2     20041  99 <Nothing>
     3      1   2      104   1     20145 100 VariableState.VariableState

		Heap summary: largest referrer Partition of a set of 48 objects. Total size = 19064 bytes.
 Index  Count   %     Size   % Cumulative  % Kind (class / dict of class)
     0     16  33     9856  52      9856  52 types.FrameType
     1     16  33     8320  44     18176  95 set
     2     15  31      840   4     19016 100 list
     3      1   2       48   0     19064 100 VariableState.VariableState 


	Recursion depth 16
		Locations solved: 0
		Location_value_map id: 139805890491520
		Backwards_vals: - bytes
		Location_value_map: 64 bytes
		Final_vals: - bytes

		Heap summary: by type Partition of a set of 61 objects. Total size = 22968 bytes.
 Index  Count   %     Size   % Cumulative  % Kind (class / dict of class)
     0     18  30    10872  47     10872  47 types.FrameType
     1     17  28     9048  39     19920  87 set
     2      7  11     1816   8     21736  95 str
     3     17  28     1080   5     22816  99 list
     4      1   2      104   0     22920 100 dict of VariableState.VariableState
     5      1   2       48   0     22968 100 VariableState.VariableState bytes

		Heap summary: by referrer Partition of a set of 62 objects. Total size = 23545 bytes.
 Index  Count   %     Size   % Cumulative  % Referrers by Kind (class / dict of class)
     0     51  82    20464  87     20464  87 types.FrameType
     1      8  13     2393  10     22857  97 list
     2      1   2      400   2     23257  99 <Nothing>
     3      1   2      184   1     23441 100 _io.TextIOWrapper
     4      1   2      104   0     23545 100 VariableState.VariableState

		Heap summary: largest referrer Partition of a set of 51 objects. Total size = 20464 bytes.
 Index  Count   %     Size   % Cumulative  % Kind (class / dict of class)
     0     17  33    10472  51     10472  51 types.FrameType
     1     17  33     9048  44     19520  95 set
     2     16  31      896   4     20416 100 list
     3      1   2       48   0     20464 100 VariableState.VariableState 


	Recursion depth 17
		Locations solved: 0
		Location_value_map id: 139805890491520
		Backwards_vals: - bytes
		Location_value_map: 64 bytes
		Final_vals: - bytes

		Heap summary: by type Partition of a set of 71 objects. Total size = 26810 bytes.
 Index  Count   %     Size   % Cumulative  % Kind (class / dict of class)
     0     19  27    11488  43     11488  43 types.FrameType
     1     18  25    10288  38     21776  81 set
     2     14  20     3682  14     25458  95 str
     3     18  25     1200   4     26658  99 list
     4      1   1      104   0     26762 100 dict of VariableState.VariableState
     5      1   1       48   0     26810 100 VariableState.VariableState bytes

		Heap summary: by referrer Partition of a set of 72 objects. Total size = 27387 bytes.
 Index  Count   %     Size   % Cumulative  % Referrers by Kind (class / dict of class)
     0     54  75    22376  82     22376  82 types.FrameType
     1     15  21     4259  16     26635  97 list
     2      1   1      400   1     27035  99 <Nothing>
     3      1   1      248   1     27283 100 _io.TextIOWrapper
     4      1   1      104   0     27387 100 VariableState.VariableState

		Heap summary: largest referrer Partition of a set of 54 objects. Total size = 22376 bytes.
 Index  Count   %     Size   % Cumulative  % Kind (class / dict of class)
     0     18  33    11088  50     11088  50 types.FrameType
     1     18  33    10288  46     21376  96 set
     2     17  31      952   4     22328 100 list
     3      1   2       48   0     22376 100 VariableState.VariableState 


	Recursion depth 18
		Locations solved: 0
		Location_value_map id: 139805890491520
		Backwards_vals: - bytes
		Location_value_map: 64 bytes
		Final_vals: - bytes

		Heap summary: by type Partition of a set of 81 objects. Total size = 30652 bytes.
 Index  Count   %     Size   % Cumulative  % Kind (class / dict of class)
     0     20  25    12104  39     12104  39 types.FrameType
     1     19  23    11528  38     23632  77 set
     2     21  26     5548  18     29180  95 str
     3     19  23     1320   4     30500 100 list
     4      1   1      104   0     30604 100 dict of VariableState.VariableState
     5      1   1       48   0     30652 100 VariableState.VariableState bytes

		Heap summary: by referrer Partition of a set of 82 objects. Total size = 31229 bytes.
 Index  Count   %     Size   % Cumulative  % Referrers by Kind (class / dict of class)
     0     57  70    24288  78     24288  78 types.FrameType
     1     22  27     6125  20     30413  97 list
     2      1   1      400   1     30813  99 <Nothing>
     3      1   1      312   1     31125 100 _io.TextIOWrapper
     4      1   1      104   0     31229 100 VariableState.VariableState

		Heap summary: largest referrer Partition of a set of 57 objects. Total size = 24288 bytes.
 Index  Count   %     Size   % Cumulative  % Kind (class / dict of class)
     0     19  33    11704  48     11704  48 types.FrameType
     1     19  33    11528  47     23232  96 set
     2     18  32     1008   4     24240 100 list
     3      1   2       48   0     24288 100 VariableState.VariableState 


	Recursion depth 19
		Locations solved: 0
		Location_value_map id: 139805890491520
		Backwards_vals: - bytes
		Location_value_map: 64 bytes
		Final_vals: - bytes

		Heap summary: by type Partition of a set of 91 objects. Total size = 34494 bytes.
 Index  Count   %     Size   % Cumulative  % Kind (class / dict of class)
     0     20  22    12768  37     12768  37 set
     1     21  23    12720  37     25488  74 types.FrameType
     2     28  31     7414  21     32902  95 str
     3     20  22     1440   4     34342 100 list
     4      1   1      104   0     34446 100 dict of VariableState.VariableState
     5      1   1       48   0     34494 100 VariableState.VariableState bytes

		Heap summary: by referrer Partition of a set of 92 objects. Total size = 35071 bytes.
 Index  Count   %     Size   % Cumulative  % Referrers by Kind (class / dict of class)
     0     60  65    26200  75     26200  75 types.FrameType
     1     29  32     7991  23     34191  97 list
     2      1   1      400   1     34591  99 <Nothing>
     3      1   1      376   1     34967 100 _io.TextIOWrapper
     4      1   1      104   0     35071 100 VariableState.VariableState

		Heap summary: largest referrer Partition of a set of 60 objects. Total size = 26200 bytes.
 Index  Count   %     Size   % Cumulative  % Kind (class / dict of class)
     0     20  33    12768  49     12768  49 set
     1     20  33    12320  47     25088  96 types.FrameType
     2     19  32     1064   4     26152 100 list
     3      1   2       48   0     26200 100 VariableState.VariableState 


	Recursion depth 20
		Locations solved: 0
		Location_value_map id: 139805890491520
		Backwards_vals: - bytes
		Location_value_map: 64 bytes
		Final_vals: - bytes

		Heap summary: by type Partition of a set of 101 objects. Total size = 38368 bytes.
 Index  Count   %     Size   % Cumulative  % Kind (class / dict of class)
     0     21  21    14008  37     14008  37 set
     1     22  22    13336  35     27344  71 types.FrameType
     2     35  35     9280  24     36624  95 str
     3     21  21     1592   4     38216 100 list
     4      1   1      104   0     38320 100 dict of VariableState.VariableState
     5      1   1       48   0     38368 100 VariableState.VariableState bytes

		Heap summary: by referrer Partition of a set of 66 objects. Total size = 29194 bytes.
 Index  Count   %     Size   % Cumulative  % Referrers by Kind (class / dict of class)
     0     63  95    28112  96     28112  96 types.FrameType
     1      1   2      578   2     28690  98 _io.TextIOWrapper
     2      1   2      400   1     29090 100 <Nothing>
     3      1   2      104   0     29194 100 VariableState.VariableState

		Heap summary: largest referrer Partition of a set of 63 objects. Total size = 28112 bytes.
 Index  Count   %     Size   % Cumulative  % Kind (class / dict of class)
     0     21  33    14008  50     14008  50 set
     1     21  33    12936  46     26944  96 types.FrameType
     2     20  32     1120   4     28064 100 list
     3      1   2       48   0     28112 100 VariableState.VariableState 


	Recursion depth 21
		Locations solved: 0
		Location_value_map id: 139805890491520
		Backwards_vals: - bytes
		Location_value_map: 64 bytes
		Final_vals: - bytes

		Heap summary: by type Partition of a set of 76 objects. Total size = 32529 bytes.
 Index  Count   %     Size   % Cumulative  % Kind (class / dict of class)
     0     22  29    15248  47     15248  47 set
     1     23  30    13952  43     29200  90 types.FrameType
     2      7   9     1817   6     31017  95 str
     3     22  29     1360   4     32377 100 list
     4      1   1      104   0     32481 100 dict of VariableState.VariableState
     5      1   1       48   0     32529 100 VariableState.VariableState bytes

		Heap summary: by referrer Partition of a set of 77 objects. Total size = 33106 bytes.
 Index  Count   %     Size   % Cumulative  % Referrers by Kind (class / dict of class)
     0     66  86    30024  91     30024  91 types.FrameType
     1      8  10     2394   7     32418  98 list
     2      1   1      400   1     32818  99 <Nothing>
     3      1   1      184   1     33002 100 _io.TextIOWrapper
     4      1   1      104   0     33106 100 VariableState.VariableState

		Heap summary: largest referrer Partition of a set of 66 objects. Total size = 30024 bytes.
 Index  Count   %     Size   % Cumulative  % Kind (class / dict of class)
     0     22  33    15248  51     15248  51 set
     1     22  33    13552  45     28800  96 types.FrameType
     2     21  32     1176   4     29976 100 list
     3      1   2       48   0     30024 100 VariableState.VariableState 


	Recursion depth 22
		Locations solved: 0
		Location_value_map id: 139805890491520
		Backwards_vals: - bytes
		Location_value_map: 64 bytes
		Final_vals: - bytes

		Heap summary: by type Partition of a set of 86 objects. Total size = 36371 bytes.
 Index  Count   %     Size   % Cumulative  % Kind (class / dict of class)
     0     23  27    16488  45     16488  45 set
     1     24  28    14568  40     31056  85 types.FrameType
     2     14  16     3683  10     34739  96 str
     3     23  27     1480   4     36219 100 list
     4      1   1      104   0     36323 100 dict of VariableState.VariableState
     5      1   1       48   0     36371 100 VariableState.VariableState bytes

		Heap summary: by referrer Partition of a set of 87 objects. Total size = 36948 bytes.
 Index  Count   %     Size   % Cumulative  % Referrers by Kind (class / dict of class)
     0     69  79    31936  86     31936  86 types.FrameType
     1     15  17     4260  12     36196  98 list
     2      1   1      400   1     36596  99 <Nothing>
     3      1   1      248   1     36844 100 _io.TextIOWrapper
     4      1   1      104   0     36948 100 VariableState.VariableState

		Heap summary: largest referrer Partition of a set of 69 objects. Total size = 31936 bytes.
 Index  Count   %     Size   % Cumulative  % Kind (class / dict of class)
     0     23  33    16488  52     16488  52 set
     1     23  33    14168  44     30656  96 types.FrameType
     2     22  32     1232   4     31888 100 list
     3      1   1       48   0     31936 100 VariableState.VariableState 


	Recursion depth 23
		Locations solved: 0
		Location_value_map id: 139805890491520
		Backwards_vals: - bytes
		Location_value_map: 64 bytes
		Final_vals: - bytes

		Heap summary: by type Partition of a set of 96 objects. Total size = 40213 bytes.
 Index  Count   %     Size   % Cumulative  % Kind (class / dict of class)
     0     24  25    17728  44     17728  44 set
     1     25  26    15184  38     32912  82 types.FrameType
     2     21  22     5549  14     38461  96 str
     3     24  25     1600   4     40061 100 list
     4      1   1      104   0     40165 100 dict of VariableState.VariableState
     5      1   1       48   0     40213 100 VariableState.VariableState bytes

		Heap summary: by referrer Partition of a set of 97 objects. Total size = 40790 bytes.
 Index  Count   %     Size   % Cumulative  % Referrers by Kind (class / dict of class)
     0     72  74    33848  83     33848  83 types.FrameType
     1     22  23     6126  15     39974  98 list
     2      1   1      400   1     40374  99 <Nothing>
     3      1   1      312   1     40686 100 _io.TextIOWrapper
     4      1   1      104   0     40790 100 VariableState.VariableState

		Heap summary: largest referrer Partition of a set of 72 objects. Total size = 33848 bytes.
 Index  Count   %     Size   % Cumulative  % Kind (class / dict of class)
     0     24  33    17728  52     17728  52 set
     1     24  33    14784  44     32512  96 types.FrameType
     2     23  32     1288   4     33800 100 list
     3      1   1       48   0     33848 100 VariableState.VariableState 


	Recursion depth 24
		Locations solved: 0
		Location_value_map id: 139805890491520
		Backwards_vals: - bytes
		Location_value_map: 64 bytes
		Final_vals: - bytes

		Heap summary: by type Partition of a set of 106 objects. Total size = 44055 bytes.
 Index  Count   %     Size   % Cumulative  % Kind (class / dict of class)
     0     25  24    18968  43     18968  43 set
     1     26  25    15800  36     34768  79 types.FrameType
     2     28  26     7415  17     42183  96 str
     3     25  24     1720   4     43903 100 list
     4      1   1      104   0     44007 100 dict of VariableState.VariableState
     5      1   1       48   0     44055 100 VariableState.VariableState bytes

		Heap summary: by referrer Partition of a set of 107 objects. Total size = 44633 bytes.
 Index  Count   %     Size   % Cumulative  % Referrers by Kind (class / dict of class)
     0     75  70    35760  80     35760  80 types.FrameType
     1     29  27     7993  18     43753  98 list
     2      1   1      400   1     44153  99 <Nothing>
     3      1   1      376   1     44529 100 _io.TextIOWrapper
     4      1   1      104   0     44633 100 VariableState.VariableState

		Heap summary: largest referrer Partition of a set of 75 objects. Total size = 35760 bytes.
 Index  Count   %     Size   % Cumulative  % Kind (class / dict of class)
     0     25  33    18968  53     18968  53 set
     1     25  33    15400  43     34368  96 types.FrameType
     2     24  32     1344   4     35712 100 list
     3      1   1       48   0     35760 100 VariableState.VariableState 


	Recursion depth 25
		Locations solved: 0
		Location_value_map id: 139805890491520
		Backwards_vals: - bytes
		Location_value_map: 64 bytes
		Final_vals: - bytes

		Heap summary: by type Partition of a set of 116 objects. Total size = 47931 bytes.
 Index  Count   %     Size   % Cumulative  % Kind (class / dict of class)
     0     26  22    20208  42     20208  42 set
     1     27  23    16416  34     36624  76 types.FrameType
     2     35  30     9283  19     45907  96 str
     3     26  22     1872   4     47779 100 list
     4      1   1      104   0     47883 100 dict of VariableState.VariableState
     5      1   1       48   0     47931 100 VariableState.VariableState bytes

		Heap summary: by referrer Partition of a set of 81 objects. Total size = 38754 bytes.
 Index  Count   %     Size   % Cumulative  % Referrers by Kind (class / dict of class)
     0     78  96    37672  97     37672  97 types.FrameType
     1      1   1      578   1     38250  99 _io.TextIOWrapper
     2      1   1      400   1     38650 100 <Nothing>
     3      1   1      104   0     38754 100 VariableState.VariableState

		Heap summary: largest referrer Partition of a set of 78 objects. Total size = 37672 bytes.
 Index  Count   %     Size   % Cumulative  % Kind (class / dict of class)
     0     26  33    20208  54     20208  54 set
     1     26  33    16016  43     36224  96 types.FrameType
     2     25  32     1400   4     37624 100 list
     3      1   1       48   0     37672 100 VariableState.VariableState 


	Recursion depth 26
		Locations solved: 0
		Location_value_map id: 139805890491520
		Backwards_vals: - bytes
		Location_value_map: 64 bytes
		Final_vals: - bytes

		Heap summary: by type Partition of a set of 91 objects. Total size = 42089 bytes.
 Index  Count   %     Size   % Cumulative  % Kind (class / dict of class)
     0     27  30    21448  51     21448  51 set
     1     28  31    17032  40     38480  91 types.FrameType
     2      7   8     1817   4     40297  96 str
     3     27  30     1640   4     41937 100 list
     4      1   1      104   0     42041 100 dict of VariableState.VariableState
     5      1   1       48   0     42089 100 VariableState.VariableState bytes

		Heap summary: by referrer Partition of a set of 92 objects. Total size = 42666 bytes.
 Index  Count   %     Size   % Cumulative  % Referrers by Kind (class / dict of class)
     0     81  88    39584  93     39584  93 types.FrameType
     1      8   9     2394   6     41978  98 list
     2      1   1      400   1     42378  99 <Nothing>
     3      1   1      184   0     42562 100 _io.TextIOWrapper
     4      1   1      104   0     42666 100 VariableState.VariableState

		Heap summary: largest referrer Partition of a set of 81 objects. Total size = 39584 bytes.
 Index  Count   %     Size   % Cumulative  % Kind (class / dict of class)
     0     27  33    21448  54     21448  54 set
     1     27  33    16632  42     38080  96 types.FrameType
     2     26  32     1456   4     39536 100 list
     3      1   1       48   0     39584 100 VariableState.VariableState 


	Recursion depth 27
		Locations solved: 0
		Location_value_map id: 139805890491520
		Backwards_vals: - bytes
		Location_value_map: 64 bytes
		Final_vals: - bytes

		Heap summary: by type Partition of a set of 101 objects. Total size = 45931 bytes.
 Index  Count   %     Size   % Cumulative  % Kind (class / dict of class)
     0     28  28    22688  49     22688  49 set
     1     29  29    17648  38     40336  88 types.FrameType
     2     14  14     3683   8     44019  96 str
     3     28  28     1760   4     45779 100 list
     4      1   1      104   0     45883 100 dict of VariableState.VariableState
     5      1   1       48   0     45931 100 VariableState.VariableState bytes

		Heap summary: by referrer Partition of a set of 102 objects. Total size = 46509 bytes.
 Index  Count   %     Size   % Cumulative  % Referrers by Kind (class / dict of class)
     0     84  82    41496  89     41496  89 types.FrameType
     1     15  15     4261   9     45757  98 list
     2      1   1      400   1     46157  99 <Nothing>
     3      1   1      248   1     46405 100 _io.TextIOWrapper
     4      1   1      104   0     46509 100 VariableState.VariableState

		Heap summary: largest referrer Partition of a set of 84 objects. Total size = 41496 bytes.
 Index  Count   %     Size   % Cumulative  % Kind (class / dict of class)
     0     28  33    22688  55     22688  55 set
     1     28  33    17248  42     39936  96 types.FrameType
     2     27  32     1512   4     41448 100 list
     3      1   1       48   0     41496 100 VariableState.VariableState 


	Recursion depth 28
		Locations solved: 0
		Location_value_map id: 139805890491520
		Backwards_vals: - bytes
		Location_value_map: 64 bytes
		Final_vals: - bytes

		Heap summary: by type Partition of a set of 111 objects. Total size = 49775 bytes.
 Index  Count   %     Size   % Cumulative  % Kind (class / dict of class)
     0     29  26    23928  48     23928  48 set
     1     30  27    18264  37     42192  85 types.FrameType
     2     21  19     5551  11     47743  96 str
     3     29  26     1880   4     49623 100 list
     4      1   1      104   0     49727 100 dict of VariableState.VariableState
     5      1   1       48   0     49775 100 VariableState.VariableState bytes

		Heap summary: by referrer Partition of a set of 112 objects. Total size = 50353 bytes.
 Index  Count   %     Size   % Cumulative  % Referrers by Kind (class / dict of class)
     0     87  78    43408  86     43408  86 types.FrameType
     1     22  20     6129  12     49537  98 list
     2      1   1      400   1     49937  99 <Nothing>
     3      1   1      312   1     50249 100 _io.TextIOWrapper
     4      1   1      104   0     50353 100 VariableState.VariableState

		Heap summary: largest referrer Partition of a set of 87 objects. Total size = 43408 bytes.
 Index  Count   %     Size   % Cumulative  % Kind (class / dict of class)
     0     29  33    23928  55     23928  55 set
     1     29  33    17864  41     41792  96 types.FrameType
     2     28  32     1568   4     43360 100 list
     3      1   1       48   0     43408 100 VariableState.VariableState 


	Recursion depth 29
		Locations solved: 0
		Location_value_map id: 139805890491520
		Backwards_vals: - bytes
		Location_value_map: 64 bytes
		Final_vals: - bytes

		Heap summary: by type Partition of a set of 121 objects. Total size = 53619 bytes.
 Index  Count   %     Size   % Cumulative  % Kind (class / dict of class)
     0     30  25    25168  47     25168  47 set
     1     31  26    18880  35     44048  82 types.FrameType
     2     28  23     7419  14     51467  96 str
     3     30  25     2000   4     53467 100 list
     4      1   1      104   0     53571 100 dict of VariableState.VariableState
     5      1   1       48   0     53619 100 VariableState.VariableState bytes

		Heap summary: by referrer Partition of a set of 122 objects. Total size = 54197 bytes.
 Index  Count   %     Size   % Cumulative  % Referrers by Kind (class / dict of class)
     0     90  74    45320  84     45320  84 types.FrameType
     1     29  24     7997  15     53317  98 list
     2      1   1      400   1     53717  99 <Nothing>
     3      1   1      376   1     54093 100 _io.TextIOWrapper
     4      1   1      104   0     54197 100 VariableState.VariableState

		Heap summary: largest referrer Partition of a set of 90 objects. Total size = 45320 bytes.
 Index  Count   %     Size   % Cumulative  % Kind (class / dict of class)
     0     30  33    25168  56     25168  56 set
     1     30  33    18480  41     43648  96 types.FrameType
     2     29  32     1624   4     45272 100 list
     3      1   1       48   0     45320 100 VariableState.VariableState 


	Recursion depth 30
		Locations solved: 0
		Location_value_map id: 139805890491520
		Backwards_vals: - bytes
		Location_value_map: 64 bytes
		Final_vals: - bytes

		Heap summary: by type Partition of a set of 131 objects. Total size = 57495 bytes.
 Index  Count   %     Size   % Cumulative  % Kind (class / dict of class)
     0     31  24    26408  46     26408  46 set
     1     32  24    19496  34     45904  80 types.FrameType
     2     35  27     9287  16     55191  96 str
     3     31  24     2152   4     57343 100 list
     4      1   1      104   0     57447 100 dict of VariableState.VariableState
     5      1   1       48   0     57495 100 VariableState.VariableState bytes

		Heap summary: by referrer Partition of a set of 96 objects. Total size = 48314 bytes.
 Index  Count   %     Size   % Cumulative  % Referrers by Kind (class / dict of class)
     0     93  97    47232  98     47232  98 types.FrameType
     1      1   1      578   1     47810  99 _io.TextIOWrapper
     2      1   1      400   1     48210 100 <Nothing>
     3      1   1      104   0     48314 100 VariableState.VariableState

		Heap summary: largest referrer Partition of a set of 93 objects. Total size = 47232 bytes.
 Index  Count   %     Size   % Cumulative  % Kind (class / dict of class)
     0     31  33    26408  56     26408  56 set
     1     31  33    19096  40     45504  96 types.FrameType
     2     30  32     1680   4     47184 100 list
     3      1   1       48   0     47232 100 VariableState.VariableState 


	Recursion depth 31
		Locations solved: 0
		Location_value_map id: 139805890491520
		Backwards_vals: - bytes
		Location_value_map: 64 bytes
		Final_vals: - bytes

		Heap summary: by type Partition of a set of 106 objects. Total size = 51649 bytes.
 Index  Count   %     Size   % Cumulative  % Kind (class / dict of class)
     0     32  30    27648  54     27648  54 set
     1     33  31    20112  39     47760  92 types.FrameType
     2     32  30     1920   4     49680  96 list
     3      7   7     1817   4     51497 100 str
     4      1   1      104   0     51601 100 dict of VariableState.VariableState
     5      1   1       48   0     51649 100 VariableState.VariableState bytes

		Heap summary: by referrer Partition of a set of 107 objects. Total size = 52227 bytes.
 Index  Count   %     Size   % Cumulative  % Referrers by Kind (class / dict of class)
     0     96  90    49144  94     49144  94 types.FrameType
     1      8   7     2395   5     51539  99 list
     2      1   1      400   1     51939  99 <Nothing>
     3      1   1      184   0     52123 100 _io.TextIOWrapper
     4      1   1      104   0     52227 100 VariableState.VariableState

		Heap summary: largest referrer Partition of a set of 96 objects. Total size = 49144 bytes.
 Index  Count   %     Size   % Cumulative  % Kind (class / dict of class)
     0     32  33    27648  56     27648  56 set
     1     32  33    19712  40     47360  96 types.FrameType
     2     31  32     1736   4     49096 100 list
     3      1   1       48   0     49144 100 VariableState.VariableState 


	Recursion depth 32
		Locations solved: 0
		Location_value_map id: 139805890491520
		Backwards_vals: - bytes
		Location_value_map: 64 bytes
		Final_vals: - bytes

		Heap summary: by type Partition of a set of 116 objects. Total size = 55493 bytes.
 Index  Count   %     Size   % Cumulative  % Kind (class / dict of class)
     0     33  28    28888  52     28888  52 set
     1     34  29    20728  37     49616  89 types.FrameType
     2     14  12     3685   7     53301  96 str
     3     33  28     2040   4     55341 100 list
     4      1   1      104   0     55445 100 dict of VariableState.VariableState
     5      1   1       48   0     55493 100 VariableState.VariableState bytes

		Heap summary: by referrer Partition of a set of 117 objects. Total size = 56071 bytes.
 Index  Count   %     Size   % Cumulative  % Referrers by Kind (class / dict of class)
     0     99  85    51056  91     51056  91 types.FrameType
     1     15  13     4263   8     55319  99 list
     2      1   1      400   1     55719  99 <Nothing>
     3      1   1      248   0     55967 100 _io.TextIOWrapper
     4      1   1      104   0     56071 100 VariableState.VariableState

		Heap summary: largest referrer Partition of a set of 99 objects. Total size = 51056 bytes.
 Index  Count   %     Size   % Cumulative  % Kind (class / dict of class)
     0     33  33    28888  57     28888  57 set
     1     33  33    20328  40     49216  96 types.FrameType
     2     32  32     1792   4     51008 100 list
     3      1   1       48   0     51056 100 VariableState.VariableState 


	Recursion depth 33
		Locations solved: 0
		Location_value_map id: 139805890491520
		Backwards_vals: - bytes
		Location_value_map: 64 bytes
		Final_vals: - bytes

		Heap summary: by type Partition of a set of 126 objects. Total size = 60361 bytes.
 Index  Count   %     Size   % Cumulative  % Kind (class / dict of class)
     0     34  27    31152  52     31152  52 set
     1     35  28    21344  35     52496  87 types.FrameType
     2     21  17     5553   9     58049  96 str
     3     34  27     2160   4     60209 100 list
     4      1   1      104   0     60313 100 dict of VariableState.VariableState
     5      1   1       48   0     60361 100 VariableState.VariableState bytes

		Heap summary: by referrer Partition of a set of 127 objects. Total size = 60939 bytes.
 Index  Count   %     Size   % Cumulative  % Referrers by Kind (class / dict of class)
     0    102  80    53992  89     53992  89 types.FrameType
     1     22  17     6131  10     60123  99 list
     2      1   1      400   1     60523  99 <Nothing>
     3      1   1      312   1     60835 100 _io.TextIOWrapper
     4      1   1      104   0     60939 100 VariableState.VariableState

		Heap summary: largest referrer Partition of a set of 102 objects. Total size = 53992 bytes.
 Index  Count   %     Size   % Cumulative  % Kind (class / dict of class)
     0     34  33    31152  58     31152  58 set
     1     34  33    20944  39     52096  96 types.FrameType
     2     33  32     1848   3     53944 100 list
     3      1   1       48   0     53992 100 VariableState.VariableState 


	Recursion depth 34
		Locations solved: 0
		Location_value_map id: 139805890491520
		Backwards_vals: - bytes
		Location_value_map: 64 bytes
		Final_vals: - bytes

		Heap summary: by type Partition of a set of 136 objects. Total size = 65230 bytes.
 Index  Count   %     Size   % Cumulative  % Kind (class / dict of class)
     0     35  26    33416  51     33416  51 set
     1     36  26    21960  34     55376  85 types.FrameType
     2     28  21     7422  11     62798  96 str
     3     35  26     2280   3     65078 100 list
     4      1   1      104   0     65182 100 dict of VariableState.VariableState
     5      1   1       48   0     65230 100 VariableState.VariableState bytes

		Heap summary: by referrer Partition of a set of 137 objects. Total size = 65808 bytes.
 Index  Count   %     Size   % Cumulative  % Referrers by Kind (class / dict of class)
     0    105  77    56928  87     56928  87 types.FrameType
     1     29  21     8000  12     64928  99 list
     2      1   1      400   1     65328  99 <Nothing>
     3      1   1      376   1     65704 100 _io.TextIOWrapper
     4      1   1      104   0     65808 100 VariableState.VariableState

		Heap summary: largest referrer Partition of a set of 105 objects. Total size = 56928 bytes.
 Index  Count   %     Size   % Cumulative  % Kind (class / dict of class)
     0     35  33    33416  59     33416  59 set
     1     35  33    21560  38     54976  97 types.FrameType
     2     34  32     1904   3     56880 100 list
     3      1   1       48   0     56928 100 VariableState.VariableState 


	Recursion depth 35
		Locations solved: 0
		Location_value_map id: 139805890491520
		Backwards_vals: - bytes
		Location_value_map: 64 bytes
		Final_vals: - bytes

		Heap summary: by type Partition of a set of 146 objects. Total size = 70131 bytes.
 Index  Count   %     Size   % Cumulative  % Kind (class / dict of class)
     0     36  25    35680  51     35680  51 set
     1     37  25    22576  32     58256  83 types.FrameType
     2     35  24     9291  13     67547  96 str
     3     36  25     2432   3     69979 100 list
     4      1   1      104   0     70083 100 dict of VariableState.VariableState
     5      1   1       48   0     70131 100 VariableState.VariableState bytes

		Heap summary: by referrer Partition of a set of 111 objects. Total size = 60946 bytes.
 Index  Count   %     Size   % Cumulative  % Referrers by Kind (class / dict of class)
     0    108  97    59864  98     59864  98 types.FrameType
     1      1   1      578   1     60442  99 _io.TextIOWrapper
     2      1   1      400   1     60842 100 <Nothing>
     3      1   1      104   0     60946 100 VariableState.VariableState

		Heap summary: largest referrer Partition of a set of 108 objects. Total size = 59864 bytes.
 Index  Count   %     Size   % Cumulative  % Kind (class / dict of class)
     0     36  33    35680  60     35680  60 set
     1     36  33    22176  37     57856  97 types.FrameType
     2     35  32     1960   3     59816 100 list
     3      1   1       48   0     59864 100 VariableState.VariableState 


	Recursion depth 36
		Locations solved: 0
		Location_value_map id: 139805890491520
		Backwards_vals: - bytes
		Location_value_map: 64 bytes
		Final_vals: - bytes

		Heap summary: by type Partition of a set of 121 objects. Total size = 65307 bytes.
 Index  Count   %     Size   % Cumulative  % Kind (class / dict of class)
     0     37  31    37944  58     37944  58 set
     1     38  31    23192  36     61136  94 types.FrameType
     2     37  31     2200   3     63336  97 list
     3      7   6     1819   3     65155 100 str
     4      1   1      104   0     65259 100 dict of VariableState.VariableState
     5      1   1       48   0     65307 100 VariableState.VariableState bytes

		Heap summary: by referrer Partition of a set of 122 objects. Total size = 65885 bytes.
 Index  Count   %     Size   % Cumulative  % Referrers by Kind (class / dict of class)
     0    111  91    62800  95     62800  95 types.FrameType
     1      8   7     2397   4     65197  99 list
     2      1   1      400   1     65597 100 <Nothing>
     3      1   1      184   0     65781 100 _io.TextIOWrapper
     4      1   1      104   0     65885 100 VariableState.VariableState

		Heap summary: largest referrer Partition of a set of 111 objects. Total size = 62800 bytes.
 Index  Count   %     Size   % Cumulative  % Kind (class / dict of class)
     0     37  33    37944  60     37944  60 set
     1     37  33    22792  36     60736  97 types.FrameType
     2     36  32     2016   3     62752 100 list
     3      1   1       48   0     62800 100 VariableState.VariableState 


	Recursion depth 37
		Locations solved: 0
		Location_value_map id: 139805890491520
		Backwards_vals: - bytes
		Location_value_map: 64 bytes
		Final_vals: - bytes

		Heap summary: by type Partition of a set of 131 objects. Total size = 70176 bytes.
 Index  Count   %     Size   % Cumulative  % Kind (class / dict of class)
     0     38  29    40208  57     40208  57 set
     1     39  30    23808  34     64016  91 types.FrameType
     2     14  11     3688   5     67704  96 str
     3     38  29     2320   3     70024 100 list
     4      1   1      104   0     70128 100 dict of VariableState.VariableState
     5      1   1       48   0     70176 100 VariableState.VariableState bytes

		Heap summary: by referrer Partition of a set of 132 objects. Total size = 70754 bytes.
 Index  Count   %     Size   % Cumulative  % Referrers by Kind (class / dict of class)
     0    114  86    65736  93     65736  93 types.FrameType
     1     15  11     4266   6     70002  99 list
     2      1   1      400   1     70402 100 <Nothing>
     3      1   1      248   0     70650 100 _io.TextIOWrapper
     4      1   1      104   0     70754 100 VariableState.VariableState

		Heap summary: largest referrer Partition of a set of 114 objects. Total size = 65736 bytes.
 Index  Count   %     Size   % Cumulative  % Kind (class / dict of class)
     0     38  33    40208  61     40208  61 set
     1     38  33    23408  36     63616  97 types.FrameType
     2     37  32     2072   3     65688 100 list
     3      1   1       48   0     65736 100 VariableState.VariableState 


	Recursion depth 38
		Locations solved: 0
		Location_value_map id: 139805890491520
		Backwards_vals: - bytes
		Location_value_map: 64 bytes
		Final_vals: - bytes

		Heap summary: by type Partition of a set of 141 objects. Total size = 75045 bytes.
 Index  Count   %     Size   % Cumulative  % Kind (class / dict of class)
     0     39  28    42472  57     42472  57 set
     1     40  28    24424  33     66896  89 types.FrameType
     2     21  15     5557   7     72453  97 str
     3     39  28     2440   3     74893 100 list
     4      1   1      104   0     74997 100 dict of VariableState.VariableState
     5      1   1       48   0     75045 100 VariableState.VariableState bytes

		Heap summary: by referrer Partition of a set of 142 objects. Total size = 75623 bytes.
 Index  Count   %     Size   % Cumulative  % Referrers by Kind (class / dict of class)
     0    117  82    68672  91     68672  91 types.FrameType
     1     22  15     6135   8     74807  99 list
     2      1   1      400   1     75207  99 <Nothing>
     3      1   1      312   0     75519 100 _io.TextIOWrapper
     4      1   1      104   0     75623 100 VariableState.VariableState

		Heap summary: largest referrer Partition of a set of 117 objects. Total size = 68672 bytes.
 Index  Count   %     Size   % Cumulative  % Kind (class / dict of class)
     0     39  33    42472  62     42472  62 set
     1     39  33    24024  35     66496  97 types.FrameType
     2     38  32     2128   3     68624 100 list
     3      1   1       48   0     68672 100 VariableState.VariableState 


	Recursion depth 39
		Locations solved: 0
		Location_value_map id: 139805890491520
		Backwards_vals: - bytes
		Location_value_map: 64 bytes
		Final_vals: - bytes

		Heap summary: by type Partition of a set of 151 objects. Total size = 79914 bytes.
 Index  Count   %     Size   % Cumulative  % Kind (class / dict of class)
     0     40  26    44736  56     44736  56 set
     1     41  27    25040  31     69776  87 types.FrameType
     2     28  19     7426   9     77202  97 str
     3     40  26     2560   3     79762 100 list
     4      1   1      104   0     79866 100 dict of VariableState.VariableState
     5      1   1       48   0     79914 100 VariableState.VariableState bytes

		Heap summary: by referrer Partition of a set of 152 objects. Total size = 80492 bytes.
 Index  Count   %     Size   % Cumulative  % Referrers by Kind (class / dict of class)
     0    120  79    71608  89     71608  89 types.FrameType
     1     29  19     8004  10     79612  99 list
     2      1   1      400   0     80012  99 <Nothing>
     3      1   1      376   0     80388 100 _io.TextIOWrapper
     4      1   1      104   0     80492 100 VariableState.VariableState

		Heap summary: largest referrer Partition of a set of 120 objects. Total size = 71608 bytes.
 Index  Count   %     Size   % Cumulative  % Kind (class / dict of class)
     0     40  33    44736  62     44736  62 set
     1     40  33    24640  34     69376  97 types.FrameType
     2     39  32     2184   3     71560 100 list
     3      1   1       48   0     71608 100 VariableState.VariableState 


	Recursion depth 40
		Locations solved: 0
		Location_value_map id: 139805890491520
		Backwards_vals: - bytes
		Location_value_map: 64 bytes
		Final_vals: - bytes

		Heap summary: by type Partition of a set of 161 objects. Total size = 84815 bytes.
 Index  Count   %     Size   % Cumulative  % Kind (class / dict of class)
     0     41  25    47000  55     47000  55 set
     1     42  26    25656  30     72656  86 types.FrameType
     2     35  22     9295  11     81951  97 str
     3     41  25     2712   3     84663 100 list
     4      1   1      104   0     84767 100 dict of VariableState.VariableState
     5      1   1       48   0     84815 100 VariableState.VariableState bytes

		Heap summary: by referrer Partition of a set of 126 objects. Total size = 75626 bytes.
 Index  Count   %     Size   % Cumulative  % Referrers by Kind (class / dict of class)
     0    123  98    74544  99     74544  99 types.FrameType
     1      1   1      578   1     75122  99 _io.TextIOWrapper
     2      1   1      400   1     75522 100 <Nothing>
     3      1   1      104   0     75626 100 VariableState.VariableState

		Heap summary: largest referrer Partition of a set of 123 objects. Total size = 74544 bytes.
 Index  Count   %     Size   % Cumulative  % Kind (class / dict of class)
     0     41  33    47000  63     47000  63 set
     1     41  33    25256  34     72256  97 types.FrameType
     2     40  33     2240   3     74496 100 list
     3      1   1       48   0     74544 100 VariableState.VariableState 


	Recursion depth 41
		Locations solved: 0
		Location_value_map id: 139805890491520
		Backwards_vals: - bytes
		Location_value_map: 64 bytes
		Final_vals: - bytes

		Heap summary: by type Partition of a set of 136 objects. Total size = 79987 bytes.
 Index  Count   %     Size   % Cumulative  % Kind (class / dict of class)
     0     42  31    49264  62     49264  62 set
     1     43  32    26272  33     75536  94 types.FrameType
     2     42  31     2480   3     78016  98 list
     3      7   5     1819   2     79835 100 str
     4      1   1      104   0     79939 100 dict of VariableState.VariableState
     5      1   1       48   0     79987 100 VariableState.VariableState bytes

		Heap summary: by referrer Partition of a set of 137 objects. Total size = 80565 bytes.
 Index  Count   %     Size   % Cumulative  % Referrers by Kind (class / dict of class)
     0    126  92    77480  96     77480  96 types.FrameType
     1      8   6     2397   3     79877  99 list
     2      1   1      400   0     80277 100 <Nothing>
     3      1   1      184   0     80461 100 _io.TextIOWrapper
     4      1   1      104   0     80565 100 VariableState.VariableState

		Heap summary: largest referrer Partition of a set of 126 objects. Total size = 77480 bytes.
 Index  Count   %     Size   % Cumulative  % Kind (class / dict of class)
     0     42  33    49264  64     49264  64 set
     1     42  33    25872  33     75136  97 types.FrameType
     2     41  33     2296   3     77432 100 list
     3      1   1       48   0     77480 100 VariableState.VariableState 


	Recursion depth 42
		Locations solved: 0
		Location_value_map id: 139805890491520
		Backwards_vals: - bytes
		Location_value_map: 64 bytes
		Final_vals: - bytes

		Heap summary: by type Partition of a set of 146 objects. Total size = 84856 bytes.
 Index  Count   %     Size   % Cumulative  % Kind (class / dict of class)
     0     43  29    51528  61     51528  61 set
     1     44  30    26888  32     78416  92 types.FrameType
     2     14  10     3688   4     82104  97 str
     3     43  29     2600   3     84704 100 list
     4      1   1      104   0     84808 100 dict of VariableState.VariableState
     5      1   1       48   0     84856 100 VariableState.VariableState bytes

		Heap summary: by referrer Partition of a set of 147 objects. Total size = 85434 bytes.
 Index  Count   %     Size   % Cumulative  % Referrers by Kind (class / dict of class)
     0    129  88    80416  94     80416  94 types.FrameType
     1     15  10     4266   5     84682  99 list
     2      1   1      400   0     85082 100 <Nothing>
     3      1   1      248   0     85330 100 _io.TextIOWrapper
     4      1   1      104   0     85434 100 VariableState.VariableState

		Heap summary: largest referrer Partition of a set of 129 objects. Total size = 80416 bytes.
 Index  Count   %     Size   % Cumulative  % Kind (class / dict of class)
     0     43  33    51528  64     51528  64 set
     1     43  33    26488  33     78016  97 types.FrameType
     2     42  33     2352   3     80368 100 list
     3      1   1       48   0     80416 100 VariableState.VariableState 


	Recursion depth 43
		Locations solved: 0
		Location_value_map id: 139805890491520
		Backwards_vals: - bytes
		Location_value_map: 64 bytes
		Final_vals: - bytes

		Heap summary: by type Partition of a set of 156 objects. Total size = 89725 bytes.
 Index  Count   %     Size   % Cumulative  % Kind (class / dict of class)
     0     44  28    53792  60     53792  60 set
     1     45  29    27504  31     81296  91 types.FrameType
     2     21  13     5557   6     86853  97 str
     3     44  28     2720   3     89573 100 list
     4      1   1      104   0     89677 100 dict of VariableState.VariableState
     5      1   1       48   0     89725 100 VariableState.VariableState bytes

		Heap summary: by referrer Partition of a set of 157 objects. Total size = 90303 bytes.
 Index  Count   %     Size   % Cumulative  % Referrers by Kind (class / dict of class)
     0    132  84    83352  92     83352  92 types.FrameType
     1     22  14     6135   7     89487  99 list
     2      1   1      400   0     89887 100 <Nothing>
     3      1   1      312   0     90199 100 _io.TextIOWrapper
     4      1   1      104   0     90303 100 VariableState.VariableState

		Heap summary: largest referrer Partition of a set of 132 objects. Total size = 83352 bytes.
 Index  Count   %     Size   % Cumulative  % Kind (class / dict of class)
     0     44  33    53792  65     53792  65 set
     1     44  33    27104  33     80896  97 types.FrameType
     2     43  33     2408   3     83304 100 list
     3      1   1       48   0     83352 100 VariableState.VariableState 


	Recursion depth 44
		Locations solved: 0
		Location_value_map id: 139805890491520
		Backwards_vals: - bytes
		Location_value_map: 64 bytes
		Final_vals: - bytes

		Heap summary: by type Partition of a set of 166 objects. Total size = 94594 bytes.
 Index  Count   %     Size   % Cumulative  % Kind (class / dict of class)
     0     45  27    56056  59     56056  59 set
     1     46  28    28120  30     84176  89 types.FrameType
     2     28  17     7426   8     91602  97 str
     3     45  27     2840   3     94442 100 list
     4      1   1      104   0     94546 100 dict of VariableState.VariableState
     5      1   1       48   0     94594 100 VariableState.VariableState bytes

		Heap summary: by referrer Partition of a set of 167 objects. Total size = 95172 bytes.
 Index  Count   %     Size   % Cumulative  % Referrers by Kind (class / dict of class)
     0    135  81    86288  91     86288  91 types.FrameType
     1     29  17     8004   8     94292  99 list
     2      1   1      400   0     94692  99 <Nothing>
     3      1   1      376   0     95068 100 _io.TextIOWrapper
     4      1   1      104   0     95172 100 VariableState.VariableState

		Heap summary: largest referrer Partition of a set of 135 objects. Total size = 86288 bytes.
 Index  Count   %     Size   % Cumulative  % Kind (class / dict of class)
     0     45  33    56056  65     56056  65 set
     1     45  33    27720  32     83776  97 types.FrameType
     2     44  33     2464   3     86240 100 list
     3      1   1       48   0     86288 100 VariableState.VariableState 


	Recursion depth 45
		Locations solved: 0
		Location_value_map id: 139805890491520
		Backwards_vals: - bytes
		Location_value_map: 64 bytes
		Final_vals: - bytes

		Heap summary: by type Partition of a set of 176 objects. Total size = 99495 bytes.
 Index  Count   %     Size   % Cumulative  % Kind (class / dict of class)
     0     46  26    58320  59     58320  59 set
     1     47  27    28736  29     87056  87 types.FrameType
     2     35  20     9295   9     96351  97 str
     3     46  26     2992   3     99343 100 list
     4      1   1      104   0     99447 100 dict of VariableState.VariableState
     5      1   1       48   0     99495 100 VariableState.VariableState bytes

		Heap summary: by referrer Partition of a set of 141 objects. Total size = 90306 bytes.
 Index  Count   %     Size   % Cumulative  % Referrers by Kind (class / dict of class)
     0    138  98    89224  99     89224  99 types.FrameType
     1      1   1      578   1     89802  99 _io.TextIOWrapper
     2      1   1      400   0     90202 100 <Nothing>
     3      1   1      104   0     90306 100 VariableState.VariableState

		Heap summary: largest referrer Partition of a set of 138 objects. Total size = 89224 bytes.
 Index  Count   %     Size   % Cumulative  % Kind (class / dict of class)
     0     46  33    58320  65     58320  65 set
     1     46  33    28336  32     86656  97 types.FrameType
     2     45  33     2520   3     89176 100 list
     3      1   1       48   0     89224 100 VariableState.VariableState 


	Recursion depth 46
		Locations solved: 0
		Location_value_map id: 139805890491520
		Backwards_vals: - bytes
		Location_value_map: 64 bytes
		Final_vals: - bytes

		Heap summary: by type Partition of a set of 151 objects. Total size = 94667 bytes.
 Index  Count   %     Size   % Cumulative  % Kind (class / dict of class)
     0     47  31    60584  64     60584  64 set
     1     48  32    29352  31     89936  95 types.FrameType
     2     47  31     2760   3     92696  98 list
     3      7   5     1819   2     94515 100 str
     4      1   1      104   0     94619 100 dict of VariableState.VariableState
     5      1   1       48   0     94667 100 VariableState.VariableState bytes

		Heap summary: by referrer Partition of a set of 152 objects. Total size = 95245 bytes.
 Index  Count   %     Size   % Cumulative  % Referrers by Kind (class / dict of class)
     0    141  93    92160  97     92160  97 types.FrameType
     1      8   5     2397   3     94557  99 list
     2      1   1      400   0     94957 100 <Nothing>
     3      1   1      184   0     95141 100 _io.TextIOWrapper
     4      1   1      104   0     95245 100 VariableState.VariableState

		Heap summary: largest referrer Partition of a set of 141 objects. Total size = 92160 bytes.
 Index  Count   %     Size   % Cumulative  % Kind (class / dict of class)
     0     47  33    60584  66     60584  66 set
     1     47  33    28952  31     89536  97 types.FrameType
     2     46  33     2576   3     92112 100 list
     3      1   1       48   0     92160 100 VariableState.VariableState 


	Recursion depth 47
		Locations solved: 0
		Location_value_map id: 139805890491520
		Backwards_vals: - bytes
		Location_value_map: 64 bytes
		Final_vals: - bytes

		Heap summary: by type Partition of a set of 161 objects. Total size = 99536 bytes.
 Index  Count   %     Size   % Cumulative  % Kind (class / dict of class)
     0     48  30    62848  63     62848  63 set
     1     49  30    29968  30     92816  93 types.FrameType
     2     14   9     3688   4     96504  97 str
     3     48  30     2880   3     99384 100 list
     4      1   1      104   0     99488 100 dict of VariableState.VariableState
     5      1   1       48   0     99536 100 VariableState.VariableState bytes

		Heap summary: by referrer Partition of a set of 162 objects. Total size = 100114 bytes.
 Index  Count   %     Size   % Cumulative  % Referrers by Kind (class / dict of class)
     0    144  89    95096  95     95096  95 types.FrameType
     1     15   9     4266   4     99362  99 list
     2      1   1      400   0     99762 100 <Nothing>
     3      1   1      248   0    100010 100 _io.TextIOWrapper
     4      1   1      104   0    100114 100 VariableState.VariableState

		Heap summary: largest referrer Partition of a set of 144 objects. Total size = 95096 bytes.
 Index  Count   %     Size   % Cumulative  % Kind (class / dict of class)
     0     48  33    62848  66     62848  66 set
     1     48  33    29568  31     92416  97 types.FrameType
     2     47  33     2632   3     95048 100 list
     3      1   1       48   0     95096 100 VariableState.VariableState 


	Recursion depth 48
		Locations solved: 0
		Location_value_map id: 139805890491520
		Backwards_vals: - bytes
		Location_value_map: 64 bytes
		Final_vals: - bytes

		Heap summary: by type Partition of a set of 171 objects. Total size = 104406 bytes.
 Index  Count   %     Size   % Cumulative  % Kind (class / dict of class)
     0     49  29    65112  62     65112  62 set
     1     50  29    30584  29     95696  92 types.FrameType
     2     21  12     5558   5    101254  97 str
     3     49  29     3000   3    104254 100 list
     4      1   1      104   0    104358 100 dict of VariableState.VariableState
     5      1   1       48   0    104406 100 VariableState.VariableState bytes

		Heap summary: by referrer Partition of a set of 172 objects. Total size = 104985 bytes.
 Index  Count   %     Size   % Cumulative  % Referrers by Kind (class / dict of class)
     0    147  85    98032  93     98032  93 types.FrameType
     1     22  13     6137   6    104169  99 list
     2      1   1      400   0    104569 100 <Nothing>
     3      1   1      312   0    104881 100 _io.TextIOWrapper
     4      1   1      104   0    104985 100 VariableState.VariableState

		Heap summary: largest referrer Partition of a set of 147 objects. Total size = 98032 bytes.
 Index  Count   %     Size   % Cumulative  % Kind (class / dict of class)
     0     49  33    65112  66     65112  66 set
     1     49  33    30184  31     95296  97 types.FrameType
     2     48  33     2688   3     97984 100 list
     3      1   1       48   0     98032 100 VariableState.VariableState 


	Recursion depth 49
		Locations solved: 0
		Location_value_map id: 139805890491520
		Backwards_vals: - bytes
		Location_value_map: 64 bytes
		Final_vals: - bytes

		Heap summary: by type Partition of a set of 181 objects. Total size = 109277 bytes.
 Index  Count   %     Size   % Cumulative  % Kind (class / dict of class)
     0     50  28    67376  62     67376  62 set
     1     51  28    31200  29     98576  90 types.FrameType
     2     28  15     7429   7    106005  97 str
     3     50  28     3120   3    109125 100 list
     4      1   1      104   0    109229 100 dict of VariableState.VariableState
     5      1   1       48   0    109277 100 VariableState.VariableState bytes

		Heap summary: by referrer Partition of a set of 182 objects. Total size = 109856 bytes.
 Index  Count   %     Size   % Cumulative  % Referrers by Kind (class / dict of class)
     0    150  82   100968  92    100968  92 types.FrameType
     1     29  16     8008   7    108976  99 list
     2      1   1      400   0    109376 100 <Nothing>
     3      1   1      376   0    109752 100 _io.TextIOWrapper
     4      1   1      104   0    109856 100 VariableState.VariableState

		Heap summary: largest referrer Partition of a set of 150 objects. Total size = 100968 bytes.
 Index  Count   %     Size   % Cumulative  % Kind (class / dict of class)
     0     50  33    67376  67     67376  67 set
     1     50  33    30800  31     98176  97 types.FrameType
     2     49  33     2744   3    100920 100 list
     3      1   1       48   0    100968 100 VariableState.VariableState 


	Recursion depth 50
		Locations solved: 0
		Location_value_map id: 139805890491520
		Backwards_vals: - bytes
		Location_value_map: 64 bytes
		Final_vals: - bytes

		Heap summary: by type Partition of a set of 191 objects. Total size = 114181 bytes.
 Index  Count   %     Size   % Cumulative  % Kind (class / dict of class)
     0     51  27    69640  61     69640  61 set
     1     52  27    31816  28    101456  89 types.FrameType
     2     35  18     9301   8    110757  97 str
     3     51  27     3272   3    114029 100 list
     4      1   1      104   0    114133 100 dict of VariableState.VariableState
     5      1   1       48   0    114181 100 VariableState.VariableState bytes

		Heap summary: by referrer Partition of a set of 156 objects. Total size = 104987 bytes.
 Index  Count   %     Size   % Cumulative  % Referrers by Kind (class / dict of class)
     0    153  98   103904  99    103904  99 types.FrameType
     1      1   1      579   1    104483 100 _io.TextIOWrapper
     2      1   1      400   0    104883 100 <Nothing>
     3      1   1      104   0    104987 100 VariableState.VariableState

		Heap summary: largest referrer Partition of a set of 153 objects. Total size = 103904 bytes.
 Index  Count   %     Size   % Cumulative  % Kind (class / dict of class)
     0     51  33    69640  67     69640  67 set
     1     51  33    31416  30    101056  97 types.FrameType
     2     50  33     2800   3    103856 100 list
     3      1   1       48   0    103904 100 VariableState.VariableState 


	Recursion depth 51
		Locations solved: 0
		Location_value_map id: 139805890491520
		Backwards_vals: - bytes
		Location_value_map: 64 bytes
		Final_vals: - bytes

		Heap summary: by type Partition of a set of 166 objects. Total size = 109350 bytes.
 Index  Count   %     Size   % Cumulative  % Kind (class / dict of class)
     0     52  31    71904  66     71904  66 set
     1     53  32    32432  30    104336  95 types.FrameType
     2     52  31     3040   3    107376  98 list
     3      7   4     1822   2    109198 100 str
     4      1   1      104   0    109302 100 dict of VariableState.VariableState
     5      1   1       48   0    109350 100 VariableState.VariableState bytes

		Heap summary: by referrer Partition of a set of 167 objects. Total size = 109929 bytes.
 Index  Count   %     Size   % Cumulative  % Referrers by Kind (class / dict of class)
     0    156  93   106840  97    106840  97 types.FrameType
     1      8   5     2401   2    109241  99 list
     2      1   1      400   0    109641 100 <Nothing>
     3      1   1      184   0    109825 100 _io.TextIOWrapper
     4      1   1      104   0    109929 100 VariableState.VariableState

		Heap summary: largest referrer Partition of a set of 156 objects. Total size = 106840 bytes.
 Index  Count   %     Size   % Cumulative  % Kind (class / dict of class)
     0     52  33    71904  67     71904  67 set
     1     52  33    32032  30    103936  97 types.FrameType
     2     51  33     2856   3    106792 100 list
     3      1   1       48   0    106840 100 VariableState.VariableState 


	Recursion depth 52
		Locations solved: 0
		Location_value_map id: 139805890491520
		Backwards_vals: - bytes
		Location_value_map: 64 bytes
		Final_vals: - bytes

		Heap summary: by type Partition of a set of 176 objects. Total size = 114222 bytes.
 Index  Count   %     Size   % Cumulative  % Kind (class / dict of class)
     0     53  30    74168  65     74168  65 set
     1     54  31    33048  29    107216  94 types.FrameType
     2     14   8     3694   3    110910  97 str
     3     53  30     3160   3    114070 100 list
     4      1   1      104   0    114174 100 dict of VariableState.VariableState
     5      1   1       48   0    114222 100 VariableState.VariableState bytes

		Heap summary: by referrer Partition of a set of 177 objects. Total size = 114801 bytes.
 Index  Count   %     Size   % Cumulative  % Referrers by Kind (class / dict of class)
     0    159  90   109776  96    109776  96 types.FrameType
     1     15   8     4273   4    114049  99 list
     2      1   1      400   0    114449 100 <Nothing>
     3      1   1      248   0    114697 100 _io.TextIOWrapper
     4      1   1      104   0    114801 100 VariableState.VariableState

		Heap summary: largest referrer Partition of a set of 159 objects. Total size = 109776 bytes.
 Index  Count   %     Size   % Cumulative  % Kind (class / dict of class)
     0     53  33    74168  68     74168  68 set
     1     53  33    32648  30    106816  97 types.FrameType
     2     52  33     2912   3    109728 100 list
     3      1   1       48   0    109776 100 VariableState.VariableState 


	Recursion depth 53
		Locations solved: 0
		Location_value_map id: 139805890491520
		Backwards_vals: - bytes
		Location_value_map: 64 bytes
		Final_vals: - bytes

		Heap summary: by type Partition of a set of 186 objects. Total size = 119094 bytes.
 Index  Count   %     Size   % Cumulative  % Kind (class / dict of class)
     0     54  29    76432  64     76432  64 set
     1     55  30    33664  28    110096  92 types.FrameType
     2     21  11     5566   5    115662  97 str
     3     54  29     3280   3    118942 100 list
     4      1   1      104   0    119046 100 dict of VariableState.VariableState
     5      1   1       48   0    119094 100 VariableState.VariableState bytes

		Heap summary: by referrer Partition of a set of 187 objects. Total size = 119673 bytes.
 Index  Count   %     Size   % Cumulative  % Referrers by Kind (class / dict of class)
     0    162  87   112712  94    112712  94 types.FrameType
     1     22  12     6145   5    118857  99 list
     2      1   1      400   0    119257 100 <Nothing>
     3      1   1      312   0    119569 100 _io.TextIOWrapper
     4      1   1      104   0    119673 100 VariableState.VariableState

		Heap summary: largest referrer Partition of a set of 162 objects. Total size = 112712 bytes.
 Index  Count   %     Size   % Cumulative  % Kind (class / dict of class)
     0     54  33    76432  68     76432  68 set
     1     54  33    33264  30    109696  97 types.FrameType
     2     53  33     2968   3    112664 100 list
     3      1   1       48   0    112712 100 VariableState.VariableState 


	Recursion depth 54
		Locations solved: 0
		Location_value_map id: 139805890491520
		Backwards_vals: - bytes
		Location_value_map: 64 bytes
		Final_vals: - bytes

		Heap summary: by type Partition of a set of 196 objects. Total size = 123966 bytes.
 Index  Count   %     Size   % Cumulative  % Kind (class / dict of class)
     0     55  28    78696  63     78696  63 set
     1     56  29    34280  28    112976  91 types.FrameType
     2     28  14     7438   6    120414  97 str
     3     55  28     3400   3    123814 100 list
     4      1   1      104   0    123918 100 dict of VariableState.VariableState
     5      1   1       48   0    123966 100 VariableState.VariableState bytes

		Heap summary: by referrer Partition of a set of 197 objects. Total size = 124545 bytes.
 Index  Count   %     Size   % Cumulative  % Referrers by Kind (class / dict of class)
     0    165  84   115648  93    115648  93 types.FrameType
     1     29  15     8017   6    123665  99 list
     2      1   1      400   0    124065 100 <Nothing>
     3      1   1      376   0    124441 100 _io.TextIOWrapper
     4      1   1      104   0    124545 100 VariableState.VariableState

		Heap summary: largest referrer Partition of a set of 165 objects. Total size = 115648 bytes.
 Index  Count   %     Size   % Cumulative  % Kind (class / dict of class)
     0     55  33    78696  68     78696  68 set
     1     55  33    33880  29    112576  97 types.FrameType
     2     54  33     3024   3    115600 100 list
     3      1   1       48   0    115648 100 VariableState.VariableState 


	Recursion depth 55
		Locations solved: 0
		Location_value_map id: 139805890491520
		Backwards_vals: - bytes
		Location_value_map: 64 bytes
		Final_vals: - bytes

		Heap summary: by type Partition of a set of 206 objects. Total size = 128870 bytes.
 Index  Count   %     Size   % Cumulative  % Kind (class / dict of class)
     0     56  27    80960  63     80960  63 set
     1     57  28    34896  27    115856  90 types.FrameType
     2     35  17     9310   7    125166  97 str
     3     56  27     3552   3    128718 100 list
     4      1   0      104   0    128822 100 dict of VariableState.VariableState
     5      1   0       48   0    128870 100 VariableState.VariableState bytes

		Heap summary: by referrer Partition of a set of 171 objects. Total size = 119667 bytes.
 Index  Count   %     Size   % Cumulative  % Referrers by Kind (class / dict of class)
     0    168  98   118584  99    118584  99 types.FrameType
     1      1   1      579   0    119163 100 _io.TextIOWrapper
     2      1   1      400   0    119563 100 <Nothing>
     3      1   1      104   0    119667 100 VariableState.VariableState

		Heap summary: largest referrer Partition of a set of 168 objects. Total size = 118584 bytes.
 Index  Count   %     Size   % Cumulative  % Kind (class / dict of class)
     0     56  33    80960  68     80960  68 set
     1     56  33    34496  29    115456  97 types.FrameType
     2     55  33     3080   3    118536 100 list
     3      1   1       48   0    118584 100 VariableState.VariableState 


	Recursion depth 56
		Locations solved: 0
		Location_value_map id: 139805890491520
		Backwards_vals: - bytes
		Location_value_map: 64 bytes
		Final_vals: - bytes

		Heap summary: by type Partition of a set of 181 objects. Total size = 124030 bytes.
 Index  Count   %     Size   % Cumulative  % Kind (class / dict of class)
     0     57  31    83224  67     83224  67 set
     1     58  32    35512  29    118736  96 types.FrameType
     2     57  31     3320   3    122056  98 list
     3      7   4     1822   1    123878 100 str
     4      1   1      104   0    123982 100 dict of VariableState.VariableState
     5      1   1       48   0    124030 100 VariableState.VariableState bytes

		Heap summary: by referrer Partition of a set of 182 objects. Total size = 124609 bytes.
 Index  Count   %     Size   % Cumulative  % Referrers by Kind (class / dict of class)
     0    171  94   121520  98    121520  98 types.FrameType
     1      8   4     2401   2    123921  99 list
     2      1   1      400   0    124321 100 <Nothing>
     3      1   1      184   0    124505 100 _io.TextIOWrapper
     4      1   1      104   0    124609 100 VariableState.VariableState

		Heap summary: largest referrer Partition of a set of 171 objects. Total size = 121520 bytes.
 Index  Count   %     Size   % Cumulative  % Kind (class / dict of class)
     0     57  33    83224  68     83224  68 set
     1     57  33    35112  29    118336  97 types.FrameType
     2     56  33     3136   3    121472 100 list
     3      1   1       48   0    121520 100 VariableState.VariableState 


	Recursion depth 57
		Locations solved: 0
		Location_value_map id: 139805890491520
		Backwards_vals: - bytes
		Location_value_map: 64 bytes
		Final_vals: - bytes

		Heap summary: by type Partition of a set of 191 objects. Total size = 128902 bytes.
 Index  Count   %     Size   % Cumulative  % Kind (class / dict of class)
     0     58  30    85488  66     85488  66 set
     1     59  31    36128  28    121616  94 types.FrameType
     2     14   7     3694   3    125310  97 str
     3     58  30     3440   3    128750 100 list
     4      1   1      104   0    128854 100 dict of VariableState.VariableState
     5      1   1       48   0    128902 100 VariableState.VariableState bytes

		Heap summary: by referrer Partition of a set of 192 objects. Total size = 129481 bytes.
 Index  Count   %     Size   % Cumulative  % Referrers by Kind (class / dict of class)
     0    174  91   124456  96    124456  96 types.FrameType
     1     15   8     4273   3    128729  99 list
     2      1   1      400   0    129129 100 <Nothing>
     3      1   1      248   0    129377 100 _io.TextIOWrapper
     4      1   1      104   0    129481 100 VariableState.VariableState

		Heap summary: largest referrer Partition of a set of 174 objects. Total size = 124456 bytes.
 Index  Count   %     Size   % Cumulative  % Kind (class / dict of class)
     0     58  33    85488  69     85488  69 set
     1     58  33    35728  29    121216  97 types.FrameType
     2     57  33     3192   3    124408 100 list
     3      1   1       48   0    124456 100 VariableState.VariableState 


	Recursion depth 58
		Locations solved: 0
		Location_value_map id: 139805890491520
		Backwards_vals: - bytes
		Location_value_map: 64 bytes
		Final_vals: - bytes

		Heap summary: by type Partition of a set of 201 objects. Total size = 133774 bytes.
 Index  Count   %     Size   % Cumulative  % Kind (class / dict of class)
     0     59  29    87752  66     87752  66 set
     1     60  30    36744  27    124496  93 types.FrameType
     2     21  10     5566   4    130062  97 str
     3     59  29     3560   3    133622 100 list
     4      1   0      104   0    133726 100 dict of VariableState.VariableState
     5      1   0       48   0    133774 100 VariableState.VariableState bytes

		Heap summary: by referrer Partition of a set of 202 objects. Total size = 134353 bytes.
 Index  Count   %     Size   % Cumulative  % Referrers by Kind (class / dict of class)
     0    177  88   127392  95    127392  95 types.FrameType
     1     22  11     6145   5    133537  99 list
     2      1   0      400   0    133937 100 <Nothing>
     3      1   0      312   0    134249 100 _io.TextIOWrapper
     4      1   0      104   0    134353 100 VariableState.VariableState

		Heap summary: largest referrer Partition of a set of 177 objects. Total size = 127392 bytes.
 Index  Count   %     Size   % Cumulative  % Kind (class / dict of class)
     0     59  33    87752  69     87752  69 set
     1     59  33    36344  29    124096  97 types.FrameType
     2     58  33     3248   3    127344 100 list
     3      1   1       48   0    127392 100 VariableState.VariableState 


	Recursion depth 59
		Locations solved: 0
		Location_value_map id: 139805890491520
		Backwards_vals: - bytes
		Location_value_map: 64 bytes
		Final_vals: - bytes

		Heap summary: by type Partition of a set of 211 objects. Total size = 138646 bytes.
 Index  Count   %     Size   % Cumulative  % Kind (class / dict of class)
     0     60  28    90016  65     90016  65 set
     1     61  29    37360  27    127376  92 types.FrameType
     2     28  13     7438   5    134814  97 str
     3     60  28     3680   3    138494 100 list
     4      1   0      104   0    138598 100 dict of VariableState.VariableState
     5      1   0       48   0    138646 100 VariableState.VariableState bytes

		Heap summary: by referrer Partition of a set of 212 objects. Total size = 139225 bytes.
 Index  Count   %     Size   % Cumulative  % Referrers by Kind (class / dict of class)
     0    180  85   130328  94    130328  94 types.FrameType
     1     29  14     8017   6    138345  99 list
     2      1   0      400   0    138745 100 <Nothing>
     3      1   0      376   0    139121 100 _io.TextIOWrapper
     4      1   0      104   0    139225 100 VariableState.VariableState

		Heap summary: largest referrer Partition of a set of 180 objects. Total size = 130328 bytes.
 Index  Count   %     Size   % Cumulative  % Kind (class / dict of class)
     0     60  33    90016  69     90016  69 set
     1     60  33    36960  28    126976  97 types.FrameType
     2     59  33     3304   3    130280 100 list
     3      1   1       48   0    130328 100 VariableState.VariableState 


	Recursion depth 60
		Locations solved: 0
		Location_value_map id: 139805890491520
		Backwards_vals: - bytes
		Location_value_map: 64 bytes
		Final_vals: - bytes

		Heap summary: by type Partition of a set of 221 objects. Total size = 143550 bytes.
 Index  Count   %     Size   % Cumulative  % Kind (class / dict of class)
     0     61  28    92280  64     92280  64 set
     1     62  28    37976  26    130256  91 types.FrameType
     2     35  16     9310   6    139566  97 str
     3     61  28     3832   3    143398 100 list
     4      1   0      104   0    143502 100 dict of VariableState.VariableState
     5      1   0       48   0    143550 100 VariableState.VariableState bytes

		Heap summary: by referrer Partition of a set of 186 objects. Total size = 134347 bytes.
 Index  Count   %     Size   % Cumulative  % Referrers by Kind (class / dict of class)
     0    183  98   133264  99    133264  99 types.FrameType
     1      1   1      579   0    133843 100 _io.TextIOWrapper
     2      1   1      400   0    134243 100 <Nothing>
     3      1   1      104   0    134347 100 VariableState.VariableState

		Heap summary: largest referrer Partition of a set of 183 objects. Total size = 133264 bytes.
 Index  Count   %     Size   % Cumulative  % Kind (class / dict of class)
     0     61  33    92280  69     92280  69 set
     1     61  33    37576  28    129856  97 types.FrameType
     2     60  33     3360   3    133216 100 list
     3      1   1       48   0    133264 100 VariableState.VariableState 


	Recursion depth 61
		Locations solved: 0
		Location_value_map id: 139805890491520
		Backwards_vals: - bytes
		Location_value_map: 64 bytes
		Final_vals: - bytes

		Heap summary: by type Partition of a set of 196 objects. Total size = 138710 bytes.
 Index  Count   %     Size   % Cumulative  % Kind (class / dict of class)
     0     62  32    94544  68     94544  68 set
     1     63  32    38592  28    133136  96 types.FrameType
     2     62  32     3600   3    136736  99 list
     3      7   4     1822   1    138558 100 str
     4      1   1      104   0    138662 100 dict of VariableState.VariableState
     5      1   1       48   0    138710 100 VariableState.VariableState bytes

		Heap summary: by referrer Partition of a set of 197 objects. Total size = 139289 bytes.
 Index  Count   %     Size   % Cumulative  % Referrers by Kind (class / dict of class)
     0    186  94   136200  98    136200  98 types.FrameType
     1      8   4     2401   2    138601 100 list
     2      1   1      400   0    139001 100 <Nothing>
     3      1   1      184   0    139185 100 _io.TextIOWrapper
     4      1   1      104   0    139289 100 VariableState.VariableState

		Heap summary: largest referrer Partition of a set of 186 objects. Total size = 136200 bytes.
 Index  Count   %     Size   % Cumulative  % Kind (class / dict of class)
     0     62  33    94544  69     94544  69 set
     1     62  33    38192  28    132736  97 types.FrameType
     2     61  33     3416   3    136152 100 list
     3      1   1       48   0    136200 100 VariableState.VariableState 


	Recursion depth 62
		Locations solved: 0
		Location_value_map id: 139805890491520
		Backwards_vals: - bytes
		Location_value_map: 64 bytes
		Final_vals: - bytes

		Heap summary: by type Partition of a set of 206 objects. Total size = 143582 bytes.
 Index  Count   %     Size   % Cumulative  % Kind (class / dict of class)
     0     63  31    96808  67     96808  67 set
     1     64  31    39208  27    136016  95 types.FrameType
     2     63  31     3720   3    139736  97 list
     3     14   7     3694   3    143430 100 str
     4      1   0      104   0    143534 100 dict of VariableState.VariableState
     5      1   0       48   0    143582 100 VariableState.VariableState bytes

		Heap summary: by referrer Partition of a set of 207 objects. Total size = 144161 bytes.
 Index  Count   %     Size   % Cumulative  % Referrers by Kind (class / dict of class)
     0    189  91   139136  97    139136  97 types.FrameType
     1     15   7     4273   3    143409  99 list
     2      1   0      400   0    143809 100 <Nothing>
     3      1   0      248   0    144057 100 _io.TextIOWrapper
     4      1   0      104   0    144161 100 VariableState.VariableState

		Heap summary: largest referrer Partition of a set of 189 objects. Total size = 139136 bytes.
 Index  Count   %     Size   % Cumulative  % Kind (class / dict of class)
     0     63  33    96808  70     96808  70 set
     1     63  33    38808  28    135616  97 types.FrameType
     2     62  33     3472   2    139088 100 list
     3      1   1       48   0    139136 100 VariableState.VariableState 


	Recursion depth 63
		Locations solved: 0
		Location_value_map id: 139805890491520
		Backwards_vals: - bytes
		Location_value_map: 64 bytes
		Final_vals: - bytes

		Heap summary: by type Partition of a set of 216 objects. Total size = 148454 bytes.
 Index  Count   %     Size   % Cumulative  % Kind (class / dict of class)
     0     64  30    99072  67     99072  67 set
     1     65  30    39824  27    138896  94 types.FrameType
     2     21  10     5566   4    144462  97 str
     3     64  30     3840   3    148302 100 list
     4      1   0      104   0    148406 100 dict of VariableState.VariableState
     5      1   0       48   0    148454 100 VariableState.VariableState bytes

		Heap summary: by referrer Partition of a set of 217 objects. Total size = 149033 bytes.
 Index  Count   %     Size   % Cumulative  % Referrers by Kind (class / dict of class)
     0    192  88   142072  95    142072  95 types.FrameType
     1     22  10     6145   4    148217  99 list
     2      1   0      400   0    148617 100 <Nothing>
     3      1   0      312   0    148929 100 _io.TextIOWrapper
     4      1   0      104   0    149033 100 VariableState.VariableState

		Heap summary: largest referrer Partition of a set of 192 objects. Total size = 142072 bytes.
 Index  Count   %     Size   % Cumulative  % Kind (class / dict of class)
     0     64  33    99072  70     99072  70 set
     1     64  33    39424  28    138496  97 types.FrameType
     2     63  33     3528   2    142024 100 list
     3      1   1       48   0    142072 100 VariableState.VariableState 


	Recursion depth 64
		Locations solved: 0
		Location_value_map id: 139805890491520
		Backwards_vals: - bytes
		Location_value_map: 64 bytes
		Final_vals: - bytes

		Heap summary: by type Partition of a set of 226 objects. Total size = 153326 bytes.
 Index  Count   %     Size   % Cumulative  % Kind (class / dict of class)
     0     65  29   101336  66    101336  66 set
     1     66  29    40440  26    141776  92 types.FrameType
     2     28  12     7438   5    149214  97 str
     3     65  29     3960   3    153174 100 list
     4      1   0      104   0    153278 100 dict of VariableState.VariableState
     5      1   0       48   0    153326 100 VariableState.VariableState bytes

		Heap summary: by referrer Partition of a set of 227 objects. Total size = 153905 bytes.
 Index  Count   %     Size   % Cumulative  % Referrers by Kind (class / dict of class)
     0    195  86   145008  94    145008  94 types.FrameType
     1     29  13     8017   5    153025  99 list
     2      1   0      400   0    153425 100 <Nothing>
     3      1   0      376   0    153801 100 _io.TextIOWrapper
     4      1   0      104   0    153905 100 VariableState.VariableState

		Heap summary: largest referrer Partition of a set of 195 objects. Total size = 145008 bytes.
 Index  Count   %     Size   % Cumulative  % Kind (class / dict of class)
     0     65  33   101336  70    101336  70 set
     1     65  33    40040  28    141376  97 types.FrameType
     2     64  33     3584   2    144960 100 list
     3      1   1       48   0    145008 100 VariableState.VariableState 


	Recursion depth 65
		Locations solved: 0
		Location_value_map id: 139805890491520
		Backwards_vals: - bytes
		Location_value_map: 64 bytes
		Final_vals: - bytes

		Heap summary: by type Partition of a set of 236 objects. Total size = 160278 bytes.
 Index  Count   %     Size   % Cumulative  % Kind (class / dict of class)
     0     66  28   105648  66    105648  66 set
     1     67  28    41056  26    146704  92 types.FrameType
     2     35  15     9310   6    156014  97 str
     3     66  28     4112   3    160126 100 list
     4      1   0      104   0    160230 100 dict of VariableState.VariableState
     5      1   0       48   0    160278 100 VariableState.VariableState bytes

		Heap summary: by referrer Partition of a set of 201 objects. Total size = 151075 bytes.
 Index  Count   %     Size   % Cumulative  % Referrers by Kind (class / dict of class)
     0    198  99   149992  99    149992  99 types.FrameType
     1      1   0      579   0    150571 100 _io.TextIOWrapper
     2      1   0      400   0    150971 100 <Nothing>
     3      1   0      104   0    151075 100 VariableState.VariableState

		Heap summary: largest referrer Partition of a set of 198 objects. Total size = 149992 bytes.
 Index  Count   %     Size   % Cumulative  % Kind (class / dict of class)
     0     66  33   105648  70    105648  70 set
     1     66  33    40656  27    146304  98 types.FrameType
     2     65  33     3640   2    149944 100 list
     3      1   1       48   0    149992 100 VariableState.VariableState 


	Recursion depth 66
		Locations solved: 0
		Location_value_map id: 139805890491520
		Backwards_vals: - bytes
		Location_value_map: 64 bytes
		Final_vals: - bytes

		Heap summary: by type Partition of a set of 211 objects. Total size = 157486 bytes.
 Index  Count   %     Size   % Cumulative  % Kind (class / dict of class)
     0     67  32   109960  70    109960  70 set
     1     68  32    41672  26    151632  96 types.FrameType
     2     67  32     3880   2    155512  99 list
     3      7   3     1822   1    157334 100 str
     4      1   0      104   0    157438 100 dict of VariableState.VariableState
     5      1   0       48   0    157486 100 VariableState.VariableState bytes

		Heap summary: by referrer Partition of a set of 212 objects. Total size = 158065 bytes.
 Index  Count   %     Size   % Cumulative  % Referrers by Kind (class / dict of class)
     0    201  95   154976  98    154976  98 types.FrameType
     1      8   4     2401   2    157377 100 list
     2      1   0      400   0    157777 100 <Nothing>
     3      1   0      184   0    157961 100 _io.TextIOWrapper
     4      1   0      104   0    158065 100 VariableState.VariableState

		Heap summary: largest referrer Partition of a set of 201 objects. Total size = 154976 bytes.
 Index  Count   %     Size   % Cumulative  % Kind (class / dict of class)
     0     67  33   109960  71    109960  71 set
     1     67  33    41272  27    151232  98 types.FrameType
     2     66  33     3696   2    154928 100 list
     3      1   0       48   0    154976 100 VariableState.VariableState 


	Recursion depth 67
		Locations solved: 0
		Location_value_map id: 139805890491520
		Backwards_vals: - bytes
		Location_value_map: 64 bytes
		Final_vals: - bytes

		Heap summary: by type Partition of a set of 221 objects. Total size = 164406 bytes.
 Index  Count   %     Size   % Cumulative  % Kind (class / dict of class)
     0     68  31   114272  70    114272  70 set
     1     69  31    42288  26    156560  95 types.FrameType
     2     68  31     4000   2    160560  98 list
     3     14   6     3694   2    164254 100 str
     4      1   0      104   0    164358 100 dict of VariableState.VariableState
     5      1   0       48   0    164406 100 VariableState.VariableState bytes

		Heap summary: by referrer Partition of a set of 222 objects. Total size = 164985 bytes.
 Index  Count   %     Size   % Cumulative  % Referrers by Kind (class / dict of class)
     0    204  92   159960  97    159960  97 types.FrameType
     1     15   7     4273   3    164233 100 list
     2      1   0      400   0    164633 100 <Nothing>
     3      1   0      248   0    164881 100 _io.TextIOWrapper
     4      1   0      104   0    164985 100 VariableState.VariableState

		Heap summary: largest referrer Partition of a set of 204 objects. Total size = 159960 bytes.
 Index  Count   %     Size   % Cumulative  % Kind (class / dict of class)
     0     68  33   114272  71    114272  71 set
     1     68  33    41888  26    156160  98 types.FrameType
     2     67  33     3752   2    159912 100 list
     3      1   0       48   0    159960 100 VariableState.VariableState 


	Recursion depth 68
		Locations solved: 0
		Location_value_map id: 139805890491520
		Backwards_vals: - bytes
		Location_value_map: 64 bytes
		Final_vals: - bytes

		Heap summary: by type Partition of a set of 231 objects. Total size = 171326 bytes.
 Index  Count   %     Size   % Cumulative  % Kind (class / dict of class)
     0     69  30   118584  69    118584  69 set
     1     70  30    42904  25    161488  94 types.FrameType
     2     21   9     5566   3    167054  98 str
     3     69  30     4120   2    171174 100 list
     4      1   0      104   0    171278 100 dict of VariableState.VariableState
     5      1   0       48   0    171326 100 VariableState.VariableState bytes

		Heap summary: by referrer Partition of a set of 232 objects. Total size = 171905 bytes.
 Index  Count   %     Size   % Cumulative  % Referrers by Kind (class / dict of class)
     0    207  89   164944  96    164944  96 types.FrameType
     1     22   9     6145   4    171089 100 list
     2      1   0      400   0    171489 100 <Nothing>
     3      1   0      312   0    171801 100 _io.TextIOWrapper
     4      1   0      104   0    171905 100 VariableState.VariableState

		Heap summary: largest referrer Partition of a set of 207 objects. Total size = 164944 bytes.
 Index  Count   %     Size   % Cumulative  % Kind (class / dict of class)
     0     69  33   118584  72    118584  72 set
     1     69  33    42504  26    161088  98 types.FrameType
     2     68  33     3808   2    164896 100 list
     3      1   0       48   0    164944 100 VariableState.VariableState 


	Recursion depth 69
		Locations solved: 0
		Location_value_map id: 139805890491520
		Backwards_vals: - bytes
		Location_value_map: 64 bytes
		Final_vals: - bytes

		Heap summary: by type Partition of a set of 241 objects. Total size = 178246 bytes.
 Index  Count   %     Size   % Cumulative  % Kind (class / dict of class)
     0     70  29   122896  69    122896  69 set
     1     71  29    43520  24    166416  93 types.FrameType
     2     28  12     7438   4    173854  98 str
     3     70  29     4240   2    178094 100 list
     4      1   0      104   0    178198 100 dict of VariableState.VariableState
     5      1   0       48   0    178246 100 VariableState.VariableState bytes

		Heap summary: by referrer Partition of a set of 242 objects. Total size = 178825 bytes.
 Index  Count   %     Size   % Cumulative  % Referrers by Kind (class / dict of class)
     0    210  87   169928  95    169928  95 types.FrameType
     1     29  12     8017   4    177945 100 list
     2      1   0      400   0    178345 100 <Nothing>
     3      1   0      376   0    178721 100 _io.TextIOWrapper
     4      1   0      104   0    178825 100 VariableState.VariableState

		Heap summary: largest referrer Partition of a set of 210 objects. Total size = 169928 bytes.
 Index  Count   %     Size   % Cumulative  % Kind (class / dict of class)
     0     70  33   122896  72    122896  72 set
     1     70  33    43120  25    166016  98 types.FrameType
     2     69  33     3864   2    169880 100 list
     3      1   0       48   0    169928 100 VariableState.VariableState 


	Recursion depth 70
		Locations solved: 0
		Location_value_map id: 139805890491520
		Backwards_vals: - bytes
		Location_value_map: 64 bytes
		Final_vals: - bytes

		Heap summary: by type Partition of a set of 251 objects. Total size = 185198 bytes.
 Index  Count   %     Size   % Cumulative  % Kind (class / dict of class)
     0     71  28   127208  69    127208  69 set
     1     72  29    44136  24    171344  93 types.FrameType
     2     35  14     9310   5    180654  98 str
     3     71  28     4392   2    185046 100 list
     4      1   0      104   0    185150 100 dict of VariableState.VariableState
     5      1   0       48   0    185198 100 VariableState.VariableState bytes

		Heap summary: by referrer Partition of a set of 216 objects. Total size = 175995 bytes.
 Index  Count   %     Size   % Cumulative  % Referrers by Kind (class / dict of class)
     0    213  99   174912  99    174912  99 types.FrameType
     1      1   0      579   0    175491 100 _io.TextIOWrapper
     2      1   0      400   0    175891 100 <Nothing>
     3      1   0      104   0    175995 100 VariableState.VariableState

		Heap summary: largest referrer Partition of a set of 213 objects. Total size = 174912 bytes.
 Index  Count   %     Size   % Cumulative  % Kind (class / dict of class)
     0     71  33   127208  73    127208  73 set
     1     71  33    43736  25    170944  98 types.FrameType
     2     70  33     3920   2    174864 100 list
     3      1   0       48   0    174912 100 VariableState.VariableState 


	Recursion depth 71
		Locations solved: 0
		Location_value_map id: 139805890491520
		Backwards_vals: - bytes
		Location_value_map: 64 bytes
		Final_vals: - bytes

		Heap summary: by type Partition of a set of 226 objects. Total size = 182406 bytes.
 Index  Count   %     Size   % Cumulative  % Kind (class / dict of class)
     0     72  32   131520  72    131520  72 set
     1     73  32    44752  25    176272  97 types.FrameType
     2     72  32     4160   2    180432  99 list
     3      7   3     1822   1    182254 100 str
     4      1   0      104   0    182358 100 dict of VariableState.VariableState
     5      1   0       48   0    182406 100 VariableState.VariableState bytes

		Heap summary: by referrer Partition of a set of 227 objects. Total size = 182985 bytes.
 Index  Count   %     Size   % Cumulative  % Referrers by Kind (class / dict of class)
     0    216  95   179896  98    179896  98 types.FrameType
     1      8   4     2401   1    182297 100 list
     2      1   0      400   0    182697 100 <Nothing>
     3      1   0      184   0    182881 100 _io.TextIOWrapper
     4      1   0      104   0    182985 100 VariableState.VariableState

		Heap summary: largest referrer Partition of a set of 216 objects. Total size = 179896 bytes.
 Index  Count   %     Size   % Cumulative  % Kind (class / dict of class)
     0     72  33   131520  73    131520  73 set
     1     72  33    44352  25    175872  98 types.FrameType
     2     71  33     3976   2    179848 100 list
     3      1   0       48   0    179896 100 VariableState.VariableState 


	Recursion depth 70
		Locations solved: 1
		Location_value_map id: 139805890491520
		Backwards_vals: - bytes
		Location_value_map: 352 bytes
		Final_vals: - bytes

		Heap summary: by type Partition of a set of 233 objects. Total size = 183783 bytes.
 Index  Count   %     Size   % Cumulative  % Kind (class / dict of class)
     0     72  31   131520  72    131520  72 set
     1     72  31    44136  24    175656  96 types.FrameType
     2     73  31     4280   2    179936  98 list
     3     14   6     3695   2    183631 100 str
     4      1   0      104   0    183735 100 dict of VariableState.VariableState
     5      1   0       48   0    183783 100 VariableState.VariableState bytes

		Heap summary: by referrer Partition of a set of 234 objects. Total size = 184362 bytes.
 Index  Count   %     Size   % Cumulative  % Referrers by Kind (class / dict of class)
     0    215  92   179280  97    179280  97 types.FrameType
     1     15   6     4274   2    183554 100 list
     2      1   0      400   0    183954 100 <Nothing>
     3      1   0      248   0    184202 100 _io.TextIOWrapper
     4      1   0      104   0    184306 100 VariableState.VariableState
     5      1   0       56   0    184362 100 dict (no owner), types.FrameType

		Heap summary: largest referrer Partition of a set of 215 objects. Total size = 179280 bytes.
 Index  Count   %     Size   % Cumulative  % Kind (class / dict of class)
     0     72  33   131520  73    131520  73 set
     1     71  33    43736  24    175256  98 types.FrameType
     2     71  33     3976   2    179232 100 list
     3      1   0       48   0    179280 100 VariableState.VariableState 


	Recursion depth 69
		Locations solved: 2
		Location_value_map id: 139805890491520
		Backwards_vals: - bytes
		Location_value_map: 472 bytes
		Final_vals: - bytes

		Heap summary: by type Partition of a set of 238 objects. Total size = 180870 bytes.
 Index  Count   %     Size   % Cumulative  % Kind (class / dict of class)
     0     71  30   127208  70    127208  70 set
     1     71  30    43520  24    170728  94 types.FrameType
     2     21   9     5646   3    176374  98 str
     3     73  31     4344   2    180718 100 list
     4      1   0      104   0    180822 100 dict of VariableState.VariableState
     5      1   0       48   0    180870 100 VariableState.VariableState bytes

		Heap summary: by referrer Partition of a set of 239 objects. Total size = 181449 bytes.
 Index  Count   %     Size   % Cumulative  % Referrers by Kind (class / dict of class)
     0    212  89   174296  96    174296  96 types.FrameType
     1     22   9     6225   3    180521  99 list
     2      1   0      400   0    180921 100 <Nothing>
     3      1   0      312   0    181233 100 _io.TextIOWrapper
     4      1   0      104   0    181337 100 VariableState.VariableState
     5      1   0       56   0    181393 100 dict (no owner)
     6      1   0       56   0    181449 100 dict (no owner), types.FrameType

		Heap summary: largest referrer Partition of a set of 212 objects. Total size = 174296 bytes.
 Index  Count   %     Size   % Cumulative  % Kind (class / dict of class)
     0     71  33   127208  73    127208  73 set
     1     70  33    43120  25    170328  98 types.FrameType
     2     70  33     3920   2    174248 100 list
     3      1   0       48   0    174296 100 VariableState.VariableState 


	Recursion depth 68
		Locations solved: 3
		Location_value_map id: 139805890491520
		Backwards_vals: - bytes
		Location_value_map: 592 bytes
		Final_vals: - bytes

		Heap summary: by type Partition of a set of 243 objects. Total size = 178018 bytes.
 Index  Count   %     Size   % Cumulative  % Kind (class / dict of class)
     0     70  29   122896  69    122896  69 set
     1     70  29    42904  24    165800  93 types.FrameType
     2     28  12     7658   4    173458  97 str
     3     73  30     4408   2    177866 100 list
     4      1   0      104   0    177970 100 dict of VariableState.VariableState
     5      1   0       48   0    178018 100 VariableState.VariableState bytes

		Heap summary: by referrer Partition of a set of 244 objects. Total size = 178597 bytes.
 Index  Count   %     Size   % Cumulative  % Referrers by Kind (class / dict of class)
     0    209  86   169312  95    169312  95 types.FrameType
     1     29  12     8237   5    177549  99 list
     2      1   0      400   0    177949 100 <Nothing>
     3      1   0      376   0    178325 100 _io.TextIOWrapper
     4      2   1      112   0    178437 100 dict (no owner)
     5      1   0      104   0    178541 100 VariableState.VariableState
     6      1   0       56   0    178597 100 dict (no owner), types.FrameType

		Heap summary: largest referrer Partition of a set of 209 objects. Total size = 169312 bytes.
 Index  Count   %     Size   % Cumulative  % Kind (class / dict of class)
     0     70  33   122896  73    122896  73 set
     1     69  33    42504  25    165400  98 types.FrameType
     2     69  33     3864   2    169264 100 list
     3      1   0       48   0    169312 100 VariableState.VariableState 


	Recursion depth 67
		Locations solved: 4
		Location_value_map id: 139805890491520
		Backwards_vals: - bytes
		Location_value_map: 712 bytes
		Final_vals: - bytes

		Heap summary: by type Partition of a set of 212 objects. Total size = 165056 bytes.
 Index  Count   %     Size   % Cumulative  % Kind (class / dict of class)
     0     69  33   118584  72    118584  72 set
     1     69  33    42288  26    160872  97 types.FrameType
     2     72  34     4032   2    164904 100 list
     3      1   0      104   0    165008 100 dict of VariableState.VariableState
     4      1   0       48   0    165056 100 VariableState.VariableState bytes

		Heap summary: by referrer Partition of a set of 214 objects. Total size = 165658 bytes.
 Index  Count   %     Size   % Cumulative  % Referrers by Kind (class / dict of class)
     0    206  96   164328  99    164328  99 types.FrameType
     1      1   0      530   0    164858 100 list
     2      1   0      400   0    165258 100 <Nothing>
     3      3   1      168   0    165426 100 dict (no owner)
     4      1   0      104   0    165530 100 VariableState.VariableState
     5      1   0       72   0    165602 100 _io.TextIOWrapper
     6      1   0       56   0    165658 100 dict (no owner), types.FrameType

		Heap summary: largest referrer Partition of a set of 206 objects. Total size = 164328 bytes.
 Index  Count   %     Size   % Cumulative  % Kind (class / dict of class)
     0     69  33   118584  72    118584  72 set
     1     68  33    41888  25    160472  98 types.FrameType
     2     68  33     3808   2    164280 100 list
     3      1   0       48   0    164328 100 VariableState.VariableState 


	Recursion depth 66
		Locations solved: 5
		Location_value_map id: 139805890491520
		Backwards_vals: - bytes
		Location_value_map: 832 bytes
		Final_vals: - bytes

		Heap summary: by type Partition of a set of 218 objects. Total size = 162275 bytes.
 Index  Count   %     Size   % Cumulative  % Kind (class / dict of class)
     0     68  31   114272  70    114272  70 set
     1     68  31    41672  26    155944  96 types.FrameType
     2     73  33     4216   3    160160  99 list
     3      7   3     1963   1    162123 100 str
     4      1   0      104   0    162227 100 dict of VariableState.VariableState
     5      1   0       48   0    162275 100 VariableState.VariableState bytes

		Heap summary: by referrer Partition of a set of 219 objects. Total size = 162854 bytes.
 Index  Count   %     Size   % Cumulative  % Referrers by Kind (class / dict of class)
     0    203  93   159344  98    159344  98 types.FrameType
     1      8   4     2542   2    161886  99 list
     2      1   0      400   0    162286 100 <Nothing>
     3      4   2      224   0    162510 100 dict (no owner)
     4      1   0      184   0    162694 100 _io.TextIOWrapper
     5      1   0      104   0    162798 100 VariableState.VariableState
     6      1   0       56   0    162854 100 dict (no owner), types.FrameType

		Heap summary: largest referrer Partition of a set of 203 objects. Total size = 159344 bytes.
 Index  Count   %     Size   % Cumulative  % Kind (class / dict of class)
     0     68  33   114272  72    114272  72 set
     1     67  33    41272  26    155544  98 types.FrameType
     2     67  33     3752   2    159296 100 list
     3      1   0       48   0    159344 100 VariableState.VariableState 


	Recursion depth 65
		Locations solved: 6
		Location_value_map id: 139805890491520
		Backwards_vals: - bytes
		Location_value_map: 1080 bytes
		Final_vals: - bytes

		Heap summary: by type Partition of a set of 223 objects. Total size = 159424 bytes.
 Index  Count   %     Size   % Cumulative  % Kind (class / dict of class)
     0     67  30   109960  69    109960  69 set
     1     67  30    41056  26    151016  95 types.FrameType
     2     73  33     4280   3    155296  97 list
     3     14   6     3976   2    159272 100 str
     4      1   0      104   0    159376 100 dict of VariableState.VariableState
     5      1   0       48   0    159424 100 VariableState.VariableState bytes

		Heap summary: by referrer Partition of a set of 224 objects. Total size = 160003 bytes.
 Index  Count   %     Size   % Cumulative  % Referrers by Kind (class / dict of class)
     0    200  89   154360  96    154360  96 types.FrameType
     1     15   7     4555   3    158915  99 list
     2      1   0      400   0    159315 100 <Nothing>
     3      5   2      280   0    159595 100 dict (no owner)
     4      1   0      248   0    159843 100 _io.TextIOWrapper
     5      1   0      104   0    159947 100 VariableState.VariableState
     6      1   0       56   0    160003 100 dict (no owner), types.FrameType

		Heap summary: largest referrer Partition of a set of 200 objects. Total size = 154360 bytes.
 Index  Count   %     Size   % Cumulative  % Kind (class / dict of class)
     0     67  34   109960  71    109960  71 set
     1     66  33    40656  26    150616  98 types.FrameType
     2     66  33     3696   2    154312 100 list
     3      1   0       48   0    154360 100 VariableState.VariableState 


	Recursion depth 64
		Locations solved: 7
		Location_value_map id: 139805890491520
		Backwards_vals: - bytes
		Location_value_map: 1201 bytes
		Final_vals: - bytes

		Heap summary: by type Partition of a set of 228 objects. Total size = 156573 bytes.
 Index  Count   %     Size   % Cumulative  % Kind (class / dict of class)
     0     66  29   105648  67    105648  67 set
     1     66  29    40440  26    146088  93 types.FrameType
     2     21   9     5989   4    152077  97 str
     3     73  32     4344   3    156421 100 list
     4      1   0      104   0    156525 100 dict of VariableState.VariableState
     5      1   0       48   0    156573 100 VariableState.VariableState bytes

		Heap summary: by referrer Partition of a set of 229 objects. Total size = 157152 bytes.
 Index  Count   %     Size   % Cumulative  % Referrers by Kind (class / dict of class)
     0    197  86   149376  95    149376  95 types.FrameType
     1     22  10     6568   4    155944  99 list
     2      1   0      400   0    156344  99 <Nothing>
     3      6   3      336   0    156680 100 dict (no owner)
     4      1   0      312   0    156992 100 _io.TextIOWrapper
     5      1   0      104   0    157096 100 VariableState.VariableState
     6      1   0       56   0    157152 100 dict (no owner), types.FrameType

		Heap summary: largest referrer Partition of a set of 197 objects. Total size = 149376 bytes.
 Index  Count   %     Size   % Cumulative  % Kind (class / dict of class)
     0     66  34   105648  71    105648  71 set
     1     65  33    40040  27    145688  98 types.FrameType
     2     65  33     3640   2    149328 100 list
     3      1   1       48   0    149376 100 VariableState.VariableState 


	Recursion depth 63
		Locations solved: 8
		Location_value_map id: 139805890491520
		Backwards_vals: - bytes
		Location_value_map: 1322 bytes
		Final_vals: - bytes

		Heap summary: by type Partition of a set of 233 objects. Total size = 153722 bytes.
 Index  Count   %     Size   % Cumulative  % Kind (class / dict of class)
     0     65  28   101336  66    101336  66 set
     1     65  28    39824  26    141160  92 types.FrameType
     2     28  12     8002   5    149162  97 str
     3     73  31     4408   3    153570 100 list
     4      1   0      104   0    153674 100 dict of VariableState.VariableState
     5      1   0       48   0    153722 100 VariableState.VariableState bytes

		Heap summary: by referrer Partition of a set of 234 objects. Total size = 154301 bytes.
 Index  Count   %     Size   % Cumulative  % Referrers by Kind (class / dict of class)
     0    194  83   144392  94    144392  94 types.FrameType
     1     29  12     8581   6    152973  99 list
     2      1   0      400   0    153373  99 <Nothing>
     3      7   3      392   0    153765 100 dict (no owner)
     4      1   0      376   0    154141 100 _io.TextIOWrapper
     5      1   0      104   0    154245 100 VariableState.VariableState
     6      1   0       56   0    154301 100 dict (no owner), types.FrameType

		Heap summary: largest referrer Partition of a set of 194 objects. Total size = 144392 bytes.
 Index  Count   %     Size   % Cumulative  % Kind (class / dict of class)
     0     65  34   101336  70    101336  70 set
     1     64  33    39424  27    140760  97 types.FrameType
     2     64  33     3584   2    144344 100 list
     3      1   1       48   0    144392 100 VariableState.VariableState 


	Recursion depth 62
		Locations solved: 9
		Location_value_map id: 139805890491520
		Backwards_vals: - bytes
		Location_value_map: 1443 bytes
		Final_vals: - bytes

		Heap summary: by type Partition of a set of 208 objects. Total size = 143350 bytes.
 Index  Count   %     Size   % Cumulative  % Kind (class / dict of class)
     0     64  31    99072  69     99072  69 set
     1     64  31    39208  27    138280  96 types.FrameType
     2     73  35     4152   3    142432  99 list
     3      5   2      766   1    143198 100 str
     4      1   0      104   0    143302 100 dict of VariableState.VariableState
     5      1   0       48   0    143350 100 VariableState.VariableState bytes

		Heap summary: by referrer Partition of a set of 209 objects. Total size = 143929 bytes.
 Index  Count   %     Size   % Cumulative  % Referrers by Kind (class / dict of class)
     0    191  91   141456  98    141456  98 types.FrameType
     1      6   3     1345   1    142801  99 list
     2      8   4      448   0    143249 100 dict (no owner)
     3      1   0      400   0    143649 100 <Nothing>
     4      1   0      120   0    143769 100 _io.TextIOWrapper
     5      1   0      104   0    143873 100 VariableState.VariableState
     6      1   0       56   0    143929 100 dict (no owner), types.FrameType

		Heap summary: largest referrer Partition of a set of 191 objects. Total size = 141456 bytes.
 Index  Count   %     Size   % Cumulative  % Kind (class / dict of class)
     0     64  34    99072  70     99072  70 set
     1     63  33    38808  27    137880  97 types.FrameType
     2     63  33     3528   2    141408 100 list
     3      1   1       48   0    141456 100 VariableState.VariableState 


	Recursion depth 61
		Locations solved: 10
		Location_value_map id: 139805890491520
		Backwards_vals: - bytes
		Location_value_map: 1564 bytes
		Final_vals: - bytes

		Heap summary: by type Partition of a set of 213 objects. Total size = 142548 bytes.
 Index  Count   %     Size   % Cumulative  % Kind (class / dict of class)
     0     63  30    96808  68     96808  68 set
     1     63  30    38592  27    135400  95 types.FrameType
     2     73  34     4216   3    139616  98 list
     3     12   6     2780   2    142396 100 str
     4      1   0      104   0    142500 100 dict of VariableState.VariableState
     5      1   0       48   0    142548 100 VariableState.VariableState bytes

		Heap summary: by referrer Partition of a set of 214 objects. Total size = 143191 bytes.
 Index  Count   %     Size   % Cumulative  % Referrers by Kind (class / dict of class)
     0    188  88   138520  97    138520  97 types.FrameType
     1     13   6     3359   2    141879  99 list
     2      9   4      504   0    142383  99 dict (no owner)
     3      1   0      400   0    142783 100 <Nothing>
     4      1   0      248   0    143031 100 _io.TextIOWrapper
     5      1   0      104   0    143135 100 VariableState.VariableState
     6      1   0       56   0    143191 100 dict (no owner), types.FrameType

		Heap summary: largest referrer Partition of a set of 188 objects. Total size = 138520 bytes.
 Index  Count   %     Size   % Cumulative  % Kind (class / dict of class)
     0     63  34    96808  70     96808  70 set
     1     62  33    38192  28    135000  97 types.FrameType
     2     62  33     3472   3    138472 100 list
     3      1   1       48   0    138520 100 VariableState.VariableState 


	Recursion depth 60
		Locations solved: 11
		Location_value_map id: 139805890491520
		Backwards_vals: - bytes
		Location_value_map: 1965 bytes
		Final_vals: - bytes

		Heap summary: by type Partition of a set of 218 objects. Total size = 141810 bytes.
 Index  Count   %     Size   % Cumulative  % Kind (class / dict of class)
     0     62  28    94544  67     94544  67 set
     1     62  28    37976  27    132520  93 types.FrameType
     2     19   9     4794   3    137314  97 str
     3     73  33     4344   3    141658 100 list
     4      1   0      104   0    141762 100 dict of VariableState.VariableState
     5      1   0       48   0    141810 100 VariableState.VariableState bytes

		Heap summary: by referrer Partition of a set of 219 objects. Total size = 142389 bytes.
 Index  Count   %     Size   % Cumulative  % Referrers by Kind (class / dict of class)
     0    185  84   135584  95    135584  95 types.FrameType
     1     20   9     5373   4    140957  99 list
     2     10   5      560   0    141517  99 dict (no owner)
     3      1   0      400   0    141917 100 <Nothing>
     4      1   0      312   0    142229 100 _io.TextIOWrapper
     5      1   0      104   0    142333 100 VariableState.VariableState
     6      1   0       56   0    142389 100 dict (no owner), types.FrameType

		Heap summary: largest referrer Partition of a set of 185 objects. Total size = 135584 bytes.
 Index  Count   %     Size   % Cumulative  % Kind (class / dict of class)
     0     62  34    94544  70     94544  70 set
     1     61  33    37576  28    132120  97 types.FrameType
     2     61  33     3416   3    135536 100 list
     3      1   1       48   0    135584 100 VariableState.VariableState 


	Recursion depth 59
		Locations solved: 12
		Location_value_map id: 139805890491520
		Backwards_vals: - bytes
		Location_value_map: 2086 bytes
		Final_vals: - bytes

		Heap summary: by type Partition of a set of 223 objects. Total size = 141008 bytes.
 Index  Count   %     Size   % Cumulative  % Kind (class / dict of class)
     0     61  27    92280  65     92280  65 set
     1     61  27    37360  26    129640  92 types.FrameType
     2     26  12     6808   5    136448  97 str
     3     73  33     4408   3    140856 100 list
     4      1   0      104   0    140960 100 dict of VariableState.VariableState
     5      1   0       48   0    141008 100 VariableState.VariableState bytes

		Heap summary: by referrer Partition of a set of 224 objects. Total size = 141587 bytes.
 Index  Count   %     Size   % Cumulative  % Referrers by Kind (class / dict of class)
     0    182  81   132648  94    132648  94 types.FrameType
     1     27  12     7387   5    140035  99 list
     2     11   5      616   0    140651  99 dict (no owner)
     3      1   0      400   0    141051 100 <Nothing>
     4      1   0      376   0    141427 100 _io.TextIOWrapper
     5      1   0      104   0    141531 100 VariableState.VariableState
     6      1   0       56   0    141587 100 dict (no owner), types.FrameType

		Heap summary: largest referrer Partition of a set of 182 objects. Total size = 132648 bytes.
 Index  Count   %     Size   % Cumulative  % Kind (class / dict of class)
     0     61  34    92280  70     92280  70 set
     1     60  33    36960  28    129240  97 types.FrameType
     2     60  33     3360   3    132600 100 list
     3      1   1       48   0    132648 100 VariableState.VariableState 


	Recursion depth 58
		Locations solved: 13
		Location_value_map id: 139805890491520
		Backwards_vals: - bytes
		Location_value_map: 2207 bytes
		Final_vals: - bytes

		Heap summary: by type Partition of a set of 228 objects. Total size = 140238 bytes.
 Index  Count   %     Size   % Cumulative  % Kind (class / dict of class)
     0     60  26    90016  64     90016  64 set
     1     60  26    36744  26    126760  90 types.FrameType
     2     33  14     8822   6    135582  97 str
     3     73  32     4504   3    140086 100 list
     4      1   0      104   0    140190 100 dict of VariableState.VariableState
     5      1   0       48   0    140238 100 VariableState.VariableState bytes

		Heap summary: by referrer Partition of a set of 229 objects. Total size = 140817 bytes.
 Index  Count   %     Size   % Cumulative  % Referrers by Kind (class / dict of class)
     0    179  78   129712  92    129712  92 types.FrameType
     1     34  15     9401   7    139113  99 list
     2     12   5      672   0    139785  99 dict (no owner)
     3      1   0      472   0    140257 100 _io.TextIOWrapper
     4      1   0      400   0    140657 100 <Nothing>
     5      1   0      104   0    140761 100 VariableState.VariableState
     6      1   0       56   0    140817 100 dict (no owner), types.FrameType

		Heap summary: largest referrer Partition of a set of 179 objects. Total size = 129712 bytes.
 Index  Count   %     Size   % Cumulative  % Kind (class / dict of class)
     0     60  34    90016  69     90016  69 set
     1     59  33    36344  28    126360  97 types.FrameType
     2     59  33     3304   3    129664 100 list
     3      1   1       48   0    129712 100 VariableState.VariableState 


	Recursion depth 57
		Locations solved: 14
		Location_value_map id: 139805890491520
		Backwards_vals: - bytes
		Location_value_map: 2328 bytes
		Final_vals: - bytes

		Heap summary: by type Partition of a set of 199 objects. Total size = 129619 bytes.
 Index  Count   %     Size   % Cumulative  % Kind (class / dict of class)
     0     59  30    87752  68     87752  68 set
     1     59  30    36128  28    123880  96 types.FrameType
     2     73  37     4152   3    128032  99 list
     3      6   3     1435   1    129467 100 str
     4      1   1      104   0    129571 100 dict of VariableState.VariableState
     5      1   1       48   0    129619 100 VariableState.VariableState bytes

		Heap summary: by referrer Partition of a set of 200 objects. Total size = 130262 bytes.
 Index  Count   %     Size   % Cumulative  % Referrers by Kind (class / dict of class)
     0    176  88   126776  97    126776  97 types.FrameType
     1      7   4     2014   2    128790  99 list
     2     13   6      728   1    129518  99 dict (no owner)
     3      1   0      400   0    129918 100 <Nothing>
     4      1   0      184   0    130102 100 _io.TextIOWrapper
     5      1   0      104   0    130206 100 VariableState.VariableState
     6      1   0       56   0    130262 100 dict (no owner), types.FrameType

		Heap summary: largest referrer Partition of a set of 176 objects. Total size = 126776 bytes.
 Index  Count   %     Size   % Cumulative  % Kind (class / dict of class)
     0     59  34    87752  69     87752  69 set
     1     58  33    35728  28    123480  97 types.FrameType
     2     58  33     3248   3    126728 100 list
     3      1   1       48   0    126776 100 VariableState.VariableState 


	Recursion depth 56
		Locations solved: 15
		Location_value_map id: 139805890491520
		Backwards_vals: - bytes
		Location_value_map: 2449 bytes
		Final_vals: - bytes

		Heap summary: by type Partition of a set of 204 objects. Total size = 128881 bytes.
 Index  Count   %     Size   % Cumulative  % Kind (class / dict of class)
     0     58  28    85488  66     85488  66 set
     1     58  28    35512  28    121000  94 types.FrameType
     2     73  36     4280   3    125280  97 list
     3     13   6     3449   3    128729 100 str
     4      1   0      104   0    128833 100 dict of VariableState.VariableState
     5      1   0       48   0    128881 100 VariableState.VariableState bytes

		Heap summary: by referrer Partition of a set of 205 objects. Total size = 129460 bytes.
 Index  Count   %     Size   % Cumulative  % Referrers by Kind (class / dict of class)
     0    173  84   123840  96    123840  96 types.FrameType
     1     14   7     4028   3    127868  99 list
     2     14   7      784   1    128652  99 dict (no owner)
     3      1   0      400   0    129052 100 <Nothing>
     4      1   0      248   0    129300 100 _io.TextIOWrapper
     5      1   0      104   0    129404 100 VariableState.VariableState
     6      1   0       56   0    129460 100 dict (no owner), types.FrameType

		Heap summary: largest referrer Partition of a set of 173 objects. Total size = 123840 bytes.
 Index  Count   %     Size   % Cumulative  % Kind (class / dict of class)
     0     58  34    85488  69     85488  69 set
     1     57  33    35112  28    120600  97 types.FrameType
     2     57  33     3192   3    123792 100 list
     3      1   1       48   0    123840 100 VariableState.VariableState 


	Recursion depth 55
		Locations solved: 16
		Location_value_map id: 139805890491520
		Backwards_vals: - bytes
		Location_value_map: 2570 bytes
		Final_vals: - bytes

		Heap summary: by type Partition of a set of 209 objects. Total size = 128079 bytes.
 Index  Count   %     Size   % Cumulative  % Kind (class / dict of class)
     0     57  27    83224  65     83224  65 set
     1     57  27    34896  27    118120  92 types.FrameType
     2     20  10     5463   4    123583  96 str
     3     73  35     4344   3    127927 100 list
     4      1   0      104   0    128031 100 dict of VariableState.VariableState
     5      1   0       48   0    128079 100 VariableState.VariableState bytes

		Heap summary: by referrer Partition of a set of 210 objects. Total size = 128658 bytes.
 Index  Count   %     Size   % Cumulative  % Referrers by Kind (class / dict of class)
     0    170  81   120904  94    120904  94 types.FrameType
     1     21  10     6042   5    126946  99 list
     2     15   7      840   1    127786  99 dict (no owner)
     3      1   0      400   0    128186 100 <Nothing>
     4      1   0      312   0    128498 100 _io.TextIOWrapper
     5      1   0      104   0    128602 100 VariableState.VariableState
     6      1   0       56   0    128658 100 dict (no owner), types.FrameType

		Heap summary: largest referrer Partition of a set of 170 objects. Total size = 120904 bytes.
 Index  Count   %     Size   % Cumulative  % Kind (class / dict of class)
     0     57  34    83224  69     83224  69 set
     1     56  33    34496  29    117720  97 types.FrameType
     2     56  33     3136   3    120856 100 list
     3      1   1       48   0    120904 100 VariableState.VariableState 


	Recursion depth 54
		Locations solved: 17
		Location_value_map id: 139805890491520
		Backwards_vals: - bytes
		Location_value_map: 2691 bytes
		Final_vals: - bytes

		Heap summary: by type Partition of a set of 214 objects. Total size = 127277 bytes.
 Index  Count   %     Size   % Cumulative  % Kind (class / dict of class)
     0     56  26    80960  64     80960  64 set
     1     56  26    34280  27    115240  91 types.FrameType
     2     27  13     7477   6    122717  96 str
     3     73  34     4408   3    127125 100 list
     4      1   0      104   0    127229 100 dict of VariableState.VariableState
     5      1   0       48   0    127277 100 VariableState.VariableState bytes

		Heap summary: by referrer Partition of a set of 215 objects. Total size = 127856 bytes.
 Index  Count   %     Size   % Cumulative  % Referrers by Kind (class / dict of class)
     0    167  78   117968  92    117968  92 types.FrameType
     1     28  13     8056   6    126024  99 list
     2     16   7      896   1    126920  99 dict (no owner)
     3      1   0      400   0    127320 100 <Nothing>
     4      1   0      376   0    127696 100 _io.TextIOWrapper
     5      1   0      104   0    127800 100 VariableState.VariableState
     6      1   0       56   0    127856 100 dict (no owner), types.FrameType

		Heap summary: largest referrer Partition of a set of 167 objects. Total size = 117968 bytes.
 Index  Count   %     Size   % Cumulative  % Kind (class / dict of class)
     0     56  34    80960  69     80960  69 set
     1     55  33    33880  29    114840  97 types.FrameType
     2     55  33     3080   3    117920 100 list
     3      1   1       48   0    117968 100 VariableState.VariableState 


	Recursion depth 53
		Locations solved: 18
		Location_value_map id: 139805890491520
		Backwards_vals: - bytes
		Location_value_map: 2812 bytes
		Final_vals: - bytes

		Heap summary: by type Partition of a set of 219 objects. Total size = 126507 bytes.
 Index  Count   %     Size   % Cumulative  % Kind (class / dict of class)
     0     55  25    78696  62     78696  62 set
     1     55  25    33664  27    112360  89 types.FrameType
     2     34  16     9491   8    121851  96 str
     3     73  33     4504   4    126355 100 list
     4      1   0      104   0    126459 100 dict of VariableState.VariableState
     5      1   0       48   0    126507 100 VariableState.VariableState bytes

		Heap summary: by referrer Partition of a set of 185 objects. Total size = 117123 bytes.
 Index  Count   %     Size   % Cumulative  % Referrers by Kind (class / dict of class)
     0    164  89   115032  98    115032  98 types.FrameType
     1     17   9      952   1    115984  99 dict (no owner)
     2      1   1      579   0    116563 100 _io.TextIOWrapper
     3      1   1      400   0    116963 100 <Nothing>
     4      1   1      104   0    117067 100 VariableState.VariableState
     5      1   1       56   0    117123 100 dict (no owner), types.FrameType

		Heap summary: largest referrer Partition of a set of 164 objects. Total size = 115032 bytes.
 Index  Count   %     Size   % Cumulative  % Kind (class / dict of class)
     0     55  34    78696  68     78696  68 set
     1     54  33    33264  29    111960  97 types.FrameType
     2     54  33     3024   3    114984 100 list
     3      1   1       48   0    115032 100 VariableState.VariableState 


	Recursion depth 52
		Locations solved: 19
		Location_value_map id: 139805890491520
		Backwards_vals: - bytes
		Location_value_map: 2933 bytes
		Final_vals: - bytes

		Heap summary: by type Partition of a set of 190 objects. Total size = 115812 bytes.
 Index  Count   %     Size   % Cumulative  % Kind (class / dict of class)
     0     54  28    76432  66     76432  66 set
     1     54  28    33048  29    109480  95 types.FrameType
     2     73  38     4216   4    113696  98 list
     3      7   4     1964   2    115660 100 str
     4      1   1      104   0    115764 100 dict of VariableState.VariableState
     5      1   1       48   0    115812 100 VariableState.VariableState bytes

		Heap summary: by referrer Partition of a set of 191 objects. Total size = 116391 bytes.
 Index  Count   %     Size   % Cumulative  % Referrers by Kind (class / dict of class)
     0    161  84   112096  96    112096  96 types.FrameType
     1      8   4     2543   2    114639  98 list
     2     18   9     1008   1    115647  99 dict (no owner)
     3      1   1      400   0    116047 100 <Nothing>
     4      1   1      184   0    116231 100 _io.TextIOWrapper
     5      1   1      104   0    116335 100 VariableState.VariableState
     6      1   1       56   0    116391 100 dict (no owner), types.FrameType

		Heap summary: largest referrer Partition of a set of 161 objects. Total size = 112096 bytes.
 Index  Count   %     Size   % Cumulative  % Kind (class / dict of class)
     0     54  34    76432  68     76432  68 set
     1     53  33    32648  29    109080  97 types.FrameType
     2     53  33     2968   3    112048 100 list
     3      1   1       48   0    112096 100 VariableState.VariableState 


	Recursion depth 51
		Locations solved: 20
		Location_value_map id: 139805890491520
		Backwards_vals: - bytes
		Location_value_map: 3054 bytes
		Final_vals: - bytes

		Heap summary: by type Partition of a set of 195 objects. Total size = 115010 bytes.
 Index  Count   %     Size   % Cumulative  % Kind (class / dict of class)
     0     53  27    74168  64     74168  64 set
     1     53  27    32432  28    106600  93 types.FrameType
     2     73  37     4280   4    110880  96 list
     3     14   7     3978   3    114858 100 str
     4      1   1      104   0    114962 100 dict of VariableState.VariableState
     5      1   1       48   0    115010 100 VariableState.VariableState bytes

		Heap summary: by referrer Partition of a set of 196 objects. Total size = 115589 bytes.
 Index  Count   %     Size   % Cumulative  % Referrers by Kind (class / dict of class)
     0    158  81   109160  94    109160  94 types.FrameType
     1     15   8     4557   4    113717  98 list
     2     19  10     1064   1    114781  99 dict (no owner)
     3      1   1      400   0    115181 100 <Nothing>
     4      1   1      248   0    115429 100 _io.TextIOWrapper
     5      1   1      104   0    115533 100 VariableState.VariableState
     6      1   1       56   0    115589 100 dict (no owner), types.FrameType

		Heap summary: largest referrer Partition of a set of 158 objects. Total size = 109160 bytes.
 Index  Count   %     Size   % Cumulative  % Kind (class / dict of class)
     0     53  34    74168  68     74168  68 set
     1     52  33    32032  29    106200  97 types.FrameType
     2     52  33     2912   3    109112 100 list
     3      1   1       48   0    109160 100 VariableState.VariableState 


	Recursion depth 50
		Locations solved: 21
		Location_value_map id: 139805890491520
		Backwards_vals: - bytes
		Location_value_map: 3175 bytes
		Final_vals: - bytes

		Heap summary: by type Partition of a set of 200 objects. Total size = 114208 bytes.
 Index  Count   %     Size   % Cumulative  % Kind (class / dict of class)
     0     52  26    71904  63     71904  63 set
     1     52  26    31816  28    103720  91 types.FrameType
     2     21  10     5992   5    109712  96 str
     3     73  36     4344   4    114056 100 list
     4      1   0      104   0    114160 100 dict of VariableState.VariableState
     5      1   0       48   0    114208 100 VariableState.VariableState bytes

		Heap summary: by referrer Partition of a set of 201 objects. Total size = 114787 bytes.
 Index  Count   %     Size   % Cumulative  % Referrers by Kind (class / dict of class)
     0    155  77   106224  93    106224  93 types.FrameType
     1     22  11     6571   6    112795  98 list
     2     20  10     1120   1    113915  99 dict (no owner)
     3      1   0      400   0    114315 100 <Nothing>
     4      1   0      312   0    114627 100 _io.TextIOWrapper
     5      1   0      104   0    114731 100 VariableState.VariableState
     6      1   0       56   0    114787 100 dict (no owner), types.FrameType

		Heap summary: largest referrer Partition of a set of 155 objects. Total size = 106224 bytes.
 Index  Count   %     Size   % Cumulative  % Kind (class / dict of class)
     0     52  34    71904  68     71904  68 set
     1     51  33    31416  30    103320  97 types.FrameType
     2     51  33     2856   3    106176 100 list
     3      1   1       48   0    106224 100 VariableState.VariableState 


	Recursion depth 49
		Locations solved: 22
		Location_value_map id: 139805890491520
		Backwards_vals: - bytes
		Location_value_map: 3832 bytes
		Final_vals: - bytes

		Heap summary: by type Partition of a set of 205 objects. Total size = 113406 bytes.
 Index  Count   %     Size   % Cumulative  % Kind (class / dict of class)
     0     51  25    69640  61     69640  61 set
     1     51  25    31200  28    100840  89 types.FrameType
     2     28  14     8006   7    108846  96 str
     3     73  36     4408   4    113254 100 list
     4      1   0      104   0    113358 100 dict of VariableState.VariableState
     5      1   0       48   0    113406 100 VariableState.VariableState bytes

		Heap summary: by referrer Partition of a set of 206 objects. Total size = 113985 bytes.
 Index  Count   %     Size   % Cumulative  % Referrers by Kind (class / dict of class)
     0    152  74   103288  91    103288  91 types.FrameType
     1     29  14     8585   8    111873  98 list
     2     21  10     1176   1    113049  99 dict (no owner)
     3      1   0      400   0    113449 100 <Nothing>
     4      1   0      376   0    113825 100 _io.TextIOWrapper
     5      1   0      104   0    113929 100 VariableState.VariableState
     6      1   0       56   0    113985 100 dict (no owner), types.FrameType

		Heap summary: largest referrer Partition of a set of 152 objects. Total size = 103288 bytes.
 Index  Count   %     Size   % Cumulative  % Kind (class / dict of class)
     0     51  34    69640  67     69640  67 set
     1     50  33    30800  30    100440  97 types.FrameType
     2     50  33     2800   3    103240 100 list
     3      1   1       48   0    103288 100 VariableState.VariableState 


	Recursion depth 48
		Locations solved: 23
		Location_value_map id: 139805890491520
		Backwards_vals: - bytes
		Location_value_map: 3953 bytes
		Final_vals: - bytes

		Heap summary: by type Partition of a set of 180 objects. Total size = 103031 bytes.
 Index  Count   %     Size   % Cumulative  % Kind (class / dict of class)
     0     50  28    67376  65     67376  65 set
     1     50  28    30584  30     97960  95 types.FrameType
     2     73  41     4152   4    102112  99 list
     3      5   3      767   1    102879 100 str
     4      1   1      104   0    102983 100 dict of VariableState.VariableState
     5      1   1       48   0    103031 100 VariableState.VariableState bytes

		Heap summary: by referrer Partition of a set of 181 objects. Total size = 103610 bytes.
 Index  Count   %     Size   % Cumulative  % Referrers by Kind (class / dict of class)
     0    149  82   100352  97    100352  97 types.FrameType
     1      6   3     1346   1    101698  98 list
     2     22  12     1232   1    102930  99 dict (no owner)
     3      1   1      400   0    103330 100 <Nothing>
     4      1   1      120   0    103450 100 _io.TextIOWrapper
     5      1   1      104   0    103554 100 VariableState.VariableState
     6      1   1       56   0    103610 100 dict (no owner), types.FrameType

		Heap summary: largest referrer Partition of a set of 149 objects. Total size = 100352 bytes.
 Index  Count   %     Size   % Cumulative  % Kind (class / dict of class)
     0     50  34    67376  67     67376  67 set
     1     49  33    30184  30     97560  97 types.FrameType
     2     49  33     2744   3    100304 100 list
     3      1   1       48   0    100352 100 VariableState.VariableState 


	Recursion depth 47
		Locations solved: 24
		Location_value_map id: 139805890491520
		Backwards_vals: - bytes
		Location_value_map: 4074 bytes
		Final_vals: - bytes

		Heap summary: by type Partition of a set of 185 objects. Total size = 102229 bytes.
 Index  Count   %     Size   % Cumulative  % Kind (class / dict of class)
     0     49  26    65112  64     65112  64 set
     1     49  26    29968  29     95080  93 types.FrameType
     2     73  39     4216   4     99296  97 list
     3     12   6     2781   3    102077 100 str
     4      1   1      104   0    102181 100 dict of VariableState.VariableState
     5      1   1       48   0    102229 100 VariableState.VariableState bytes

		Heap summary: by referrer Partition of a set of 186 objects. Total size = 102872 bytes.
 Index  Count   %     Size   % Cumulative  % Referrers by Kind (class / dict of class)
     0    146  78    97416  95     97416  95 types.FrameType
     1     13   7     3360   3    100776  98 list
     2     23  12     1288   1    102064  99 dict (no owner)
     3      1   1      400   0    102464 100 <Nothing>
     4      1   1      248   0    102712 100 _io.TextIOWrapper
     5      1   1      104   0    102816 100 VariableState.VariableState
     6      1   1       56   0    102872 100 dict (no owner), types.FrameType

		Heap summary: largest referrer Partition of a set of 146 objects. Total size = 97416 bytes.
 Index  Count   %     Size   % Cumulative  % Kind (class / dict of class)
     0     49  34    65112  67     65112  67 set
     1     48  33    29568  30     94680  97 types.FrameType
     2     48  33     2688   3     97368 100 list
     3      1   1       48   0     97416 100 VariableState.VariableState 


	Recursion depth 46
		Locations solved: 25
		Location_value_map id: 139805890491520
		Backwards_vals: - bytes
		Location_value_map: 4195 bytes
		Final_vals: - bytes

		Heap summary: by type Partition of a set of 190 objects. Total size = 101490 bytes.
 Index  Count   %     Size   % Cumulative  % Kind (class / dict of class)
     0     48  25    62848  62     62848  62 set
     1     48  25    29352  29     92200  91 types.FrameType
     2     19  10     4794   5     96994  96 str
     3     73  38     4344   4    101338 100 list
     4      1   1      104   0    101442 100 dict of VariableState.VariableState
     5      1   1       48   0    101490 100 VariableState.VariableState bytes

		Heap summary: by referrer Partition of a set of 191 objects. Total size = 102069 bytes.
 Index  Count   %     Size   % Cumulative  % Referrers by Kind (class / dict of class)
     0    143  75    94480  93     94480  93 types.FrameType
     1     20  10     5373   5     99853  98 list
     2     24  13     1344   1    101197  99 dict (no owner)
     3      1   1      400   0    101597 100 <Nothing>
     4      1   1      312   0    101909 100 _io.TextIOWrapper
     5      1   1      104   0    102013 100 VariableState.VariableState
     6      1   1       56   0    102069 100 dict (no owner), types.FrameType

		Heap summary: largest referrer Partition of a set of 143 objects. Total size = 94480 bytes.
 Index  Count   %     Size   % Cumulative  % Kind (class / dict of class)
     0     48  34    62848  67     62848  67 set
     1     47  33    28952  31     91800  97 types.FrameType
     2     47  33     2632   3     94432 100 list
     3      1   1       48   0     94480 100 VariableState.VariableState 


	Recursion depth 45
		Locations solved: 26
		Location_value_map id: 139805890491520
		Backwards_vals: - bytes
		Location_value_map: 4316 bytes
		Final_vals: - bytes

		Heap summary: by type Partition of a set of 195 objects. Total size = 100687 bytes.
 Index  Count   %     Size   % Cumulative  % Kind (class / dict of class)
     0     47  24    60584  60     60584  60 set
     1     47  24    28736  29     89320  89 types.FrameType
     2     26  13     6807   7     96127  95 str
     3     73  37     4408   4    100535 100 list
     4      1   1      104   0    100639 100 dict of VariableState.VariableState
     5      1   1       48   0    100687 100 VariableState.VariableState bytes

		Heap summary: by referrer Partition of a set of 196 objects. Total size = 101266 bytes.
 Index  Count   %     Size   % Cumulative  % Referrers by Kind (class / dict of class)
     0    140  71    91544  90     91544  90 types.FrameType
     1     27  14     7386   7     98930  98 list
     2     25  13     1400   1    100330  99 dict (no owner)
     3      1   1      400   0    100730  99 <Nothing>
     4      1   1      376   0    101106 100 _io.TextIOWrapper
     5      1   1      104   0    101210 100 VariableState.VariableState
     6      1   1       56   0    101266 100 dict (no owner), types.FrameType

		Heap summary: largest referrer Partition of a set of 140 objects. Total size = 91544 bytes.
 Index  Count   %     Size   % Cumulative  % Kind (class / dict of class)
     0     47  34    60584  66     60584  66 set
     1     46  33    28336  31     88920  97 types.FrameType
     2     46  33     2576   3     91496 100 list
     3      1   1       48   0     91544 100 VariableState.VariableState 


	Recursion depth 44
		Locations solved: 27
		Location_value_map id: 139805890491520
		Backwards_vals: - bytes
		Location_value_map: 4437 bytes
		Final_vals: - bytes

		Heap summary: by type Partition of a set of 200 objects. Total size = 99916 bytes.
 Index  Count   %     Size   % Cumulative  % Kind (class / dict of class)
     0     46  23    58320  58     58320  58 set
     1     46  23    28120  28     86440  87 types.FrameType
     2     33  16     8820   9     95260  95 str
     3     73  36     4504   5     99764 100 list
     4      1   0      104   0     99868 100 dict of VariableState.VariableState
     5      1   0       48   0     99916 100 VariableState.VariableState bytes

		Heap summary: by referrer Partition of a set of 201 objects. Total size = 100494 bytes.
 Index  Count   %     Size   % Cumulative  % Referrers by Kind (class / dict of class)
     0    137  68    88608  88     88608  88 types.FrameType
     1     34  17     9398   9     98006  98 list
     2     26  13     1456   1     99462  99 dict (no owner)
     3      1   0      472   0     99934  99 _io.TextIOWrapper
     4      1   0      400   0    100334 100 <Nothing>
     5      1   0      104   0    100438 100 VariableState.VariableState
     6      1   0       56   0    100494 100 dict (no owner), types.FrameType

		Heap summary: largest referrer Partition of a set of 137 objects. Total size = 88608 bytes.
 Index  Count   %     Size   % Cumulative  % Kind (class / dict of class)
     0     46  34    58320  66     58320  66 set
     1     45  33    27720  31     86040  97 types.FrameType
     2     45  33     2520   3     88560 100 list
     3      1   1       48   0     88608 100 VariableState.VariableState 


	Recursion depth 43
		Locations solved: 28
		Location_value_map id: 139805890491520
		Backwards_vals: - bytes
		Location_value_map: 4558 bytes
		Final_vals: - bytes

		Heap summary: by type Partition of a set of 171 objects. Total size = 89298 bytes.
 Index  Count   %     Size   % Cumulative  % Kind (class / dict of class)
     0     45  26    56056  63     56056  63 set
     1     45  26    27504  31     83560  94 types.FrameType
     2     73  43     4152   5     87712  98 list
     3      6   4     1434   2     89146 100 str
     4      1   1      104   0     89250 100 dict of VariableState.VariableState
     5      1   1       48   0     89298 100 VariableState.VariableState bytes

		Heap summary: by referrer Partition of a set of 172 objects. Total size = 89940 bytes.
 Index  Count   %     Size   % Cumulative  % Referrers by Kind (class / dict of class)
     0    134  78    85672  95     85672  95 types.FrameType
     1      7   4     2012   2     87684  97 list
     2     27  16     1512   2     89196  99 dict (no owner)
     3      1   1      400   0     89596 100 <Nothing>
     4      1   1      184   0     89780 100 _io.TextIOWrapper
     5      1   1      104   0     89884 100 VariableState.VariableState
     6      1   1       56   0     89940 100 dict (no owner), types.FrameType

		Heap summary: largest referrer Partition of a set of 134 objects. Total size = 85672 bytes.
 Index  Count   %     Size   % Cumulative  % Kind (class / dict of class)
     0     45  34    56056  65     56056  65 set
     1     44  33    27104  32     83160  97 types.FrameType
     2     44  33     2464   3     85624 100 list
     3      1   1       48   0     85672 100 VariableState.VariableState 


	Recursion depth 42
		Locations solved: 29
		Location_value_map id: 139805890491520
		Backwards_vals: - bytes
		Location_value_map: 4679 bytes
		Final_vals: - bytes

		Heap summary: by type Partition of a set of 176 objects. Total size = 88557 bytes.
 Index  Count   %     Size   % Cumulative  % Kind (class / dict of class)
     0     44  25    53792  61     53792  61 set
     1     44  25    26888  30     80680  91 types.FrameType
     2     73  41     4280   5     84960  96 list
     3     13   7     3445   4     88405 100 str
     4      1   1      104   0     88509 100 dict of VariableState.VariableState
     5      1   1       48   0     88557 100 VariableState.VariableState bytes

		Heap summary: by referrer Partition of a set of 177 objects. Total size = 89135 bytes.
 Index  Count   %     Size   % Cumulative  % Referrers by Kind (class / dict of class)
     0    131  74    82736  93     82736  93 types.FrameType
     1     14   8     4023   5     86759  97 list
     2     28  16     1568   2     88327  99 dict (no owner)
     3      1   1      400   0     88727 100 <Nothing>
     4      1   1      248   0     88975 100 _io.TextIOWrapper
     5      1   1      104   0     89079 100 VariableState.VariableState
     6      1   1       56   0     89135 100 dict (no owner), types.FrameType

		Heap summary: largest referrer Partition of a set of 131 objects. Total size = 82736 bytes.
 Index  Count   %     Size   % Cumulative  % Kind (class / dict of class)
     0     44  34    53792  65     53792  65 set
     1     43  33    26488  32     80280  97 types.FrameType
     2     43  33     2408   3     82688 100 list
     3      1   1       48   0     82736 100 VariableState.VariableState 


	Recursion depth 41
		Locations solved: 30
		Location_value_map id: 139805890491520
		Backwards_vals: - bytes
		Location_value_map: 4800 bytes
		Final_vals: - bytes

		Heap summary: by type Partition of a set of 181 objects. Total size = 87752 bytes.
 Index  Count   %     Size   % Cumulative  % Kind (class / dict of class)
     0     43  24    51528  59     51528  59 set
     1     43  24    26272  30     77800  89 types.FrameType
     2     20  11     5456   6     83256  95 str
     3     73  40     4344   5     87600 100 list
     4      1   1      104   0     87704 100 dict of VariableState.VariableState
     5      1   1       48   0     87752 100 VariableState.VariableState bytes

		Heap summary: by referrer Partition of a set of 182 objects. Total size = 88330 bytes.
 Index  Count   %     Size   % Cumulative  % Referrers by Kind (class / dict of class)
     0    128  70    79800  90     79800  90 types.FrameType
     1     21  12     6034   7     85834  97 list
     2     29  16     1624   2     87458  99 dict (no owner)
     3      1   1      400   0     87858  99 <Nothing>
     4      1   1      312   0     88170 100 _io.TextIOWrapper
     5      1   1      104   0     88274 100 VariableState.VariableState
     6      1   1       56   0     88330 100 dict (no owner), types.FrameType

		Heap summary: largest referrer Partition of a set of 128 objects. Total size = 79800 bytes.
 Index  Count   %     Size   % Cumulative  % Kind (class / dict of class)
     0     43  34    51528  65     51528  65 set
     1     42  33    25872  32     77400  97 types.FrameType
     2     42  33     2352   3     79752 100 list
     3      1   1       48   0     79800 100 VariableState.VariableState 


	Recursion depth 40
		Locations solved: 31
		Location_value_map id: 139805890491520
		Backwards_vals: - bytes
		Location_value_map: 4921 bytes
		Final_vals: - bytes

		Heap summary: by type Partition of a set of 186 objects. Total size = 86947 bytes.
 Index  Count   %     Size   % Cumulative  % Kind (class / dict of class)
     0     42  23    49264  57     49264  57 set
     1     42  23    25656  30     74920  86 types.FrameType
     2     27  15     7467   9     82387  95 str
     3     73  39     4408   5     86795 100 list
     4      1   1      104   0     86899 100 dict of VariableState.VariableState
     5      1   1       48   0     86947 100 VariableState.VariableState bytes

		Heap summary: by referrer Partition of a set of 187 objects. Total size = 87525 bytes.
 Index  Count   %     Size   % Cumulative  % Referrers by Kind (class / dict of class)
     0    125  67    76864  88     76864  88 types.FrameType
     1     28  15     8045   9     84909  97 list
     2     30  16     1680   2     86589  99 dict (no owner)
     3      1   1      400   0     86989  99 <Nothing>
     4      1   1      376   0     87365 100 _io.TextIOWrapper
     5      1   1      104   0     87469 100 VariableState.VariableState
     6      1   1       56   0     87525 100 dict (no owner), types.FrameType

		Heap summary: largest referrer Partition of a set of 125 objects. Total size = 76864 bytes.
 Index  Count   %     Size   % Cumulative  % Kind (class / dict of class)
     0     42  34    49264  64     49264  64 set
     1     41  33    25256  33     74520  97 types.FrameType
     2     41  33     2296   3     76816 100 list
     3      1   1       48   0     76864 100 VariableState.VariableState 


	Recursion depth 39
		Locations solved: 32
		Location_value_map id: 139805890491520
		Backwards_vals: - bytes
		Location_value_map: 5042 bytes
		Final_vals: - bytes

		Heap summary: by type Partition of a set of 191 objects. Total size = 86174 bytes.
 Index  Count   %     Size   % Cumulative  % Kind (class / dict of class)
     0     41  21    47000  55     47000  55 set
     1     41  21    25040  29     72040  84 types.FrameType
     2     34  18     9478  11     81518  95 str
     3     73  38     4504   5     86022 100 list
     4      1   1      104   0     86126 100 dict of VariableState.VariableState
     5      1   1       48   0     86174 100 VariableState.VariableState bytes

		Heap summary: by referrer Partition of a set of 157 objects. Total size = 76802 bytes.
 Index  Count   %     Size   % Cumulative  % Referrers by Kind (class / dict of class)
     0    122  78    73928  96     73928  96 types.FrameType
     1     31  20     1736   2     75664  99 dict (no owner)
     2      1   1      578   1     76242  99 _io.TextIOWrapper
     3      1   1      400   1     76642 100 <Nothing>
     4      1   1      104   0     76746 100 VariableState.VariableState
     5      1   1       56   0     76802 100 dict (no owner), types.FrameType

		Heap summary: largest referrer Partition of a set of 122 objects. Total size = 73928 bytes.
 Index  Count   %     Size   % Cumulative  % Kind (class / dict of class)
     0     41  34    47000  64     47000  64 set
     1     40  33    24640  33     71640  97 types.FrameType
     2     40  33     2240   3     73880 100 list
     3      1   1       48   0     73928 100 VariableState.VariableState 


	Recursion depth 38
		Locations solved: 33
		Location_value_map id: 139805890491520
		Backwards_vals: - bytes
		Location_value_map: 5163 bytes
		Final_vals: - bytes

		Heap summary: by type Partition of a set of 162 objects. Total size = 75489 bytes.
 Index  Count   %     Size   % Cumulative  % Kind (class / dict of class)
     0     40  25    44736  59     44736  59 set
     1     40  25    24424  32     69160  92 types.FrameType
     2     73  45     4216   6     73376  97 list
     3      7   4     1961   3     75337 100 str
     4      1   1      104   0     75441 100 dict of VariableState.VariableState
     5      1   1       48   0     75489 100 VariableState.VariableState bytes

		Heap summary: by referrer Partition of a set of 163 objects. Total size = 76067 bytes.
 Index  Count   %     Size   % Cumulative  % Referrers by Kind (class / dict of class)
     0    119  73    70992  93     70992  93 types.FrameType
     1      8   5     2539   3     73531  97 list
     2     32  20     1792   2     75323  99 dict (no owner)
     3      1   1      400   1     75723 100 <Nothing>
     4      1   1      184   0     75907 100 _io.TextIOWrapper
     5      1   1      104   0     76011 100 VariableState.VariableState
     6      1   1       56   0     76067 100 dict (no owner), types.FrameType

		Heap summary: largest referrer Partition of a set of 119 objects. Total size = 70992 bytes.
 Index  Count   %     Size   % Cumulative  % Kind (class / dict of class)
     0     40  34    44736  63     44736  63 set
     1     39  33    24024  34     68760  97 types.FrameType
     2     39  33     2184   3     70944 100 list
     3      1   1       48   0     70992 100 VariableState.VariableState 


	Recursion depth 37
		Locations solved: 34
		Location_value_map id: 139805890491520
		Backwards_vals: - bytes
		Location_value_map: 5284 bytes
		Final_vals: - bytes

		Heap summary: by type Partition of a set of 167 objects. Total size = 74684 bytes.
 Index  Count   %     Size   % Cumulative  % Kind (class / dict of class)
     0     39  23    42472  57     42472  57 set
     1     39  23    23808  32     66280  89 types.FrameType
     2     73  44     4280   6     70560  94 list
     3     14   8     3972   5     74532 100 str
     4      1   1      104   0     74636 100 dict of VariableState.VariableState
     5      1   1       48   0     74684 100 VariableState.VariableState bytes

		Heap summary: by referrer Partition of a set of 168 objects. Total size = 75262 bytes.
 Index  Count   %     Size   % Cumulative  % Referrers by Kind (class / dict of class)
     0    116  69    68056  90     68056  90 types.FrameType
     1     15   9     4550   6     72606  96 list
     2     33  20     1848   2     74454  99 dict (no owner)
     3      1   1      400   1     74854  99 <Nothing>
     4      1   1      248   0     75102 100 _io.TextIOWrapper
     5      1   1      104   0     75206 100 VariableState.VariableState
     6      1   1       56   0     75262 100 dict (no owner), types.FrameType

		Heap summary: largest referrer Partition of a set of 116 objects. Total size = 68056 bytes.
 Index  Count   %     Size   % Cumulative  % Kind (class / dict of class)
     0     39  34    42472  62     42472  62 set
     1     38  33    23408  34     65880  97 types.FrameType
     2     38  33     2128   3     68008 100 list
     3      1   1       48   0     68056 100 VariableState.VariableState 


	Recursion depth 36
		Locations solved: 35
		Location_value_map id: 139805890491520
		Backwards_vals: - bytes
		Location_value_map: 5405 bytes
		Final_vals: - bytes

		Heap summary: by type Partition of a set of 172 objects. Total size = 73879 bytes.
 Index  Count   %     Size   % Cumulative  % Kind (class / dict of class)
     0     38  22    40208  54     40208  54 set
     1     38  22    23192  31     63400  86 types.FrameType
     2     21  12     5983   8     69383  94 str
     3     73  42     4344   6     73727 100 list
     4      1   1      104   0     73831 100 dict of VariableState.VariableState
     5      1   1       48   0     73879 100 VariableState.VariableState bytes

		Heap summary: by referrer Partition of a set of 173 objects. Total size = 74457 bytes.
 Index  Count   %     Size   % Cumulative  % Referrers by Kind (class / dict of class)
     0    113  65    65120  87     65120  87 types.FrameType
     1     22  13     6561   9     71681  96 list
     2     34  20     1904   3     73585  99 dict (no owner)
     3      1   1      400   1     73985  99 <Nothing>
     4      1   1      312   0     74297 100 _io.TextIOWrapper
     5      1   1      104   0     74401 100 VariableState.VariableState
     6      1   1       56   0     74457 100 dict (no owner), types.FrameType

		Heap summary: largest referrer Partition of a set of 113 objects. Total size = 65120 bytes.
 Index  Count   %     Size   % Cumulative  % Kind (class / dict of class)
     0     38  34    40208  62     40208  62 set
     1     37  33    22792  35     63000  97 types.FrameType
     2     37  33     2072   3     65072 100 list
     3      1   1       48   0     65120 100 VariableState.VariableState 


	Recursion depth 35
		Locations solved: 36
		Location_value_map id: 139805890491520
		Backwards_vals: - bytes
		Location_value_map: 5526 bytes
		Final_vals: - bytes

		Heap summary: by type Partition of a set of 177 objects. Total size = 73074 bytes.
 Index  Count   %     Size   % Cumulative  % Kind (class / dict of class)
     0     37  21    37944  52     37944  52 set
     1     37  21    22576  31     60520  83 types.FrameType
     2     28  16     7994  11     68514  94 str
     3     73  41     4408   6     72922 100 list
     4      1   1      104   0     73026 100 dict of VariableState.VariableState
     5      1   1       48   0     73074 100 VariableState.VariableState bytes

		Heap summary: by referrer Partition of a set of 178 objects. Total size = 73652 bytes.
 Index  Count   %     Size   % Cumulative  % Referrers by Kind (class / dict of class)
     0    110  62    62184  84     62184  84 types.FrameType
     1     29  16     8572  12     70756  96 list
     2     35  20     1960   3     72716  99 dict (no owner)
     3      1   1      400   1     73116  99 <Nothing>
     4      1   1      376   1     73492 100 _io.TextIOWrapper
     5      1   1      104   0     73596 100 VariableState.VariableState
     6      1   1       56   0     73652 100 dict (no owner), types.FrameType

		Heap summary: largest referrer Partition of a set of 110 objects. Total size = 62184 bytes.
 Index  Count   %     Size   % Cumulative  % Kind (class / dict of class)
     0     37  34    37944  61     37944  61 set
     1     36  33    22176  36     60120  97 types.FrameType
     2     36  33     2016   3     62136 100 list
     3      1   1       48   0     62184 100 VariableState.VariableState 


	Recursion depth 34
		Locations solved: 37
		Location_value_map id: 139805890491520
		Backwards_vals: - bytes
		Location_value_map: 5647 bytes
		Final_vals: - bytes

		Heap summary: by type Partition of a set of 152 objects. Total size = 62710 bytes.
 Index  Count   %     Size   % Cumulative  % Kind (class / dict of class)
     0     36  24    35680  57     35680  57 set
     1     36  24    21960  35     57640  92 types.FrameType
     2     73  48     4152   7     61792  99 list
     3      5   3      766   1     62558 100 str
     4      1   1      104   0     62662 100 dict of VariableState.VariableState
     5      1   1       48   0     62710 100 VariableState.VariableState bytes

		Heap summary: by referrer Partition of a set of 153 objects. Total size = 63288 bytes.
 Index  Count   %     Size   % Cumulative  % Referrers by Kind (class / dict of class)
     0    107  70    59248  94     59248  94 types.FrameType
     1     36  24     2016   3     61264  97 dict (no owner)
     2      6   4     1344   2     62608  99 list
     3      1   1      400   1     63008 100 <Nothing>
     4      1   1      120   0     63128 100 _io.TextIOWrapper
     5      1   1      104   0     63232 100 VariableState.VariableState
     6      1   1       56   0     63288 100 dict (no owner), types.FrameType

		Heap summary: largest referrer Partition of a set of 107 objects. Total size = 59248 bytes.
 Index  Count   %     Size   % Cumulative  % Kind (class / dict of class)
     0     36  34    35680  60     35680  60 set
     1     35  33    21560  36     57240  97 types.FrameType
     2     35  33     1960   3     59200 100 list
     3      1   1       48   0     59248 100 VariableState.VariableState 


	Recursion depth 35
		Locations solved: 37
		Location_value_map id: 139805890491520
		Backwards_vals: - bytes
		Location_value_map: 5647 bytes
		Final_vals: - bytes

		Heap summary: by type Partition of a set of 160 objects. Total size = 65401 bytes.
 Index  Count   %     Size   % Cumulative  % Kind (class / dict of class)
     0     36  22    35680  55     35680  55 set
     1     37  23    22576  35     58256  89 types.FrameType
     2     73  46     4216   6     62472  96 list
     3     12   8     2777   4     65249 100 str
     4      1   1      104   0     65353 100 dict of VariableState.VariableState
     5      1   1       48   0     65401 100 VariableState.VariableState bytes

		Heap summary: by referrer Partition of a set of 161 objects. Total size = 66043 bytes.
 Index  Count   %     Size   % Cumulative  % Referrers by Kind (class / dict of class)
     0    108  67    59864  91     59864  91 types.FrameType
     1     13   8     3355   5     63219  96 list
     2     37  23     2072   3     65291  99 dict (no owner)
     3      1   1      400   1     65691  99 <Nothing>
     4      1   1      248   0     65939 100 _io.TextIOWrapper
     5      1   1      104   0     66043 100 VariableState.VariableState

		Heap summary: largest referrer Partition of a set of 108 objects. Total size = 59864 bytes.
 Index  Count   %     Size   % Cumulative  % Kind (class / dict of class)
     0     36  33    35680  60     35680  60 set
     1     36  33    22176  37     57856  97 types.FrameType
     2     35  32     1960   3     59816 100 list
     3      1   1       48   0     59864 100 VariableState.VariableState 


	Recursion depth 34
		Locations solved: 38
		Location_value_map id: 139805890491520
		Backwards_vals: - bytes
		Location_value_map: 5848 bytes
		Final_vals: - bytes

		Heap summary: by type Partition of a set of 167 objects. Total size = 66934 bytes.
 Index  Count   %     Size   % Cumulative  % Kind (class / dict of class)
     0     36  22    35680  53     35680  53 set
     1     36  22    21960  33     57640  86 types.FrameType
     2     19  11     4710   7     62350  93 str
     3     74  44     4432   7     66782 100 list
     4      1   1      104   0     66886 100 dict of VariableState.VariableState
     5      1   1       48   0     66934 100 VariableState.VariableState bytes

		Heap summary: by referrer Partition of a set of 168 objects. Total size = 67512 bytes.
 Index  Count   %     Size   % Cumulative  % Referrers by Kind (class / dict of class)
     0    106  63    59200  88     59200  88 types.FrameType
     1     20  12     5288   8     64488  96 list
     2     37  22     2072   3     66560  99 dict (no owner)
     3      1   1      400   1     66960  99 <Nothing>
     4      1   1      312   0     67272 100 _io.TextIOWrapper
     5      1   1      104   0     67376 100 VariableState.VariableState
     6      1   1       88   0     67464 100 dict (no owner), types.FrameType
     7      1   1       48   0     67512 100 list, types.FrameType

		Heap summary: largest referrer Partition of a set of 106 objects. Total size = 59200 bytes.
 Index  Count   %     Size   % Cumulative  % Kind (class / dict of class)
     0     36  34    35680  60     35680  60 set
     1     35  33    21560  36     57240  97 types.FrameType
     2     35  33     1960   3     59200 100 list 


	Recursion depth 33
		Locations solved: 39
		Location_value_map id: 139805890491520
		Backwards_vals: - bytes
		Location_value_map: 6049 bytes
		Final_vals: - bytes

		Heap summary: by type Partition of a set of 198 objects. Total size = 77275 bytes.
 Index  Count   %     Size   % Cumulative  % Kind (class / dict of class)
     0     35  18    33416  43     33416  43 set
     1     35  18    21344  28     54760  71 types.FrameType
     2      1   1     9312  12     64072  83 dict (no owner)
     3     26  13     6715   9     70787  92 str
     4     74  37     4528   6     75315  97 list
     5     13   7      936   1     76251  99 builtins.weakref
     6     10   5      720   1     76971 100 types.BuiltinMethodType
     7      2   1      208   0     77179 100 dict of VariableState.VariableState
     8      2   1       96   0     77275 100 VariableState.VariableState bytes

		Heap summary: by referrer Partition of a set of 199 objects. Total size = 78045 bytes.
 Index  Count   %     Size   % Cumulative  % Referrers by Kind (class / dict of class)
     0    103  52    56264  72     56264  72 types.FrameType
     1      1   1     9312  12     65576  84 dict of VariableState.VariableState
     2     28  14     7533  10     73109  94 list
     3     41  21     2376   3     75485  97 dict (no owner)
     4     10   5      720   1     76205  98 builtins.weakref
     5     10   5      720   1     76925  99 set
     6      1   1      400   1     77325  99 <Nothing>
     7      1   1      376   0     77701 100 _io.TextIOWrapper
     8      2   1      208   0     77909 100 VariableState.VariableState
     9      1   1       88   0     77997 100 dict (no owner), types.FrameType
    10      1   1       48   0     78045 100 list, types.FrameType

		Heap summary: largest referrer Partition of a set of 103 objects. Total size = 56264 bytes.
 Index  Count   %     Size   % Cumulative  % Kind (class / dict of class)
     0     35  34    33416  59     33416  59 set
     1     34  33    20944  37     54360  97 types.FrameType
     2     34  33     1904   3     56264 100 list 


	Recursion depth 32
		Locations solved: 40
		Location_value_map id: 139805890491520
		Backwards_vals: - bytes
		Location_value_map: 6248 bytes
		Final_vals: - bytes

		Heap summary: by type Partition of a set of 206 objects. Total size = 86376 bytes.
 Index  Count   %     Size   % Cumulative  % Kind (class / dict of class)
     0     34  17    31152  36     31152  36 set
     1     34  17    20728  24     51880  60 types.FrameType
     2      2   1    18624  22     70504  82 dict (no owner)
     3     33  16     9104  11     79608  92 str
     4     74  36     4656   5     84264  98 list
     5     13   6      936   1     85200  99 builtins.weakref
     6     10   5      720   1     85920  99 types.BuiltinMethodType
     7      3   1      312   0     86232 100 dict of VariableState.VariableState
     8      3   1      144   0     86376 100 VariableState.VariableState bytes

		Heap summary: by referrer Partition of a set of 173 objects. Total size = 77570 bytes.
 Index  Count   %     Size   % Cumulative  % Referrers by Kind (class / dict of class)
     0    100  58    53328  69     53328  69 types.FrameType
     1      2   1    18624  24     71952  93 dict of VariableState.VariableState
     2     42  24     2464   3     74416  96 dict (no owner)
     3      1   1      770   1     75186  97 _io.TextIOWrapper
     4     10   6      720   1     75906  98 builtins.weakref
     5     10   6      720   1     76626  99 set
     6      1   1      400   1     77026  99 <Nothing>
     7      3   2      312   0     77338 100 VariableState.VariableState
     8      2   1       96   0     77434 100 list
     9      1   1       88   0     77522 100 dict (no owner), types.FrameType
    10      1   1       48   0     77570 100 list, types.FrameType

		Heap summary: largest referrer Partition of a set of 100 objects. Total size = 53328 bytes.
 Index  Count   %     Size   % Cumulative  % Kind (class / dict of class)
     0     34  34    31152  58     31152  58 set
     1     33  33    20328  38     51480  97 types.FrameType
     2     33  33     1848   3     53328 100 list 


	Recursion depth 33
		Locations solved: 40
		Location_value_map id: 139805890491520
		Backwards_vals: - bytes
		Location_value_map: 6248 bytes
		Final_vals: - bytes

		Heap summary: by type Partition of a set of 185 objects. Total size = 89557 bytes.
 Index  Count   %     Size   % Cumulative  % Kind (class / dict of class)
     0     34  18    31152  35     31152  35 set
     1      3   2    27936  31     59088  66 dict (no owner)
     2     35  19    21344  24     80432  90 types.FrameType
     3     74  40     4400   5     84832  95 list
     4      7   4     2389   3     87221  97 str
     5     14   8     1008   1     88229  99 builtins.weakref
     6     10   5      720   1     88949  99 types.BuiltinMethodType
     7      4   2      416   0     89365 100 dict of VariableState.VariableState
     8      4   2      192   0     89557 100 VariableState.VariableState bytes

		Heap summary: by referrer Partition of a set of 186 objects. Total size = 90327 bytes.
 Index  Count   %     Size   % Cumulative  % Referrers by Kind (class / dict of class)
     0    101  54    53976  60     53976  60 types.FrameType
     1      3   2    27936  31     81912  91 dict of VariableState.VariableState
     2      9   5     3207   4     85119  94 list
     3     44  24     2624   3     87743  97 dict (no owner)
     4     10   5      720   1     88463  98 builtins.weakref
     5     10   5      720   1     89183  99 set
     6      4   2      416   0     89599  99 VariableState.VariableState
     7      1   1      400   0     89999 100 <Nothing>
     8      1   1      184   0     90183 100 _io.TextIOWrapper
     9      3   2      144   0     90327 100 list, types.FrameType

		Heap summary: largest referrer Partition of a set of 101 objects. Total size = 53976 bytes.
 Index  Count   %     Size   % Cumulative  % Kind (class / dict of class)
     0     34  34    31152  58     31152  58 set
     1     34  34    20944  39     52096  97 types.FrameType
     2     33  33     1880   3     53976 100 list 


	Recursion depth 34
		Locations solved: 40
		Location_value_map id: 139805890491520
		Backwards_vals: - bytes
		Location_value_map: 6248 bytes
		Final_vals: - bytes

		Heap summary: by type Partition of a set of 195 objects. Total size = 94868 bytes.
 Index  Count   %     Size   % Cumulative  % Kind (class / dict of class)
     0     35  18    33416  35     33416  35 set
     1      3   2    27936  29     61352  65 dict (no owner)
     2     36  18    21960  23     83312  88 types.FrameType
     3     14   7     4700   5     88012  93 str
     4     75  38     4520   5     92532  98 list
     5     14   7     1008   1     93540  99 builtins.weakref
     6     10   5      720   1     94260  99 types.BuiltinMethodType
     7      4   2      416   0     94676 100 dict of VariableState.VariableState
     8      4   2      192   0     94868 100 VariableState.VariableState bytes

		Heap summary: by referrer Partition of a set of 196 objects. Total size = 95638 bytes.
 Index  Count   %     Size   % Cumulative  % Referrers by Kind (class / dict of class)
     0    104  53    56912  60     56912  60 types.FrameType
     1      3   2    27936  29     84848  89 dict of VariableState.VariableState
     2     16   8     5518   6     90366  94 list
     3     44  22     2624   3     92990  97 dict (no owner)
     4     10   5      720   1     93710  98 builtins.weakref
     5     10   5      720   1     94430  99 set
     6      4   2      416   0     94846  99 VariableState.VariableState
     7      1   1      400   0     95246 100 <Nothing>
     8      1   1      248   0     95494 100 _io.TextIOWrapper
     9      3   2      144   0     95638 100 list, types.FrameType

		Heap summary: largest referrer Partition of a set of 104 objects. Total size = 56912 bytes.
 Index  Count   %     Size   % Cumulative  % Kind (class / dict of class)
     0     35  34    33416  59     33416  59 set
     1     35  34    21560  38     54976  97 types.FrameType
     2     34  33     1936   3     56912 100 list 


	Recursion depth 35
		Locations solved: 40
		Location_value_map id: 139805890491520
		Backwards_vals: - bytes
		Location_value_map: 6248 bytes
		Final_vals: - bytes

		Heap summary: by type Partition of a set of 205 objects. Total size = 100179 bytes.
 Index  Count   %     Size   % Cumulative  % Kind (class / dict of class)
     0     36  18    35680  36     35680  36 set
     1      3   1    27936  28     63616  64 dict (no owner)
     2     37  18    22576  23     86192  86 types.FrameType
     3     21  10     7011   7     93203  93 str
     4     76  37     4640   5     97843  98 list
     5     14   7     1008   1     98851  99 builtins.weakref
     6     10   5      720   1     99571  99 types.BuiltinMethodType
     7      4   2      416   0     99987 100 dict of VariableState.VariableState
     8      4   2      192   0    100179 100 VariableState.VariableState bytes

		Heap summary: by referrer Partition of a set of 206 objects. Total size = 100950 bytes.
 Index  Count   %     Size   % Cumulative  % Referrers by Kind (class / dict of class)
     0    107  52    59848  59     59848  59 types.FrameType
     1      3   1    27936  28     87784  87 dict of VariableState.VariableState
     2     23  11     7830   8     95614  95 list
     3     44  21     2624   3     98238  97 dict (no owner)
     4     10   5      720   1     98958  98 builtins.weakref
     5     10   5      720   1     99678  99 set
     6      4   2      416   0    100094  99 VariableState.VariableState
     7      1   0      400   0    100494 100 <Nothing>
     8      1   0      312   0    100806 100 _io.TextIOWrapper
     9      3   1      144   0    100950 100 list, types.FrameType

		Heap summary: largest referrer Partition of a set of 107 objects. Total size = 59848 bytes.
 Index  Count   %     Size   % Cumulative  % Kind (class / dict of class)
     0     36  34    35680  60     35680  60 set
     1     36  34    22176  37     57856  97 types.FrameType
     2     35  33     1992   3     59848 100 list 


	Recursion depth 34
		Locations solved: 41
		Location_value_map id: 139805890491520
		Backwards_vals: - bytes
		Location_value_map: 6496 bytes
		Final_vals: - bytes

		Heap summary: by type Partition of a set of 234 objects. Total size = 122124 bytes.
 Index  Count   %     Size   % Cumulative  % Kind (class / dict of class)
     0      5   2    46560  38     46560  38 dict (no owner)
     1     36  15    35680  29     82240  67 set
     2     36  15    21960  18    104200  85 types.FrameType
     3     28  12     9324   8    113524  93 str
     4     77  33     4792   4    118316  97 list
     5     21   9     1512   1    119828  98 builtins.weakref
     6     15   6     1080   1    120908  99 types.BuiltinMethodType
     7      6   3      624   1    121532 100 dict of VariableState.VariableState
     8      6   3      288   0    121820 100 VariableState.VariableState
     9      2   1      208   0    122028 100 dict of momba.model.expressions.ArithmeticBinary
    10      2   1       96   0    122124 100 momba.model.expressions.ArithmeticBinary bytes

		Heap summary: by referrer Partition of a set of 206 objects. Total size = 113375 bytes.
 Index  Count   %     Size   % Cumulative  % Referrers by Kind (class / dict of class)
     0    106  51    59232  52     59232  52 types.FrameType
     1      6   3    46608  41    105840  93 dict of VariableState.VariableState
     2     46  22     2768   2    108608  96 dict (no owner)
     3     15   7     1080   1    109688  97 builtins.weakref
     4     15   7     1080   1    110768  98 set
     5      1   0      951   1    111719  99 _io.TextIOWrapper
     6      6   3      624   1    112343  99 VariableState.VariableState
     7      1   0      400   0    112743  99 <Nothing>
     8      2   1      208   0    112951 100 momba.model.expressions.ArithmeticBinary
     9      3   1      144   0    113095 100 list
<3 more rows. Type e.g. '_.more' to view.>

		Heap summary: largest referrer Partition of a set of 106 objects. Total size = 59232 bytes.
 Index  Count   %     Size   % Cumulative  % Kind (class / dict of class)
     0     36  34    35680  60     35680  60 set
     1     35  33    21560  36     57240  97 types.FrameType
     2     35  33     1992   3     59232 100 list 


	Recursion depth 33
		Locations solved: 42
		Location_value_map id: 139805890491520
		Backwards_vals: - bytes
		Location_value_map: 7128 bytes
		Final_vals: - bytes

		Heap summary: by type Partition of a set of 257 objects. Total size = 189795 bytes.
 Index  Count   %     Size   % Cumulative  % Kind (class / dict of class)
     0     13   5   121056  64    121056  64 dict (no owner)
     1     35  14    33416  18    154472  81 set
     2     35  14    21344  11    175816  93 types.FrameType
     3     77  30     4728   2    180544  95 list
     4      7   3     2555   1    183099  96 str
     5     21   8     1512   1    184611  97 builtins.weakref
     6     14   5     1456   1    186067  98 dict of VariableState.VariableState
     7     13   5     1352   1    187419  99 dict of momba.model.expressions.ArithmeticBinary
     8     15   6     1080   1    188499  99 types.BuiltinMethodType
     9     14   5      672   0    189171 100 VariableState.VariableState
    10     13   5      624   0    189795 100 momba.model.expressions.ArithmeticBinary bytes

		Heap summary: by referrer Partition of a set of 258 objects. Total size = 190746 bytes.
 Index  Count   %     Size   % Cumulative  % Referrers by Kind (class / dict of class)
     0     17   7   121248  64    121248  64 dict of VariableState.VariableState
     1    103  40    56296  30    177544  93 types.FrameType
     2     19   7     4034   2    181578  95 list
     3     47  18     2856   1    184434  97 dict (no owner)
     4     14   5     1456   1    185890  97 VariableState.VariableState
     5     13   5     1352   1    187242  98 momba.model.expressions.ArithmeticBinary
     6     15   6     1080   1    188322  99 builtins.weakref
     7     15   6     1080   1    189402  99 set
     8      1   0      400   0    189802 100 <Nothing>
     9      8   3      384   0    190186 100 dict of momba.model.expressions.ArithmeticBinary
<4 more rows. Type e.g. '_.more' to view.>

		Heap summary: largest referrer Partition of a set of 17 objects. Total size = 121248 bytes.
 Index  Count   %     Size   % Cumulative  % Kind (class / dict of class)
     0     13  76   121056 100    121056 100 dict (no owner)
     1      4  24      192   0    121248 100 momba.model.expressions.ArithmeticBinary 


	Recursion depth 32
		Locations solved: 43
		Location_value_map id: 139805890491520
		Backwards_vals: - bytes
		Location_value_map: 10392 bytes
		Final_vals: - bytes

		Heap summary: by type Partition of a set of 452 objects. Total size = 500057 bytes.
 Index  Count   %     Size   % Cumulative  % Kind (class / dict of class)
     0     45  10   419040  84    419040  84 dict (no owner)
     1     34   8    31152   6    450192  90 set
     2     34   8    20728   4    470920  94 types.FrameType
     3     60  13     6240   1    477160  95 dict of momba.model.expressions.ArithmeticBinary
     4     77  17     5304   1    482464  96 list
     5     14   3     5129   1    487593  98 str
     6     46  10     4784   1    492377  98 dict of VariableState.VariableState
     7     60  13     2880   1    495257  99 momba.model.expressions.ArithmeticBinary
     8     46  10     2208   0    497465  99 VariableState.VariableState
     9     21   5     1512   0    498977 100 builtins.weakref
    10     15   3     1080   0    500057 100 types.BuiltinMethodType bytes

		Heap summary: by referrer Partition of a set of 453 objects. Total size = 501008 bytes.
 Index  Count   %     Size   % Cumulative  % Referrers by Kind (class / dict of class)
     0     61  13   419808  84    419808  84 dict of VariableState.VariableState
     1    100  22    53360  11    473168  94 types.FrameType
     2     58  13     8144   2    481312  96 list
     3     60  13     6240   1    487552  97 momba.model.expressions.ArithmeticBinary
     4     46  10     4784   1    492336  98 VariableState.VariableState
     5     48  11     3040   1    495376  99 dict (no owner)
     6     39   9     1872   0    497248  99 dict of momba.model.expressions.ArithmeticBinary
     7     15   3     1080   0    498328  99 builtins.weakref
     8     15   3     1080   0    499408 100 set
     9      1   0      568   0    499976 100 dict (no owner), types.FrameType
<4 more rows. Type e.g. '_.more' to view.>

		Heap summary: largest referrer Partition of a set of 61 objects. Total size = 419808 bytes.
 Index  Count   %     Size   % Cumulative  % Kind (class / dict of class)
     0     45  74   419040 100    419040 100 dict (no owner)
     1     16  26      768   0    419808 100 momba.model.expressions.ArithmeticBinary 


	Recursion depth 31
		Locations solved: 44
		Location_value_map id: 139805890491520
		Backwards_vals: - bytes
		Location_value_map: 18848 bytes
		Final_vals: - bytes

		Heap summary: by type Partition of a set of 1223 objects. Total size = 1742374 bytes.
 Index  Count   %     Size   % Cumulative  % Kind (class / dict of class)
     0    173  14  1610976  92   1610976  92 dict (no owner)
     1     33   3    28888   2   1639864  94 set
     2    251  21    26104   1   1665968  96 dict of momba.model.expressions.ArithmeticBinary
     3     33   3    20112   1   1686080  97 types.FrameType
     4    174  14    18096   1   1704176  98 dict of VariableState.VariableState
     5    251  21    12048   1   1716224  98 momba.model.expressions.ArithmeticBinary
     6    174  14     8352   0   1724576  99 VariableState.VariableState
     7     21   2     7726   0   1732302  99 str
     8     77   6     7480   0   1739782 100 list
     9     21   2     1512   0   1741294 100 builtins.weakref
    10     15   1     1080   0   1742374 100 types.BuiltinMethodType bytes

		Heap summary: by referrer Partition of a set of 1224 objects. Total size = 1743327 bytes.
 Index  Count   %     Size   % Cumulative  % Referrers by Kind (class / dict of class)
     0    237  19  1614048  93   1614048  93 dict of VariableState.VariableState
     1     97   8    50392   3   1664440  95 types.FrameType
     2    251  21    26104   1   1690544  97 momba.model.expressions.ArithmeticBinary
     3    174  14    18096   1   1708640  98 VariableState.VariableState
     4    195  16    16983   1   1725623  99 list
     5    166  14     7968   0   1733591  99 dict of momba.model.expressions.ArithmeticBinary
     6     49   4     3608   0   1737199 100 dict (no owner)
     7      1   0     2200   0   1739399 100 dict (no owner), types.FrameType
     8     15   1     1080   0   1740479 100 builtins.weakref
     9     15   1     1080   0   1741559 100 set
<4 more rows. Type e.g. '_.more' to view.>

		Heap summary: largest referrer Partition of a set of 237 objects. Total size = 1614048 bytes.
 Index  Count   %     Size   % Cumulative  % Kind (class / dict of class)
     0    173  73  1610976 100   1610976 100 dict (no owner)
     1     64  27     3072   0   1614048 100 momba.model.expressions.ArithmeticBinary 


	Recursion depth 30
		Locations solved: 45
		Location_value_map id: 139805890491520
		Backwards_vals: - bytes
		Location_value_map: 135832 bytes
		Final_vals: - bytes

		Heap summary: by type Partition of a set of 7374 objects. Total size = 21210411 bytes.
 Index  Count   %     Size   % Cumulative  % Kind (class / dict of class)
     0   2229  30 20756448  98  20756448  98 dict (no owner)
     1   2230  30   231920   1  20988368  99 dict of VariableState.VariableState
     2   2230  30   107040   1  21095408  99 VariableState.VariableState
     3     32   0    27648   0  21123056 100 set
     4    251   3    26104   0  21149160 100 dict of momba.model.expressions.ArithmeticBinary
     5     77   1    25464   0  21174624 100 list
     6     32   0    19496   0  21194120 100 types.FrameType
     7    251   3    12048   0  21206168 100 momba.model.expressions.ArithmeticBinary
     8      6   0     1651   0  21207819 100 str
     9     21   0     1512   0  21209331 100 builtins.weakref
    10     15   0     1080   0  21210411 100 types.BuiltinMethodType bytes

		Heap summary: by referrer Partition of a set of 7375 objects. Total size = 21211429 bytes.
 Index  Count   %     Size   % Cumulative  % Referrers by Kind (class / dict of class)
     0   2293  31 20759520  98  20759520  98 dict of VariableState.VariableState
     1   2230  30   231920   1  20991440  99 VariableState.VariableState
     2   2236  30   109597   1  21101037  99 list
     3     94   1    48480   0  21149517 100 types.FrameType
     4    251   3    26104   0  21175621 100 momba.model.expressions.ArithmeticBinary
     5      1   0    18232   0  21193853 100 dict (no owner), types.FrameType
     6    166   2     7968   0  21201821 100 dict of momba.model.expressions.ArithmeticBinary
     7     50   1     5808   0  21207629 100 dict (no owner)
     8     15   0     1080   0  21208709 100 builtins.weakref
     9     15   0     1080   0  21209789 100 set
<4 more rows. Type e.g. '_.more' to view.>

		Heap summary: largest referrer Partition of a set of 2293 objects. Total size = 20759520 bytes.
 Index  Count   %     Size   % Cumulative  % Kind (class / dict of class)
     0   2229  97 20756448 100  20756448 100 dict (no owner)
     1     64   3     3072   0  20759520 100 momba.model.expressions.ArithmeticBinary 


	Recursion depth 29
		Locations solved: 46
		Location_value_map id: 139805890491520
		Backwards_vals: - bytes
		Location_value_map: 1062032 bytes
		Final_vals: - bytes

		Heap summary: by type Partition of a set of 56723 objects. Total size = 177011740 bytes.
 Index  Count   %     Size   % Cumulative  % Kind (class / dict of class)
     0  18677  33 173920224  98 173920224  98 dict (no owner)
     1  18678  33  1942512   1 175862736  99 dict of VariableState.VariableState
     2  18678  33   896544   1 176759280 100 VariableState.VariableState
     3     77   0   162168   0 176921448 100 list
     4     31   0    26408   0 176947856 100 set
     5    251   0    26104   0 176973960 100 dict of momba.model.expressions.ArithmeticBinary
     6     31   0    18880   0 176992840 100 types.FrameType
     7    251   0    12048   0 177004888 100 momba.model.expressions.ArithmeticBinary
     8     13   0     4260   0 177009148 100 str
     9     21   0     1512   0 177010660 100 builtins.weakref
    10     15   0     1080   0 177011740 100 types.BuiltinMethodType bytes

		Heap summary: by referrer Partition of a set of 56724 objects. Total size = 177012697 bytes.
 Index  Count   %     Size   % Cumulative  % Referrers by Kind (class / dict of class)
     0  18741  33 173923296  98 173923296  98 dict of VariableState.VariableState
     1  18678  33  1942512   1 175865808  99 VariableState.VariableState
     2  18691  33   901713   1 176767521 100 list
     3      1   0   136632   0 176904153 100 dict (no owner), types.FrameType
     4     91   0    46568   0 176950721 100 types.FrameType
     5    251   0    26104   0 176976825 100 momba.model.expressions.ArithmeticBinary
     6     51   0    24040   0 177000865 100 dict (no owner)
     7    166   0     7968   0 177008833 100 dict of momba.model.expressions.ArithmeticBinary
     8     15   0     1080   0 177009913 100 builtins.weakref
     9     15   0     1080   0 177010993 100 set
<4 more rows. Type e.g. '_.more' to view.>

		Heap summary: largest referrer Partition of a set of 18741 objects. Total size = 173923296 bytes.
 Index  Count   %     Size   % Cumulative  % Kind (class / dict of class)
     0  18677 100 173920224 100 173920224 100 dict (no owner)
     1     64   0     3072   0 173923296 100 momba.model.expressions.ArithmeticBinary 


	Recursion depth 28
		Locations solved: 47
		Location_value_map id: 139805890491520
		Backwards_vals: - bytes
		Location_value_map: 8518697 bytes
		Final_vals: - bytes

		Heap summary: by type Partition of a set of 451480 objects. Total size = 1423464054 bytes.
 Index  Count   %     Size   % Cumulative  % Kind (class / dict of class)
     0 150261  33 1399230432  98 1399230432  98 dict (no owner)
     1 150262  33 15627248   1 1414857680  99 dict of VariableState.VariableState
     2 150262  33  7212576   1 1422070256 100 VariableState.VariableState
     3     77   0  1302744   0 1423373000 100 list
     4    251   0    26104   0 1423399104 100 dict of momba.model.expressions.ArithmeticBinary
     5     30   0    25168   0 1423424272 100 set
     6     30   0    18264   0 1423442536 100 types.FrameType
     7    251   0    12048   0 1423454584 100 momba.model.expressions.ArithmeticBinary
     8     20   0     6878   0 1423461462 100 str
     9     21   0     1512   0 1423462974 100 builtins.weakref
    10     15   0     1080   0 1423464054 100 types.BuiltinMethodType bytes

		Heap summary: by referrer Partition of a set of 451481 objects. Total size = 1423465025 bytes.
 Index  Count   %     Size   % Cumulative  % Referrers by Kind (class / dict of class)
     0 150325  33 1399233504  98 1399233504  98 dict of VariableState.VariableState
     1 150262  33 15627248   1 1414860752  99 VariableState.VariableState
     2 150282  33  7220377   1 1422081129 100 list
     3      1   0  1140568   0 1423221697 100 dict (no owner), types.FrameType
     4     52   0   160672   0 1423382369 100 dict (no owner)
     5     88   0    44656   0 1423427025 100 types.FrameType
     6    251   0    26104   0 1423453129 100 momba.model.expressions.ArithmeticBinary
     7    166   0     7968   0 1423461097 100 dict of momba.model.expressions.ArithmeticBinary
     8     15   0     1080   0 1423462177 100 builtins.weakref
     9     15   0     1080   0 1423463257 100 set
<4 more rows. Type e.g. '_.more' to view.>

